Microchip MPLAB XC8 Compiler V1.35 ()

Linker command line:

--edf=C:\Program Files (x86)\Microchip\xc8\v1.35\dat\en_msgs.txt -cs \
  -h+dist/default/production\RemoteCan.X.production.sym \
  --cmf=dist/default/production\RemoteCan.X.production.cmf -z -Q18F4685 \
  -oC:\Users\Massimo\AppData\Local\Temp\sclg.2 \
  -Mdist/default/production/RemoteCan.X.production.map -E1 -ver=XC8 \
  --acfsm=1493 -ASTACK=0149h-0cffh -pstack=STACK -ACODE=00h-017FFFh \
  -ACONST=00h-017FFFh -ASMALLCONST=0D00h-0DFFhx371 \
  -AMEDIUMCONST=0D00h-0FFFFh,010D00h-017FFFh -ACOMRAM=01h-05Fh \
  -AABS1=00h-0CFFh -ABIGRAM=01h-0CFFh -ARAM=060h-0FFh,0100h-01FFhx12 \
  -ABANK0=060h-0FFh -ABANK1=0100h-01FFh -ABANK2=0200h-02FFh \
  -ABANK3=0300h-03FFh -ABANK4=0400h-04FFh -ABANK5=0500h-05FFh \
  -ABANK6=0600h-06FFh -ABANK7=0700h-07FFh -ABANK8=0800h-08FFh \
  -ABANK9=0900h-09FFh -ABANK10=0A00h-0AFFh -ABANK11=0B00h-0BFFh \
  -ABANK12=0C00h-0CFFh -ASFR=0D00h-0DFFhx2,0F00h-0F5Fh,0F60h-0FFFh \
  -preset_vec=00h,intcode=08h,intcodelo=018h,powerup,init,end_init \
  -pramtop=0D00h -psmallconst=SMALLCONST -pmediumconst=MEDIUMCONST \
  -pconst=CONST -AFARRAM=00h-00h -ACONFIG=0300000h-030000Dh -pconfig=CONFIG \
  -AIDLOC=0200000h-0200007h -pidloc=IDLOC -AEEDATA=0F00000h-0F003FFh \
  -peeprom_data=EEDATA \
  -prdata=COMRAM,nvrram=COMRAM,nvbit=COMRAM,rbss=COMRAM,rbit=COMRAM \
  -pfarbss=FARRAM,fardata=FARRAM,nvFARRAM=FARRAM \
  -pintsave_regs=BIGRAM,bigbss=BIGRAM,bigdata=BIGRAM -pbss=RAM \
  -pidata=CODE,irdata=CODE,ibigdata=CODE,ifardata=CODE -prparam=COMRAM \
  C:\Users\Massimo\AppData\Local\Temp\sclg.obj \
  dist/default/production\RemoteCan.X.production.obj 

Object code version is 3.11

Machine type is 18F4685

Call graph: (short form)




                Name                               Link     Load   Length Selector   Space Scale
C:\Users\Massimo\AppData\Local\Temp\sclg.obj
                end_init                             C0       C0        4        C       0
                reset_vec                             0        0        4        0       0
                idloc                            200000   200000        8   200000       0
                config                           300000   300000        E   300000       0
dist/default/production\RemoteCan.X.production.obj
                intcodelo                            18       18       A8        C       0
                intcode                               8        8        E        4       0
                temp                                 4C       4C        1        1       1
                mediumconst                        FEB4     FEB4      14C     7F5A       0
                text57                            16268    16268       16     8000       0
                text56                            12DEA    12DEA      50C     8000       0
                text55                            161C4    161C4       1E     8000       0
                text54                            12240    12240      690     8000       0
                intcode_body                      14F38    14F38      19A     8000       0
                text51                            1617E    1617E       24     8000       0
                text50                            1139A    1139A      78C     8000       0
                text49                            15988    15988       BA     8000       0
                text48                            15A42    15A42       AE     8000       0
                text47                            16236    16236       1C     8000       0
                text46                            1621A    1621A       1C     8000       0
                text45                            15E40    15E40       54     8000       0
                text44                            16060    16060       36     8000       0
                text43                            15FEE    15FEE       3A     8000       0
                text42                            161A2    161A2       22     8000       0
                text41                            15FB4    15FB4       3A     8000       0
                text40                            15664    15664       EC     8000       0
                text39                            15E94    15E94       4C     8000       0
                text38                            161FE    161FE       1C     8000       0
                text37                            160FC    160FC       32     8000       0
                text36                            160CA    160CA       32     8000       0
                text35                            1627E    1627E        A     8000       0
                text34                            153EA    153EA      16E     8000       0
                text33                            15CD0    15CD0       96     8000       0
                text32                            16158    16158       26     8000       0
                text31                            15D66    15D66       78     8000       0
                text30                            15DDE    15DDE       62     8000       0
                text29                            1580E    1580E       BE     8000       0
                text28                            15F28    15F28       48     8000       0
                text27                            14A2C    14A2C      1C0     8000       0
                text26                            16096    16096       34     8000       0
                text25                            13C44    13C44      3C0     8000       0
                text24                            150D2    150D2      190     8000       0
                text23                            16028    16028       38     8000       0
                text22                            132F6    132F6      4A8     8000       0
                text21                            15EE0    15EE0       48     8000       0
                text20                            15558    15558      10C     8000       0
                text19                            158CC    158CC       BC     8000       0
                text18                            15C36    15C36       9A     8000       0
                text17                            14698    14698      1CE     8000       0
                text16                            15262    15262      188     8000       0
                text15                            14D9A    14D9A      19E     8000       0
                text14                            15750    15750       BE     8000       0
                text13                            15B94    15B94       A2     8000       0
                text12                            1379E    1379E      4A6     8000       0
                text11                            143A2    143A2      2F6     8000       0
                text10                            1612E    1612E       2A     8000       0
                text9                             128D0    128D0      51A     8000       0
                text8                             10B06    10B06      894     8000       0
                text7                             14BEC    14BEC      1AE     8000       0
                text6                             161E2    161E2       1C     8000       0
                text5                             16252    16252       16     8000       0
                text4                             10000    10000      B06     8000       0
                text3                             14004    14004      39E     8000       0
                text2                             14866    14866      1C6     8000       0
                text1                             15AF0    15AF0       A4     8000       0
                text0                             11B26    11B26      71A     8000       0
                cstackCOMRAM                         28       28       22        1       1
                cstackBANK0                          60       60       72       60       1
                cstackBANK1                         130      130       19      100       1
                bssBANK1                            100      100       30      100       1
                dataBANK0                            F1       F1        1       60       1
                bssBANK0                             D2       D2       1F       60       1
                bssCOMRAM                             1        1       27        1       1
                bitbssCOMRAM                        250       4A        F        1       1     8
                cinit                             15F70    15F70       44     8000       0
                idataBANK0                        16288    16288        1     8000       0

TOTAL           Name                               Link     Load   Length     Space
        CLASS   STACK          

        CLASS   CODE           
                end_init                             C0       C0        4         0
                intcodelo                            18       18       A8         0
                intcode                               8        8        E         0
                reset_vec                             0        0        4         0
                text57                            16268    16268       16         0
                text56                            12DEA    12DEA      50C         0
                text55                            161C4    161C4       1E         0
                text54                            12240    12240      690         0
                intcode_body                      14F38    14F38      19A         0
                text51                            1617E    1617E       24         0
                text50                            1139A    1139A      78C         0
                text49                            15988    15988       BA         0
                text48                            15A42    15A42       AE         0
                text47                            16236    16236       1C         0
                text46                            1621A    1621A       1C         0
                text45                            15E40    15E40       54         0
                text44                            16060    16060       36         0
                text43                            15FEE    15FEE       3A         0
                text42                            161A2    161A2       22         0
                text41                            15FB4    15FB4       3A         0
                text40                            15664    15664       EC         0
                text39                            15E94    15E94       4C         0
                text38                            161FE    161FE       1C         0
                text37                            160FC    160FC       32         0
                text36                            160CA    160CA       32         0
                text35                            1627E    1627E        A         0
                text34                            153EA    153EA      16E         0
                text33                            15CD0    15CD0       96         0
                text32                            16158    16158       26         0
                text31                            15D66    15D66       78         0
                text30                            15DDE    15DDE       62         0
                text29                            1580E    1580E       BE         0
                text28                            15F28    15F28       48         0
                text27                            14A2C    14A2C      1C0         0
                text26                            16096    16096       34         0
                text25                            13C44    13C44      3C0         0
                text24                            150D2    150D2      190         0
                text23                            16028    16028       38         0
                text22                            132F6    132F6      4A8         0
                text21                            15EE0    15EE0       48         0
                text20                            15558    15558      10C         0
                text19                            158CC    158CC       BC         0
                text18                            15C36    15C36       9A         0
                text17                            14698    14698      1CE         0
                text16                            15262    15262      188         0
                text15                            14D9A    14D9A      19E         0
                text14                            15750    15750       BE         0
                text13                            15B94    15B94       A2         0
                text12                            1379E    1379E      4A6         0
                text11                            143A2    143A2      2F6         0
                text10                            1612E    1612E       2A         0
                text9                             128D0    128D0      51A         0
                text8                             10B06    10B06      894         0
                text7                             14BEC    14BEC      1AE         0
                text6                             161E2    161E2       1C         0
                text5                             16252    16252       16         0
                text4                             10000    10000      B06         0
                text3                             14004    14004      39E         0
                text2                             14866    14866      1C6         0
                text1                             15AF0    15AF0       A4         0
                text0                             11B26    11B26      71A         0
                cinit                             15F70    15F70       44         0
                idataBANK0                        16288    16288        1         0

        CLASS   CONST          

        CLASS   SMALLCONST     

        CLASS   MEDIUMCONST    
                mediumconst                        FEB4     FEB4      14C         0

        CLASS   COMRAM         
                temp                                 4C       4C        1         1
                cstackCOMRAM                         28       28       22         1
                bssCOMRAM                             1        1       27         1
                bitbssCOMRAM                        250       4A        F         1

        CLASS   ABS1           

        CLASS   BIGRAM         

        CLASS   RAM            

        CLASS   BANK0          
                cstackBANK0                          60       60       72         1
                dataBANK0                            F1       F1        1         1
                bssBANK0                             D2       D2       1F         1

        CLASS   BANK1          
                cstackBANK1                         130      130       19         1
                bssBANK1                            100      100       30         1

        CLASS   BANK2          

        CLASS   BANK3          

        CLASS   BANK4          

        CLASS   BANK5          

        CLASS   BANK6          

        CLASS   BANK7          

        CLASS   BANK8          

        CLASS   BANK9          

        CLASS   BANK10         

        CLASS   BANK11         

        CLASS   BANK12         

        CLASS   SFR            

        CLASS   FARRAM         

        CLASS   CONFIG         
                config                           300000   300000        E         0

        CLASS   IDLOC          
                idloc                            200000   200000        8         0

        CLASS   EEDATA         



SEGMENTS        Name                           Load    Length   Top    Selector   Space  Class

                reset_vec                      000000  000004  000004         0       0  CODE    
                bssCOMRAM                      000001  00004C  00004D         1       1  COMRAM  
                intcode                        000008  00000E  000016         4       0  CODE    
                intcodelo                      000018  0000AC  0000C4         C       0  CODE    
                cstackBANK0                    000060  000092  0000F2        60       1  BANK0   
                bssBANK1                       000100  000049  000149       100       1  BANK1   
                mediumconst                    00FEB4  00014C  010000      7F5A       0  MEDIUMCO
                text4                          010000  006289  016289      8000       0  CODE    
                idloc                          200000  000008  200008    200000       0  IDLOC   
                config                         300000  00000E  30000E    300000       0  CONFIG  


UNUSED ADDRESS RANGES

        Name                Unused          Largest block    Delta
        BANK0            0000F2-0000FF                E
        BANK1            000149-0001FF               B7
        BANK10           000A00-000AFF              100
        BANK11           000B00-000BFF              100
        BANK12           000C00-000CFF              100
        BANK2            000200-0002FF              100
        BANK3            000300-0003FF              100
        BANK4            000400-0004FF              100
        BANK5            000500-0005FF              100
        BANK6            000600-0006FF              100
        BANK7            000700-0007FF              100
        BANK8            000800-0008FF              100
        BANK9            000900-0009FF              100
        BIGRAM           00004D-00005F               13
                         0000F2-0000FF                E
                         000149-000CFF              BB7
        CODE             000004-000007                4
                         000016-000017                2
                         0000C4-00FEB3             FDF0
                         016289-017FFF             1D77
        COMRAM           00004D-00005F               13
        CONST            000004-000007                4
                         000016-000017                2
                         0000C4-00FEB3             FDF0
                         016289-017FFF             1D77
        EEDATA           F00000-F003FF              400
        MEDIUMCONST      000D00-00FEB3             F1B4
                         016289-017FFF             1D77
        RAM              0000F2-0000FF                E
                         000149-000CFF              100
        SFR              000D00-000FFF              100
        SMALLCONST       000D00-00FEB3              100
                         016289-017FFF              100
        STACK            000149-000CFF              BB7

                                  Symbol Table

?___awdiv                          cstackBANK0  000074
?___awmod                          cstackBANK0  00006E
?___fladd                          cstackBANK0  0000A2
?___fldiv                          cstackBANK0  00007C
?___flmul                          cstackBANK0  00007C
?___flneg                          cstackBANK0  000095
?___flsub                          cstackBANK0  0000B6
?___fltol                          cstackBANK0  0000B6
?___lldiv                          cstackBANK0  00006E
?___llmod                          cstackBANK0  00006E
?___lwdiv                          cstackBANK0  00006E
?___lwmod                          cstackBANK0  00006E
?___wmul                           cstackBANK0  00006E
?___xxtofl                         cstackBANK0  00006E
?__div_to_l_                       cstackBANK0  00006E
?__tdiv_to_l_                      cstackBANK0  00006E
?_fround                           cstackBANK0  000095
?_scale                            cstackBANK0  000095
?_sprintf                          cstackBANK0  0000C0
CANInitialize@BRP                  cstackBANK0  00007F
CANInitialize@FilterConfig1        cstackBANK0  000086
CANInitialize@FilterConfig2        cstackBANK0  000087
CANInitialize@SJW                  cstackBANK0  00007E
CANInitialize@flags                cstackBANK0  000080
CANInitialize@phaseSeg1            cstackBANK0  00007C
CANInitialize@phaseSeg2            cstackBANK0  00007D
CANInitialize@propSeg              cstackBANK0  000085
CANOperationMode@mode              cstackBANK0  00006E
CANSetFilter@filter                cstackBANK0  00006E
CANSetFilter@numBuffer             cstackBANK0  000077
CANSetFilter@tamp                  cstackBANK0  000078
CANSetFilter@type                  cstackBANK0  000072
CANSetMask@mask                    cstackBANK0  00006E
CANSetMask@numBuffer               cstackBANK0  000077
CANSetMask@tamp                    cstackBANK0  000078
CANSetMask@type                    cstackBANK0  000072
CANreceiveMessage@error            cstackCOMRAM 000043
CANreceiveMessage@msg              cstackCOMRAM 000039
CANreceiveMessage@tamp             cstackCOMRAM 000044
CANsendMessage@data                cstackBANK0  000072
CANsendMessage@dataLength          cstackBANK0  000074
CANsendMessage@flags               cstackBANK0  000075
CANsendMessage@identifier          cstackBANK0  00006E
CANsendMessage@tamp                cstackBANK0  00007A
ISR_alta@i                         cstackCOMRAM 000049
Joystick_Polling@i                 cstackBANK0  00006F
LCD_cursor@active                  cstackBANK0  00007B
LCD_cursor@blinking                cstackBANK0  00007A
LCD_goto_line@line                 cstackBANK0  00007A
LCD_goto_xy@x                      cstackBANK0  00007E
LCD_goto_xy@y                      cstackBANK0  00007D
LCD_initialize@quartz_frequency    cstackBANK0  00007C
LCD_send_command@D0                cstackBANK0  000078
LCD_send_command@D1                cstackBANK0  000077
LCD_send_command@D2                cstackBANK0  000076
LCD_send_command@D3                cstackBANK0  000079
LCD_shift_cursor@i                 cstackBANK0  00007C
LCD_shift_cursor@number_of_shift   cstackBANK0  00007A
LCD_shift_cursor@shift             cstackBANK0  00007B
LCD_write_char@D0                  cstackBANK0  00007D
LCD_write_char@D1                  cstackBANK0  00007C
LCD_write_char@D2                  cstackBANK0  00007B
LCD_write_char@D3                  cstackBANK0  00007A
LCD_write_char@value               cstackBANK0  00007E
LCD_write_integer@F17272           bssBANK1     000107
LCD_write_integer@convertedInt     cstackBANK0  00008F
LCD_write_integer@index            cstackBANK0  000095
LCD_write_integer@number_of_digits cstackBANK0  000088
LCD_write_integer@value            cstackBANK0  000086
LCD_write_integer@zero_cleaning    cstackBANK0  000089
LCD_write_message@buffer           cstackBANK0  00007F
LCD_write_string@buffer            cstackBANK0  00007F
_ADCON0bits                        (abs)        000FC2
_ADCON1                            (abs)        000FC1
_ADCON2bits                        (abs)        000FC0
_ADRESH                            (abs)        000FC4
_AbsFlag                           bitbssCOMRAM 000250
_BRGCON1                           (abs)        000F70
_BRGCON2                           (abs)        000F71
_BRGCON2bits                       (abs)        000F71
_BRGCON3                           (abs)        000F72
_BRGCON3bits                       (abs)        000F72
_CANCON                            (abs)        000F6F
_CANCONbits                        (abs)        000F6F
_CANInitialize                     text2        014866
_CANOperationMode                  text5        016252
_CANSTAT                           (abs)        000F6E
_CANSetFilter                      text4        010000
_CANSetMask                        text3        014004
_CAN_Send                          text49       015988
_CAN_interpreter                   text48       015A42
_CANisRxReady                      text57       016268
_CANisRxReady$3237                 cstackCOMRAM 000039
_CANisTxReady                      text51       01617E
_CANisTxReady$3235                 cstackBANK0  00006E
_CANreceiveMessage                 text56       012DEA
_CANsendMessage                    text50       01139A
_COMSTATbits                       (abs)        000F74
_F1_Button_Polling                 text47       016236
_F1_switch                         bitbssCOMRAM 000251
_F2_Button_Polling                 text46       01621A
_F2_switch                         bitbssCOMRAM 000252
_INTCONbits                        (abs)        000FF2
_IPR2bits                          (abs)        000FA2
_IPR3bits                          (abs)        000FA5
_ISR_alta                          intcode      000008
_ISR_bassa                         intcodelo    000018
_JoystickConstants                 bssBANK0     0000D2
_JoystickValues                    bssBANK0     0000DE
_Joystick_Polling                  text45       015E40
_LATA                              (abs)        000F89
_LATB                              (abs)        000F8A
_LATC                              (abs)        000F8B
_LATCbits                          (abs)        000F8B
_LATD                              (abs)        000F8C
_LATDbits                          (abs)        000F8C
_LATE                              (abs)        000F8D
_LATEbits                          (abs)        000F8D
_LCD_Handler                       text7        014BEC
_LCD_clear                         text37       0160FC
_LCD_cursor                        text36       0160CA
_LCD_enable_pulse                  text42       0161A2
_LCD_goto_line                     text40       015664
_LCD_goto_xy                       text38       0161FE
_LCD_initialize                    text34       0153EA
_LCD_send_command                  text41       015FB4
_LCD_shift_cursor                  text39       015E94
_LCD_write_char                    text33       015CD0
_LCD_write_integer                 text27       014A2C
_LCD_write_message                 text26       016096
_LCD_write_string                  text32       016158
_MotoreFlag                        bitbssCOMRAM 000253
_PIE2bits                          (abs)        000FA0
_PIE3bits                          (abs)        000FA3
_PIR2bits                          (abs)        000FA1
_PIR3bits                          (abs)        000FA4
_PORTAbits                         (abs)        000F80
_PORTBbits                         (abs)        000F81
_PORTDbits                         (abs)        000F83
_PWR_Button_Polling                text6        0161E2
_RCONbits                          (abs)        000FD0
_RTR_Flag                          bitbssCOMRAM 000254
_RXB0CON                           (abs)        000F60
_RXB0CONbits                       (abs)        000F60
_RXB0D0                            (abs)        000F66
_RXB0D1                            (abs)        000F67
_RXB0D2                            (abs)        000F68
_RXB0D3                            (abs)        000F69
_RXB0D4                            (abs)        000F6A
_RXB0D5                            (abs)        000F6B
_RXB0D6                            (abs)        000F6C
_RXB0D7                            (abs)        000F6D
_RXB0DLC                           (abs)        000F65
_RXB0DLCbits                       (abs)        000F65
_RXB0EIDH                          (abs)        000F63
_RXB0EIDL                          (abs)        000F64
_RXB0SIDH                          (abs)        000F61
_RXB0SIDL                          (abs)        000F62
_RXB0SIDLbits                      (abs)        000F62
_RXB1CON                           (abs)        000F50
_RXB1CONbits                       (abs)        000F50
_RXB1D0                            (abs)        000F56
_RXB1D1                            (abs)        000F57
_RXB1D2                            (abs)        000F58
_RXB1D3                            (abs)        000F59
_RXB1D4                            (abs)        000F5A
_RXB1D5                            (abs)        000F5B
_RXB1D6                            (abs)        000F5C
_RXB1D7                            (abs)        000F5D
_RXB1DLC                           (abs)        000F55
_RXB1DLCbits                       (abs)        000F55
_RXB1EIDH                          (abs)        000F53
_RXB1EIDL                          (abs)        000F54
_RXB1SIDH                          (abs)        000F51
_RXB1SIDL                          (abs)        000F52
_RXB1SIDLbits                      (abs)        000F52
_RXERRCNT                          (abs)        000F75
_RXF0EIDH                          (abs)        000F02
_RXF0EIDL                          (abs)        000F03
_RXF0SIDH                          (abs)        000F00
_RXF0SIDL                          (abs)        000F01
_RXF0SIDLbits                      (abs)        000F01
_RXF1EIDH                          (abs)        000F06
_RXF1EIDL                          (abs)        000F07
_RXF1SIDH                          (abs)        000F04
_RXF1SIDL                          (abs)        000F05
_RXF1SIDLbits                      (abs)        000F05
_RXF2EIDH                          (abs)        000F0A
_RXF2EIDL                          (abs)        000F0B
_RXF2SIDH                          (abs)        000F08
_RXF2SIDL                          (abs)        000F09
_RXF2SIDLbits                      (abs)        000F09
_RXF3EIDH                          (abs)        000F0E
_RXF3EIDL                          (abs)        000F0F
_RXF3SIDH                          (abs)        000F0C
_RXF3SIDL                          (abs)        000F0D
_RXF3SIDLbits                      (abs)        000F0D
_RXF4EIDH                          (abs)        000F12
_RXF4EIDL                          (abs)        000F13
_RXF4SIDH                          (abs)        000F10
_RXF4SIDL                          (abs)        000F11
_RXF4SIDLbits                      (abs)        000F11
_RXF5EIDH                          (abs)        000F16
_RXF5EIDL                          (abs)        000F17
_RXF5SIDH                          (abs)        000F14
_RXF5SIDL                          (abs)        000F15
_RXF5SIDLbits                      (abs)        000F15
_RXM0EIDH                          (abs)        000F1A
_RXM0EIDL                          (abs)        000F1B
_RXM0SIDH                          (abs)        000F18
_RXM0SIDL                          (abs)        000F19
_RXM0SIDLbits                      (abs)        000F19
_RXM1EIDH                          (abs)        000F1E
_RXM1EIDL                          (abs)        000F1F
_RXM1SIDH                          (abs)        000F1C
_RXM1SIDL                          (abs)        000F1D
_RXM1SIDLbits                      (abs)        000F1D
_SterzoFlag                        bitbssCOMRAM 000255
_T3CON                             (abs)        000FB1
_TMR3H                             (abs)        000FB3
_TMR3L                             (abs)        000FB2
_TRISA                             (abs)        000F92
_TRISB                             (abs)        000F93
_TRISC                             (abs)        000F94
_TRISD                             (abs)        000F95
_TRISE                             (abs)        000F96
_TXB0CONbits                       (abs)        000F40
_TXB0D0                            (abs)        000F46
_TXB0D1                            (abs)        000F47
_TXB0D2                            (abs)        000F48
_TXB0D3                            (abs)        000F49
_TXB0D4                            (abs)        000F4A
_TXB0D5                            (abs)        000F4B
_TXB0D6                            (abs)        000F4C
_TXB0D7                            (abs)        000F4D
_TXB0DLC                           (abs)        000F45
_TXB0DLCbits                       (abs)        000F45
_TXB0EIDH                          (abs)        000F43
_TXB0EIDL                          (abs)        000F44
_TXB0SIDH                          (abs)        000F41
_TXB0SIDL                          (abs)        000F42
_TXB0SIDLbits                      (abs)        000F42
_TXB1CONbits                       (abs)        000F30
_TXB1D0                            (abs)        000F36
_TXB1D1                            (abs)        000F37
_TXB1D2                            (abs)        000F38
_TXB1D3                            (abs)        000F39
_TXB1D4                            (abs)        000F3A
_TXB1D5                            (abs)        000F3B
_TXB1D6                            (abs)        000F3C
_TXB1D7                            (abs)        000F3D
_TXB1DLC                           (abs)        000F35
_TXB1DLCbits                       (abs)        000F35
_TXB1EIDH                          (abs)        000F33
_TXB1EIDL                          (abs)        000F34
_TXB1SIDH                          (abs)        000F31
_TXB1SIDL                          (abs)        000F32
_TXB1SIDLbits                      (abs)        000F32
_TXB2CONbits                       (abs)        000F20
_TXB2D0                            (abs)        000F26
_TXB2D1                            (abs)        000F27
_TXB2D2                            (abs)        000F28
_TXB2D3                            (abs)        000F29
_TXB2D4                            (abs)        000F2A
_TXB2D5                            (abs)        000F2B
_TXB2D6                            (abs)        000F2C
_TXB2D7                            (abs)        000F2D
_TXB2DLC                           (abs)        000F25
_TXB2DLCbits                       (abs)        000F25
_TXB2EIDH                          (abs)        000F23
_TXB2EIDL                          (abs)        000F24
_TXB2SIDH                          (abs)        000F21
_TXB2SIDL                          (abs)        000F22
_TXB2SIDLbits                      (abs)        000F22
_TXERRCNT                          (abs)        000F76
__CFG_BBSIZ$1024                   (abs)        000000
__CFG_BOREN$BOHW                   (abs)        000000
__CFG_BORV$3                       (abs)        000000
__CFG_CP0$OFF                      (abs)        000000
__CFG_CP1$OFF                      (abs)        000000
__CFG_CP2$OFF                      (abs)        000000
__CFG_CP3$OFF                      (abs)        000000
__CFG_CP4$OFF                      (abs)        000000
__CFG_CP5$OFF                      (abs)        000000
__CFG_CPB$OFF                      (abs)        000000
__CFG_CPD$OFF                      (abs)        000000
__CFG_EBTR0$OFF                    (abs)        000000
__CFG_EBTR1$OFF                    (abs)        000000
__CFG_EBTR2$OFF                    (abs)        000000
__CFG_EBTR3$OFF                    (abs)        000000
__CFG_EBTR4$OFF                    (abs)        000000
__CFG_EBTR5$OFF                    (abs)        000000
__CFG_EBTRB$OFF                    (abs)        000000
__CFG_FCMEN$OFF                    (abs)        000000
__CFG_IESO$OFF                     (abs)        000000
__CFG_LPT1OSC$OFF                  (abs)        000000
__CFG_LVP$OFF                      (abs)        000000
__CFG_MCLRE$ON                     (abs)        000000
__CFG_OSC$HS                       (abs)        000000
__CFG_PBADEN$OFF                   (abs)        000000
__CFG_PWRT$OFF                     (abs)        000000
__CFG_STVREN$ON                    (abs)        000000
__CFG_WDT$OFF                      (abs)        000000
__CFG_WDTPS$32768                  (abs)        000000
__CFG_WRT0$OFF                     (abs)        000000
__CFG_WRT1$OFF                     (abs)        000000
__CFG_WRT2$OFF                     (abs)        000000
__CFG_WRT3$OFF                     (abs)        000000
__CFG_WRT4$OFF                     (abs)        000000
__CFG_WRT5$OFF                     (abs)        000000
__CFG_WRTB$OFF                     (abs)        000000
__CFG_WRTC$OFF                     (abs)        000000
__CFG_WRTD$OFF                     (abs)        000000
__CFG_XINST$OFF                    (abs)        000000
__HRAM                             (abs)        000000
__Habs1                            abs1         000000
__Hbank0                           bank0        000000
__Hbank1                           bank1        000000
__Hbank10                          bank10       000000
__Hbank11                          bank11       000000
__Hbank12                          bank12       000000
__Hbank2                           bank2        000000
__Hbank3                           bank3        000000
__Hbank4                           bank4        000000
__Hbank5                           bank5        000000
__Hbank6                           bank6        000000
__Hbank7                           bank7        000000
__Hbank8                           bank8        000000
__Hbank9                           bank9        000000
__Hbigbss                          bigbss       000000
__Hbigdata                         bigdata      000000
__Hbigram                          bigram       000000
__HbitbssCOMRAM                    bitbssCOMRAM 000000
__Hbss                             bss          000000
__HbssBANK0                        bssBANK0     000000
__HbssBANK1                        bssBANK1     000000
__HbssCOMRAM                       bssCOMRAM    000000
__Hcinit                           cinit        000000
__Hclrtext                         clrtext      000000
__Hcomram                          comram       000000
__Hconfig                          config       30000E
__Hconst                           const        000000
__HcstackBANK0                     cstackBANK0  000000
__HcstackBANK1                     cstackBANK1  000000
__HcstackCOMRAM                    cstackCOMRAM 000000
__Hdata                            data         000000
__HdataBANK0                       dataBANK0    000000
__Heeprom_data                     eeprom_data  000000
__Hend_init                        end_init     0000C4
__Hfarbss                          farbss       000000
__Hfardata                         fardata      000000
__Hibigdata                        ibigdata     000000
__Hidata                           idata        000000
__HidataBANK0                      idataBANK0   000000
__Hidloc                           idloc        200008
__Hifardata                        ifardata     000000
__Hinit                            init         0000C0
__Hintcode                         intcode      000016
__Hintcode_body                    intcode_body 000000
__Hintcodelo                       intcodelo    0000C0
__Hintentry                        intentry     000000
__Hintret                          intret       000000
__Hintsave_regs                    intsave_regs 000000
__Hirdata                          irdata       000000
__Hmediumconst                     mediumconst  010000
__HnvFARRAM                        nvFARRAM     000000
__Hnvbit                           nvbit        000000
__Hnvrram                          nvrram       000000
__Hparam                           rparam       000000
__Hpowerup                         powerup      0000C0
__Hram                             ram          000000
__Hramtop                          ramtop       000D00
__Hrbit                            rbit         000000
__Hrbss                            rbss         000000
__Hrdata                           rdata        000000
__Hreset_vec                       reset_vec    000004
__Hrparam                          rparam       000000
__Hsfr                             sfr          000000
__Hsmallconst                      smallconst   000000
__Hspace_0                         (abs)        30000E
__Hspace_1                         (abs)        00025F
__Hspace_2                         (abs)        000000
__Hstack                           stack        000000
__Hstruct                          struct       000000
__Htemp                            temp         00004D
__Htext                            text         000000
__Htext0                           text0        000000
__Htext1                           text1        000000
__Htext10                          text10       000000
__Htext11                          text11       000000
__Htext12                          text12       000000
__Htext13                          text13       000000
__Htext14                          text14       000000
__Htext15                          text15       000000
__Htext16                          text16       000000
__Htext17                          text17       000000
__Htext18                          text18       000000
__Htext19                          text19       000000
__Htext2                           text2        000000
__Htext20                          text20       000000
__Htext21                          text21       000000
__Htext22                          text22       000000
__Htext23                          text23       000000
__Htext24                          text24       000000
__Htext25                          text25       000000
__Htext26                          text26       000000
__Htext27                          text27       000000
__Htext28                          text28       000000
__Htext29                          text29       000000
__Htext3                           text3        000000
__Htext30                          text30       000000
__Htext31                          text31       000000
__Htext32                          text32       000000
__Htext33                          text33       000000
__Htext34                          text34       000000
__Htext35                          text35       000000
__Htext36                          text36       000000
__Htext37                          text37       000000
__Htext38                          text38       000000
__Htext39                          text39       000000
__Htext4                           text4        000000
__Htext40                          text40       000000
__Htext41                          text41       000000
__Htext42                          text42       000000
__Htext43                          text43       000000
__Htext44                          text44       000000
__Htext45                          text45       000000
__Htext46                          text46       000000
__Htext47                          text47       000000
__Htext48                          text48       000000
__Htext49                          text49       000000
__Htext5                           text5        000000
__Htext50                          text50       000000
__Htext51                          text51       000000
__Htext54                          text54       000000
__Htext55                          text55       000000
__Htext56                          text56       000000
__Htext57                          text57       000000
__Htext6                           text6        000000
__Htext7                           text7        000000
__Htext8                           text8        000000
__Htext9                           text9        000000
__LRAM                             (abs)        000001
__Labs1                            abs1         000000
__Lbank0                           bank0        000000
__Lbank1                           bank1        000000
__Lbank10                          bank10       000000
__Lbank11                          bank11       000000
__Lbank12                          bank12       000000
__Lbank2                           bank2        000000
__Lbank3                           bank3        000000
__Lbank4                           bank4        000000
__Lbank5                           bank5        000000
__Lbank6                           bank6        000000
__Lbank7                           bank7        000000
__Lbank8                           bank8        000000
__Lbank9                           bank9        000000
__Lbigbss                          bigbss       000000
__Lbigdata                         bigdata      000000
__Lbigram                          bigram       000000
__LbitbssCOMRAM                    bitbssCOMRAM 000000
__Lbss                             bss          000000
__LbssBANK0                        bssBANK0     000000
__LbssBANK1                        bssBANK1     000000
__LbssCOMRAM                       bssCOMRAM    000000
__Lcinit                           cinit        000000
__Lclrtext                         clrtext      000000
__Lcomram                          comram       000000
__Lconfig                          config       300000
__Lconst                           const        000000
__LcstackBANK0                     cstackBANK0  000000
__LcstackBANK1                     cstackBANK1  000000
__LcstackCOMRAM                    cstackCOMRAM 000000
__Ldata                            data         000000
__LdataBANK0                       dataBANK0    000000
__Leeprom_data                     eeprom_data  000000
__Lend_init                        end_init     0000C0
__Lfarbss                          farbss       000000
__Lfardata                         fardata      000000
__Libigdata                        ibigdata     000000
__Lidata                           idata        000000
__LidataBANK0                      idataBANK0   000000
__Lidloc                           idloc        200000
__Lifardata                        ifardata     000000
__Linit                            init         0000C0
__Lintcode                         intcode      000008
__Lintcode_body                    intcode_body 000000
__Lintcodelo                       intcodelo    000018
__Lintentry                        intentry     000000
__Lintret                          intret       000000
__Lintsave_regs                    intsave_regs 000000
__Lirdata                          irdata       000000
__Lmediumconst                     mediumconst  00FEB4
__LnvFARRAM                        nvFARRAM     000000
__Lnvbit                           nvbit        000000
__Lnvrram                          nvrram       000000
__Lparam                           rparam       000000
__Lpowerup                         powerup      0000C0
__Lram                             ram          000000
__Lramtop                          ramtop       000D00
__Lrbit                            rbit         000000
__Lrbss                            rbss         000000
__Lrdata                           rdata        000000
__Lreset_vec                       reset_vec    000000
__Lrparam                          rparam       000000
__Lsfr                             sfr          000000
__Lsmallconst                      smallconst   000000
__Lspace_0                         (abs)        000000
__Lspace_1                         (abs)        000000
__Lspace_2                         (abs)        000000
__Lstack                           stack        000000
__Lstruct                          struct       000000
__Ltemp                            temp         00004C
__Ltext                            text         000000
__Ltext0                           text0        000000
__Ltext1                           text1        000000
__Ltext10                          text10       000000
__Ltext11                          text11       000000
__Ltext12                          text12       000000
__Ltext13                          text13       000000
__Ltext14                          text14       000000
__Ltext15                          text15       000000
__Ltext16                          text16       000000
__Ltext17                          text17       000000
__Ltext18                          text18       000000
__Ltext19                          text19       000000
__Ltext2                           text2        000000
__Ltext20                          text20       000000
__Ltext21                          text21       000000
__Ltext22                          text22       000000
__Ltext23                          text23       000000
__Ltext24                          text24       000000
__Ltext25                          text25       000000
__Ltext26                          text26       000000
__Ltext27                          text27       000000
__Ltext28                          text28       000000
__Ltext29                          text29       000000
__Ltext3                           text3        000000
__Ltext30                          text30       000000
__Ltext31                          text31       000000
__Ltext32                          text32       000000
__Ltext33                          text33       000000
__Ltext34                          text34       000000
__Ltext35                          text35       000000
__Ltext36                          text36       000000
__Ltext37                          text37       000000
__Ltext38                          text38       000000
__Ltext39                          text39       000000
__Ltext4                           text4        000000
__Ltext40                          text40       000000
__Ltext41                          text41       000000
__Ltext42                          text42       000000
__Ltext43                          text43       000000
__Ltext44                          text44       000000
__Ltext45                          text45       000000
__Ltext46                          text46       000000
__Ltext47                          text47       000000
__Ltext48                          text48       000000
__Ltext49                          text49       000000
__Ltext5                           text5        000000
__Ltext50                          text50       000000
__Ltext51                          text51       000000
__Ltext54                          text54       000000
__Ltext55                          text55       000000
__Ltext56                          text56       000000
__Ltext57                          text57       000000
__Ltext6                           text6        000000
__Ltext7                           text7        000000
__Ltext8                           text8        000000
__Ltext9                           text9        000000
__S0                               (abs)        30000E
__S1                               (abs)        000149
__S2                               (abs)        000000
___awdiv                           text14       015750
___awdiv@counter                   cstackBANK0  000078
___awdiv@dividend                  cstackBANK0  000074
___awdiv@divisor                   cstackBANK0  000076
___awdiv@quotient                  cstackBANK0  00007A
___awdiv@sign                      cstackBANK0  000079
___awmod                           text13       015B94
___awmod@counter                   cstackBANK0  000072
___awmod@dividend                  cstackBANK0  00006E
___awmod@divisor                   cstackBANK0  000070
___awmod@sign                      cstackBANK0  000073
___fladd                           text22       0132F6
___fladd@a                         cstackBANK0  0000A6
___fladd@aexp                      cstackBANK0  0000B3
___fladd@b                         cstackBANK0  0000A2
___fladd@bexp                      cstackBANK0  0000B4
___fladd@grs                       cstackBANK0  0000B5
___fladd@signs                     cstackBANK0  0000B2
___fldiv                           text25       013C44
___fldiv@a                         cstackBANK0  000080
___fldiv@aexp                      cstackBANK0  000094
___fldiv@b                         cstackBANK0  00007C
___fldiv@bexp                      cstackBANK0  000093
___fldiv@grs                       cstackBANK0  00008F
___fldiv@new_exp                   cstackBANK0  00008D
___fldiv@rem                       cstackBANK0  000089
___fldiv@sign                      cstackBANK0  000088
___flge                            text24       0150D2
___flge@ff1                        cstackBANK0  00006E
___flge@ff2                        cstackBANK0  000072
___flmul                           text12       01379E
___flmul@a                         cstackBANK0  000080
___flmul@aexp                      cstackBANK0  000089
___flmul@b                         cstackBANK0  00007C
___flmul@bexp                      cstackBANK0  00008E
___flmul@grs                       cstackBANK0  00008A
___flmul@prod                      cstackBANK0  00008F
___flmul@sign                      cstackBANK0  000088
___flmul@temp                      cstackBANK0  000093
___flneg                           text23       016028
___flneg@f1                        cstackBANK0  000095
___flsub                           text21       015EE0
___flsub@a                         cstackBANK0  0000BA
___flsub@b                         cstackBANK0  0000B6
___fltol                           text20       015558
___fltol@exp1                      cstackBANK0  0000BF
___fltol@f1                        cstackBANK0  0000B6
___fltol@sign1                     cstackBANK0  0000BE
___inthi_sp                        stack        000000
___intlo_sp                        stack        000000
___lldiv                           text19       0158CC
___lldiv@counter                   cstackBANK0  00007A
___lldiv@dividend                  cstackBANK0  00006E
___lldiv@divisor                   cstackBANK0  000072
___lldiv@quotient                  cstackBANK0  000076
___llmod                           text18       015C36
___llmod@counter                   cstackBANK0  000076
___llmod@dividend                  cstackBANK0  00006E
___llmod@divisor                   cstackBANK0  000072
___lwdiv                           text31       015D66
___lwdiv@counter                   cstackBANK0  000074
___lwdiv@dividend                  cstackBANK0  00006E
___lwdiv@divisor                   cstackBANK0  000070
___lwdiv@quotient                  cstackBANK0  000072
___lwmod                           text30       015DDE
___lwmod@counter                   cstackBANK0  000072
___lwmod@dividend                  cstackBANK0  00006E
___lwmod@divisor                   cstackBANK0  000070
___param_bank                      (abs)        000010
___rparam_used                     (abs)        000001
___sp                              stack        000000
___wmul                            text44       016060
___wmul@multiplicand               cstackBANK0  000070
___wmul@multiplier                 cstackBANK0  00006E
___wmul@product                    cstackBANK0  000072
___xxtofl                          text17       014698
___xxtofl@arg                      cstackBANK0  000078
___xxtofl@exp                      cstackBANK0  000077
___xxtofl@sign                     cstackBANK0  000076
___xxtofl@val                      cstackBANK0  00006E
__accesstop                        (abs)        000060
__activetblptr                     (abs)        000003
__div_to_l_                        text16       015262
__div_to_l_@cntr                   cstackBANK0  00007A
__div_to_l_@exp1                   cstackBANK0  00007B
__div_to_l_@f1                     cstackBANK0  00006E
__div_to_l_@f2                     cstackBANK0  000072
__div_to_l_@quot                   cstackBANK0  000076
__end_of_CANInitialize             text2        014A2C
__end_of_CANOperationMode          text5        016268
__end_of_CANSetFilter              text4        010B06
__end_of_CANSetMask                text3        0143A2
__end_of_CAN_Send                  text49       015A42
__end_of_CAN_interpreter           text48       015AF0
__end_of_CANisRxReady              text57       01627E
__end_of_CANisTxReady              text51       0161A2
__end_of_CANreceiveMessage         text56       0132F6
__end_of_CANsendMessage            text50       011B26
__end_of_F1_Button_Polling         text47       016252
__end_of_F2_Button_Polling         text46       016236
__end_of_ISR_alta                  intcode_body 0150D2
__end_of_ISR_bassa                 intcodelo    0000C0
__end_of_Joystick_Polling          text45       015E94
__end_of_LCD_Handler               text7        014D9A
__end_of_LCD_clear                 text37       01612E
__end_of_LCD_cursor                text36       0160FC
__end_of_LCD_enable_pulse          text42       0161C4
__end_of_LCD_goto_line             text40       015750
__end_of_LCD_goto_xy               text38       01621A
__end_of_LCD_initialize            text34       015558
__end_of_LCD_send_command          text41       015FEE
__end_of_LCD_shift_cursor          text39       015EE0
__end_of_LCD_write_char            text33       015D66
__end_of_LCD_write_integer         text27       014BEC
__end_of_LCD_write_message         text26       0160CA
__end_of_LCD_write_string          text32       01617E
__end_of_PWR_Button_Polling        text6        0161FE
__end_of___awdiv                   text14       01580E
__end_of___awmod                   text13       015C36
__end_of___fladd                   text22       01379E
__end_of___fldiv                   text25       014004
__end_of___flge                    text24       015262
__end_of___flmul                   text12       013C44
__end_of___flneg                   text23       016060
__end_of___flsub                   text21       015F28
__end_of___fltol                   text20       015664
__end_of___lldiv                   text19       015988
__end_of___llmod                   text18       015CD0
__end_of___lwdiv                   text31       015DDE
__end_of___lwmod                   text30       015E40
__end_of___wmul                    text44       016096
__end_of___xxtofl                  text17       014866
__end_of__div_to_l_                text16       0153EA
__end_of__initialization           cinit        015FAA
__end_of__npowers_                 mediumconst  00FEE9
__end_of__powers_                  mediumconst  00FF1D
__end_of__tdiv_to_l_               text15       014F38
__end_of_board_initialization      text1        015B94
__end_of_delay_ms                  text43       016028
__end_of_delay_set_quartz          text35       016288
__end_of_dpowers                   mediumconst  00FF45
__end_of_fround                    text11       014698
__end_of_isdigit                   text10       016158
__end_of_itoa                      text28       015F70
__end_of_main                      text0        012240
__end_of_scale                     text9        012DEA
__end_of_sprintf                   text8        01139A
__end_of_utoa                      text29       0158CC
__end_ofi2_CANisTxReady            text55       0161E2
__end_ofi2_CANsendMessage          text54       0128D0
__initialization                   cinit        015F70
__mediumconst                      mediumconst  00FEB4
__npowers_                         mediumconst  00FEB5
__pbitbssCOMRAM                    bitbssCOMRAM 000250
__pbssBANK0                        bssBANK0     0000D2
__pbssBANK1                        bssBANK1     000100
__pbssCOMRAM                       bssCOMRAM    000001
__pcinit                           cinit        015F70
__pcstackBANK0                     cstackBANK0  000060
__pcstackBANK1                     cstackBANK1  000130
__pcstackCOMRAM                    cstackCOMRAM 000028
__pdataBANK0                       dataBANK0    0000F1
__pidataBANK0                      idataBANK0   016288
__pintcode                         intcode      000008
__pintcode_body                    intcode_body 014F38
__pintcodelo                       intcodelo    000018
__pmediumconst                     mediumconst  00FEB4
__powers_                          mediumconst  00FEE9
__ptext0                           text0        011B26
__ptext1                           text1        015AF0
__ptext10                          text10       01612E
__ptext11                          text11       0143A2
__ptext12                          text12       01379E
__ptext13                          text13       015B94
__ptext14                          text14       015750
__ptext15                          text15       014D9A
__ptext16                          text16       015262
__ptext17                          text17       014698
__ptext18                          text18       015C36
__ptext19                          text19       0158CC
__ptext2                           text2        014866
__ptext20                          text20       015558
__ptext21                          text21       015EE0
__ptext22                          text22       0132F6
__ptext23                          text23       016028
__ptext24                          text24       0150D2
__ptext25                          text25       013C44
__ptext26                          text26       016096
__ptext27                          text27       014A2C
__ptext28                          text28       015F28
__ptext29                          text29       01580E
__ptext3                           text3        014004
__ptext30                          text30       015DDE
__ptext31                          text31       015D66
__ptext32                          text32       016158
__ptext33                          text33       015CD0
__ptext34                          text34       0153EA
__ptext35                          text35       01627E
__ptext36                          text36       0160CA
__ptext37                          text37       0160FC
__ptext38                          text38       0161FE
__ptext39                          text39       015E94
__ptext4                           text4        010000
__ptext40                          text40       015664
__ptext41                          text41       015FB4
__ptext42                          text42       0161A2
__ptext43                          text43       015FEE
__ptext44                          text44       016060
__ptext45                          text45       015E40
__ptext46                          text46       01621A
__ptext47                          text47       016236
__ptext48                          text48       015A42
__ptext49                          text49       015988
__ptext5                           text5        016252
__ptext50                          text50       01139A
__ptext51                          text51       01617E
__ptext54                          text54       012240
__ptext55                          text55       0161C4
__ptext56                          text56       012DEA
__ptext57                          text57       016268
__ptext6                           text6        0161E2
__ptext7                           text7        014BEC
__ptext8                           text8        010B06
__ptext9                           text9        0128D0
__ramtop                           ramtop       000D00
__size_of_CANInitialize            (abs)        000000
__size_of_CANOperationMode         (abs)        000000
__size_of_CANSetFilter             (abs)        000000
__size_of_CANSetMask               (abs)        000000
__size_of_CAN_Send                 (abs)        000000
__size_of_CAN_interpreter          (abs)        000000
__size_of_CANisRxReady             (abs)        000000
__size_of_CANisTxReady             (abs)        000000
__size_of_CANreceiveMessage        (abs)        000000
__size_of_CANsendMessage           (abs)        000000
__size_of_F1_Button_Polling        (abs)        000000
__size_of_F2_Button_Polling        (abs)        000000
__size_of_ISR_alta                 (abs)        000000
__size_of_ISR_bassa                (abs)        000000
__size_of_Joystick_Polling         (abs)        000000
__size_of_LCD_Handler              (abs)        000000
__size_of_LCD_clear                (abs)        000000
__size_of_LCD_cursor               (abs)        000000
__size_of_LCD_enable_pulse         (abs)        000000
__size_of_LCD_goto_line            (abs)        000000
__size_of_LCD_goto_xy              (abs)        000000
__size_of_LCD_initialize           (abs)        000000
__size_of_LCD_send_command         (abs)        000000
__size_of_LCD_shift_cursor         (abs)        000000
__size_of_LCD_write_char           (abs)        000000
__size_of_LCD_write_integer        (abs)        000000
__size_of_LCD_write_message        (abs)        000000
__size_of_LCD_write_string         (abs)        000000
__size_of_PWR_Button_Polling       (abs)        000000
__size_of___awdiv                  (abs)        000000
__size_of___awmod                  (abs)        000000
__size_of___fladd                  (abs)        000000
__size_of___fldiv                  (abs)        000000
__size_of___flge                   (abs)        000000
__size_of___flmul                  (abs)        000000
__size_of___flneg                  (abs)        000000
__size_of___flsub                  (abs)        000000
__size_of___fltol                  (abs)        000000
__size_of___lldiv                  (abs)        000000
__size_of___llmod                  (abs)        000000
__size_of___lwdiv                  (abs)        000000
__size_of___lwmod                  (abs)        000000
__size_of___wmul                   (abs)        000000
__size_of___xxtofl                 (abs)        000000
__size_of__div_to_l_               (abs)        000000
__size_of__tdiv_to_l_              (abs)        000000
__size_of_board_initialization     (abs)        000000
__size_of_delay_ms                 (abs)        000000
__size_of_delay_set_quartz         (abs)        000000
__size_of_fround                   (abs)        000000
__size_of_isdigit                  (abs)        000000
__size_of_itoa                     (abs)        000000
__size_of_main                     (abs)        000000
__size_of_scale                    (abs)        000000
__size_of_sprintf                  (abs)        000000
__size_of_utoa                     (abs)        000000
__size_ofi2_CANisTxReady           (abs)        000000
__size_ofi2_CANsendMessage         (abs)        000000
__smallconst                       smallconst   000000
__tdiv_to_l_                       text15       014D9A
__tdiv_to_l_@cntr                  cstackBANK0  00007D
__tdiv_to_l_@exp1                  cstackBANK0  00007E
__tdiv_to_l_@f1                    cstackBANK0  00006E
__tdiv_to_l_@f2                    cstackBANK0  000072
__tdiv_to_l_@quot                  cstackBANK0  000079
_actual_speed                      bssBANK0     0000E0
_actual_speed_kmh                  bssCOMRAM    000001
_battery                           bssCOMRAM    000025
_board_initialization              text1        015AF0
_check                             bssBANK0     0000DA
_clock_counter_reference           bssBANK0     0000E2
_data                              bssCOMRAM    000027
_data_brake                        bssBANK0     0000EE
_data_speed                        bssBANK0     0000EF
_data_speed_rx                     bssBANK1     000100
_data_steering                     bssBANK0     0000F0
_delay_ms                          text43       015FEE
_delay_quartz_frequency_value      dataBANK0    0000F1
_delay_set_quartz                  text35       01627E
_dir                               bssBANK0     0000E8
_display_refresh                   bitbssCOMRAM 000256
_dpowers                           mediumconst  00FF1D
_fround                            text11       0143A2
_fround$4215                       cstackBANK0  00009D
_fround$4216                       cstackBANK0  000099
_id                                bssCOMRAM    000005
_isdigit                           text10       01612E
_isdigit$3801                      cstackBANK0  00006F
_itoa                              text28       015F28
_left_speed                        bssCOMRAM    000021
_main                              text0        011B26
_msg                               bssBANK1     00010D
_newMessageCan                     bitbssCOMRAM 000257
_park_assist_state                 bssBANK1     000128
_parking_state                     bssBANK0     0000E9
_power_switch                      bitbssCOMRAM 000258
_pr_time_1                         bssCOMRAM    000009
_pr_time_2                         bssCOMRAM    00000D
_pr_time_3                         bssCOMRAM    000011
_pr_time_4                         bssCOMRAM    000015
_pr_time_5                         bssCOMRAM    000019
_right_speed                       bssCOMRAM    000023
_scale                             text9        0128D0
_scale$4217                        cstackBANK0  000099
_set_speed                         bssBANK0     0000E4
_set_steering                      bssCOMRAM    000026
_space_available                   bitbssCOMRAM 000259
_sprintf                           text8        010B06
_sprintf$4218                      cstackBANK1  000130
_steering_correction               bssBANK0     0000EA
_steering_correction_dir           bitbssCOMRAM 00025A
_str                               bssBANK1     00011C
_switch_position                   bssBANK0     0000EB
_time_counter                      bssCOMRAM    00001D
_user_data                         bssBANK0     0000E6
_utoa                              text29       01580E
_wait_low_1                        bitbssCOMRAM 00025B
_wait_low_2                        bitbssCOMRAM 00025C
_wait_low_3                        bitbssCOMRAM 00025D
_x                                 bssBANK0     0000EC
_y                                 bitbssCOMRAM 00025E
_z                                 bssBANK0     0000ED
btemp                              temp         00004C
delay_ms@value_ms                  cstackBANK0  000074
delay_set_quartz@frequency         cstackBANK0  00006E
end_of_initialization              cinit        015FAA
fround@prec                        cstackBANK0  0000A1
i2CANsendMessage@data              cstackCOMRAM 00003D
i2CANsendMessage@dataLength        cstackCOMRAM 00003F
i2CANsendMessage@flags             cstackCOMRAM 000040
i2CANsendMessage@identifier        cstackCOMRAM 000039
i2CANsendMessage@tamp              cstackCOMRAM 000045
i2_CANisTxReady                    text55       0161C4
i2_CANisTxReady$3235               cstackCOMRAM 000039
i2_CANsendMessage                  text54       012240
int$flags                          temp         00004C
int_func                           intcode_body 014F38
intlevel0                          text         000000
intlevel1                          text         000000
intlevel2                          text         000000
intlevel3                          text         000000
isdigit@c                          cstackBANK0  000070
itoa@base                          cstackBANK0  000082
itoa@buf                           cstackBANK0  00007E
itoa@cp                            cstackBANK0  000084
itoa@val                           cstackBANK0  000080
scale@scl                          cstackBANK0  00009D
sprintf@ap                         cstackBANK1  000134
sprintf@c                          cstackBANK1  000148
sprintf@exp                        cstackBANK1  00013C
sprintf@f                          cstackBANK0  0000C2
sprintf@flag                       cstackBANK1  000136
sprintf@fval                       cstackBANK1  000144
sprintf@prec                       cstackBANK1  000142
sprintf@sp                         cstackBANK0  0000C0
sprintf@tmpval                     cstackBANK1  00013E
sprintf@val                        cstackBANK1  000138
stackhi                            (abs)        000CFF
stacklo                            (abs)        000149
start                              init         0000C0
start_initialization               cinit        015F70
utoa@base                          cstackBANK0  000079
utoa@buf                           cstackBANK0  000075
utoa@c                             cstackBANK0  00007D
utoa@v                             cstackBANK0  00007B
utoa@val                           cstackBANK0  000077


FUNCTION INFORMATION:

 *************** function _main *****************
 Defined at:
		line 170 in file "RemoteCan.c"
 Parameters:    Size  Location     Type
		None
 Auto vars:     Size  Location     Type
		None
 Return value:  Size  Location     Type
		None               void
 Registers used:
		wreg, fsr1l, fsr1h, fsr2l, fsr2h, status,2, status,0, tblptrl, tblptrh, tblptru, prodl, prodh, cstack
 Tracked objects:
		On entry : 
		On exit  : 
		Unchanged: 
 Data sizes:     COMRAM   BANK0   BANK1   BANK2   BANK3   BANK4   BANK5   BANK6   BANK7   BANK8   BANK9  BANK10  BANK11  BANK12
      Params:         0       0       0       0       0       0       0       0       0       0       0       0       0       0
      Locals:         0       0       0       0       0       0       0       0       0       0       0       0       0       0
      Temps:          0       8       0       0       0       0       0       0       0       0       0       0       0       0
      Totals:         0       8       0       0       0       0       0       0       0       0       0       0       0       0
Total ram usage:        8 bytes
 Hardware stack levels required when called:   11
 This function calls:
		_CAN_Send
		_CAN_interpreter
		_CANisTxReady
		_CANsendMessage
		_F1_Button_Polling
		_F2_Button_Polling
		_Joystick_Polling
		_LCD_Handler
		_LCD_goto_line
		_LCD_initialize
		_LCD_write_message
		_PWR_Button_Polling
		___fladd
		___flmul
		___flneg
		___fltol
		___xxtofl
		_board_initialization
		_delay_ms
 This function is called by:
		Startup code after reset
 This function uses a non-reentrant model


 *************** function _board_initialization *****************
 Defined at:
		line 501 in file "RemoteCan.c"
 Parameters:    Size  Location     Type
		None
 Auto vars:     Size  Location     Type
		None
 Return value:  Size  Location     Type
		None               void
 Registers used:
		wreg, status,2, status,0, prodl, prodh, cstack
 Tracked objects:
		On entry : 
		On exit  : 
		Unchanged: 
 Data sizes:     COMRAM   BANK0   BANK1   BANK2   BANK3   BANK4   BANK5   BANK6   BANK7   BANK8   BANK9  BANK10  BANK11  BANK12
      Params:         0       0       0       0       0       0       0       0       0       0       0       0       0       0
      Locals:         0       0       0       0       0       0       0       0       0       0       0       0       0       0
      Temps:          0       0       0       0       0       0       0       0       0       0       0       0       0       0
      Totals:         0       0       0       0       0       0       0       0       0       0       0       0       0       0
Total ram usage:        0 bytes
 Hardware stack levels used:    1
 Hardware stack levels required when called:    9
 This function calls:
		_CANInitialize
		_LCD_clear
		_LCD_goto_line
		_LCD_initialize
 This function is called by:
		_main
 This function uses a non-reentrant model


 *************** function _CANInitialize *****************
 Defined at:
		line 218 in file "../LaurTec_PIC_libraries_v_3.3.0/inc\CANlib.h"
 Parameters:    Size  Location     Type
  propSeg         1    wreg     unsigned char 
  phaseSeg1       1   28[BANK0 ] unsigned char 
  phaseSeg2       1   29[BANK0 ] unsigned char 
  SJW             1   30[BANK0 ] unsigned char 
  BRP             1   31[BANK0 ] unsigned char 
  flags           1   32[BANK0 ] enum E16887
 Auto vars:     Size  Location     Type
  propSeg         1   37[BANK0 ] unsigned char 
  FilterConfig    1   39[BANK0 ] unsigned char 
  FilterConfig    1   38[BANK0 ] unsigned char 
 Return value:  Size  Location     Type
		None               void
 Registers used:
		wreg, status,2, status,0, cstack
 Tracked objects:
		On entry : 
		On exit  : 
		Unchanged: 
 Data sizes:     COMRAM   BANK0   BANK1   BANK2   BANK3   BANK4   BANK5   BANK6   BANK7   BANK8   BANK9  BANK10  BANK11  BANK12
      Params:         0       5       0       0       0       0       0       0       0       0       0       0       0       0
      Locals:         0       3       0       0       0       0       0       0       0       0       0       0       0       0
      Temps:          0       4       0       0       0       0       0       0       0       0       0       0       0       0
      Totals:         0      12       0       0       0       0       0       0       0       0       0       0       0       0
Total ram usage:       12 bytes
 Hardware stack levels used:    1
 Hardware stack levels required when called:    4
 This function calls:
		_CANOperationMode
		_CANSetFilter
		_CANSetMask
 This function is called by:
		_board_initialization
 This function uses a non-reentrant model


 *************** function _CANSetMask *****************
 Defined at:
		line 640 in file "../LaurTec_PIC_libraries_v_3.3.0/inc\CANlib.h"
 Parameters:    Size  Location     Type
  numBuffer       1    wreg     enum E16921
  mask            4   14[BANK0 ] unsigned long 
  type            1   18[BANK0 ] enum E16887
 Auto vars:     Size  Location     Type
  numBuffer       1   23[BANK0 ] enum E16921
  tamp            4   24[BANK0 ] unsigned long 
 Return value:  Size  Location     Type
		None               void
 Registers used:
		wreg, status,2, status,0
 Tracked objects:
		On entry : 
		On exit  : 
		Unchanged: 
 Data sizes:     COMRAM   BANK0   BANK1   BANK2   BANK3   BANK4   BANK5   BANK6   BANK7   BANK8   BANK9  BANK10  BANK11  BANK12
      Params:         0       5       0       0       0       0       0       0       0       0       0       0       0       0
      Locals:         0       5       0       0       0       0       0       0       0       0       0       0       0       0
      Temps:          0       4       0       0       0       0       0       0       0       0       0       0       0       0
      Totals:         0      14       0       0       0       0       0       0       0       0       0       0       0       0
Total ram usage:       14 bytes
 Hardware stack levels used:    1
 Hardware stack levels required when called:    3
 This function calls:
		Nothing
 This function is called by:
		_CANInitialize
 This function uses a non-reentrant model


 *************** function _CANSetFilter *****************
 Defined at:
		line 748 in file "../LaurTec_PIC_libraries_v_3.3.0/inc\CANlib.h"
 Parameters:    Size  Location     Type
[...]
      Locals:         0       0       0       0       0       0       0       0       0       0       0       0       0       0
      Temps:          0       4       0       0       0       0       0       0       0       0       0       0       0       0
      Totals:         0       4       0       0       0       0       0       0       0       0       0       0       0       0
Total ram usage:        4 bytes
 Hardware stack levels used:    1
 Hardware stack levels required when called:    3
 This function calls:
		Nothing
 This function is called by:
		_main
 This function uses a non-reentrant model


 *************** function _CAN_Send *****************
 Defined at:
		line 449 in file "RemoteCan.c"
 Parameters:    Size  Location     Type
		None
 Auto vars:     Size  Location     Type
		None
 Return value:  Size  Location     Type
		None               void
 Registers used:
		wreg, fsr2l, fsr2h, status,2, status,0, cstack
 Tracked objects:
		On entry : 
		On exit  : 
		Unchanged: 
 Data sizes:     COMRAM   BANK0   BANK1   BANK2   BANK3   BANK4   BANK5   BANK6   BANK7   BANK8   BANK9  BANK10  BANK11  BANK12
      Params:         0       0       0       0       0       0       0       0       0       0       0       0       0       0
      Locals:         0       0       0       0       0       0       0       0       0       0       0       0       0       0
      Temps:          0       0       0       0       0       0       0       0       0       0       0       0       0       0
      Totals:         0       0       0       0       0       0       0       0       0       0       0       0       0       0
Total ram usage:        0 bytes
 Hardware stack levels used:    1
 Hardware stack levels required when called:    4
 This function calls:
		_CANisTxReady
		_CANsendMessage
 This function is called by:
		_main
 This function uses a non-reentrant model


 *************** function _CANsendMessage *****************
 Defined at:
		line 294 in file "../LaurTec_PIC_libraries_v_3.3.0/inc\CANlib.h"
 Parameters:    Size  Location     Type
  identifier      4   14[BANK0 ] unsigned long 
  data            2   18[BANK0 ] PTR unsigned char 
		 -> data_speed(1), park_assist_state(8), data_brake(1), data_steering(1), 
		 -> data(1), 
  dataLength      1   20[BANK0 ] unsigned char 
  flags           1   21[BANK0 ] enum E16909
 Auto vars:     Size  Location     Type
  tamp            4   26[BANK0 ] unsigned long 
 Return value:  Size  Location     Type
		None               void
 Registers used:
		wreg, fsr2l, fsr2h, status,2, status,0
 Tracked objects:
		On entry : 
		On exit  : 
		Unchanged: 
 Data sizes:     COMRAM   BANK0   BANK1   BANK2   BANK3   BANK4   BANK5   BANK6   BANK7   BANK8   BANK9  BANK10  BANK11  BANK12
      Params:         0       8       0       0       0       0       0       0       0       0       0       0       0       0
      Locals:         0       4       0       0       0       0       0       0       0       0       0       0       0       0
      Temps:          0       4       0       0       0       0       0       0       0       0       0       0       0       0
      Totals:         0      16       0       0       0       0       0       0       0       0       0       0       0       0
Total ram usage:       16 bytes
 Hardware stack levels used:    1
 Hardware stack levels required when called:    3
 This function calls:
		Nothing
 This function is called by:
		_main
		_LCD_Handler
		_CAN_Send
 This function uses a non-reentrant model


 *************** function _CANisTxReady *****************
 Defined at:
		line 1154 in file "../LaurTec_PIC_libraries_v_3.3.0/inc\CANlib.h"
 Parameters:    Size  Location     Type
		None
 Auto vars:     Size  Location     Type
		None
 Return value:  Size  Location     Type
                  1    wreg      unsigned char 
 Registers used:
		wreg, status,2
 Tracked objects:
		On entry : 
		On exit  : 
		Unchanged: 
 Data sizes:     COMRAM   BANK0   BANK1   BANK2   BANK3   BANK4   BANK5   BANK6   BANK7   BANK8   BANK9  BANK10  BANK11  BANK12
      Params:         0       0       0       0       0       0       0       0       0       0       0       0       0       0
      Locals:         0       1       0       0       0       0       0       0       0       0       0       0       0       0
      Temps:          0       0       0       0       0       0       0       0       0       0       0       0       0       0
      Totals:         0       1       0       0       0       0       0       0       0       0       0       0       0       0
Total ram usage:        1 bytes
 Hardware stack levels used:    1
 Hardware stack levels required when called:    3
 This function calls:
		Nothing
 This function is called by:
		_main
		_LCD_Handler
		_CAN_Send
 This function uses a non-reentrant model


 *************** function _ISR_bassa *****************
 Defined at:
		line 161 in file "RemoteCan.c"
 Parameters:    Size  Location     Type
		None
 Auto vars:     Size  Location     Type
		None
 Return value:  Size  Location     Type
		None               void
 Registers used:
		wreg, status,2, status,0
 Tracked objects:
		On entry : 
		On exit  : 
		Unchanged: 
 Data sizes:     COMRAM   BANK0   BANK1   BANK2   BANK3   BANK4   BANK5   BANK6   BANK7   BANK8   BANK9  BANK10  BANK11  BANK12
      Params:         0       0       0       0       0       0       0       0       0       0       0       0       0       0
      Locals:         0       0       0       0       0       0       0       0       0       0       0       0       0       0
      Temps:         17       0       0       0       0       0       0       0       0       0       0       0       0       0
      Totals:        17       0       0       0       0       0       0       0       0       0       0       0       0       0
Total ram usage:       17 bytes
 Hardware stack levels used:    1
 Hardware stack levels required when called:    2
 This function calls:
		Nothing
 This function is called by:
		Interrupt level 1
 This function uses a non-reentrant model


 *************** function _ISR_alta *****************
 Defined at:
		line 110 in file "RemoteCan.c"
 Parameters:    Size  Location     Type
		None
 Auto vars:     Size  Location     Type
  i               1   33[COMRAM] unsigned char 
 Return value:  Size  Location     Type
		None               void
 Registers used:
		wreg, fsr1l, fsr1h, fsr2l, fsr2h, status,2, status,0, prodl, prodh, cstack
 Tracked objects:
		On entry : 
		On exit  : 
		Unchanged: 
 Data sizes:     COMRAM   BANK0   BANK1   BANK2   BANK3   BANK4   BANK5   BANK6   BANK7   BANK8   BANK9  BANK10  BANK11  BANK12
      Params:         0       0       0       0       0       0       0       0       0       0       0       0       0       0
      Locals:         1       0       0       0       0       0       0       0       0       0       0       0       0       0
      Temps:          0      14       0       0       0       0       0       0       0       0       0       0       0       0
      Totals:         1      14       0       0       0       0       0       0       0       0       0       0       0       0
Total ram usage:       15 bytes
 Hardware stack levels used:    1
 Hardware stack levels required when called:    1
 This function calls:
		_CANisRxReady
		_CANreceiveMessage
		i2_CANisTxReady
		i2_CANsendMessage
 This function is called by:
		Interrupt level 2
 This function uses a non-reentrant model


 *************** function i2_CANsendMessage *****************
 Defined at:
		line 294 in file "../LaurTec_PIC_libraries_v_3.3.0/inc\CANlib.h"
 Parameters:    Size  Location     Type
  identifier      4   17[COMRAM] unsigned long 
  data            2   21[COMRAM] PTR unsigned char 
		 -> data_speed(1), park_assist_state(8), data_brake(1), data_steering(1), 
		 -> data(1), 
  dataLength      1   23[COMRAM] unsigned char 
  flags           1   24[COMRAM] enum E16909
 Auto vars:     Size  Location     Type
  CANsendMessa    4   29[COMRAM] unsigned long 
 Return value:  Size  Location     Type
		None               void
 Registers used:
		wreg, fsr2l, fsr2h, status,2, status,0
 Tracked objects:
		On entry : 
		On exit  : 
		Unchanged: 
 Data sizes:     COMRAM   BANK0   BANK1   BANK2   BANK3   BANK4   BANK5   BANK6   BANK7   BANK8   BANK9  BANK10  BANK11  BANK12
      Params:         8       0       0       0       0       0       0       0       0       0       0       0       0       0
      Locals:         4       0       0       0       0       0       0       0       0       0       0       0       0       0
      Temps:          4       0       0       0       0       0       0       0       0       0       0       0       0       0
      Totals:        16       0       0       0       0       0       0       0       0       0       0       0       0       0
Total ram usage:       16 bytes
 Hardware stack levels used:    1
 This function calls:
		Nothing
 This function is called by:
		_ISR_alta
 This function uses a non-reentrant model


 *************** function i2_CANisTxReady *****************
 Defined at:
		line 1154 in file "../LaurTec_PIC_libraries_v_3.3.0/inc\CANlib.h"
 Parameters:    Size  Location     Type
		None
 Auto vars:     Size  Location     Type
		None
 Return value:  Size  Location     Type
                  1    wreg      unsigned char 
 Registers used:
		wreg, status,2
 Tracked objects:
		On entry : 
		On exit  : 
		Unchanged: 
 Data sizes:     COMRAM   BANK0   BANK1   BANK2   BANK3   BANK4   BANK5   BANK6   BANK7   BANK8   BANK9  BANK10  BANK11  BANK12
      Params:         0       0       0       0       0       0       0       0       0       0       0       0       0       0
      Locals:         1       0       0       0       0       0       0       0       0       0       0       0       0       0
      Temps:          0       0       0       0       0       0       0       0       0       0       0       0       0       0
      Totals:         1       0       0       0       0       0       0       0       0       0       0       0       0       0
Total ram usage:        1 bytes
 Hardware stack levels used:    1
 This function calls:
		Nothing
 This function is called by:
		_ISR_alta
 This function uses a non-reentrant model


 *************** function _CANreceiveMessage *****************
 Defined at:
		line 528 in file "../LaurTec_PIC_libraries_v_3.3.0/inc\CANlib.h"
 Parameters:    Size  Location     Type
  msg             2   17[COMRAM] PTR struct .
		 -> msg(15), 
 Auto vars:     Size  Location     Type
  tamp            1   28[COMRAM] unsigned char 
  error           1   27[COMRAM] unsigned char 
 Return value:  Size  Location     Type
                  1    wreg      unsigned char 
 Registers used:
		wreg, fsr2l, fsr2h, status,2, status,0
 Tracked objects:
		On entry : 
		On exit  : 
		Unchanged: 
 Data sizes:     COMRAM   BANK0   BANK1   BANK2   BANK3   BANK4   BANK5   BANK6   BANK7   BANK8   BANK9  BANK10  BANK11  BANK12
      Params:         2       0       0       0       0       0       0       0       0       0       0       0       0       0
      Locals:         2       0       0       0       0       0       0       0       0       0       0       0       0       0
      Temps:          8       0       0       0       0       0       0       0       0       0       0       0       0       0
      Totals:        12       0       0       0       0       0       0       0       0       0       0       0       0       0
Total ram usage:       12 bytes
 Hardware stack levels used:    1
 This function calls:
		Nothing
 This function is called by:
		_ISR_alta
 This function uses a non-reentrant model


 *************** function _CANisRxReady *****************
 Defined at:
		line 1163 in file "../LaurTec_PIC_libraries_v_3.3.0/inc\CANlib.h"
 Parameters:    Size  Location     Type
		None
 Auto vars:     Size  Location     Type
		None
 Return value:  Size  Location     Type
                  1    wreg      unsigned char 
 Registers used:
		wreg, status,2
 Tracked objects:
		On entry : 
		On exit  : 
		Unchanged: 
 Data sizes:     COMRAM   BANK0   BANK1   BANK2   BANK3   BANK4   BANK5   BANK6   BANK7   BANK8   BANK9  BANK10  BANK11  BANK12
      Params:         0       0       0       0       0       0       0       0       0       0       0       0       0       0
      Locals:         1       0       0       0       0       0       0       0       0       0       0       0       0       0
      Temps:          0       0       0       0       0       0       0       0       0       0       0       0       0       0
      Totals:         1       0       0       0       0       0       0       0       0       0       0       0       0       0
Total ram usage:        1 bytes
 Hardware stack levels used:    1
 This function calls:
		Nothing
 This function is called by:
		_ISR_alta
 This function uses a non-reentrant model



MODULE INFORMATION

Module		Function		Class		Link	Load	Size
C:\Program Files (x86)\Microchip\xc8\v1.35\sources\common\awdiv.c
		___awdiv       		CODE           	15750	0000	191

C:\Program Files (x86)\Microchip\xc8\v1.35\sources\common\awdiv.c estimated size: 191

C:\Program Files (x86)\Microchip\xc8\v1.35\sources\common\isdigit.c
		_isdigit       		CODE           	1612E	0000	43

C:\Program Files (x86)\Microchip\xc8\v1.35\sources\common\isdigit.c estimated size: 43

C:\Program Files (x86)\Microchip\xc8\v1.35\sources\common\sprcadd.c
		___flsub       		CODE           	15EE0	0000	73
		___fladd       		CODE           	132F6	0000	1193

C:\Program Files (x86)\Microchip\xc8\v1.35\sources\common\sprcadd.c estimated size: 1266

C:\Program Files (x86)\Microchip\xc8\v1.35\sources\common\flneg.c
		___flneg       		CODE           	16028	0000	57

C:\Program Files (x86)\Microchip\xc8\v1.35\sources\common\flneg.c estimated size: 57

C:\Program Files (x86)\Microchip\xc8\v1.35\sources\common\xxtofl.c
		___xxtofl      		CODE           	14698	0000	463

C:\Program Files (x86)\Microchip\xc8\v1.35\sources\common\xxtofl.c estimated size: 463

C:\Program Files (x86)\Microchip\xc8\v1.35\sources\common\lwmod.c
		___lwmod       		CODE           	15DDE	0000	99

C:\Program Files (x86)\Microchip\xc8\v1.35\sources\common\lwmod.c estimated size: 99

../LaurTec_PIC_libraries_v_3.3.0/inc\CANlib.h
		_CANSetFilter  		CODE           	10000	0000	2823
		_CANisRxReady  		CODE           	16268	0000	23
		_CANreceiveMessage		CODE           	12DEA	0000	1293
		_CANsendMessage		CODE           	1139A	0000	1933
		_CANInitialize 		CODE           	14866	0000	455
		_CANOperationMode		CODE           	16252	0000	23
		_CANisTxReady  		CODE           	1617E	0000	37
		_CANSetMask    		CODE           	14004	0000	927

../LaurTec_PIC_libraries_v_3.3.0/inc\CANlib.h estimated size: 7514

C:\Program Files (x86)\Microchip\xc8\v1.35\sources\common\doprnt.c
		_scale         		CODE           	128D0	0000	1307
		_sprintf       		CODE           	10B06	0000	2197
		_fround        		CODE           	143A2	0000	759

C:\Program Files (x86)\Microchip\xc8\v1.35\sources\common\doprnt.c estimated size: 4263

C:\Program Files (x86)\Microchip\xc8\v1.35\sources\common\llmod.c
		___llmod       		CODE           	15C36	0000	155

C:\Program Files (x86)\Microchip\xc8\v1.35\sources\common\llmod.c estimated size: 155

shared
		i2_CANisTxReady		CODE           	161C4	0000	31
		__powers_      		MEDIUMCONST    	FEE9	0000	53
		_dpowers       		MEDIUMCONST    	FF1D	0000	41
		__npowers_     		MEDIUMCONST    	FEB5	0000	53
		__initialization		CODE           	15F70	0000	59
		i2_CANsendMessage		CODE           	12240	0000	1681

shared estimated size: 1918

C:\Program Files (x86)\Microchip\xc8\v1.35\sources\common\awmod.c
		___awmod       		CODE           	15B94	0000	163

C:\Program Files (x86)\Microchip\xc8\v1.35\sources\common\awmod.c estimated size: 163

C:\Program Files (x86)\Microchip\xc8\v1.35\sources\common\sprcmul.c
		___flmul       		CODE           	1379E	0000	1191

C:\Program Files (x86)\Microchip\xc8\v1.35\sources\common\sprcmul.c estimated size: 1191

C:\Program Files (x86)\Microchip\xc8\v1.35\sources\common\ftdivl.c
		__tdiv_to_l_   		CODE           	14D9A	0000	415

C:\Program Files (x86)\Microchip\xc8\v1.35\sources\common\ftdivl.c estimated size: 415

C:\Program Files (x86)\Microchip\xc8\v1.35\sources\common\itoa.c
		_itoa          		CODE           	15F28	0000	73
		_utoa          		CODE           	1580E	0000	191

C:\Program Files (x86)\Microchip\xc8\v1.35\sources\common\itoa.c estimated size: 264

../LaurTec_PIC_libraries_v_3.3.0/src\delay.c
		_delay_set_quartz		CODE           	1627E	0000	11
		_delay_ms      		CODE           	15FEE	0000	59

../LaurTec_PIC_libraries_v_3.3.0/src\delay.c estimated size: 70

../LaurTec_PIC_libraries_v_3.3.0/src\LCD_44780.c
		_LCD_clear     		CODE           	160FC	0000	51
		_LCD_cursor    		CODE           	160CA	0000	51
		_LCD_goto_xy   		CODE           	161FE	0000	29
		_LCD_goto_line 		CODE           	15664	0000	237
		_LCD_shift_cursor		CODE           	15E94	0000	77
		_LCD_write_string		CODE           	16158	0000	39
		_LCD_enable_pulse		CODE           	161A2	0000	35
		_LCD_write_message		CODE           	16096	0000	53
		_LCD_write_char		CODE           	15CD0	0000	151
		_LCD_write_integer		CODE           	14A2C	0000	449
		_LCD_send_command		CODE           	15FB4	0000	59
		_LCD_initialize		CODE           	153EA	0000	367

../LaurTec_PIC_libraries_v_3.3.0/src\LCD_44780.c estimated size: 1598

C:\Program Files (x86)\Microchip\xc8\v1.35\sources\common\lwdiv.c
		___lwdiv       		CODE           	15D66	0000	121

C:\Program Files (x86)\Microchip\xc8\v1.35\sources\common\lwdiv.c estimated size: 121

C:\Program Files (x86)\Microchip\xc8\v1.35\sources\common\sprcdiv.c
		___fldiv       		CODE           	13C44	0000	961

C:\Program Files (x86)\Microchip\xc8\v1.35\sources\common\sprcdiv.c estimated size: 961

C:\Program Files (x86)\Microchip\xc8\v1.35\sources\common\fltol.c
		___fltol       		CODE           	15558	0000	269

C:\Program Files (x86)\Microchip\xc8\v1.35\sources\common\fltol.c estimated size: 269

C:\Program Files (x86)\Microchip\xc8\v1.35\sources\common\Umul16.c
		___wmul        		CODE           	16060	0000	55

C:\Program Files (x86)\Microchip\xc8\v1.35\sources\common\Umul16.c estimated size: 55

C:\Program Files (x86)\Microchip\xc8\v1.35\sources\common\lldiv.c
		___lldiv       		CODE           	158CC	0000	189

C:\Program Files (x86)\Microchip\xc8\v1.35\sources\common\lldiv.c estimated size: 189

RemoteCan.c
		_main          		CODE           	11B26	0000	1819
		_CAN_Send      		CODE           	15988	0000	187
		_PWR_Button_Polling		CODE           	161E2	0000	29
		_board_initialization		CODE           	15AF0	0000	165
		_Joystick_Polling		CODE           	15E40	0000	85
		_ISR_bassa     		CODE           	0018	0000	169
		_F1_Button_Polling		CODE           	16236	0000	29
		_F2_Button_Polling		CODE           	1621A	0000	29
		_LCD_Handler   		CODE           	14BEC	0000	431
		_ISR_alta      		CODE           	0008	0000	425
		_CAN_interpreter		CODE           	15A42	0000	175

RemoteCan.c estimated size: 3543

C:\Program Files (x86)\Microchip\xc8\v1.35\sources\common\fldivl.c
		__div_to_l_    		CODE           	15262	0000	393

C:\Program Files (x86)\Microchip\xc8\v1.35\sources\common\fldivl.c estimated size: 393

C:\Program Files (x86)\Microchip\xc8\v1.35\sources\common\flge.c
		___flge        		CODE           	150D2	0000	401

C:\Program Files (x86)\Microchip\xc8\v1.35\sources\common\flge.c estimated size: 401

