Microchip MPLAB XC8 Compiler V1.35 ()

Linker command line:

--edf=C:\Program Files (x86)\Microchip\xc8\v1.35\dat\en_msgs.txt -cs \
  -h+dist/default/production\RemoteCan.X.production.sym \
  --cmf=dist/default/production\RemoteCan.X.production.cmf -z -Q18F4685 \
  -oC:\Users\Massimo\AppData\Local\Temp\s1dk.2 \
  -Mdist/default/production/RemoteCan.X.production.map -E1 -ver=XC8 \
  --acfsm=1493 -ASTACK=0151h-0cffh -pstack=STACK -ACODE=00h-017FFFh \
  -ACONST=00h-017FFFh -ASMALLCONST=0D00h-0DFFhx371 \
  -AMEDIUMCONST=0D00h-0FFFFh,010D00h-017FFFh -ACOMRAM=01h-05Fh \
  -AABS1=00h-0CFFh -ABIGRAM=01h-0CFFh -ARAM=060h-0FFh,0100h-01FFhx12 \
  -ABANK0=060h-0FFh -ABANK1=0100h-01FFh -ABANK2=0200h-02FFh \
  -ABANK3=0300h-03FFh -ABANK4=0400h-04FFh -ABANK5=0500h-05FFh \
  -ABANK6=0600h-06FFh -ABANK7=0700h-07FFh -ABANK8=0800h-08FFh \
  -ABANK9=0900h-09FFh -ABANK10=0A00h-0AFFh -ABANK11=0B00h-0BFFh \
  -ABANK12=0C00h-0CFFh -ASFR=0D00h-0DFFhx2,0F00h-0F5Fh,0F60h-0FFFh \
  -preset_vec=00h,intcode=08h,intcodelo=018h,powerup,init,end_init \
  -pramtop=0D00h -psmallconst=SMALLCONST -pmediumconst=MEDIUMCONST \
  -pconst=CONST -AFARRAM=00h-00h -ACONFIG=0300000h-030000Dh -pconfig=CONFIG \
  -AIDLOC=0200000h-0200007h -pidloc=IDLOC -AEEDATA=0F00000h-0F003FFh \
  -peeprom_data=EEDATA \
  -prdata=COMRAM,nvrram=COMRAM,nvbit=COMRAM,rbss=COMRAM,rbit=COMRAM \
  -pfarbss=FARRAM,fardata=FARRAM,nvFARRAM=FARRAM \
  -pintsave_regs=BIGRAM,bigbss=BIGRAM,bigdata=BIGRAM -pbss=RAM \
  -pidata=CODE,irdata=CODE,ibigdata=CODE,ifardata=CODE -prparam=COMRAM \
  C:\Users\Massimo\AppData\Local\Temp\s1dk.obj \
  dist/default/production\RemoteCan.X.production.obj 

Object code version is 3.11

Machine type is 18F4685

Call graph: (short form)




                Name                               Link     Load   Length Selector   Space Scale
C:\Users\Massimo\AppData\Local\Temp\s1dk.obj
                end_init                             C0       C0        4        C       0
                reset_vec                             0        0        4        0       0
                idloc                            200000   200000        8   200000       0
                config                           300000   300000        E   300000       0
dist/default/production\RemoteCan.X.production.obj
                intcodelo                            18       18       A8        C       0
                intcode                               8        8        E        4       0
                temp                                 4E       4E        1        1       1
                mediumconst                        FDC8     FDC8      238     7EE4       0
                text61                            1649A    1649A       16     8000       0
                text60                            12E28    12E28      50C     8000       0
                text59                            163F6    163F6       1E     8000       0
                text58                            1227E    1227E      690     8000       0
                intcode_body                      146D6    146D6      1FC     8000       0
                text55                            15AE2    15AE2       AE     8000       0
                text54                            163B0    163B0       24     8000       0
                text53                            1139A    1139A      78C     8000       0
                text52                            15A28    15A28       BA     8000       0
                text51                            16468    16468       1C     8000       0
                text50                            1644C    1644C       1C     8000       0
                text49                            16070    16070       54     8000       0
                text48                            16292    16292       36     8000       0
                text47                            16220    16220       3A     8000       0
                text46                            163D4    163D4       22     8000       0
                text45                            161E6    161E6       3A     8000       0
                text44                            15704    15704       EC     8000       0
                text43                            1632E    1632E       32     8000       0
                text42                            162FC    162FC       32     8000       0
                text41                            164B0    164B0        A     8000       0
                text40                            1548A    1548A      16E     8000       0
                text39                            15D70    15D70       96     8000       0
                text38                            162C8    162C8       34     8000       0
                text37                            15FAA    15FAA       64     8000       0
                text36                            15F46    15F46       64     8000       0
                text35                            160C4    160C4       4C     8000       0
                text34                            16430    16430       1C     8000       0
                text33                            1638A    1638A       26     8000       0
                text32                            15E06    15E06       78     8000       0
                text31                            1600E    1600E       62     8000       0
                text30                            158AE    158AE       BE     8000       0
                text29                            16158    16158       48     8000       0
                text28                            14C66    14C66      1C0     8000       0
                text27                            13C82    13C82      3C0     8000       0
                text26                            15172    15172      190     8000       0
                text25                            1625A    1625A       38     8000       0
                text24                            13334    13334      4A8     8000       0
                text23                            16110    16110       48     8000       0
                text22                            155F8    155F8      10C     8000       0
                text21                            1596C    1596C       BC     8000       0
                text20                            15CD6    15CD6       9A     8000       0
                text19                            148D2    148D2      1CE     8000       0
                text18                            15302    15302      188     8000       0
                text17                            14FD4    14FD4      19E     8000       0
                text16                            157F0    157F0       BE     8000       0
                text15                            15C34    15C34       A2     8000       0
                text14                            137DC    137DC      4A6     8000       0
                text13                            143E0    143E0      2F6     8000       0
                text12                            16360    16360       2A     8000       0
                text11                            1290E    1290E      51A     8000       0
                text10                            10B06    10B06      894     8000       0
                text9                             14E26    14E26      1AE     8000       0
                text8                             15EE2    15EE2       64     8000       0
                text7                             15E7E    15E7E       64     8000       0
                text6                             16414    16414       1C     8000       0
                text5                             16484    16484       16     8000       0
                text4                             10000    10000      B06     8000       0
                text3                             14042    14042      39E     8000       0
                text2                             14AA0    14AA0      1C6     8000       0
                text1                             15B90    15B90       A4     8000       0
                text0                             11B26    11B26      758     8000       0
                cstackCOMRAM                         2A       2A       21        1       1
                cstackBANK0                          60       60       6D       60       1
                cstackBANK1                         130      130       21      100       1
                bssBANK1                            100      100       30      100       1
                dataBANK0                            ED       ED        1       60       1
                bssBANK0                             CD       CD       20       60       1
                bssCOMRAM                             1        1       29        1       1
                bitbssCOMRAM                        258       4B       14        1       1     8
                cinit                             161A0    161A0       46     8000       0
                idataBANK0                        164BA    164BA        1     8000       0

TOTAL           Name                               Link     Load   Length     Space
        CLASS   STACK          

        CLASS   CODE           
                end_init                             C0       C0        4         0
                intcodelo                            18       18       A8         0
                intcode                               8        8        E         0
                reset_vec                             0        0        4         0
                text61                            1649A    1649A       16         0
                text60                            12E28    12E28      50C         0
                text59                            163F6    163F6       1E         0
                text58                            1227E    1227E      690         0
                intcode_body                      146D6    146D6      1FC         0
                text55                            15AE2    15AE2       AE         0
                text54                            163B0    163B0       24         0
                text53                            1139A    1139A      78C         0
                text52                            15A28    15A28       BA         0
                text51                            16468    16468       1C         0
                text50                            1644C    1644C       1C         0
                text49                            16070    16070       54         0
                text48                            16292    16292       36         0
                text47                            16220    16220       3A         0
                text46                            163D4    163D4       22         0
                text45                            161E6    161E6       3A         0
                text44                            15704    15704       EC         0
                text43                            1632E    1632E       32         0
                text42                            162FC    162FC       32         0
                text41                            164B0    164B0        A         0
                text40                            1548A    1548A      16E         0
                text39                            15D70    15D70       96         0
                text38                            162C8    162C8       34         0
                text37                            15FAA    15FAA       64         0
                text36                            15F46    15F46       64         0
                text35                            160C4    160C4       4C         0
                text34                            16430    16430       1C         0
                text33                            1638A    1638A       26         0
                text32                            15E06    15E06       78         0
                text31                            1600E    1600E       62         0
                text30                            158AE    158AE       BE         0
                text29                            16158    16158       48         0
                text28                            14C66    14C66      1C0         0
                text27                            13C82    13C82      3C0         0
                text26                            15172    15172      190         0
                text25                            1625A    1625A       38         0
                text24                            13334    13334      4A8         0
                text23                            16110    16110       48         0
                text22                            155F8    155F8      10C         0
                text21                            1596C    1596C       BC         0
                text20                            15CD6    15CD6       9A         0
                text19                            148D2    148D2      1CE         0
                text18                            15302    15302      188         0
                text17                            14FD4    14FD4      19E         0
                text16                            157F0    157F0       BE         0
                text15                            15C34    15C34       A2         0
                text14                            137DC    137DC      4A6         0
                text13                            143E0    143E0      2F6         0
                text12                            16360    16360       2A         0
                text11                            1290E    1290E      51A         0
                text10                            10B06    10B06      894         0
                text9                             14E26    14E26      1AE         0
                text8                             15EE2    15EE2       64         0
                text7                             15E7E    15E7E       64         0
                text6                             16414    16414       1C         0
                text5                             16484    16484       16         0
                text4                             10000    10000      B06         0
                text3                             14042    14042      39E         0
                text2                             14AA0    14AA0      1C6         0
                text1                             15B90    15B90       A4         0
                text0                             11B26    11B26      758         0
                cinit                             161A0    161A0       46         0
                idataBANK0                        164BA    164BA        1         0

        CLASS   CONST          

        CLASS   SMALLCONST     

        CLASS   MEDIUMCONST    
                mediumconst                        FDC8     FDC8      238         0

        CLASS   COMRAM         
                temp                                 4E       4E        1         1
                cstackCOMRAM                         2A       2A       21         1
                bssCOMRAM                             1        1       29         1
                bitbssCOMRAM                        258       4B       14         1

        CLASS   ABS1           

        CLASS   BIGRAM         

        CLASS   RAM            

        CLASS   BANK0          
                cstackBANK0                          60       60       6D         1
                dataBANK0                            ED       ED        1         1
                bssBANK0                             CD       CD       20         1

        CLASS   BANK1          
                cstackBANK1                         130      130       21         1
                bssBANK1                            100      100       30         1

        CLASS   BANK2          

        CLASS   BANK3          

        CLASS   BANK4          

        CLASS   BANK5          

        CLASS   BANK6          

        CLASS   BANK7          

        CLASS   BANK8          

        CLASS   BANK9          

        CLASS   BANK10         

        CLASS   BANK11         

        CLASS   BANK12         

        CLASS   SFR            

        CLASS   FARRAM         

        CLASS   CONFIG         
                config                           300000   300000        E         0

        CLASS   IDLOC          
                idloc                            200000   200000        8         0

        CLASS   EEDATA         



SEGMENTS        Name                           Load    Length   Top    Selector   Space  Class

                reset_vec                      000000  000004  000004         0       0  CODE    
                bssCOMRAM                      000001  00004E  00004F         1       1  COMRAM  
                intcode                        000008  00000E  000016         4       0  CODE    
                intcodelo                      000018  0000AC  0000C4         C       0  CODE    
                cstackBANK0                    000060  00008E  0000EE        60       1  BANK0   
                bssBANK1                       000100  000051  000151       100       1  BANK1   
                mediumconst                    00FDC8  000238  010000      7EE4       0  MEDIUMCO
                text4                          010000  0064BB  0164BB      8000       0  CODE    
                idloc                          200000  000008  200008    200000       0  IDLOC   
                config                         300000  00000E  30000E    300000       0  CONFIG  


UNUSED ADDRESS RANGES

        Name                Unused          Largest block    Delta
        BANK0            0000EE-0000FF               12
        BANK1            000151-0001FF               AF
        BANK10           000A00-000AFF              100
        BANK11           000B00-000BFF              100
        BANK12           000C00-000CFF              100
        BANK2            000200-0002FF              100
        BANK3            000300-0003FF              100
        BANK4            000400-0004FF              100
        BANK5            000500-0005FF              100
        BANK6            000600-0006FF              100
        BANK7            000700-0007FF              100
        BANK8            000800-0008FF              100
        BANK9            000900-0009FF              100
        BIGRAM           00004F-00005F               11
                         0000EE-0000FF               12
                         000151-000CFF              BAF
        CODE             000004-000007                4
                         000016-000017                2
                         0000C4-00FDC7             FD04
                         0164BB-017FFF             1B45
        COMRAM           00004F-00005F               11
        CONST            000004-000007                4
                         000016-000017                2
                         0000C4-00FDC7             FD04
                         0164BB-017FFF             1B45
        EEDATA           F00000-F003FF              400
        MEDIUMCONST      000D00-00FDC7             F0C8
                         0164BB-017FFF             1B45
        RAM              0000EE-0000FF               12
                         000151-000CFF              100
        SFR              000D00-000FFF              100
        SMALLCONST       000D00-00FDC7              100
                         0164BB-017FFF              100
        STACK            000151-000CFF              BAF

                                  Symbol Table

?___awdiv                          cstackBANK0  000077
?___awmod                          cstackBANK0  000071
?___fladd                          cstackBANK0  0000A5
?___fldiv                          cstackBANK0  00007F
?___flmul                          cstackBANK0  00007F
?___flneg                          cstackBANK0  000098
?___flsub                          cstackBANK0  0000B9
?___fltol                          cstackBANK0  0000B9
?___lldiv                          cstackBANK0  000071
?___llmod                          cstackBANK0  000071
?___lwdiv                          cstackBANK0  000071
?___lwmod                          cstackBANK0  000071
?___wmul                           cstackBANK0  000071
?___xxtofl                         cstackBANK0  000071
?__div_to_l_                       cstackBANK0  000071
?__tdiv_to_l_                      cstackBANK0  000071
?_fround                           cstackBANK0  000098
?_scale                            cstackBANK0  000098
?_sprintf                          cstackBANK0  0000C3
CANInitialize@BRP                  cstackBANK0  000082
CANInitialize@FilterConfig1        cstackBANK0  000089
CANInitialize@FilterConfig2        cstackBANK0  00008A
CANInitialize@SJW                  cstackBANK0  000081
CANInitialize@flags                cstackBANK0  000083
CANInitialize@phaseSeg1            cstackBANK0  00007F
CANInitialize@phaseSeg2            cstackBANK0  000080
CANInitialize@propSeg              cstackBANK0  000088
CANOperationMode@mode              cstackBANK0  000071
CANSetFilter@filter                cstackBANK0  000071
CANSetFilter@numBuffer             cstackBANK0  00007A
CANSetFilter@tamp                  cstackBANK0  00007B
CANSetFilter@type                  cstackBANK0  000075
CANSetMask@mask                    cstackBANK0  000071
CANSetMask@numBuffer               cstackBANK0  00007A
CANSetMask@tamp                    cstackBANK0  00007B
CANSetMask@type                    cstackBANK0  000075
CANreceiveMessage@error            cstackCOMRAM 000045
CANreceiveMessage@msg              cstackCOMRAM 00003B
CANreceiveMessage@tamp             cstackCOMRAM 000046
CANsendMessage@data                cstackBANK0  000075
CANsendMessage@dataLength          cstackBANK0  000077
CANsendMessage@flags               cstackBANK0  000078
CANsendMessage@identifier          cstackBANK0  000071
CANsendMessage@tamp                cstackBANK0  00007D
ISR_alta@i                         cstackBANK0  000070
Joystick_Polling@i                 cstackBANK0  000072
LCD_cursor@active                  cstackBANK0  00007E
LCD_cursor@blinking                cstackBANK0  00007D
LCD_goto_line@line                 cstackBANK0  00007D
LCD_goto_xy@x                      cstackBANK0  000081
LCD_goto_xy@y                      cstackBANK0  000080
LCD_initialize@quartz_frequency    cstackBANK0  00007F
LCD_send_command@D0                cstackBANK0  00007B
LCD_send_command@D1                cstackBANK0  00007A
LCD_send_command@D2                cstackBANK0  000079
LCD_send_command@D3                cstackBANK0  00007C
LCD_shift_cursor@i                 cstackBANK0  00007F
LCD_shift_cursor@number_of_shift   cstackBANK0  00007D
LCD_shift_cursor@shift             cstackBANK0  00007E
LCD_write_char@D0                  cstackBANK0  000080
LCD_write_char@D1                  cstackBANK0  00007F
LCD_write_char@D2                  cstackBANK0  00007E
LCD_write_char@D3                  cstackBANK0  00007D
LCD_write_char@value               cstackBANK0  000081
LCD_write_integer@F17272           bssBANK1     000107
LCD_write_integer@convertedInt     cstackBANK0  000092
LCD_write_integer@index            cstackBANK0  000098
LCD_write_integer@number_of_digits cstackBANK0  00008B
LCD_write_integer@value            cstackBANK0  000089
LCD_write_integer@zero_cleaning    cstackBANK0  00008C
LCD_write_message@buffer           cstackBANK0  000082
LCD_write_string@buffer            cstackBANK0  000082
_ADCON0bits                        (abs)        000FC2
_ADCON1                            (abs)        000FC1
_ADCON2bits                        (abs)        000FC0
_ADRESH                            (abs)        000FC4
_AbsFlag                           bitbssCOMRAM 000258
_BRGCON1                           (abs)        000F70
_BRGCON2                           (abs)        000F71
_BRGCON2bits                       (abs)        000F71
_BRGCON3                           (abs)        000F72
_BRGCON3bits                       (abs)        000F72
_CANCON                            (abs)        000F6F
_CANCONbits                        (abs)        000F6F
_CANInitialize                     text2        014AA0
_CANOperationMode                  text5        016484
_CANSTAT                           (abs)        000F6E
_CANSetFilter                      text4        010000
_CANSetMask                        text3        014042
_CAN_Rx                            text55       015AE2
_CAN_Tx                            text52       015A28
_CANisRxReady                      text61       01649A
_CANisRxReady$3253                 cstackCOMRAM 00003B
_CANisTxReady                      text54       0163B0
_CANisTxReady$3251                 cstackBANK0  000071
_CANreceiveMessage                 text60       012E28
_CANsendMessage                    text53       01139A
_COMSTATbits                       (abs)        000F74
_Can_Tx_Force                      bitbssCOMRAM 000259
_F1_Button_Polling                 text51       016468
_F1_switch                         bitbssCOMRAM 00025A
_F2_Button_Polling                 text50       01644C
_F2_switch                         bitbssCOMRAM 00025B
_INTCONbits                        (abs)        000FF2
_IPR2bits                          (abs)        000FA2
_IPR3bits                          (abs)        000FA5
_ISR_alta                          intcode      000008
_ISR_bassa                         intcodelo    000018
_JoystickConstants                 bssBANK0     0000CD
_JoystickValues                    bssBANK0     0000DD
_Joystick_Polling                  text49       016070
_LATA                              (abs)        000F89
_LATB                              (abs)        000F8A
_LATC                              (abs)        000F8B
_LATCbits                          (abs)        000F8B
_LATD                              (abs)        000F8C
_LATDbits                          (abs)        000F8C
_LATE                              (abs)        000F8D
_LATEbits                          (abs)        000F8D
_LCD_End                           text37       015FAA
_LCD_Gap                           text36       015F46
_LCD_Handler                       text9        014E26
_LCD_Park                          text8        015EE2
_LCD_Parking                       text7        015E7E
_LCD_clear                         text43       01632E
_LCD_cursor                        text42       0162FC
_LCD_enable_pulse                  text46       0163D4
_LCD_goto_line                     text44       015704
_LCD_goto_xy                       text34       016430
_LCD_initialize                    text40       01548A
_LCD_send_command                  text45       0161E6
_LCD_shift_cursor                  text35       0160C4
_LCD_write_char                    text39       015D70
_LCD_write_integer                 text28       014C66
_LCD_write_message                 text38       0162C8
_LCD_write_string                  text33       01638A
_MotoreFlag                        bitbssCOMRAM 00025C
_PIE2bits                          (abs)        000FA0
_PIE3bits                          (abs)        000FA3
_PIR2bits                          (abs)        000FA1
_PIR3bits                          (abs)        000FA4
_PORTAbits                         (abs)        000F80
_PORTBbits                         (abs)        000F81
_PORTDbits                         (abs)        000F83
_PWR_Button_Polling                text6        016414
_RCONbits                          (abs)        000FD0
_RTR_Flag                          bitbssCOMRAM 00025D
_RXB0CON                           (abs)        000F60
_RXB0CONbits                       (abs)        000F60
_RXB0D0                            (abs)        000F66
_RXB0D1                            (abs)        000F67
_RXB0D2                            (abs)        000F68
_RXB0D3                            (abs)        000F69
_RXB0D4                            (abs)        000F6A
_RXB0D5                            (abs)        000F6B
_RXB0D6                            (abs)        000F6C
_RXB0D7                            (abs)        000F6D
_RXB0DLC                           (abs)        000F65
_RXB0DLCbits                       (abs)        000F65
_RXB0EIDH                          (abs)        000F63
_RXB0EIDL                          (abs)        000F64
_RXB0SIDH                          (abs)        000F61
_RXB0SIDL                          (abs)        000F62
_RXB0SIDLbits                      (abs)        000F62
_RXB1CON                           (abs)        000F50
_RXB1CONbits                       (abs)        000F50
_RXB1D0                            (abs)        000F56
_RXB1D1                            (abs)        000F57
_RXB1D2                            (abs)        000F58
_RXB1D3                            (abs)        000F59
_RXB1D4                            (abs)        000F5A
_RXB1D5                            (abs)        000F5B
_RXB1D6                            (abs)        000F5C
_RXB1D7                            (abs)        000F5D
_RXB1DLC                           (abs)        000F55
_RXB1DLCbits                       (abs)        000F55
_RXB1EIDH                          (abs)        000F53
_RXB1EIDL                          (abs)        000F54
_RXB1SIDH                          (abs)        000F51
_RXB1SIDL                          (abs)        000F52
_RXB1SIDLbits                      (abs)        000F52
_RXERRCNT                          (abs)        000F75
_RXF0EIDH                          (abs)        000F02
_RXF0EIDL                          (abs)        000F03
_RXF0SIDH                          (abs)        000F00
_RXF0SIDL                          (abs)        000F01
_RXF0SIDLbits                      (abs)        000F01
_RXF1EIDH                          (abs)        000F06
_RXF1EIDL                          (abs)        000F07
_RXF1SIDH                          (abs)        000F04
_RXF1SIDL                          (abs)        000F05
_RXF1SIDLbits                      (abs)        000F05
_RXF2EIDH                          (abs)        000F0A
_RXF2EIDL                          (abs)        000F0B
_RXF2SIDH                          (abs)        000F08
_RXF2SIDL                          (abs)        000F09
_RXF2SIDLbits                      (abs)        000F09
_RXF3EIDH                          (abs)        000F0E
_RXF3EIDL                          (abs)        000F0F
_RXF3SIDH                          (abs)        000F0C
_RXF3SIDL                          (abs)        000F0D
_RXF3SIDLbits                      (abs)        000F0D
_RXF4EIDH                          (abs)        000F12
_RXF4EIDL                          (abs)        000F13
_RXF4SIDH                          (abs)        000F10
_RXF4SIDL                          (abs)        000F11
_RXF4SIDLbits                      (abs)        000F11
_RXF5EIDH                          (abs)        000F16
_RXF5EIDL                          (abs)        000F17
_RXF5SIDH                          (abs)        000F14
_RXF5SIDL                          (abs)        000F15
_RXF5SIDLbits                      (abs)        000F15
_RXM0EIDH                          (abs)        000F1A
_RXM0EIDL                          (abs)        000F1B
_RXM0SIDH                          (abs)        000F18
_RXM0SIDL                          (abs)        000F19
_RXM0SIDLbits                      (abs)        000F19
_RXM1EIDH                          (abs)        000F1E
_RXM1EIDL                          (abs)        000F1F
_RXM1SIDH                          (abs)        000F1C
_RXM1SIDL                          (abs)        000F1D
_RXM1SIDLbits                      (abs)        000F1D
_SterzoFlag                        bitbssCOMRAM 00025E
_T3CON                             (abs)        000FB1
_TMR3H                             (abs)        000FB3
_TMR3L                             (abs)        000FB2
_TRISA                             (abs)        000F92
_TRISB                             (abs)        000F93
_TRISC                             (abs)        000F94
_TRISD                             (abs)        000F95
_TRISE                             (abs)        000F96
_TXB0CONbits                       (abs)        000F40
_TXB0D0                            (abs)        000F46
_TXB0D1                            (abs)        000F47
_TXB0D2                            (abs)        000F48
_TXB0D3                            (abs)        000F49
_TXB0D4                            (abs)        000F4A
_TXB0D5                            (abs)        000F4B
_TXB0D6                            (abs)        000F4C
_TXB0D7                            (abs)        000F4D
_TXB0DLC                           (abs)        000F45
_TXB0DLCbits                       (abs)        000F45
_TXB0EIDH                          (abs)        000F43
_TXB0EIDL                          (abs)        000F44
_TXB0SIDH                          (abs)        000F41
_TXB0SIDL                          (abs)        000F42
_TXB0SIDLbits                      (abs)        000F42
_TXB1CONbits                       (abs)        000F30
_TXB1D0                            (abs)        000F36
_TXB1D1                            (abs)        000F37
_TXB1D2                            (abs)        000F38
_TXB1D3                            (abs)        000F39
_TXB1D4                            (abs)        000F3A
_TXB1D5                            (abs)        000F3B
_TXB1D6                            (abs)        000F3C
_TXB1D7                            (abs)        000F3D
_TXB1DLC                           (abs)        000F35
_TXB1DLCbits                       (abs)        000F35
_TXB1EIDH                          (abs)        000F33
_TXB1EIDL                          (abs)        000F34
_TXB1SIDH                          (abs)        000F31
_TXB1SIDL                          (abs)        000F32
_TXB1SIDLbits                      (abs)        000F32
_TXB2CONbits                       (abs)        000F20
_TXB2D0                            (abs)        000F26
_TXB2D1                            (abs)        000F27
_TXB2D2                            (abs)        000F28
_TXB2D3                            (abs)        000F29
_TXB2D4                            (abs)        000F2A
_TXB2D5                            (abs)        000F2B
_TXB2D6                            (abs)        000F2C
_TXB2D7                            (abs)        000F2D
_TXB2DLC                           (abs)        000F25
_TXB2DLCbits                       (abs)        000F25
_TXB2EIDH                          (abs)        000F23
_TXB2EIDL                          (abs)        000F24
_TXB2SIDH                          (abs)        000F21
_TXB2SIDL                          (abs)        000F22
_TXB2SIDLbits                      (abs)        000F22
_TXERRCNT                          (abs)        000F76
__CFG_BBSIZ$1024                   (abs)        000000
__CFG_BOREN$BOHW                   (abs)        000000
__CFG_BORV$3                       (abs)        000000
__CFG_CP0$OFF                      (abs)        000000
__CFG_CP1$OFF                      (abs)        000000
__CFG_CP2$OFF                      (abs)        000000
__CFG_CP3$OFF                      (abs)        000000
__CFG_CP4$OFF                      (abs)        000000
__CFG_CP5$OFF                      (abs)        000000
__CFG_CPB$OFF                      (abs)        000000
__CFG_CPD$OFF                      (abs)        000000
__CFG_EBTR0$OFF                    (abs)        000000
__CFG_EBTR1$OFF                    (abs)        000000
__CFG_EBTR2$OFF                    (abs)        000000
__CFG_EBTR3$OFF                    (abs)        000000
__CFG_EBTR4$OFF                    (abs)        000000
__CFG_EBTR5$OFF                    (abs)        000000
__CFG_EBTRB$OFF                    (abs)        000000
__CFG_FCMEN$OFF                    (abs)        000000
__CFG_IESO$OFF                     (abs)        000000
__CFG_LPT1OSC$OFF                  (abs)        000000
__CFG_LVP$OFF                      (abs)        000000
__CFG_MCLRE$ON                     (abs)        000000
__CFG_OSC$HS                       (abs)        000000
__CFG_PBADEN$OFF                   (abs)        000000
__CFG_PWRT$OFF                     (abs)        000000
__CFG_STVREN$ON                    (abs)        000000
__CFG_WDT$OFF                      (abs)        000000
__CFG_WDTPS$32768                  (abs)        000000
__CFG_WRT0$OFF                     (abs)        000000
__CFG_WRT1$OFF                     (abs)        000000
__CFG_WRT2$OFF                     (abs)        000000
__CFG_WRT3$OFF                     (abs)        000000
__CFG_WRT4$OFF                     (abs)        000000
__CFG_WRT5$OFF                     (abs)        000000
__CFG_WRTB$OFF                     (abs)        000000
__CFG_WRTC$OFF                     (abs)        000000
__CFG_WRTD$OFF                     (abs)        000000
__CFG_XINST$OFF                    (abs)        000000
__HRAM                             (abs)        000000
__Habs1                            abs1         000000
__Hbank0                           bank0        000000
__Hbank1                           bank1        000000
__Hbank10                          bank10       000000
__Hbank11                          bank11       000000
__Hbank12                          bank12       000000
__Hbank2                           bank2        000000
__Hbank3                           bank3        000000
__Hbank4                           bank4        000000
__Hbank5                           bank5        000000
__Hbank6                           bank6        000000
__Hbank7                           bank7        000000
__Hbank8                           bank8        000000
__Hbank9                           bank9        000000
__Hbigbss                          bigbss       000000
__Hbigdata                         bigdata      000000
__Hbigram                          bigram       000000
__HbitbssCOMRAM                    bitbssCOMRAM 000000
__Hbss                             bss          000000
__HbssBANK0                        bssBANK0     000000
__HbssBANK1                        bssBANK1     000000
__HbssCOMRAM                       bssCOMRAM    000000
__Hcinit                           cinit        000000
__Hclrtext                         clrtext      000000
__Hcomram                          comram       000000
__Hconfig                          config       30000E
__Hconst                           const        000000
__HcstackBANK0                     cstackBANK0  000000
__HcstackBANK1                     cstackBANK1  000000
__HcstackCOMRAM                    cstackCOMRAM 000000
__Hdata                            data         000000
__HdataBANK0                       dataBANK0    000000
__Heeprom_data                     eeprom_data  000000
__Hend_init                        end_init     0000C4
__Hfarbss                          farbss       000000
__Hfardata                         fardata      000000
__Hibigdata                        ibigdata     000000
__Hidata                           idata        000000
__HidataBANK0                      idataBANK0   000000
__Hidloc                           idloc        200008
__Hifardata                        ifardata     000000
__Hinit                            init         0000C0
__Hintcode                         intcode      000016
__Hintcode_body                    intcode_body 000000
__Hintcodelo                       intcodelo    0000C0
__Hintentry                        intentry     000000
__Hintret                          intret       000000
__Hintsave_regs                    intsave_regs 000000
__Hirdata                          irdata       000000
__Hmediumconst                     mediumconst  010000
__HnvFARRAM                        nvFARRAM     000000
__Hnvbit                           nvbit        000000
__Hnvrram                          nvrram       000000
__Hparam                           rparam       000000
__Hpowerup                         powerup      0000C0
__Hram                             ram          000000
__Hramtop                          ramtop       000D00
__Hrbit                            rbit         000000
__Hrbss                            rbss         000000
__Hrdata                           rdata        000000
__Hreset_vec                       reset_vec    000004
__Hrparam                          rparam       000000
__Hsfr                             sfr          000000
__Hsmallconst                      smallconst   000000
__Hspace_0                         (abs)        30000E
__Hspace_1                         (abs)        00026C
__Hspace_2                         (abs)        000000
__Hstack                           stack        000000
__Hstruct                          struct       000000
__Htemp                            temp         00004F
__Htext                            text         000000
__Htext0                           text0        000000
__Htext1                           text1        000000
__Htext10                          text10       000000
__Htext11                          text11       000000
__Htext12                          text12       000000
__Htext13                          text13       000000
__Htext14                          text14       000000
__Htext15                          text15       000000
__Htext16                          text16       000000
__Htext17                          text17       000000
__Htext18                          text18       000000
__Htext19                          text19       000000
__Htext2                           text2        000000
__Htext20                          text20       000000
__Htext21                          text21       000000
__Htext22                          text22       000000
__Htext23                          text23       000000
__Htext24                          text24       000000
__Htext25                          text25       000000
__Htext26                          text26       000000
__Htext27                          text27       000000
__Htext28                          text28       000000
__Htext29                          text29       000000
__Htext3                           text3        000000
__Htext30                          text30       000000
__Htext31                          text31       000000
__Htext32                          text32       000000
__Htext33                          text33       000000
__Htext34                          text34       000000
__Htext35                          text35       000000
__Htext36                          text36       000000
__Htext37                          text37       000000
__Htext38                          text38       000000
__Htext39                          text39       000000
__Htext4                           text4        000000
__Htext40                          text40       000000
__Htext41                          text41       000000
__Htext42                          text42       000000
__Htext43                          text43       000000
__Htext44                          text44       000000
__Htext45                          text45       000000
__Htext46                          text46       000000
__Htext47                          text47       000000
__Htext48                          text48       000000
__Htext49                          text49       000000
__Htext5                           text5        000000
__Htext50                          text50       000000
__Htext51                          text51       000000
__Htext52                          text52       000000
__Htext53                          text53       000000
__Htext54                          text54       000000
__Htext55                          text55       000000
__Htext58                          text58       000000
__Htext59                          text59       000000
__Htext6                           text6        000000
__Htext60                          text60       000000
__Htext61                          text61       000000
__Htext7                           text7        000000
__Htext8                           text8        000000
__Htext9                           text9        000000
__LRAM                             (abs)        000001
__Labs1                            abs1         000000
__Lbank0                           bank0        000000
__Lbank1                           bank1        000000
__Lbank10                          bank10       000000
__Lbank11                          bank11       000000
__Lbank12                          bank12       000000
__Lbank2                           bank2        000000
__Lbank3                           bank3        000000
__Lbank4                           bank4        000000
__Lbank5                           bank5        000000
__Lbank6                           bank6        000000
__Lbank7                           bank7        000000
__Lbank8                           bank8        000000
__Lbank9                           bank9        000000
__Lbigbss                          bigbss       000000
__Lbigdata                         bigdata      000000
__Lbigram                          bigram       000000
__LbitbssCOMRAM                    bitbssCOMRAM 000000
__Lbss                             bss          000000
__LbssBANK0                        bssBANK0     000000
__LbssBANK1                        bssBANK1     000000
__LbssCOMRAM                       bssCOMRAM    000000
__Lcinit                           cinit        000000
__Lclrtext                         clrtext      000000
__Lcomram                          comram       000000
__Lconfig                          config       300000
__Lconst                           const        000000
__LcstackBANK0                     cstackBANK0  000000
__LcstackBANK1                     cstackBANK1  000000
__LcstackCOMRAM                    cstackCOMRAM 000000
__Ldata                            data         000000
__LdataBANK0                       dataBANK0    000000
__Leeprom_data                     eeprom_data  000000
__Lend_init                        end_init     0000C0
__Lfarbss                          farbss       000000
__Lfardata                         fardata      000000
__Libigdata                        ibigdata     000000
__Lidata                           idata        000000
__LidataBANK0                      idataBANK0   000000
__Lidloc                           idloc        200000
__Lifardata                        ifardata     000000
__Linit                            init         0000C0
__Lintcode                         intcode      000008
__Lintcode_body                    intcode_body 000000
__Lintcodelo                       intcodelo    000018
__Lintentry                        intentry     000000
__Lintret                          intret       000000
__Lintsave_regs                    intsave_regs 000000
__Lirdata                          irdata       000000
__Lmediumconst                     mediumconst  00FDC8
__LnvFARRAM                        nvFARRAM     000000
__Lnvbit                           nvbit        000000
__Lnvrram                          nvrram       000000
__Lparam                           rparam       000000
__Lpowerup                         powerup      0000C0
__Lram                             ram          000000
__Lramtop                          ramtop       000D00
__Lrbit                            rbit         000000
__Lrbss                            rbss         000000
__Lrdata                           rdata        000000
__Lreset_vec                       reset_vec    000000
__Lrparam                          rparam       000000
__Lsfr                             sfr          000000
__Lsmallconst                      smallconst   000000
__Lspace_0                         (abs)        000000
__Lspace_1                         (abs)        000000
__Lspace_2                         (abs)        000000
__Lstack                           stack        000000
__Lstruct                          struct       000000
__Ltemp                            temp         00004E
__Ltext                            text         000000
__Ltext0                           text0        000000
__Ltext1                           text1        000000
__Ltext10                          text10       000000
__Ltext11                          text11       000000
__Ltext12                          text12       000000
__Ltext13                          text13       000000
__Ltext14                          text14       000000
__Ltext15                          text15       000000
__Ltext16                          text16       000000
__Ltext17                          text17       000000
__Ltext18                          text18       000000
__Ltext19                          text19       000000
__Ltext2                           text2        000000
__Ltext20                          text20       000000
__Ltext21                          text21       000000
__Ltext22                          text22       000000
__Ltext23                          text23       000000
__Ltext24                          text24       000000
__Ltext25                          text25       000000
__Ltext26                          text26       000000
__Ltext27                          text27       000000
__Ltext28                          text28       000000
__Ltext29                          text29       000000
__Ltext3                           text3        000000
__Ltext30                          text30       000000
__Ltext31                          text31       000000
__Ltext32                          text32       000000
__Ltext33                          text33       000000
__Ltext34                          text34       000000
__Ltext35                          text35       000000
__Ltext36                          text36       000000
__Ltext37                          text37       000000
__Ltext38                          text38       000000
__Ltext39                          text39       000000
__Ltext4                           text4        000000
__Ltext40                          text40       000000
__Ltext41                          text41       000000
__Ltext42                          text42       000000
__Ltext43                          text43       000000
__Ltext44                          text44       000000
__Ltext45                          text45       000000
__Ltext46                          text46       000000
__Ltext47                          text47       000000
__Ltext48                          text48       000000
__Ltext49                          text49       000000
__Ltext5                           text5        000000
__Ltext50                          text50       000000
__Ltext51                          text51       000000
__Ltext52                          text52       000000
__Ltext53                          text53       000000
__Ltext54                          text54       000000
__Ltext55                          text55       000000
__Ltext58                          text58       000000
__Ltext59                          text59       000000
__Ltext6                           text6        000000
__Ltext60                          text60       000000
__Ltext61                          text61       000000
__Ltext7                           text7        000000
__Ltext8                           text8        000000
__Ltext9                           text9        000000
__S0                               (abs)        30000E
__S1                               (abs)        000151
__S2                               (abs)        000000
___awdiv                           text16       0157F0
___awdiv@counter                   cstackBANK0  00007B
___awdiv@dividend                  cstackBANK0  000077
___awdiv@divisor                   cstackBANK0  000079
___awdiv@quotient                  cstackBANK0  00007D
___awdiv@sign                      cstackBANK0  00007C
___awmod                           text15       015C34
___awmod@counter                   cstackBANK0  000075
___awmod@dividend                  cstackBANK0  000071
___awmod@divisor                   cstackBANK0  000073
___awmod@sign                      cstackBANK0  000076
___fladd                           text24       013334
___fladd@a                         cstackBANK0  0000A9
___fladd@aexp                      cstackBANK0  0000B6
___fladd@b                         cstackBANK0  0000A5
___fladd@bexp                      cstackBANK0  0000B7
___fladd@grs                       cstackBANK0  0000B8
___fladd@signs                     cstackBANK0  0000B5
___fldiv                           text27       013C82
___fldiv@a                         cstackBANK0  000083
___fldiv@aexp                      cstackBANK0  000097
___fldiv@b                         cstackBANK0  00007F
___fldiv@bexp                      cstackBANK0  000096
___fldiv@grs                       cstackBANK0  000092
___fldiv@new_exp                   cstackBANK0  000090
___fldiv@rem                       cstackBANK0  00008C
___fldiv@sign                      cstackBANK0  00008B
___flge                            text26       015172
___flge@ff1                        cstackBANK0  000071
___flge@ff2                        cstackBANK0  000075
___flmul                           text14       0137DC
___flmul@a                         cstackBANK0  000083
___flmul@aexp                      cstackBANK0  00008C
___flmul@b                         cstackBANK0  00007F
___flmul@bexp                      cstackBANK0  000091
___flmul@grs                       cstackBANK0  00008D
___flmul@prod                      cstackBANK0  000092
___flmul@sign                      cstackBANK0  00008B
___flmul@temp                      cstackBANK0  000096
___flneg                           text25       01625A
___flneg@f1                        cstackBANK0  000098
___flsub                           text23       016110
___flsub@a                         cstackBANK0  0000BD
___flsub@b                         cstackBANK0  0000B9
___fltol                           text22       0155F8
___fltol@exp1                      cstackBANK0  0000C2
___fltol@f1                        cstackBANK0  0000B9
___fltol@sign1                     cstackBANK0  0000C1
___inthi_sp                        stack        000000
___intlo_sp                        stack        000000
___lldiv                           text21       01596C
___lldiv@counter                   cstackBANK0  00007D
___lldiv@dividend                  cstackBANK0  000071
___lldiv@divisor                   cstackBANK0  000075
___lldiv@quotient                  cstackBANK0  000079
___llmod                           text20       015CD6
___llmod@counter                   cstackBANK0  000079
___llmod@dividend                  cstackBANK0  000071
___llmod@divisor                   cstackBANK0  000075
___lwdiv                           text32       015E06
___lwdiv@counter                   cstackBANK0  000077
___lwdiv@dividend                  cstackBANK0  000071
___lwdiv@divisor                   cstackBANK0  000073
___lwdiv@quotient                  cstackBANK0  000075
___lwmod                           text31       01600E
___lwmod@counter                   cstackBANK0  000075
___lwmod@dividend                  cstackBANK0  000071
___lwmod@divisor                   cstackBANK0  000073
___param_bank                      (abs)        000010
___rparam_used                     (abs)        000001
___sp                              stack        000000
___wmul                            text48       016292
___wmul@multiplicand               cstackBANK0  000073
___wmul@multiplier                 cstackBANK0  000071
___wmul@product                    cstackBANK0  000075
___xxtofl                          text19       0148D2
___xxtofl@arg                      cstackBANK0  00007B
___xxtofl@exp                      cstackBANK0  00007A
___xxtofl@sign                     cstackBANK0  000079
___xxtofl@val                      cstackBANK0  000071
__accesstop                        (abs)        000060
__activetblptr                     (abs)        000003
__div_to_l_                        text18       015302
__div_to_l_@cntr                   cstackBANK0  00007D
__div_to_l_@exp1                   cstackBANK0  00007E
__div_to_l_@f1                     cstackBANK0  000071
__div_to_l_@f2                     cstackBANK0  000075
__div_to_l_@quot                   cstackBANK0  000079
__end_of_CANInitialize             text2        014C66
__end_of_CANOperationMode          text5        01649A
__end_of_CANSetFilter              text4        010B06
__end_of_CANSetMask                text3        0143E0
__end_of_CAN_Rx                    text55       015B90
__end_of_CAN_Tx                    text52       015AE2
__end_of_CANisRxReady              text61       0164B0
__end_of_CANisTxReady              text54       0163D4
__end_of_CANreceiveMessage         text60       013334
__end_of_CANsendMessage            text53       011B26
__end_of_F1_Button_Polling         text51       016484
__end_of_F2_Button_Polling         text50       016468
__end_of_ISR_alta                  intcode_body 0148D2
__end_of_ISR_bassa                 intcodelo    0000C0
__end_of_Joystick_Polling          text49       0160C4
__end_of_LCD_End                   text37       01600E
__end_of_LCD_Gap                   text36       015FAA
__end_of_LCD_Handler               text9        014FD4
__end_of_LCD_Park                  text8        015F46
__end_of_LCD_Parking               text7        015EE2
__end_of_LCD_clear                 text43       016360
__end_of_LCD_cursor                text42       01632E
__end_of_LCD_enable_pulse          text46       0163F6
__end_of_LCD_goto_line             text44       0157F0
__end_of_LCD_goto_xy               text34       01644C
__end_of_LCD_initialize            text40       0155F8
__end_of_LCD_send_command          text45       016220
__end_of_LCD_shift_cursor          text35       016110
__end_of_LCD_write_char            text39       015E06
__end_of_LCD_write_integer         text28       014E26
__end_of_LCD_write_message         text38       0162FC
__end_of_LCD_write_string          text33       0163B0
__end_of_PWR_Button_Polling        text6        016430
__end_of___awdiv                   text16       0158AE
__end_of___awmod                   text15       015CD6
__end_of___fladd                   text24       0137DC
__end_of___fldiv                   text27       014042
__end_of___flge                    text26       015302
__end_of___flmul                   text14       013C82
__end_of___flneg                   text25       016292
__end_of___flsub                   text23       016158
__end_of___fltol                   text22       015704
__end_of___lldiv                   text21       015A28
__end_of___llmod                   text20       015D70
__end_of___lwdiv                   text32       015E7E
__end_of___lwmod                   text31       016070
__end_of___wmul                    text48       0162C8
__end_of___xxtofl                  text19       014AA0
__end_of__div_to_l_                text18       01548A
__end_of__initialization           cinit        0161DC
__end_of__npowers_                 mediumconst  00FDFD
__end_of__powers_                  mediumconst  00FE31
__end_of__tdiv_to_l_               text17       015172
__end_of_board_initialization      text1        015C34
__end_of_delay_ms                  text47       01625A
__end_of_delay_set_quartz          text41       0164BA
__end_of_dpowers                   mediumconst  00FE59
__end_of_fround                    text13       0146D6
__end_of_isdigit                   text12       01638A
__end_of_itoa                      text29       0161A0
__end_of_main                      text0        01227E
__end_of_scale                     text11       012E28
__end_of_sprintf                   text10       01139A
__end_of_utoa                      text30       01596C
__end_ofi2_CANisTxReady            text59       016414
__end_ofi2_CANsendMessage          text58       01290E
__initialization                   cinit        0161A0
__mediumconst                      mediumconst  00FDC8
__npowers_                         mediumconst  00FDC9
__pbitbssCOMRAM                    bitbssCOMRAM 000258
__pbssBANK0                        bssBANK0     0000CD
__pbssBANK1                        bssBANK1     000100
__pbssCOMRAM                       bssCOMRAM    000001
__pcinit                           cinit        0161A0
__pcstackBANK0                     cstackBANK0  000060
__pcstackBANK1                     cstackBANK1  000130
__pcstackCOMRAM                    cstackCOMRAM 00002A
__pdataBANK0                       dataBANK0    0000ED
__pidataBANK0                      idataBANK0   0164BA
__pintcode                         intcode      000008
__pintcode_body                    intcode_body 0146D6
__pintcodelo                       intcodelo    000018
__pmediumconst                     mediumconst  00FDC8
__powers_                          mediumconst  00FDFD
__ptext0                           text0        011B26
__ptext1                           text1        015B90
__ptext10                          text10       010B06
__ptext11                          text11       01290E
__ptext12                          text12       016360
__ptext13                          text13       0143E0
__ptext14                          text14       0137DC
__ptext15                          text15       015C34
__ptext16                          text16       0157F0
__ptext17                          text17       014FD4
__ptext18                          text18       015302
__ptext19                          text19       0148D2
__ptext2                           text2        014AA0
__ptext20                          text20       015CD6
__ptext21                          text21       01596C
__ptext22                          text22       0155F8
__ptext23                          text23       016110
__ptext24                          text24       013334
__ptext25                          text25       01625A
__ptext26                          text26       015172
__ptext27                          text27       013C82
__ptext28                          text28       014C66
__ptext29                          text29       016158
__ptext3                           text3        014042
__ptext30                          text30       0158AE
__ptext31                          text31       01600E
__ptext32                          text32       015E06
__ptext33                          text33       01638A
__ptext34                          text34       016430
__ptext35                          text35       0160C4
__ptext36                          text36       015F46
__ptext37                          text37       015FAA
__ptext38                          text38       0162C8
__ptext39                          text39       015D70
__ptext4                           text4        010000
__ptext40                          text40       01548A
__ptext41                          text41       0164B0
__ptext42                          text42       0162FC
__ptext43                          text43       01632E
__ptext44                          text44       015704
__ptext45                          text45       0161E6
__ptext46                          text46       0163D4
__ptext47                          text47       016220
__ptext48                          text48       016292
__ptext49                          text49       016070
__ptext5                           text5        016484
__ptext50                          text50       01644C
__ptext51                          text51       016468
__ptext52                          text52       015A28
__ptext53                          text53       01139A
__ptext54                          text54       0163B0
__ptext55                          text55       015AE2
__ptext58                          text58       01227E
__ptext59                          text59       0163F6
__ptext6                           text6        016414
__ptext60                          text60       012E28
__ptext61                          text61       01649A
__ptext7                           text7        015E7E
__ptext8                           text8        015EE2
__ptext9                           text9        014E26
__ramtop                           ramtop       000D00
__size_of_CANInitialize            (abs)        000000
__size_of_CANOperationMode         (abs)        000000
__size_of_CANSetFilter             (abs)        000000
__size_of_CANSetMask               (abs)        000000
__size_of_CAN_Rx                   (abs)        000000
__size_of_CAN_Tx                   (abs)        000000
__size_of_CANisRxReady             (abs)        000000
__size_of_CANisTxReady             (abs)        000000
__size_of_CANreceiveMessage        (abs)        000000
__size_of_CANsendMessage           (abs)        000000
__size_of_F1_Button_Polling        (abs)        000000
__size_of_F2_Button_Polling        (abs)        000000
__size_of_ISR_alta                 (abs)        000000
__size_of_ISR_bassa                (abs)        000000
__size_of_Joystick_Polling         (abs)        000000
__size_of_LCD_End                  (abs)        000000
__size_of_LCD_Gap                  (abs)        000000
__size_of_LCD_Handler              (abs)        000000
__size_of_LCD_Park                 (abs)        000000
__size_of_LCD_Parking              (abs)        000000
__size_of_LCD_clear                (abs)        000000
__size_of_LCD_cursor               (abs)        000000
__size_of_LCD_enable_pulse         (abs)        000000
__size_of_LCD_goto_line            (abs)        000000
__size_of_LCD_goto_xy              (abs)        000000
__size_of_LCD_initialize           (abs)        000000
__size_of_LCD_send_command         (abs)        000000
__size_of_LCD_shift_cursor         (abs)        000000
__size_of_LCD_write_char           (abs)        000000
__size_of_LCD_write_integer        (abs)        000000
__size_of_LCD_write_message        (abs)        000000
__size_of_LCD_write_string         (abs)        000000
__size_of_PWR_Button_Polling       (abs)        000000
__size_of___awdiv                  (abs)        000000
__size_of___awmod                  (abs)        000000
__size_of___fladd                  (abs)        000000
__size_of___fldiv                  (abs)        000000
__size_of___flge                   (abs)        000000
__size_of___flmul                  (abs)        000000
__size_of___flneg                  (abs)        000000
__size_of___flsub                  (abs)        000000
__size_of___fltol                  (abs)        000000
__size_of___lldiv                  (abs)        000000
__size_of___llmod                  (abs)        000000
__size_of___lwdiv                  (abs)        000000
__size_of___lwmod                  (abs)        000000
__size_of___wmul                   (abs)        000000
__size_of___xxtofl                 (abs)        000000
__size_of__div_to_l_               (abs)        000000
__size_of__tdiv_to_l_              (abs)        000000
__size_of_board_initialization     (abs)        000000
__size_of_delay_ms                 (abs)        000000
__size_of_delay_set_quartz         (abs)        000000
__size_of_fround                   (abs)        000000
__size_of_isdigit                  (abs)        000000
__size_of_itoa                     (abs)        000000
__size_of_main                     (abs)        000000
__size_of_scale                    (abs)        000000
__size_of_sprintf                  (abs)        000000
__size_of_utoa                     (abs)        000000
__size_ofi2_CANisTxReady           (abs)        000000
__size_ofi2_CANsendMessage         (abs)        000000
__smallconst                       smallconst   000000
__tdiv_to_l_                       text17       014FD4
__tdiv_to_l_@cntr                  cstackBANK0  000080
__tdiv_to_l_@exp1                  cstackBANK0  000081
__tdiv_to_l_@f1                    cstackBANK0  000071
__tdiv_to_l_@f2                    cstackBANK0  000075
__tdiv_to_l_@quot                  cstackBANK0  00007C
_actual_speed                      bssBANK0     0000DF
_actual_speed_kmh                  bssCOMRAM    000001
_battery                           bssCOMRAM    000027
_board_initialization              text1        015B90
_check                             bssBANK0     0000D5
_clock_counter_reference           bssBANK0     0000E1
_data                              bssCOMRAM    000029
_data_brake                        bssBANK0     0000EA
_data_speed                        bssBANK0     0000EB
_data_speed_rx                     bssBANK1     000100
_data_steering                     bssBANK0     0000EC
_delay_ms                          text47       016220
_delay_quartz_frequency_value      dataBANK0    0000ED
_delay_set_quartz                  text41       0164B0
_dir                               bssBANK0     0000E5
_display_refresh                   bitbssCOMRAM 00025F
_dpowers                           mediumconst  00FE31
_fround                            text13       0143E0
_fround$4254                       cstackBANK0  0000A0
_fround$4255                       cstackBANK0  00009C
_id                                bssCOMRAM    000005
_isdigit                           text12       016360
_isdigit$3840                      cstackBANK0  000072
_itoa                              text29       016158
_left_speed                        bssCOMRAM    000021
_main                              text0        011B26
_msg                               bssBANK1     00010D
_newMessageCan                     bitbssCOMRAM 000260
_park_assist_state                 bssBANK1     000128
_parking_message_E                 bitbssCOMRAM 000261
_parking_message_ID                bssBANK0     0000E6
_parking_state                     bssBANK0     0000E7
_power_switch                      bitbssCOMRAM 000262
_pr_time_1                         bssBANK0     0000D9
_pr_time_2                         bssCOMRAM    000009
_pr_time_3                         bssCOMRAM    00000D
_pr_time_4                         bssCOMRAM    000011
_pr_time_5                         bssCOMRAM    000015
_pr_time_6                         bssCOMRAM    000019
_right_speed                       bssCOMRAM    000023
_scale                             text11       01290E
_scale$4256                        cstackBANK0  00009C
_set_speed                         bssBANK0     0000E3
_set_steering                      bssCOMRAM    000028
_space_available                   bitbssCOMRAM 000263
_space_gap_reached                 bitbssCOMRAM 000264
_sprintf                           text10       010B06
_sprintf$4257                      cstackBANK1  000130
_steering_correction               bssBANK0     0000E8
_steering_correction_dir           bitbssCOMRAM 000265
_str                               bssBANK1     00011C
_switch_position                   bssBANK0     0000E9
_time_counter                      bssCOMRAM    00001D
_user_data                         bssCOMRAM    000025
_utoa                              text30       0158AE
_wait_low_1                        bitbssCOMRAM 000266
_wait_low_2                        bitbssCOMRAM 000267
_wait_low_3                        bitbssCOMRAM 000268
_x                                 bitbssCOMRAM 000269
_y                                 bitbssCOMRAM 00026A
_z                                 bitbssCOMRAM 00026B
btemp                              temp         00004E
delay_ms@value_ms                  cstackBANK0  000077
delay_set_quartz@frequency         cstackBANK0  000071
end_of_initialization              cinit        0161DC
fround@prec                        cstackBANK0  0000A4
i2CANsendMessage@data              cstackCOMRAM 00003F
i2CANsendMessage@dataLength        cstackCOMRAM 000041
i2CANsendMessage@flags             cstackCOMRAM 000042
i2CANsendMessage@identifier        cstackCOMRAM 00003B
i2CANsendMessage@tamp              cstackCOMRAM 000047
i2_CANisTxReady                    text59       0163F6
i2_CANisTxReady$3251               cstackCOMRAM 00003B
i2_CANsendMessage                  text58       01227E
int$flags                          temp         00004E
int_func                           intcode_body 0146D6
intlevel0                          text         000000
intlevel1                          text         000000
intlevel2                          text         000000
intlevel3                          text         000000
isdigit@c                          cstackBANK0  000073
itoa@base                          cstackBANK0  000085
itoa@buf                           cstackBANK0  000081
itoa@cp                            cstackBANK0  000087
itoa@val                           cstackBANK0  000083
scale@scl                          cstackBANK0  0000A0
sprintf@ap                         cstackBANK1  000134
sprintf@c                          cstackBANK1  000148
sprintf@exp                        cstackBANK1  00013C
sprintf@f                          cstackBANK0  0000C5
sprintf@flag                       cstackBANK1  000136
sprintf@fval                       cstackBANK1  000144
sprintf@prec                       cstackBANK1  000142
sprintf@sp                         cstackBANK0  0000C3
sprintf@tmpval                     cstackBANK1  00013E
sprintf@val                        cstackBANK1  000138
stackhi                            (abs)        000CFF
stacklo                            (abs)        000151
start                              init         0000C0
start_initialization               cinit        0161A0
utoa@base                          cstackBANK0  00007C
utoa@buf                           cstackBANK0  000078
utoa@c                             cstackBANK0  000080
utoa@v                             cstackBANK0  00007E
utoa@val                           cstackBANK0  00007A


FUNCTION INFORMATION:

 *************** function _main *****************
 Defined at:
		line 196 in file "RemoteCan.c"
 Parameters:    Size  Location     Type
		None
 Auto vars:     Size  Location     Type
		None
 Return value:  Size  Location     Type
		None               void
 Registers used:
		wreg, fsr1l, fsr1h, fsr2l, fsr2h, status,2, status,0, tblptrl, tblptrh, tblptru, prodl, prodh, cstack
 Tracked objects:
		On entry : 
		On exit  : 
		Unchanged: 
 Data sizes:     COMRAM   BANK0   BANK1   BANK2   BANK3   BANK4   BANK5   BANK6   BANK7   BANK8   BANK9  BANK10  BANK11  BANK12
      Params:         0       0       0       0       0       0       0       0       0       0       0       0       0       0
      Locals:         0       0       0       0       0       0       0       0       0       0       0       0       0       0
      Temps:          0       0       8       0       0       0       0       0       0       0       0       0       0       0
      Totals:         0       0       8       0       0       0       0       0       0       0       0       0       0       0
Total ram usage:        8 bytes
 Hardware stack levels required when called:   11
 This function calls:
		_CAN_Rx
		_CAN_Tx
		_CANisTxReady
		_CANsendMessage
		_F1_Button_Polling
		_F2_Button_Polling
		_Joystick_Polling
		_LCD_End
		_LCD_Gap
		_LCD_Handler
		_LCD_Park
		_LCD_Parking
		_LCD_goto_line
		_LCD_initialize
		_LCD_write_message
		_PWR_Button_Polling
		___fladd
		___flmul
		___flneg
		___fltol
		___xxtofl
		_board_initialization
		_delay_ms
 This function is called by:
		Startup code after reset
 This function uses a non-reentrant model


 *************** function _board_initialization *****************
 Defined at:
		line 618 in file "RemoteCan.c"
 Parameters:    Size  Location     Type
		None
 Auto vars:     Size  Location     Type
		None
 Return value:  Size  Location     Type
		None               void
 Registers used:
		wreg, status,2, status,0, prodl, prodh, cstack
 Tracked objects:
		On entry : 
		On exit  : 
		Unchanged: 
 Data sizes:     COMRAM   BANK0   BANK1   BANK2   BANK3   BANK4   BANK5   BANK6   BANK7   BANK8   BANK9  BANK10  BANK11  BANK12
      Params:         0       0       0       0       0       0       0       0       0       0       0       0       0       0
      Locals:         0       0       0       0       0       0       0       0       0       0       0       0       0       0
      Temps:          0       0       0       0       0       0       0       0       0       0       0       0       0       0
      Totals:         0       0       0       0       0       0       0       0       0       0       0       0       0       0
Total ram usage:        0 bytes
 Hardware stack levels used:    1
 Hardware stack levels required when called:    9
 This function calls:
		_CANInitialize
		_LCD_clear
		_LCD_goto_line
		_LCD_initialize
 This function is called by:
		_main
 This function uses a non-reentrant model


 *************** function _CANInitialize *****************
 Defined at:
		line 218 in file "../LaurTec_PIC_libraries_v_3.3.0/inc\CANlib.h"
 Parameters:    Size  Location     Type
  propSeg         1    wreg     unsigned char 
  phaseSeg1       1   31[BANK0 ] unsigned char 
  phaseSeg2       1   32[BANK0 ] unsigned char 
  SJW             1   33[BANK0 ] unsigned char 
  BRP             1   34[BANK0 ] unsigned char 
  flags           1   35[BANK0 ] enum E16887
 Auto vars:     Size  Location     Type
  propSeg         1   40[BANK0 ] unsigned char 
  FilterConfig    1   42[BANK0 ] unsigned char 
  FilterConfig    1   41[BANK0 ] unsigned char 
 Return value:  Size  Location     Type
		None               void
 Registers used:
		wreg, status,2, status,0, cstack
 Tracked objects:
		On entry : 
		On exit  : 
		Unchanged: 
 Data sizes:     COMRAM   BANK0   BANK1   BANK2   BANK3   BANK4   BANK5   BANK6   BANK7   BANK8   BANK9  BANK10  BANK11  BANK12
      Params:         0       5       0       0       0       0       0       0       0       0       0       0       0       0
[...]
      Totals:         0       0       0       0       0       0       0       0       0       0       0       0       0       0
Total ram usage:        0 bytes
 Hardware stack levels used:    1
 Hardware stack levels required when called:    4
 This function calls:
		_CANisTxReady
		_CANsendMessage
 This function is called by:
		_main
 This function uses a non-reentrant model


 *************** function _CANsendMessage *****************
 Defined at:
		line 294 in file "../LaurTec_PIC_libraries_v_3.3.0/inc\CANlib.h"
 Parameters:    Size  Location     Type
  identifier      4   17[BANK0 ] unsigned long 
  data            2   21[BANK0 ] PTR unsigned char 
		 -> data_speed(1), park_assist_state(8), data_steering(1), data_brake(1), 
		 -> data(1), 
  dataLength      1   23[BANK0 ] unsigned char 
  flags           1   24[BANK0 ] enum E16909
 Auto vars:     Size  Location     Type
  tamp            4   29[BANK0 ] unsigned long 
 Return value:  Size  Location     Type
		None               void
 Registers used:
		wreg, fsr2l, fsr2h, status,2, status,0
 Tracked objects:
		On entry : 
		On exit  : 
		Unchanged: 
 Data sizes:     COMRAM   BANK0   BANK1   BANK2   BANK3   BANK4   BANK5   BANK6   BANK7   BANK8   BANK9  BANK10  BANK11  BANK12
      Params:         0       8       0       0       0       0       0       0       0       0       0       0       0       0
      Locals:         0       4       0       0       0       0       0       0       0       0       0       0       0       0
      Temps:          0       4       0       0       0       0       0       0       0       0       0       0       0       0
      Totals:         0      16       0       0       0       0       0       0       0       0       0       0       0       0
Total ram usage:       16 bytes
 Hardware stack levels used:    1
 Hardware stack levels required when called:    3
 This function calls:
		Nothing
 This function is called by:
		_main
		_LCD_Handler
		_CAN_Tx
 This function uses a non-reentrant model


 *************** function _CANisTxReady *****************
 Defined at:
		line 1154 in file "../LaurTec_PIC_libraries_v_3.3.0/inc\CANlib.h"
 Parameters:    Size  Location     Type
		None
 Auto vars:     Size  Location     Type
		None
 Return value:  Size  Location     Type
                  1    wreg      unsigned char 
 Registers used:
		wreg, status,2
 Tracked objects:
		On entry : 
		On exit  : 
		Unchanged: 
 Data sizes:     COMRAM   BANK0   BANK1   BANK2   BANK3   BANK4   BANK5   BANK6   BANK7   BANK8   BANK9  BANK10  BANK11  BANK12
      Params:         0       0       0       0       0       0       0       0       0       0       0       0       0       0
      Locals:         0       1       0       0       0       0       0       0       0       0       0       0       0       0
      Temps:          0       0       0       0       0       0       0       0       0       0       0       0       0       0
      Totals:         0       1       0       0       0       0       0       0       0       0       0       0       0       0
Total ram usage:        1 bytes
 Hardware stack levels used:    1
 Hardware stack levels required when called:    3
 This function calls:
		Nothing
 This function is called by:
		_main
		_LCD_Handler
		_CAN_Tx
 This function uses a non-reentrant model


 *************** function _CAN_Rx *****************
 Defined at:
		line 584 in file "RemoteCan.c"
 Parameters:    Size  Location     Type
		None
 Auto vars:     Size  Location     Type
		None
 Return value:  Size  Location     Type
		None               void
 Registers used:
		wreg, status,2, status,0
 Tracked objects:
		On entry : 
		On exit  : 
		Unchanged: 
 Data sizes:     COMRAM   BANK0   BANK1   BANK2   BANK3   BANK4   BANK5   BANK6   BANK7   BANK8   BANK9  BANK10  BANK11  BANK12
      Params:         0       0       0       0       0       0       0       0       0       0       0       0       0       0
      Locals:         0       0       0       0       0       0       0       0       0       0       0       0       0       0
      Temps:          0       4       0       0       0       0       0       0       0       0       0       0       0       0
      Totals:         0       4       0       0       0       0       0       0       0       0       0       0       0       0
Total ram usage:        4 bytes
 Hardware stack levels used:    1
 Hardware stack levels required when called:    3
 This function calls:
		Nothing
 This function is called by:
		_main
 This function uses a non-reentrant model


 *************** function _ISR_bassa *****************
 Defined at:
		line 187 in file "RemoteCan.c"
 Parameters:    Size  Location     Type
		None
 Auto vars:     Size  Location     Type
		None
 Return value:  Size  Location     Type
		None               void
 Registers used:
		wreg, status,2, status,0
 Tracked objects:
		On entry : 
		On exit  : 
		Unchanged: 
 Data sizes:     COMRAM   BANK0   BANK1   BANK2   BANK3   BANK4   BANK5   BANK6   BANK7   BANK8   BANK9  BANK10  BANK11  BANK12
      Params:         0       0       0       0       0       0       0       0       0       0       0       0       0       0
      Locals:         0       0       0       0       0       0       0       0       0       0       0       0       0       0
      Temps:         17       0       0       0       0       0       0       0       0       0       0       0       0       0
      Totals:        17       0       0       0       0       0       0       0       0       0       0       0       0       0
Total ram usage:       17 bytes
 Hardware stack levels used:    1
 Hardware stack levels required when called:    2
 This function calls:
		Nothing
 This function is called by:
		Interrupt level 1
 This function uses a non-reentrant model


 *************** function _ISR_alta *****************
 Defined at:
		line 119 in file "RemoteCan.c"
 Parameters:    Size  Location     Type
		None
 Auto vars:     Size  Location     Type
  i               1   16[BANK0 ] unsigned char 
 Return value:  Size  Location     Type
		None               void
 Registers used:
		wreg, fsr1l, fsr1h, fsr2l, fsr2h, status,2, status,0, prodl, prodh, cstack
 Tracked objects:
		On entry : 
		On exit  : 
		Unchanged: 
 Data sizes:     COMRAM   BANK0   BANK1   BANK2   BANK3   BANK4   BANK5   BANK6   BANK7   BANK8   BANK9  BANK10  BANK11  BANK12
      Params:         0       0       0       0       0       0       0       0       0       0       0       0       0       0
      Locals:         0       1       0       0       0       0       0       0       0       0       0       0       0       0
      Temps:          0      16       0       0       0       0       0       0       0       0       0       0       0       0
      Totals:         0      17       0       0       0       0       0       0       0       0       0       0       0       0
Total ram usage:       17 bytes
 Hardware stack levels used:    1
 Hardware stack levels required when called:    1
 This function calls:
		_CANisRxReady
		_CANreceiveMessage
		i2_CANisTxReady
		i2_CANsendMessage
 This function is called by:
		Interrupt level 2
 This function uses a non-reentrant model


 *************** function i2_CANsendMessage *****************
 Defined at:
		line 294 in file "../LaurTec_PIC_libraries_v_3.3.0/inc\CANlib.h"
 Parameters:    Size  Location     Type
  identifier      4   17[COMRAM] unsigned long 
  data            2   21[COMRAM] PTR unsigned char 
		 -> data_speed(1), park_assist_state(8), data_steering(1), data_brake(1), 
		 -> data(1), 
  dataLength      1   23[COMRAM] unsigned char 
  flags           1   24[COMRAM] enum E16909
 Auto vars:     Size  Location     Type
  CANsendMessa    4   29[COMRAM] unsigned long 
 Return value:  Size  Location     Type
		None               void
 Registers used:
		wreg, fsr2l, fsr2h, status,2, status,0
 Tracked objects:
		On entry : 
		On exit  : 
		Unchanged: 
 Data sizes:     COMRAM   BANK0   BANK1   BANK2   BANK3   BANK4   BANK5   BANK6   BANK7   BANK8   BANK9  BANK10  BANK11  BANK12
      Params:         8       0       0       0       0       0       0       0       0       0       0       0       0       0
      Locals:         4       0       0       0       0       0       0       0       0       0       0       0       0       0
      Temps:          4       0       0       0       0       0       0       0       0       0       0       0       0       0
      Totals:        16       0       0       0       0       0       0       0       0       0       0       0       0       0
Total ram usage:       16 bytes
 Hardware stack levels used:    1
 This function calls:
		Nothing
 This function is called by:
		_ISR_alta
 This function uses a non-reentrant model


 *************** function i2_CANisTxReady *****************
 Defined at:
		line 1154 in file "../LaurTec_PIC_libraries_v_3.3.0/inc\CANlib.h"
 Parameters:    Size  Location     Type
		None
 Auto vars:     Size  Location     Type
		None
 Return value:  Size  Location     Type
                  1    wreg      unsigned char 
 Registers used:
		wreg, status,2
 Tracked objects:
		On entry : 
		On exit  : 
		Unchanged: 
 Data sizes:     COMRAM   BANK0   BANK1   BANK2   BANK3   BANK4   BANK5   BANK6   BANK7   BANK8   BANK9  BANK10  BANK11  BANK12
      Params:         0       0       0       0       0       0       0       0       0       0       0       0       0       0
      Locals:         1       0       0       0       0       0       0       0       0       0       0       0       0       0
      Temps:          0       0       0       0       0       0       0       0       0       0       0       0       0       0
      Totals:         1       0       0       0       0       0       0       0       0       0       0       0       0       0
Total ram usage:        1 bytes
 Hardware stack levels used:    1
 This function calls:
		Nothing
 This function is called by:
		_ISR_alta
 This function uses a non-reentrant model


 *************** function _CANreceiveMessage *****************
 Defined at:
		line 528 in file "../LaurTec_PIC_libraries_v_3.3.0/inc\CANlib.h"
 Parameters:    Size  Location     Type
  msg             2   17[COMRAM] PTR struct .
		 -> msg(15), 
 Auto vars:     Size  Location     Type
  tamp            1   28[COMRAM] unsigned char 
  error           1   27[COMRAM] unsigned char 
 Return value:  Size  Location     Type
                  1    wreg      unsigned char 
 Registers used:
		wreg, fsr2l, fsr2h, status,2, status,0
 Tracked objects:
		On entry : 
		On exit  : 
		Unchanged: 
 Data sizes:     COMRAM   BANK0   BANK1   BANK2   BANK3   BANK4   BANK5   BANK6   BANK7   BANK8   BANK9  BANK10  BANK11  BANK12
      Params:         2       0       0       0       0       0       0       0       0       0       0       0       0       0
      Locals:         2       0       0       0       0       0       0       0       0       0       0       0       0       0
      Temps:          8       0       0       0       0       0       0       0       0       0       0       0       0       0
      Totals:        12       0       0       0       0       0       0       0       0       0       0       0       0       0
Total ram usage:       12 bytes
 Hardware stack levels used:    1
 This function calls:
		Nothing
 This function is called by:
		_ISR_alta
 This function uses a non-reentrant model


 *************** function _CANisRxReady *****************
 Defined at:
		line 1163 in file "../LaurTec_PIC_libraries_v_3.3.0/inc\CANlib.h"
 Parameters:    Size  Location     Type
		None
 Auto vars:     Size  Location     Type
		None
 Return value:  Size  Location     Type
                  1    wreg      unsigned char 
 Registers used:
		wreg, status,2
 Tracked objects:
		On entry : 
		On exit  : 
		Unchanged: 
 Data sizes:     COMRAM   BANK0   BANK1   BANK2   BANK3   BANK4   BANK5   BANK6   BANK7   BANK8   BANK9  BANK10  BANK11  BANK12
      Params:         0       0       0       0       0       0       0       0       0       0       0       0       0       0
      Locals:         1       0       0       0       0       0       0       0       0       0       0       0       0       0
      Temps:          0       0       0       0       0       0       0       0       0       0       0       0       0       0
      Totals:         1       0       0       0       0       0       0       0       0       0       0       0       0       0
Total ram usage:        1 bytes
 Hardware stack levels used:    1
 This function calls:
		Nothing
 This function is called by:
		_ISR_alta
 This function uses a non-reentrant model



MODULE INFORMATION

Module		Function		Class		Link	Load	Size
C:\Program Files (x86)\Microchip\xc8\v1.35\sources\common\awdiv.c
		___awdiv       		CODE           	157F0	0000	191

C:\Program Files (x86)\Microchip\xc8\v1.35\sources\common\awdiv.c estimated size: 191

C:\Program Files (x86)\Microchip\xc8\v1.35\sources\common\isdigit.c
		_isdigit       		CODE           	16360	0000	43

C:\Program Files (x86)\Microchip\xc8\v1.35\sources\common\isdigit.c estimated size: 43

C:\Program Files (x86)\Microchip\xc8\v1.35\sources\common\sprcadd.c
		___flsub       		CODE           	16110	0000	73
		___fladd       		CODE           	13334	0000	1193

C:\Program Files (x86)\Microchip\xc8\v1.35\sources\common\sprcadd.c estimated size: 1266

C:\Program Files (x86)\Microchip\xc8\v1.35\sources\common\flneg.c
		___flneg       		CODE           	1625A	0000	57

C:\Program Files (x86)\Microchip\xc8\v1.35\sources\common\flneg.c estimated size: 57

C:\Program Files (x86)\Microchip\xc8\v1.35\sources\common\xxtofl.c
		___xxtofl      		CODE           	148D2	0000	463

C:\Program Files (x86)\Microchip\xc8\v1.35\sources\common\xxtofl.c estimated size: 463

C:\Program Files (x86)\Microchip\xc8\v1.35\sources\common\lwmod.c
		___lwmod       		CODE           	1600E	0000	99

C:\Program Files (x86)\Microchip\xc8\v1.35\sources\common\lwmod.c estimated size: 99

../LaurTec_PIC_libraries_v_3.3.0/inc\CANlib.h
		_CANSetFilter  		CODE           	10000	0000	2823
		_CANisRxReady  		CODE           	1649A	0000	23
		_CANreceiveMessage		CODE           	12E28	0000	1293
		_CANsendMessage		CODE           	1139A	0000	1933
		_CANInitialize 		CODE           	14AA0	0000	455
		_CANOperationMode		CODE           	16484	0000	23
		_CANisTxReady  		CODE           	163B0	0000	37
		_CANSetMask    		CODE           	14042	0000	927

../LaurTec_PIC_libraries_v_3.3.0/inc\CANlib.h estimated size: 7514

C:\Program Files (x86)\Microchip\xc8\v1.35\sources\common\doprnt.c
		_scale         		CODE           	1290E	0000	1307
		_sprintf       		CODE           	10B06	0000	2197
		_fround        		CODE           	143E0	0000	759

C:\Program Files (x86)\Microchip\xc8\v1.35\sources\common\doprnt.c estimated size: 4263

C:\Program Files (x86)\Microchip\xc8\v1.35\sources\common\llmod.c
		___llmod       		CODE           	15CD6	0000	155

C:\Program Files (x86)\Microchip\xc8\v1.35\sources\common\llmod.c estimated size: 155

shared
		i2_CANisTxReady		CODE           	163F6	0000	31
		__powers_      		MEDIUMCONST    	FDFD	0000	53
		_dpowers       		MEDIUMCONST    	FE31	0000	41
		__npowers_     		MEDIUMCONST    	FDC9	0000	53
		__initialization		CODE           	161A0	0000	61
		i2_CANsendMessage		CODE           	1227E	0000	1681

shared estimated size: 1920

C:\Program Files (x86)\Microchip\xc8\v1.35\sources\common\awmod.c
		___awmod       		CODE           	15C34	0000	163

C:\Program Files (x86)\Microchip\xc8\v1.35\sources\common\awmod.c estimated size: 163

C:\Program Files (x86)\Microchip\xc8\v1.35\sources\common\sprcmul.c
		___flmul       		CODE           	137DC	0000	1191

C:\Program Files (x86)\Microchip\xc8\v1.35\sources\common\sprcmul.c estimated size: 1191

C:\Program Files (x86)\Microchip\xc8\v1.35\sources\common\ftdivl.c
		__tdiv_to_l_   		CODE           	14FD4	0000	415

C:\Program Files (x86)\Microchip\xc8\v1.35\sources\common\ftdivl.c estimated size: 415

C:\Program Files (x86)\Microchip\xc8\v1.35\sources\common\itoa.c
		_itoa          		CODE           	16158	0000	73
		_utoa          		CODE           	158AE	0000	191

C:\Program Files (x86)\Microchip\xc8\v1.35\sources\common\itoa.c estimated size: 264

../LaurTec_PIC_libraries_v_3.3.0/src\delay.c
		_delay_set_quartz		CODE           	164B0	0000	11
		_delay_ms      		CODE           	16220	0000	59

../LaurTec_PIC_libraries_v_3.3.0/src\delay.c estimated size: 70

../LaurTec_PIC_libraries_v_3.3.0/src\LCD_44780.c
		_LCD_clear     		CODE           	1632E	0000	51
		_LCD_cursor    		CODE           	162FC	0000	51
		_LCD_goto_xy   		CODE           	16430	0000	29
		_LCD_goto_line 		CODE           	15704	0000	237
		_LCD_shift_cursor		CODE           	160C4	0000	77
		_LCD_write_string		CODE           	1638A	0000	39
		_LCD_enable_pulse		CODE           	163D4	0000	35
		_LCD_write_message		CODE           	162C8	0000	53
		_LCD_write_char		CODE           	15D70	0000	151
		_LCD_write_integer		CODE           	14C66	0000	449
		_LCD_send_command		CODE           	161E6	0000	59
		_LCD_initialize		CODE           	1548A	0000	367

../LaurTec_PIC_libraries_v_3.3.0/src\LCD_44780.c estimated size: 1598

C:\Program Files (x86)\Microchip\xc8\v1.35\sources\common\lwdiv.c
		___lwdiv       		CODE           	15E06	0000	121

C:\Program Files (x86)\Microchip\xc8\v1.35\sources\common\lwdiv.c estimated size: 121

C:\Program Files (x86)\Microchip\xc8\v1.35\sources\common\sprcdiv.c
		___fldiv       		CODE           	13C82	0000	961

C:\Program Files (x86)\Microchip\xc8\v1.35\sources\common\sprcdiv.c estimated size: 961

C:\Program Files (x86)\Microchip\xc8\v1.35\sources\common\fltol.c
		___fltol       		CODE           	155F8	0000	269

C:\Program Files (x86)\Microchip\xc8\v1.35\sources\common\fltol.c estimated size: 269

C:\Program Files (x86)\Microchip\xc8\v1.35\sources\common\Umul16.c
		___wmul        		CODE           	16292	0000	55

C:\Program Files (x86)\Microchip\xc8\v1.35\sources\common\Umul16.c estimated size: 55

C:\Program Files (x86)\Microchip\xc8\v1.35\sources\common\lldiv.c
		___lldiv       		CODE           	1596C	0000	189

C:\Program Files (x86)\Microchip\xc8\v1.35\sources\common\lldiv.c estimated size: 189

RemoteCan.c
		_LCD_Parking   		CODE           	15E7E	0000	101
		_LCD_Gap       		CODE           	15F46	0000	101
		_CAN_Rx        		CODE           	15AE2	0000	175
		_main          		CODE           	11B26	0000	1881
		_PWR_Button_Polling		CODE           	16414	0000	29
		_CAN_Tx        		CODE           	15A28	0000	187
		_board_initialization		CODE           	15B90	0000	165
		_Joystick_Polling		CODE           	16070	0000	85
		_ISR_bassa     		CODE           	0018	0000	169
		_F1_Button_Polling		CODE           	16468	0000	29
		_F2_Button_Polling		CODE           	1644C	0000	29
		_LCD_Handler   		CODE           	14E26	0000	431
		_LCD_End       		CODE           	15FAA	0000	101
		_ISR_alta      		CODE           	0008	0000	523
		_LCD_Park      		CODE           	15EE2	0000	101

RemoteCan.c estimated size: 4107

C:\Program Files (x86)\Microchip\xc8\v1.35\sources\common\fldivl.c
		__div_to_l_    		CODE           	15302	0000	393

C:\Program Files (x86)\Microchip\xc8\v1.35\sources\common\fldivl.c estimated size: 393

C:\Program Files (x86)\Microchip\xc8\v1.35\sources\common\flge.c
		___flge        		CODE           	15172	0000	401

C:\Program Files (x86)\Microchip\xc8\v1.35\sources\common\flge.c estimated size: 401

