Microchip MPLAB XC8 Compiler V1.37 ()

Linker command line:

--edf=C:\Program Files (x86)\Microchip\xc8\v1.37\dat\en_msgs.txt -cs \
  -h+dist/default/production\RemoteCan.X.production.sym \
  --cmf=dist/default/production\RemoteCan.X.production.cmf -z -Q18F4685 \
  -oC:\Users\simone\AppData\Local\Temp\s1mk.2 \
  -Mdist/default/production/RemoteCan.X.production.map -E1 -ver=XC8 \
  --acfsm=1493 -ASTACK=016Eh-0cffh -pstack=STACK -ACODE=00h-017FFFh \
  -ACONST=00h-017FFFh -ASMALLCONST=0D00h-0DFFhx371 \
  -AMEDIUMCONST=0D00h-0FFFFh,010D00h-017FFFh -ACOMRAM=01h-05Fh \
  -AABS1=00h-0CFFh -ABIGRAM=01h-0CFFh -ARAM=060h-0FFh,0100h-01FFhx12 \
  -ABANK0=060h-0FFh -ABANK1=0100h-01FFh -ABANK2=0200h-02FFh \
  -ABANK3=0300h-03FFh -ABANK4=0400h-04FFh -ABANK5=0500h-05FFh \
  -ABANK6=0600h-06FFh -ABANK7=0700h-07FFh -ABANK8=0800h-08FFh \
  -ABANK9=0900h-09FFh -ABANK10=0A00h-0AFFh -ABANK11=0B00h-0BFFh \
  -ABANK12=0C00h-0CFFh -ASFR=0D00h-0DFFhx2,0F00h-0F5Fh,0F60h-0FFFh \
  -preset_vec=00h,intcode=08h,intcodelo=018h,powerup,init,end_init \
  -pramtop=0D00h -psmallconst=SMALLCONST -pmediumconst=MEDIUMCONST \
  -pconst=CONST -AFARRAM=00h-00h -ACONFIG=0300000h-030000Dh -pconfig=CONFIG \
  -AIDLOC=0200000h-0200007h -pidloc=IDLOC -AEEDATA=0F00000h-0F003FFh \
  -peeprom_data=EEDATA \
  -prdata=COMRAM,nvrram=COMRAM,nvbit=COMRAM,rbss=COMRAM,rbit=COMRAM \
  -pfarbss=FARRAM,fardata=FARRAM,nvFARRAM=FARRAM \
  -pintsave_regs=BIGRAM,bigbss=BIGRAM,bigdata=BIGRAM -pbss=RAM \
  -pidata=CODE,irdata=CODE,ibigdata=CODE,ifardata=CODE -prparam=COMRAM \
  C:\Users\simone\AppData\Local\Temp\s1mk.obj \
  dist/default/production\RemoteCan.X.production.obj 

Object code version is 3.11

Machine type is 18F4685

Call graph: (short form)




                Name                               Link     Load   Length Selector   Space Scale
C:\Users\simone\AppData\Local\Temp\s1mk.obj
                end_init                             C0       C0        4        C       0
                reset_vec                             0        0        4        0       0
                idloc                            200000   200000        8   200000       0
                config                           300000   300000        E   300000       0
dist/default/production\RemoteCan.X.production.obj
                intcodelo                            18       18       A8        C       0
                intcode                               8        8        E        4       0
                temp                                 4B       4B        1        1       1
                mediumconst                        FCCC     FCCC      334     7E66       0
                text62                            16892    16892       16     8000       0
                text61                            13092    13092      50C     8000       0
                text60                            167EE    167EE       1E     8000       0
                text59                            124E8    124E8      690     8000       0
                intcode_body                      14BC4    14BC4      26C     8000       0
                text56                            167A8    167A8       24     8000       0
                text55                            11D5C    11D5C      78C     8000       0
                text54                            15DD8    15DD8       BA     8000       0
                text53                            1668A    1668A       36     8000       0
                text52                            16618    16618       3A     8000       0
                text51                            167CC    167CC       22     8000       0
                text50                            165DE    165DE       3A     8000       0
                text49                            15AB4    15AB4       EC     8000       0
                text48                            16726    16726       32     8000       0
                text47                            166F4    166F4       32     8000       0
                text46                            168A8    168A8        A     8000       0
                text45                            1583A    1583A      16E     8000       0
                text44                            16072    16072       96     8000       0
                text43                            166C0    166C0       34     8000       0
                text42                            163A2    163A2       64     8000       0
                text41                            16860    16860       1C     8000       0
                text40                            16844    16844       1C     8000       0
                text39                            16468    16468       54     8000       0
                text38                            1633E    1633E       64     8000       0
                text37                            16108    16108       92     8000       0
                text36                            162DA    162DA       64     8000       0
                text35                            164BC    164BC       4C     8000       0
                text34                            16828    16828       1C     8000       0
                text33                            16782    16782       26     8000       0
                text32                            1619A    1619A       78     8000       0
                text31                            16406    16406       62     8000       0
                text30                            15C5E    15C5E       BE     8000       0
                text29                            16550    16550       48     8000       0
                text28                            151C4    151C4      1C0     8000       0
                text27                            13EEC    13EEC      3C0     8000       0
                text26                            15522    15522      190     8000       0
                text25                            16652    16652       38     8000       0
                text24                            1359E    1359E      4A8     8000       0
                text23                            16508    16508       48     8000       0
                text22                            159A8    159A8      10C     8000       0
                text21                            15D1C    15D1C       BC     8000       0
                text20                            15FD8    15FD8       9A     8000       0
                text19                            14E30    14E30      1CE     8000       0
                text18                            156B2    156B2      188     8000       0
                text17                            15384    15384      19E     8000       0
                text16                            15BA0    15BA0       BE     8000       0
                text15                            15F36    15F36       A2     8000       0
                text14                            13A46    13A46      4A6     8000       0
                text13                            1464A    1464A      2F6     8000       0
                text12                            16758    16758       2A     8000       0
                text11                            12B78    12B78      51A     8000       0
                text10                            114C8    114C8      894     8000       0
                text9                             14940    14940      284     8000       0
                text8                             16276    16276       64     8000       0
                text7                             16212    16212       64     8000       0
                text6                             1680C    1680C       1C     8000       0
                text5                             1687C    1687C       16     8000       0
                text4                             10000    10000      B06     8000       0
                text3                             142AC    142AC      39E     8000       0
                text2                             14FFE    14FFE      1C6     8000       0
                text1                             15E92    15E92       A4     8000       0
                text0                             10B06    10B06      9C2     8000       0
                cstackCOMRAM                         26       26       22        1       1
                cstackBANK0                          60       60       6D       60       1
                cstackBANK1                         14D      14D       21      100       1
                bssBANK1                            100      100       4D      100       1
                dataBANK0                            EC       EC        1       60       1
                bssBANK0                             CD       CD       1F       60       1
                bssCOMRAM                             1        1       25        1       1
                bitbssCOMRAM                        240       48       18        1       1     8
                cinit                             16598    16598       46     8000       0
                idataBANK0                        168B2    168B2        1     8000       0

TOTAL           Name                               Link     Load   Length     Space
        CLASS   STACK          

        CLASS   CODE           
                end_init                             C0       C0        4         0
                intcodelo                            18       18       A8         0
                intcode                               8        8        E         0
                reset_vec                             0        0        4         0
                text62                            16892    16892       16         0
                text61                            13092    13092      50C         0
                text60                            167EE    167EE       1E         0
                text59                            124E8    124E8      690         0
                intcode_body                      14BC4    14BC4      26C         0
                text56                            167A8    167A8       24         0
                text55                            11D5C    11D5C      78C         0
                text54                            15DD8    15DD8       BA         0
                text53                            1668A    1668A       36         0
                text52                            16618    16618       3A         0
                text51                            167CC    167CC       22         0
                text50                            165DE    165DE       3A         0
                text49                            15AB4    15AB4       EC         0
                text48                            16726    16726       32         0
                text47                            166F4    166F4       32         0
                text46                            168A8    168A8        A         0
                text45                            1583A    1583A      16E         0
                text44                            16072    16072       96         0
                text43                            166C0    166C0       34         0
                text42                            163A2    163A2       64         0
                text41                            16860    16860       1C         0
                text40                            16844    16844       1C         0
                text39                            16468    16468       54         0
                text38                            1633E    1633E       64         0
                text37                            16108    16108       92         0
                text36                            162DA    162DA       64         0
                text35                            164BC    164BC       4C         0
                text34                            16828    16828       1C         0
                text33                            16782    16782       26         0
                text32                            1619A    1619A       78         0
                text31                            16406    16406       62         0
                text30                            15C5E    15C5E       BE         0
                text29                            16550    16550       48         0
                text28                            151C4    151C4      1C0         0
                text27                            13EEC    13EEC      3C0         0
                text26                            15522    15522      190         0
                text25                            16652    16652       38         0
                text24                            1359E    1359E      4A8         0
                text23                            16508    16508       48         0
                text22                            159A8    159A8      10C         0
                text21                            15D1C    15D1C       BC         0
                text20                            15FD8    15FD8       9A         0
                text19                            14E30    14E30      1CE         0
                text18                            156B2    156B2      188         0
                text17                            15384    15384      19E         0
                text16                            15BA0    15BA0       BE         0
                text15                            15F36    15F36       A2         0
                text14                            13A46    13A46      4A6         0
                text13                            1464A    1464A      2F6         0
                text12                            16758    16758       2A         0
                text11                            12B78    12B78      51A         0
                text10                            114C8    114C8      894         0
                text9                             14940    14940      284         0
                text8                             16276    16276       64         0
                text7                             16212    16212       64         0
                text6                             1680C    1680C       1C         0
                text5                             1687C    1687C       16         0
                text4                             10000    10000      B06         0
                text3                             142AC    142AC      39E         0
                text2                             14FFE    14FFE      1C6         0
                text1                             15E92    15E92       A4         0
                text0                             10B06    10B06      9C2         0
                cinit                             16598    16598       46         0
                idataBANK0                        168B2    168B2        1         0

        CLASS   CONST          

        CLASS   SMALLCONST     

        CLASS   MEDIUMCONST    
                mediumconst                        FCCC     FCCC      334         0

        CLASS   COMRAM         
                temp                                 4B       4B        1         1
                cstackCOMRAM                         26       26       22         1
                bssCOMRAM                             1        1       25         1
                bitbssCOMRAM                        240       48       18         1

        CLASS   ABS1           

        CLASS   BIGRAM         

        CLASS   RAM            

        CLASS   BANK0          
                cstackBANK0                          60       60       6D         1
                dataBANK0                            EC       EC        1         1
                bssBANK0                             CD       CD       1F         1

        CLASS   BANK1          
                cstackBANK1                         14D      14D       21         1
                bssBANK1                            100      100       4D         1

        CLASS   BANK2          

        CLASS   BANK3          

        CLASS   BANK4          

        CLASS   BANK5          

        CLASS   BANK6          

        CLASS   BANK7          

        CLASS   BANK8          

        CLASS   BANK9          

        CLASS   BANK10         

        CLASS   BANK11         

        CLASS   BANK12         

        CLASS   SFR            

        CLASS   FARRAM         

        CLASS   CONFIG         
                config                           300000   300000        E         0

        CLASS   IDLOC          
                idloc                            200000   200000        8         0

        CLASS   EEDATA         



SEGMENTS        Name                           Load    Length   Top    Selector   Space  Class

                reset_vec                      000000  000004  000004         0       0  CODE    
                bssCOMRAM                      000001  00004B  00004C         1       1  COMRAM  
                intcode                        000008  00000E  000016         4       0  CODE    
                intcodelo                      000018  0000AC  0000C4         C       0  CODE    
                cstackBANK0                    000060  00008D  0000ED        60       1  BANK0   
                bssBANK1                       000100  00006E  00016E       100       1  BANK1   
                mediumconst                    00FCCC  000334  010000      7E66       0  MEDIUMCO
                text4                          010000  0068B3  0168B3      8000       0  CODE    
                idloc                          200000  000008  200008    200000       0  IDLOC   
                config                         300000  00000E  30000E    300000       0  CONFIG  


UNUSED ADDRESS RANGES

        Name                Unused          Largest block    Delta
        BANK0            0000ED-0000FF               13
        BANK1            00016E-0001FF               92
        BANK10           000A00-000AFF              100
        BANK11           000B00-000BFF              100
        BANK12           000C00-000CFF              100
        BANK2            000200-0002FF              100
        BANK3            000300-0003FF              100
        BANK4            000400-0004FF              100
        BANK5            000500-0005FF              100
        BANK6            000600-0006FF              100
        BANK7            000700-0007FF              100
        BANK8            000800-0008FF              100
        BANK9            000900-0009FF              100
        BIGRAM           00004C-00005F               14
                         0000ED-0000FF               13
                         00016E-000CFF              B92
        CODE             000004-000007                4
                         000016-000017                2
                         0000C4-00FCCB             FC08
                         0168B3-017FFF             174D
        COMRAM           00004C-00005F               14
        CONST            000004-000007                4
                         000016-000017                2
                         0000C4-00FCCB             FC08
                         0168B3-017FFF             174D
        EEDATA           F00000-F003FF              400
        MEDIUMCONST      000D00-00FCCB             EFCC
                         0168B3-017FFF             174D
        RAM              0000ED-0000FF               13
                         00016E-000CFF              100
        SFR              000D00-000FFF              100
        SMALLCONST       000D00-00FCCB              100
                         0168B3-017FFF              100
        STACK            00016E-000CFF              B92

                                  Symbol Table

?___awdiv                          cstackBANK0  000077
?___awmod                          cstackBANK0  000071
?___fladd                          cstackBANK0  0000A5
?___fldiv                          cstackBANK0  00007F
?___flmul                          cstackBANK0  00007F
?___flneg                          cstackBANK0  000098
?___flsub                          cstackBANK0  0000B9
?___fltol                          cstackBANK0  0000B9
?___lldiv                          cstackBANK0  000071
?___llmod                          cstackBANK0  000071
?___lwdiv                          cstackBANK0  000071
?___lwmod                          cstackBANK0  000071
?___wmul                           cstackBANK0  000071
?___xxtofl                         cstackBANK0  000071
?__div_to_l_                       cstackBANK0  000071
?__tdiv_to_l_                      cstackBANK0  000071
?_fround                           cstackBANK0  000098
?_scale                            cstackBANK0  000098
?_sprintf                          cstackBANK0  0000C3
CANInitialize@BRP                  cstackBANK0  000082
CANInitialize@FilterConfig1        cstackBANK0  000089
CANInitialize@FilterConfig2        cstackBANK0  00008A
CANInitialize@SJW                  cstackBANK0  000081
CANInitialize@flags                cstackBANK0  000083
CANInitialize@phaseSeg1            cstackBANK0  00007F
CANInitialize@phaseSeg2            cstackBANK0  000080
CANInitialize@propSeg              cstackBANK0  000088
CANOperationMode@mode              cstackBANK0  000071
CANSetFilter@filter                cstackBANK0  000071
CANSetFilter@numBuffer             cstackBANK0  00007A
CANSetFilter@tamp                  cstackBANK0  00007B
CANSetFilter@type                  cstackBANK0  000075
CANSetMask@mask                    cstackBANK0  000071
CANSetMask@numBuffer               cstackBANK0  00007A
CANSetMask@tamp                    cstackBANK0  00007B
CANSetMask@type                    cstackBANK0  000075
CANreceiveMessage@error            cstackCOMRAM 000030
CANreceiveMessage@msg              cstackCOMRAM 000026
CANreceiveMessage@tamp             cstackCOMRAM 000031
CANsendMessage@data                cstackBANK0  000075
CANsendMessage@dataLength          cstackBANK0  000077
CANsendMessage@flags               cstackBANK0  000078
CANsendMessage@identifier          cstackBANK0  000071
CANsendMessage@tamp                cstackBANK0  00007D
Joystick_Polling@i                 cstackBANK0  000072
LCD_cursor@active                  cstackBANK0  00007E
LCD_cursor@blinking                cstackBANK0  00007D
LCD_goto_line@line                 cstackBANK0  00007D
LCD_goto_xy@x                      cstackBANK0  000081
LCD_goto_xy@y                      cstackBANK0  000080
LCD_initialize@quartz_frequency    cstackBANK0  00007F
LCD_send_command@D0                cstackBANK0  00007B
LCD_send_command@D1                cstackBANK0  00007A
LCD_send_command@D2                cstackBANK0  000079
LCD_send_command@D3                cstackBANK0  00007C
LCD_shift_cursor@i                 cstackBANK0  00007F
LCD_shift_cursor@number_of_shift   cstackBANK0  00007D
LCD_shift_cursor@shift             cstackBANK0  00007E
LCD_write_char@D0                  cstackBANK0  000080
LCD_write_char@D1                  cstackBANK0  00007F
LCD_write_char@D2                  cstackBANK0  00007E
LCD_write_char@D3                  cstackBANK0  00007D
LCD_write_char@value               cstackBANK0  000081
LCD_write_integer@F17134           bssBANK1     000100
LCD_write_integer@convertedInt     cstackBANK0  000092
LCD_write_integer@index            cstackBANK0  000098
LCD_write_integer@number_of_digits cstackBANK0  00008B
LCD_write_integer@value            cstackBANK0  000089
LCD_write_integer@zero_cleaning    cstackBANK0  00008C
LCD_write_message@buffer           cstackBANK0  000082
LCD_write_string@buffer            cstackBANK0  000082
_ADCON0bits                        (abs)        000FC2
_ADCON1                            (abs)        000FC1
_ADCON2bits                        (abs)        000FC0
_ADRESH                            (abs)        000FC4
_BRGCON1                           (abs)        000F70
_BRGCON2                           (abs)        000F71
_BRGCON2bits                       (abs)        000F71
_BRGCON3                           (abs)        000F72
_BRGCON3bits                       (abs)        000F72
_CANCON                            (abs)        000F6F
_CANCONbits                        (abs)        000F6F
_CANInitialize                     text2        014FFE
_CANOperationMode                  text5        01687C
_CANSTAT                           (abs)        000F6E
_CANSetFilter                      text4        010000
_CANSetMask                        text3        0142AC
_CAN_Tx                            text54       015DD8
_CANisRxReady                      text62       016892
_CANisRxReady$3170                 cstackCOMRAM 000026
_CANisTxReady                      text56       0167A8
_CANisTxReady$3168                 cstackBANK0  000071
_CANreceiveMessage                 text61       013092
_CANsendMessage                    text55       011D5C
_COMSTATbits                       (abs)        000F74
_Can_Tx_Force                      bitbssCOMRAM 000240
_Credits                           text42       0163A2
_F1_Button_Polling                 text41       016860
_F1_switch                         bitbssCOMRAM 000241
_F2_Button_Polling                 text40       016844
_F2_switch                         bitbssCOMRAM 000242
_INTCONbits                        (abs)        000FF2
_IPR2bits                          (abs)        000FA2
_IPR3bits                          (abs)        000FA5
_ISR_alta                          intcode      000008
_ISR_bassa                         intcodelo    000018
_JoystickConstants                 bssBANK0     0000CD
_JoystickValues                    bssBANK0     0000DD
_Joystick_Polling                  text39       016468
_LATA                              (abs)        000F89
_LATB                              (abs)        000F8A
_LATC                              (abs)        000F8B
_LATCbits                          (abs)        000F8B
_LATD                              (abs)        000F8C
_LATDbits                          (abs)        000F8C
_LATE                              (abs)        000F8D
_LATEbits                          (abs)        000F8D
_LCD_4TH_ROW_MODE                  bitbssCOMRAM 000243
_LCD_End                           text38       01633E
_LCD_Error                         text37       016108
_LCD_Gap                           text36       0162DA
_LCD_Handler                       text9        014940
_LCD_Park                          text8        016276
_LCD_Parking                       text7        016212
_LCD_clear                         text48       016726
_LCD_cursor                        text47       0166F4
_LCD_enable_pulse                  text51       0167CC
_LCD_goto_line                     text49       015AB4
_LCD_goto_xy                       text34       016828
_LCD_initialize                    text45       01583A
_LCD_send_command                  text50       0165DE
_LCD_shift_cursor                  text35       0164BC
_LCD_write_char                    text44       016072
_LCD_write_integer                 text28       0151C4
_LCD_write_message                 text43       0166C0
_LCD_write_string                  text33       016782
_PIE2bits                          (abs)        000FA0
_PIE3bits                          (abs)        000FA3
_PIR2bits                          (abs)        000FA1
_PIR3bits                          (abs)        000FA4
_PORTAbits                         (abs)        000F80
_PORTBbits                         (abs)        000F81
_PORTDbits                         (abs)        000F83
_PWR_Button_Polling                text6        01680C
_RCONbits                          (abs)        000FD0
_RTR_Flag                          bitbssCOMRAM 000244
_RXB0CON                           (abs)        000F60
_RXB0CONbits                       (abs)        000F60
_RXB0D0                            (abs)        000F66
_RXB0D1                            (abs)        000F67
_RXB0D2                            (abs)        000F68
_RXB0D3                            (abs)        000F69
_RXB0D4                            (abs)        000F6A
_RXB0D5                            (abs)        000F6B
_RXB0D6                            (abs)        000F6C
_RXB0D7                            (abs)        000F6D
_RXB0DLC                           (abs)        000F65
_RXB0DLCbits                       (abs)        000F65
_RXB0EIDH                          (abs)        000F63
_RXB0EIDL                          (abs)        000F64
_RXB0SIDH                          (abs)        000F61
_RXB0SIDL                          (abs)        000F62
_RXB0SIDLbits                      (abs)        000F62
_RXB1CON                           (abs)        000F50
_RXB1CONbits                       (abs)        000F50
_RXB1D0                            (abs)        000F56
_RXB1D1                            (abs)        000F57
_RXB1D2                            (abs)        000F58
_RXB1D3                            (abs)        000F59
_RXB1D4                            (abs)        000F5A
_RXB1D5                            (abs)        000F5B
_RXB1D6                            (abs)        000F5C
_RXB1D7                            (abs)        000F5D
_RXB1DLC                           (abs)        000F55
_RXB1DLCbits                       (abs)        000F55
_RXB1EIDH                          (abs)        000F53
_RXB1EIDL                          (abs)        000F54
_RXB1SIDH                          (abs)        000F51
_RXB1SIDL                          (abs)        000F52
_RXB1SIDLbits                      (abs)        000F52
_RXERRCNT                          (abs)        000F75
_RXF0EIDH                          (abs)        000F02
_RXF0EIDL                          (abs)        000F03
_RXF0SIDH                          (abs)        000F00
_RXF0SIDL                          (abs)        000F01
_RXF0SIDLbits                      (abs)        000F01
_RXF1EIDH                          (abs)        000F06
_RXF1EIDL                          (abs)        000F07
_RXF1SIDH                          (abs)        000F04
_RXF1SIDL                          (abs)        000F05
_RXF1SIDLbits                      (abs)        000F05
_RXF2EIDH                          (abs)        000F0A
_RXF2EIDL                          (abs)        000F0B
_RXF2SIDH                          (abs)        000F08
_RXF2SIDL                          (abs)        000F09
_RXF2SIDLbits                      (abs)        000F09
_RXF3EIDH                          (abs)        000F0E
_RXF3EIDL                          (abs)        000F0F
_RXF3SIDH                          (abs)        000F0C
_RXF3SIDL                          (abs)        000F0D
_RXF3SIDLbits                      (abs)        000F0D
_RXF4EIDH                          (abs)        000F12
_RXF4EIDL                          (abs)        000F13
_RXF4SIDH                          (abs)        000F10
_RXF4SIDL                          (abs)        000F11
_RXF4SIDLbits                      (abs)        000F11
_RXF5EIDH                          (abs)        000F16
_RXF5EIDL                          (abs)        000F17
_RXF5SIDH                          (abs)        000F14
_RXF5SIDL                          (abs)        000F15
_RXF5SIDLbits                      (abs)        000F15
_RXM0EIDH                          (abs)        000F1A
_RXM0EIDL                          (abs)        000F1B
_RXM0SIDH                          (abs)        000F18
_RXM0SIDL                          (abs)        000F19
_RXM0SIDLbits                      (abs)        000F19
_RXM1EIDH                          (abs)        000F1E
_RXM1EIDL                          (abs)        000F1F
_RXM1SIDH                          (abs)        000F1C
_RXM1SIDL                          (abs)        000F1D
_RXM1SIDLbits                      (abs)        000F1D
_T3CON                             (abs)        000FB1
_TMR3H                             (abs)        000FB3
_TMR3L                             (abs)        000FB2
_TRISA                             (abs)        000F92
_TRISB                             (abs)        000F93
_TRISC                             (abs)        000F94
_TRISD                             (abs)        000F95
_TRISE                             (abs)        000F96
_TXB0CONbits                       (abs)        000F40
_TXB0D0                            (abs)        000F46
_TXB0D1                            (abs)        000F47
_TXB0D2                            (abs)        000F48
_TXB0D3                            (abs)        000F49
_TXB0D4                            (abs)        000F4A
_TXB0D5                            (abs)        000F4B
_TXB0D6                            (abs)        000F4C
_TXB0D7                            (abs)        000F4D
_TXB0DLC                           (abs)        000F45
_TXB0DLCbits                       (abs)        000F45
_TXB0EIDH                          (abs)        000F43
_TXB0EIDL                          (abs)        000F44
_TXB0SIDH                          (abs)        000F41
_TXB0SIDL                          (abs)        000F42
_TXB0SIDLbits                      (abs)        000F42
_TXB1CONbits                       (abs)        000F30
_TXB1D0                            (abs)        000F36
_TXB1D1                            (abs)        000F37
_TXB1D2                            (abs)        000F38
_TXB1D3                            (abs)        000F39
_TXB1D4                            (abs)        000F3A
_TXB1D5                            (abs)        000F3B
_TXB1D6                            (abs)        000F3C
_TXB1D7                            (abs)        000F3D
_TXB1DLC                           (abs)        000F35
_TXB1DLCbits                       (abs)        000F35
_TXB1EIDH                          (abs)        000F33
_TXB1EIDL                          (abs)        000F34
_TXB1SIDH                          (abs)        000F31
_TXB1SIDL                          (abs)        000F32
_TXB1SIDLbits                      (abs)        000F32
_TXB2CONbits                       (abs)        000F20
_TXB2D0                            (abs)        000F26
_TXB2D1                            (abs)        000F27
_TXB2D2                            (abs)        000F28
_TXB2D3                            (abs)        000F29
_TXB2D4                            (abs)        000F2A
_TXB2D5                            (abs)        000F2B
_TXB2D6                            (abs)        000F2C
_TXB2D7                            (abs)        000F2D
_TXB2DLC                           (abs)        000F25
_TXB2DLCbits                       (abs)        000F25
_TXB2EIDH                          (abs)        000F23
_TXB2EIDL                          (abs)        000F24
_TXB2SIDH                          (abs)        000F21
_TXB2SIDL                          (abs)        000F22
_TXB2SIDLbits                      (abs)        000F22
_TXERRCNT                          (abs)        000F76
__CFG_BBSIZ$1024                   (abs)        000000
__CFG_BOREN$BOHW                   (abs)        000000
__CFG_BORV$3                       (abs)        000000
__CFG_CP0$OFF                      (abs)        000000
__CFG_CP1$OFF                      (abs)        000000
__CFG_CP2$OFF                      (abs)        000000
__CFG_CP3$OFF                      (abs)        000000
__CFG_CP4$OFF                      (abs)        000000
__CFG_CP5$OFF                      (abs)        000000
__CFG_CPB$OFF                      (abs)        000000
__CFG_CPD$OFF                      (abs)        000000
__CFG_EBTR0$OFF                    (abs)        000000
__CFG_EBTR1$OFF                    (abs)        000000
__CFG_EBTR2$OFF                    (abs)        000000
__CFG_EBTR3$OFF                    (abs)        000000
__CFG_EBTR4$OFF                    (abs)        000000
__CFG_EBTR5$OFF                    (abs)        000000
__CFG_EBTRB$OFF                    (abs)        000000
__CFG_FCMEN$OFF                    (abs)        000000
__CFG_IESO$OFF                     (abs)        000000
__CFG_LPT1OSC$OFF                  (abs)        000000
__CFG_LVP$OFF                      (abs)        000000
__CFG_MCLRE$ON                     (abs)        000000
__CFG_OSC$HS                       (abs)        000000
__CFG_PBADEN$OFF                   (abs)        000000
__CFG_PWRT$OFF                     (abs)        000000
__CFG_STVREN$ON                    (abs)        000000
__CFG_WDT$OFF                      (abs)        000000
__CFG_WDTPS$32768                  (abs)        000000
__CFG_WRT0$OFF                     (abs)        000000
__CFG_WRT1$OFF                     (abs)        000000
__CFG_WRT2$OFF                     (abs)        000000
__CFG_WRT3$OFF                     (abs)        000000
__CFG_WRT4$OFF                     (abs)        000000
__CFG_WRT5$OFF                     (abs)        000000
__CFG_WRTB$OFF                     (abs)        000000
__CFG_WRTC$OFF                     (abs)        000000
__CFG_WRTD$OFF                     (abs)        000000
__CFG_XINST$OFF                    (abs)        000000
__HRAM                             (abs)        000000
__Habs1                            abs1         000000
__Hbank0                           bank0        000000
__Hbank1                           bank1        000000
__Hbank10                          bank10       000000
__Hbank11                          bank11       000000
__Hbank12                          bank12       000000
__Hbank2                           bank2        000000
__Hbank3                           bank3        000000
__Hbank4                           bank4        000000
__Hbank5                           bank5        000000
__Hbank6                           bank6        000000
__Hbank7                           bank7        000000
__Hbank8                           bank8        000000
__Hbank9                           bank9        000000
__Hbigbss                          bigbss       000000
__Hbigdata                         bigdata      000000
__Hbigram                          bigram       000000
__HbitbssCOMRAM                    bitbssCOMRAM 000000
__Hbss                             bss          000000
__HbssBANK0                        bssBANK0     000000
__HbssBANK1                        bssBANK1     000000
__HbssCOMRAM                       bssCOMRAM    000000
__Hcinit                           cinit        000000
__Hclrtext                         clrtext      000000
__Hcomram                          comram       000000
__Hconfig                          config       30000E
__Hconst                           const        000000
__HcstackBANK0                     cstackBANK0  000000
__HcstackBANK1                     cstackBANK1  000000
__HcstackCOMRAM                    cstackCOMRAM 000000
__Hdata                            data         000000
__HdataBANK0                       dataBANK0    000000
__Heeprom_data                     eeprom_data  000000
__Hend_init                        end_init     0000C4
__Hfarbss                          farbss       000000
__Hfardata                         fardata      000000
__Hibigdata                        ibigdata     000000
__Hidata                           idata        000000
__HidataBANK0                      idataBANK0   000000
__Hidloc                           idloc        200008
__Hifardata                        ifardata     000000
__Hinit                            init         0000C0
__Hintcode                         intcode      000016
__Hintcode_body                    intcode_body 000000
__Hintcodelo                       intcodelo    0000C0
__Hintentry                        intentry     000000
__Hintret                          intret       000000
__Hintsave_regs                    intsave_regs 000000
__Hirdata                          irdata       000000
__Hmediumconst                     mediumconst  010000
__HnvFARRAM                        nvFARRAM     000000
__Hnvbit                           nvbit        000000
__Hnvrram                          nvrram       000000
__Hparam                           rparam       000000
__Hpowerup                         powerup      0000C0
__Hram                             ram          000000
__Hramtop                          ramtop       000D00
__Hrbit                            rbit         000000
__Hrbss                            rbss         000000
__Hrdata                           rdata        000000
__Hreset_vec                       reset_vec    000004
__Hrparam                          rparam       000000
__Hsfr                             sfr          000000
__Hsmallconst                      smallconst   000000
__Hspace_0                         (abs)        30000E
__Hspace_1                         (abs)        000258
__Hspace_2                         (abs)        000000
__Hstack                           stack        000000
__Hstruct                          struct       000000
__Htemp                            temp         00004C
__Htext                            text         000000
__Htext0                           text0        000000
__Htext1                           text1        000000
__Htext10                          text10       000000
__Htext11                          text11       000000
__Htext12                          text12       000000
__Htext13                          text13       000000
__Htext14                          text14       000000
__Htext15                          text15       000000
__Htext16                          text16       000000
__Htext17                          text17       000000
__Htext18                          text18       000000
__Htext19                          text19       000000
__Htext2                           text2        000000
__Htext20                          text20       000000
__Htext21                          text21       000000
__Htext22                          text22       000000
__Htext23                          text23       000000
__Htext24                          text24       000000
__Htext25                          text25       000000
__Htext26                          text26       000000
__Htext27                          text27       000000
__Htext28                          text28       000000
__Htext29                          text29       000000
__Htext3                           text3        000000
__Htext30                          text30       000000
__Htext31                          text31       000000
__Htext32                          text32       000000
__Htext33                          text33       000000
__Htext34                          text34       000000
__Htext35                          text35       000000
__Htext36                          text36       000000
__Htext37                          text37       000000
__Htext38                          text38       000000
__Htext39                          text39       000000
__Htext4                           text4        000000
__Htext40                          text40       000000
__Htext41                          text41       000000
__Htext42                          text42       000000
__Htext43                          text43       000000
__Htext44                          text44       000000
__Htext45                          text45       000000
__Htext46                          text46       000000
__Htext47                          text47       000000
__Htext48                          text48       000000
__Htext49                          text49       000000
__Htext5                           text5        000000
__Htext50                          text50       000000
__Htext51                          text51       000000
__Htext52                          text52       000000
__Htext53                          text53       000000
__Htext54                          text54       000000
__Htext55                          text55       000000
__Htext56                          text56       000000
__Htext59                          text59       000000
__Htext6                           text6        000000
__Htext60                          text60       000000
__Htext61                          text61       000000
__Htext62                          text62       000000
__Htext7                           text7        000000
__Htext8                           text8        000000
__Htext9                           text9        000000
__LRAM                             (abs)        000001
__Labs1                            abs1         000000
__Lbank0                           bank0        000000
__Lbank1                           bank1        000000
__Lbank10                          bank10       000000
__Lbank11                          bank11       000000
__Lbank12                          bank12       000000
__Lbank2                           bank2        000000
__Lbank3                           bank3        000000
__Lbank4                           bank4        000000
__Lbank5                           bank5        000000
__Lbank6                           bank6        000000
__Lbank7                           bank7        000000
__Lbank8                           bank8        000000
__Lbank9                           bank9        000000
__Lbigbss                          bigbss       000000
__Lbigdata                         bigdata      000000
__Lbigram                          bigram       000000
__LbitbssCOMRAM                    bitbssCOMRAM 000000
__Lbss                             bss          000000
__LbssBANK0                        bssBANK0     000000
__LbssBANK1                        bssBANK1     000000
__LbssCOMRAM                       bssCOMRAM    000000
__Lcinit                           cinit        000000
__Lclrtext                         clrtext      000000
__Lcomram                          comram       000000
__Lconfig                          config       300000
__Lconst                           const        000000
__LcstackBANK0                     cstackBANK0  000000
__LcstackBANK1                     cstackBANK1  000000
__LcstackCOMRAM                    cstackCOMRAM 000000
__Ldata                            data         000000
__LdataBANK0                       dataBANK0    000000
__Leeprom_data                     eeprom_data  000000
__Lend_init                        end_init     0000C0
__Lfarbss                          farbss       000000
__Lfardata                         fardata      000000
__Libigdata                        ibigdata     000000
__Lidata                           idata        000000
__LidataBANK0                      idataBANK0   000000
__Lidloc                           idloc        200000
__Lifardata                        ifardata     000000
__Linit                            init         0000C0
__Lintcode                         intcode      000008
__Lintcode_body                    intcode_body 000000
__Lintcodelo                       intcodelo    000018
__Lintentry                        intentry     000000
__Lintret                          intret       000000
__Lintsave_regs                    intsave_regs 000000
__Lirdata                          irdata       000000
__Lmediumconst                     mediumconst  00FCCC
__LnvFARRAM                        nvFARRAM     000000
__Lnvbit                           nvbit        000000
__Lnvrram                          nvrram       000000
__Lparam                           rparam       000000
__Lpowerup                         powerup      0000C0
__Lram                             ram          000000
__Lramtop                          ramtop       000D00
__Lrbit                            rbit         000000
__Lrbss                            rbss         000000
__Lrdata                           rdata        000000
__Lreset_vec                       reset_vec    000000
__Lrparam                          rparam       000000
__Lsfr                             sfr          000000
__Lsmallconst                      smallconst   000000
__Lspace_0                         (abs)        000000
__Lspace_1                         (abs)        000000
__Lspace_2                         (abs)        000000
__Lstack                           stack        000000
__Lstruct                          struct       000000
__Ltemp                            temp         00004B
__Ltext                            text         000000
__Ltext0                           text0        000000
__Ltext1                           text1        000000
__Ltext10                          text10       000000
__Ltext11                          text11       000000
__Ltext12                          text12       000000
__Ltext13                          text13       000000
__Ltext14                          text14       000000
__Ltext15                          text15       000000
__Ltext16                          text16       000000
__Ltext17                          text17       000000
__Ltext18                          text18       000000
__Ltext19                          text19       000000
__Ltext2                           text2        000000
__Ltext20                          text20       000000
__Ltext21                          text21       000000
__Ltext22                          text22       000000
__Ltext23                          text23       000000
__Ltext24                          text24       000000
__Ltext25                          text25       000000
__Ltext26                          text26       000000
__Ltext27                          text27       000000
__Ltext28                          text28       000000
__Ltext29                          text29       000000
__Ltext3                           text3        000000
__Ltext30                          text30       000000
__Ltext31                          text31       000000
__Ltext32                          text32       000000
__Ltext33                          text33       000000
__Ltext34                          text34       000000
__Ltext35                          text35       000000
__Ltext36                          text36       000000
__Ltext37                          text37       000000
__Ltext38                          text38       000000
__Ltext39                          text39       000000
__Ltext4                           text4        000000
__Ltext40                          text40       000000
__Ltext41                          text41       000000
__Ltext42                          text42       000000
__Ltext43                          text43       000000
__Ltext44                          text44       000000
__Ltext45                          text45       000000
__Ltext46                          text46       000000
__Ltext47                          text47       000000
__Ltext48                          text48       000000
__Ltext49                          text49       000000
__Ltext5                           text5        000000
__Ltext50                          text50       000000
__Ltext51                          text51       000000
__Ltext52                          text52       000000
__Ltext53                          text53       000000
__Ltext54                          text54       000000
__Ltext55                          text55       000000
__Ltext56                          text56       000000
__Ltext59                          text59       000000
__Ltext6                           text6        000000
__Ltext60                          text60       000000
__Ltext61                          text61       000000
__Ltext62                          text62       000000
__Ltext7                           text7        000000
__Ltext8                           text8        000000
__Ltext9                           text9        000000
__S0                               (abs)        30000E
__S1                               (abs)        00016E
__S2                               (abs)        000000
___awdiv                           text16       015BA0
___awdiv@counter                   cstackBANK0  00007B
___awdiv@dividend                  cstackBANK0  000077
___awdiv@divisor                   cstackBANK0  000079
___awdiv@quotient                  cstackBANK0  00007D
___awdiv@sign                      cstackBANK0  00007C
___awmod                           text15       015F36
___awmod@counter                   cstackBANK0  000075
___awmod@dividend                  cstackBANK0  000071
___awmod@divisor                   cstackBANK0  000073
___awmod@sign                      cstackBANK0  000076
___fladd                           text24       01359E
___fladd@a                         cstackBANK0  0000A9
___fladd@aexp                      cstackBANK0  0000B6
___fladd@b                         cstackBANK0  0000A5
___fladd@bexp                      cstackBANK0  0000B7
___fladd@grs                       cstackBANK0  0000B8
___fladd@signs                     cstackBANK0  0000B5
___fldiv                           text27       013EEC
___fldiv@a                         cstackBANK0  000083
___fldiv@aexp                      cstackBANK0  000097
___fldiv@b                         cstackBANK0  00007F
___fldiv@bexp                      cstackBANK0  000096
___fldiv@grs                       cstackBANK0  000092
___fldiv@new_exp                   cstackBANK0  000090
___fldiv@rem                       cstackBANK0  00008C
___fldiv@sign                      cstackBANK0  00008B
___flge                            text26       015522
___flge@ff1                        cstackBANK0  000071
___flge@ff2                        cstackBANK0  000075
___flmul                           text14       013A46
___flmul@a                         cstackBANK0  000083
___flmul@aexp                      cstackBANK0  00008C
___flmul@b                         cstackBANK0  00007F
___flmul@bexp                      cstackBANK0  000091
___flmul@grs                       cstackBANK0  00008D
___flmul@prod                      cstackBANK0  000092
___flmul@sign                      cstackBANK0  00008B
___flmul@temp                      cstackBANK0  000096
___flneg                           text25       016652
___flneg@f1                        cstackBANK0  000098
___flsub                           text23       016508
___flsub@a                         cstackBANK0  0000BD
___flsub@b                         cstackBANK0  0000B9
___fltol                           text22       0159A8
___fltol@exp1                      cstackBANK0  0000C2
___fltol@f1                        cstackBANK0  0000B9
___fltol@sign1                     cstackBANK0  0000C1
___inthi_sp                        stack        000000
___intlo_sp                        stack        000000
___lldiv                           text21       015D1C
___lldiv@counter                   cstackBANK0  00007D
___lldiv@dividend                  cstackBANK0  000071
___lldiv@divisor                   cstackBANK0  000075
___lldiv@quotient                  cstackBANK0  000079
___llmod                           text20       015FD8
___llmod@counter                   cstackBANK0  000079
___llmod@dividend                  cstackBANK0  000071
___llmod@divisor                   cstackBANK0  000075
___lwdiv                           text32       01619A
___lwdiv@counter                   cstackBANK0  000077
___lwdiv@dividend                  cstackBANK0  000071
___lwdiv@divisor                   cstackBANK0  000073
___lwdiv@quotient                  cstackBANK0  000075
___lwmod                           text31       016406
___lwmod@counter                   cstackBANK0  000075
___lwmod@dividend                  cstackBANK0  000071
___lwmod@divisor                   cstackBANK0  000073
___param_bank                      (abs)        000010
___rparam_used                     (abs)        000001
___sp                              stack        000000
___wmul                            text53       01668A
___wmul@multiplicand               cstackBANK0  000073
___wmul@multiplier                 cstackBANK0  000071
___wmul@product                    cstackBANK0  000075
___xxtofl                          text19       014E30
___xxtofl@arg                      cstackBANK0  00007B
___xxtofl@exp                      cstackBANK0  00007A
___xxtofl@sign                     cstackBANK0  000079
___xxtofl@val                      cstackBANK0  000071
__accesstop                        (abs)        000060
__activetblptr                     (abs)        000003
__div_to_l_                        text18       0156B2
__div_to_l_@cntr                   cstackBANK0  00007D
__div_to_l_@exp1                   cstackBANK0  00007E
__div_to_l_@f1                     cstackBANK0  000071
__div_to_l_@f2                     cstackBANK0  000075
__div_to_l_@quot                   cstackBANK0  000079
__end_of_CANInitialize             text2        0151C4
__end_of_CANOperationMode          text5        016892
__end_of_CANSetFilter              text4        010B06
__end_of_CANSetMask                text3        01464A
__end_of_CAN_Tx                    text54       015E92
__end_of_CANisRxReady              text62       0168A8
__end_of_CANisTxReady              text56       0167CC
__end_of_CANreceiveMessage         text61       01359E
__end_of_CANsendMessage            text55       0124E8
__end_of_Credits                   text42       016406
__end_of_F1_Button_Polling         text41       01687C
__end_of_F2_Button_Polling         text40       016860
__end_of_ISR_alta                  intcode_body 014E30
__end_of_ISR_bassa                 intcodelo    0000C0
__end_of_Joystick_Polling          text39       0164BC
__end_of_LCD_End                   text38       0163A2
__end_of_LCD_Error                 text37       01619A
__end_of_LCD_Gap                   text36       01633E
__end_of_LCD_Handler               text9        014BC4
__end_of_LCD_Park                  text8        0162DA
__end_of_LCD_Parking               text7        016276
__end_of_LCD_clear                 text48       016758
__end_of_LCD_cursor                text47       016726
__end_of_LCD_enable_pulse          text51       0167EE
__end_of_LCD_goto_line             text49       015BA0
__end_of_LCD_goto_xy               text34       016844
__end_of_LCD_initialize            text45       0159A8
__end_of_LCD_send_command          text50       016618
__end_of_LCD_shift_cursor          text35       016508
__end_of_LCD_write_char            text44       016108
__end_of_LCD_write_integer         text28       015384
__end_of_LCD_write_message         text43       0166F4
__end_of_LCD_write_string          text33       0167A8
__end_of_PWR_Button_Polling        text6        016828
__end_of___awdiv                   text16       015C5E
__end_of___awmod                   text15       015FD8
__end_of___fladd                   text24       013A46
__end_of___fldiv                   text27       0142AC
__end_of___flge                    text26       0156B2
__end_of___flmul                   text14       013EEC
__end_of___flneg                   text25       01668A
__end_of___flsub                   text23       016550
__end_of___fltol                   text22       015AB4
__end_of___lldiv                   text21       015DD8
__end_of___llmod                   text20       016072
__end_of___lwdiv                   text32       016212
__end_of___lwmod                   text31       016468
__end_of___wmul                    text53       0166C0
__end_of___xxtofl                  text19       014FFE
__end_of__div_to_l_                text18       01583A
__end_of__initialization           cinit        0165D4
__end_of__npowers_                 mediumconst  00FD01
__end_of__powers_                  mediumconst  00FD35
__end_of__tdiv_to_l_               text17       015522
__end_of_board_initialization      text1        015F36
__end_of_delay_ms                  text52       016652
__end_of_delay_set_quartz          text46       0168B2
__end_of_dpowers                   mediumconst  00FD5D
__end_of_fround                    text13       014940
__end_of_isdigit                   text12       016782
__end_of_itoa                      text29       016598
__end_of_main                      text0        0114C8
__end_of_scale                     text11       013092
__end_of_sprintf                   text10       011D5C
__end_of_utoa                      text30       015D1C
__end_ofi2_CANisTxReady            text60       01680C
__end_ofi2_CANsendMessage          text59       012B78
__initialization                   cinit        016598
__mediumconst                      mediumconst  00FCCC
__npowers_                         mediumconst  00FCCD
__pbitbssCOMRAM                    bitbssCOMRAM 000240
__pbssBANK0                        bssBANK0     0000CD
__pbssBANK1                        bssBANK1     000100
__pbssCOMRAM                       bssCOMRAM    000001
__pcinit                           cinit        016598
__pcstackBANK0                     cstackBANK0  000060
__pcstackBANK1                     cstackBANK1  00014D
__pcstackCOMRAM                    cstackCOMRAM 000026
__pdataBANK0                       dataBANK0    0000EC
__pidataBANK0                      idataBANK0   0168B2
__pintcode                         intcode      000008
__pintcode_body                    intcode_body 014BC4
__pintcodelo                       intcodelo    000018
__pmediumconst                     mediumconst  00FCCC
__powers_                          mediumconst  00FD01
__ptext0                           text0        010B06
__ptext1                           text1        015E92
__ptext10                          text10       0114C8
__ptext11                          text11       012B78
__ptext12                          text12       016758
__ptext13                          text13       01464A
__ptext14                          text14       013A46
__ptext15                          text15       015F36
__ptext16                          text16       015BA0
__ptext17                          text17       015384
__ptext18                          text18       0156B2
__ptext19                          text19       014E30
__ptext2                           text2        014FFE
__ptext20                          text20       015FD8
__ptext21                          text21       015D1C
__ptext22                          text22       0159A8
__ptext23                          text23       016508
__ptext24                          text24       01359E
__ptext25                          text25       016652
__ptext26                          text26       015522
__ptext27                          text27       013EEC
__ptext28                          text28       0151C4
__ptext29                          text29       016550
__ptext3                           text3        0142AC
__ptext30                          text30       015C5E
__ptext31                          text31       016406
__ptext32                          text32       01619A
__ptext33                          text33       016782
__ptext34                          text34       016828
__ptext35                          text35       0164BC
__ptext36                          text36       0162DA
__ptext37                          text37       016108
__ptext38                          text38       01633E
__ptext39                          text39       016468
__ptext4                           text4        010000
__ptext40                          text40       016844
__ptext41                          text41       016860
__ptext42                          text42       0163A2
__ptext43                          text43       0166C0
__ptext44                          text44       016072
__ptext45                          text45       01583A
__ptext46                          text46       0168A8
__ptext47                          text47       0166F4
__ptext48                          text48       016726
__ptext49                          text49       015AB4
__ptext5                           text5        01687C
__ptext50                          text50       0165DE
__ptext51                          text51       0167CC
__ptext52                          text52       016618
__ptext53                          text53       01668A
__ptext54                          text54       015DD8
__ptext55                          text55       011D5C
__ptext56                          text56       0167A8
__ptext59                          text59       0124E8
__ptext6                           text6        01680C
__ptext60                          text60       0167EE
__ptext61                          text61       013092
__ptext62                          text62       016892
__ptext7                           text7        016212
__ptext8                           text8        016276
__ptext9                           text9        014940
__ramtop                           ramtop       000D00
__size_of_CANInitialize            (abs)        000000
__size_of_CANOperationMode         (abs)        000000
__size_of_CANSetFilter             (abs)        000000
__size_of_CANSetMask               (abs)        000000
__size_of_CAN_Tx                   (abs)        000000
__size_of_CANisRxReady             (abs)        000000
__size_of_CANisTxReady             (abs)        000000
__size_of_CANreceiveMessage        (abs)        000000
__size_of_CANsendMessage           (abs)        000000
__size_of_Credits                  (abs)        000000
__size_of_F1_Button_Polling        (abs)        000000
__size_of_F2_Button_Polling        (abs)        000000
__size_of_ISR_alta                 (abs)        000000
__size_of_ISR_bassa                (abs)        000000
__size_of_Joystick_Polling         (abs)        000000
__size_of_LCD_End                  (abs)        000000
__size_of_LCD_Error                (abs)        000000
__size_of_LCD_Gap                  (abs)        000000
__size_of_LCD_Handler              (abs)        000000
__size_of_LCD_Park                 (abs)        000000
__size_of_LCD_Parking              (abs)        000000
__size_of_LCD_clear                (abs)        000000
__size_of_LCD_cursor               (abs)        000000
__size_of_LCD_enable_pulse         (abs)        000000
__size_of_LCD_goto_line            (abs)        000000
__size_of_LCD_goto_xy              (abs)        000000
__size_of_LCD_initialize           (abs)        000000
__size_of_LCD_send_command         (abs)        000000
__size_of_LCD_shift_cursor         (abs)        000000
__size_of_LCD_write_char           (abs)        000000
__size_of_LCD_write_integer        (abs)        000000
__size_of_LCD_write_message        (abs)        000000
__size_of_LCD_write_string         (abs)        000000
__size_of_PWR_Button_Polling       (abs)        000000
__size_of___awdiv                  (abs)        000000
__size_of___awmod                  (abs)        000000
__size_of___fladd                  (abs)        000000
__size_of___fldiv                  (abs)        000000
__size_of___flge                   (abs)        000000
__size_of___flmul                  (abs)        000000
__size_of___flneg                  (abs)        000000
__size_of___flsub                  (abs)        000000
__size_of___fltol                  (abs)        000000
__size_of___lldiv                  (abs)        000000
__size_of___llmod                  (abs)        000000
__size_of___lwdiv                  (abs)        000000
__size_of___lwmod                  (abs)        000000
__size_of___wmul                   (abs)        000000
__size_of___xxtofl                 (abs)        000000
__size_of__div_to_l_               (abs)        000000
__size_of__tdiv_to_l_              (abs)        000000
__size_of_board_initialization     (abs)        000000
__size_of_delay_ms                 (abs)        000000
__size_of_delay_set_quartz         (abs)        000000
__size_of_fround                   (abs)        000000
__size_of_isdigit                  (abs)        000000
__size_of_itoa                     (abs)        000000
__size_of_main                     (abs)        000000
__size_of_scale                    (abs)        000000
__size_of_sprintf                  (abs)        000000
__size_of_utoa                     (abs)        000000
__size_ofi2_CANisTxReady           (abs)        000000
__size_ofi2_CANsendMessage         (abs)        000000
__smallconst                       smallconst   000000
__tdiv_to_l_                       text17       015384
__tdiv_to_l_@cntr                  cstackBANK0  000080
__tdiv_to_l_@exp1                  cstackBANK0  000081
__tdiv_to_l_@f1                    cstackBANK0  000071
__tdiv_to_l_@f2                    cstackBANK0  000075
__tdiv_to_l_@quot                  cstackBANK0  00007C
_actual_speed                      bssBANK0     0000DF
_actual_speed_kmh                  bssCOMRAM    000001
_battery_charging                  bitbssCOMRAM 000245
_board_initialization              text1        015E92
_center_value_Y                    bssBANK0     0000E5
_check                             bssBANK0     0000D5
_clock_counter_reference           bssBANK0     0000E1
_collision_msg                     bitbssCOMRAM 000246
_collision_risk_value              bssBANK0     0000E6
_collision_sensor_distance         bssCOMRAM    00001D
_data                              bssBANK1     000125
_data_brake                        bssBANK1     00012D
_data_speed                        bssBANK1     000135
_data_steering                     bssBANK1     00013D
_delay_ms                          text52       016618
_delay_quartz_frequency_value      dataBANK0    0000EC
_delay_set_quartz                  text46       0168A8
_dir                               bssBANK0     0000E7
_display_refresh                   bitbssCOMRAM 000247
_dpowers                           mediumconst  00FD35
_fround                            text13       01464A
_fround$4191                       cstackBANK0  0000A0
_fround$4192                       cstackBANK0  00009C
_id                                bssCOMRAM    000005
_isdigit                           text12       016758
_isdigit$3774                      cstackBANK0  000072
_itoa                              text29       016550
_left_speed                        bssCOMRAM    00001F
_low_battery                       bitbssCOMRAM 000248
_main                              text0        010B06
_msg                               bssBANK1     00010A
_park_assist_state                 bssBANK1     000145
_parking_error                     bitbssCOMRAM 000249
_parking_message_E                 bitbssCOMRAM 00024A
_parking_message_ID                bssBANK0     0000E8
_parking_state                     bssBANK0     0000E9
_power_switch                      bitbssCOMRAM 00024B
_pr_time_1                         bssBANK0     0000D9
_pr_time_2                         bssCOMRAM    000009
_pr_time_3                         bssCOMRAM    00000D
_pr_time_4                         bssBANK1     000106
_pr_time_5                         bssCOMRAM    000011
_pr_time_6                         bssCOMRAM    000015
_pwr_credits                       bitbssCOMRAM 00024C
_right_speed                       bssCOMRAM    000021
_row_refresh                       bitbssCOMRAM 00024D
_scale                             text11       012B78
_scale$4193                        cstackBANK0  00009C
_set_speed                         bssBANK0     0000E3
_set_steering                      bssCOMRAM    000025
_space_available                   bitbssCOMRAM 00024E
_space_gap_reached                 bitbssCOMRAM 00024F
_sprintf                           text10       0114C8
_sprintf$4194                      cstackBANK1  00014D
_steering_correction               bssBANK0     0000EA
_steering_correction_dir           bitbssCOMRAM 000250
_str                               bssBANK1     000119
_switch_position                   bssBANK0     0000EB
_time_counter                      bssCOMRAM    000019
_user_data                         bssCOMRAM    000023
_user_stop                         bitbssCOMRAM 000251
_utoa                              text30       015C5E
_wait_low_1                        bitbssCOMRAM 000252
_wait_low_2                        bitbssCOMRAM 000253
_wait_low_3                        bitbssCOMRAM 000254
_x                                 bitbssCOMRAM 000255
_y                                 bitbssCOMRAM 000256
_z                                 bitbssCOMRAM 000257
btemp                              temp         00004B
delay_ms@value_ms                  cstackBANK0  000077
delay_set_quartz@frequency         cstackBANK0  000071
end_of_initialization              cinit        0165D4
fround@prec                        cstackBANK0  0000A4
i2CANsendMessage@data              cstackCOMRAM 00002A
i2CANsendMessage@dataLength        cstackCOMRAM 00002C
i2CANsendMessage@flags             cstackCOMRAM 00002D
i2CANsendMessage@identifier        cstackCOMRAM 000026
i2CANsendMessage@tamp              cstackCOMRAM 000032
i2_CANisTxReady                    text60       0167EE
i2_CANisTxReady$3168               cstackCOMRAM 000026
i2_CANsendMessage                  text59       0124E8
int$flags                          temp         00004B
int_func                           intcode_body 014BC4
intlevel0                          text         000000
intlevel1                          text         000000
intlevel2                          text         000000
intlevel3                          text         000000
isdigit@c                          cstackBANK0  000073
itoa@base                          cstackBANK0  000085
itoa@buf                           cstackBANK0  000081
itoa@cp                            cstackBANK0  000087
itoa@val                           cstackBANK0  000083
scale@scl                          cstackBANK0  0000A0
sprintf@ap                         cstackBANK1  000151
sprintf@c                          cstackBANK1  000165
sprintf@exp                        cstackBANK1  000159
sprintf@f                          cstackBANK0  0000C5
sprintf@flag                       cstackBANK1  000153
sprintf@fval                       cstackBANK1  000161
sprintf@prec                       cstackBANK1  00015F
sprintf@sp                         cstackBANK0  0000C3
sprintf@tmpval                     cstackBANK1  00015B
sprintf@val                        cstackBANK1  000155
stackhi                            (abs)        000CFF
stacklo                            (abs)        00016E
start                              init         0000C0
start_initialization               cinit        016598
utoa@base                          cstackBANK0  00007C
utoa@buf                           cstackBANK0  000078
utoa@c                             cstackBANK0  000080
utoa@v                             cstackBANK0  00007E
utoa@val                           cstackBANK0  00007A


FUNCTION INFORMATION:

 *************** function _main *****************
 Defined at:
		line 215 in file "RemoteCan.c"
 Parameters:    Size  Location     Type
		None
 Auto vars:     Size  Location     Type
		None
 Return value:  Size  Location     Type
                  1    wreg      void 
 Registers used:
		wreg, fsr1l, fsr1h, fsr2l, fsr2h, status,2, status,0, tblptrl, tblptrh, tblptru, prodl, prodh, cstack
 Tracked objects:
		On entry : 
		On exit  : 
		Unchanged: 
 Data sizes:     COMRAM   BANK0   BANK1   BANK2   BANK3   BANK4   BANK5   BANK6   BANK7   BANK8   BANK9  BANK10  BANK11  BANK12
      Params:         0       0       0       0       0       0       0       0       0       0       0       0       0       0
      Locals:         0       0       0       0       0       0       0       0       0       0       0       0       0       0
      Temps:          0       0       8       0       0       0       0       0       0       0       0       0       0       0
      Totals:         0       0       8       0       0       0       0       0       0       0       0       0       0       0
Total ram usage:        8 bytes
 Hardware stack levels required when called:   11
 This function calls:
		_CAN_Tx
		_CANisTxReady
		_CANsendMessage
		_Credits
		_F1_Button_Polling
		_F2_Button_Polling
		_Joystick_Polling
		_LCD_End
		_LCD_Error
		_LCD_Gap
		_LCD_Handler
		_LCD_Park
		_LCD_Parking
		_LCD_goto_line
		_LCD_initialize
		_LCD_write_message
		_PWR_Button_Polling
		___awdiv
		___fladd
		___flmul
		___flneg
		___fltol
		___xxtofl
		_board_initialization
		_delay_ms
 This function is called by:
		Startup code after reset
 This function uses a non-reentrant model


 *************** function _board_initialization *****************
 Defined at:
		line 712 in file "RemoteCan.c"
 Parameters:    Size  Location     Type
		None
 Auto vars:     Size  Location     Type
		None
 Return value:  Size  Location     Type
                  1    wreg      void 
 Registers used:
		wreg, status,2, status,0, prodl, prodh, cstack
 Tracked objects:
		On entry : 
		On exit  : 
		Unchanged: 
 Data sizes:     COMRAM   BANK0   BANK1   BANK2   BANK3   BANK4   BANK5   BANK6   BANK7   BANK8   BANK9  BANK10  BANK11  BANK12
      Params:         0       0       0       0       0       0       0       0       0       0       0       0       0       0
      Locals:         0       0       0       0       0       0       0       0       0       0       0       0       0       0
      Temps:          0       0       0       0       0       0       0       0       0       0       0       0       0       0
      Totals:         0       0       0       0       0       0       0       0       0       0       0       0       0       0
Total ram usage:        0 bytes
 Hardware stack levels used:    1
 Hardware stack levels required when called:    9
 This function calls:
		_CANInitialize
		_LCD_clear
		_LCD_goto_line
		_LCD_initialize
 This function is called by:
		_main
 This function uses a non-reentrant model


 *************** function _CANInitialize *****************
 Defined at:
		line 218 in file "../../../Desktop/LaurTec_PIC_libraries_v_3.3.1/inc\CANlib.h"
 Parameters:    Size  Location     Type
  propSeg         1    wreg     unsigned char 
  phaseSeg1       1   31[BANK0 ] unsigned char 
  phaseSeg2       1   32[BANK0 ] unsigned char 
[...]
Total ram usage:        6 bytes
 Hardware stack levels used:    1
 Hardware stack levels required when called:    3
 This function calls:
		Nothing
 This function is called by:
		_delay_ms
		_sprintf
 This function uses a non-reentrant model


 *************** function _CAN_Tx *****************
 Defined at:
		line 694 in file "RemoteCan.c"
 Parameters:    Size  Location     Type
		None
 Auto vars:     Size  Location     Type
		None
 Return value:  Size  Location     Type
                  1    wreg      void 
 Registers used:
		wreg, fsr2l, fsr2h, status,2, status,0, cstack
 Tracked objects:
		On entry : 
		On exit  : 
		Unchanged: 
 Data sizes:     COMRAM   BANK0   BANK1   BANK2   BANK3   BANK4   BANK5   BANK6   BANK7   BANK8   BANK9  BANK10  BANK11  BANK12
      Params:         0       0       0       0       0       0       0       0       0       0       0       0       0       0
      Locals:         0       0       0       0       0       0       0       0       0       0       0       0       0       0
      Temps:          0       0       0       0       0       0       0       0       0       0       0       0       0       0
      Totals:         0       0       0       0       0       0       0       0       0       0       0       0       0       0
Total ram usage:        0 bytes
 Hardware stack levels used:    1
 Hardware stack levels required when called:    4
 This function calls:
		_CANisTxReady
		_CANsendMessage
 This function is called by:
		_main
 This function uses a non-reentrant model


 *************** function _CANsendMessage *****************
 Defined at:
		line 294 in file "../../../Desktop/LaurTec_PIC_libraries_v_3.3.1/inc\CANlib.h"
 Parameters:    Size  Location     Type
  identifier      4   17[BANK0 ] unsigned long 
  data            2   21[BANK0 ] PTR unsigned char 
		 -> data_speed(8), park_assist_state(8), data_steering(8), data_brake(8), 
		 -> data(8), 
  dataLength      1   23[BANK0 ] unsigned char 
  flags           1   24[BANK0 ] enum E16771
 Auto vars:     Size  Location     Type
  tamp            4   29[BANK0 ] unsigned long 
 Return value:  Size  Location     Type
                  1    wreg      void 
 Registers used:
		wreg, fsr2l, fsr2h, status,2, status,0
 Tracked objects:
		On entry : 
		On exit  : 
		Unchanged: 
 Data sizes:     COMRAM   BANK0   BANK1   BANK2   BANK3   BANK4   BANK5   BANK6   BANK7   BANK8   BANK9  BANK10  BANK11  BANK12
      Params:         0       8       0       0       0       0       0       0       0       0       0       0       0       0
      Locals:         0       4       0       0       0       0       0       0       0       0       0       0       0       0
      Temps:          0       4       0       0       0       0       0       0       0       0       0       0       0       0
      Totals:         0      16       0       0       0       0       0       0       0       0       0       0       0       0
Total ram usage:       16 bytes
 Hardware stack levels used:    1
 Hardware stack levels required when called:    3
 This function calls:
		Nothing
 This function is called by:
		_main
		_LCD_Handler
		_CAN_Tx
 This function uses a non-reentrant model


 *************** function _CANisTxReady *****************
 Defined at:
		line 1154 in file "../../../Desktop/LaurTec_PIC_libraries_v_3.3.1/inc\CANlib.h"
 Parameters:    Size  Location     Type
		None
 Auto vars:     Size  Location     Type
		None
 Return value:  Size  Location     Type
                  1    wreg      unsigned char 
 Registers used:
		wreg, status,2
 Tracked objects:
		On entry : 
		On exit  : 
		Unchanged: 
 Data sizes:     COMRAM   BANK0   BANK1   BANK2   BANK3   BANK4   BANK5   BANK6   BANK7   BANK8   BANK9  BANK10  BANK11  BANK12
      Params:         0       0       0       0       0       0       0       0       0       0       0       0       0       0
      Locals:         0       1       0       0       0       0       0       0       0       0       0       0       0       0
      Temps:          0       0       0       0       0       0       0       0       0       0       0       0       0       0
      Totals:         0       1       0       0       0       0       0       0       0       0       0       0       0       0
Total ram usage:        1 bytes
 Hardware stack levels used:    1
 Hardware stack levels required when called:    3
 This function calls:
		Nothing
 This function is called by:
		_main
		_LCD_Handler
		_CAN_Tx
 This function uses a non-reentrant model


 *************** function _ISR_bassa *****************
 Defined at:
		line 206 in file "RemoteCan.c"
 Parameters:    Size  Location     Type
		None
 Auto vars:     Size  Location     Type
		None
 Return value:  Size  Location     Type
                  1    wreg      void 
 Registers used:
		wreg, status,2, status,0
 Tracked objects:
		On entry : 
		On exit  : 
		Unchanged: 
 Data sizes:     COMRAM   BANK0   BANK1   BANK2   BANK3   BANK4   BANK5   BANK6   BANK7   BANK8   BANK9  BANK10  BANK11  BANK12
      Params:         0       0       0       0       0       0       0       0       0       0       0       0       0       0
      Locals:         0       0       0       0       0       0       0       0       0       0       0       0       0       0
      Temps:          0      17       0       0       0       0       0       0       0       0       0       0       0       0
      Totals:         0      17       0       0       0       0       0       0       0       0       0       0       0       0
Total ram usage:       17 bytes
 Hardware stack levels used:    1
 Hardware stack levels required when called:    2
 This function calls:
		Nothing
 This function is called by:
		Interrupt level 1
 This function uses a non-reentrant model


 *************** function _ISR_alta *****************
 Defined at:
		line 123 in file "RemoteCan.c"
 Parameters:    Size  Location     Type
		None
 Auto vars:     Size  Location     Type
		None
 Return value:  Size  Location     Type
                  1    wreg      void 
 Registers used:
		wreg, fsr2l, fsr2h, status,2, status,0, cstack
 Tracked objects:
		On entry : 
		On exit  : 
		Unchanged: 
 Data sizes:     COMRAM   BANK0   BANK1   BANK2   BANK3   BANK4   BANK5   BANK6   BANK7   BANK8   BANK9  BANK10  BANK11  BANK12
      Params:         0       0       0       0       0       0       0       0       0       0       0       0       0       0
      Locals:         0       0       0       0       0       0       0       0       0       0       0       0       0       0
      Temps:         18       0       0       0       0       0       0       0       0       0       0       0       0       0
      Totals:        18       0       0       0       0       0       0       0       0       0       0       0       0       0
Total ram usage:       18 bytes
 Hardware stack levels used:    1
 Hardware stack levels required when called:    1
 This function calls:
		_CANisRxReady
		_CANreceiveMessage
		i2_CANisTxReady
		i2_CANsendMessage
 This function is called by:
		Interrupt level 2
 This function uses a non-reentrant model


 *************** function i2_CANsendMessage *****************
 Defined at:
		line 294 in file "../../../Desktop/LaurTec_PIC_libraries_v_3.3.1/inc\CANlib.h"
 Parameters:    Size  Location     Type
  identifier      4    0[COMRAM] unsigned long 
  data            2    4[COMRAM] PTR unsigned char 
		 -> data_speed(8), park_assist_state(8), data_steering(8), data_brake(8), 
		 -> data(8), 
  dataLength      1    6[COMRAM] unsigned char 
  flags           1    7[COMRAM] enum E16771
 Auto vars:     Size  Location     Type
  CANsendMessa    4   12[COMRAM] unsigned long 
 Return value:  Size  Location     Type
                  1    wreg      void 
 Registers used:
		wreg, fsr2l, fsr2h, status,2, status,0
 Tracked objects:
		On entry : 
		On exit  : 
		Unchanged: 
 Data sizes:     COMRAM   BANK0   BANK1   BANK2   BANK3   BANK4   BANK5   BANK6   BANK7   BANK8   BANK9  BANK10  BANK11  BANK12
      Params:         8       0       0       0       0       0       0       0       0       0       0       0       0       0
      Locals:         4       0       0       0       0       0       0       0       0       0       0       0       0       0
      Temps:          4       0       0       0       0       0       0       0       0       0       0       0       0       0
      Totals:        16       0       0       0       0       0       0       0       0       0       0       0       0       0
Total ram usage:       16 bytes
 Hardware stack levels used:    1
 This function calls:
		Nothing
 This function is called by:
		_ISR_alta
 This function uses a non-reentrant model


 *************** function i2_CANisTxReady *****************
 Defined at:
		line 1154 in file "../../../Desktop/LaurTec_PIC_libraries_v_3.3.1/inc\CANlib.h"
 Parameters:    Size  Location     Type
		None
 Auto vars:     Size  Location     Type
		None
 Return value:  Size  Location     Type
                  1    wreg      unsigned char 
 Registers used:
		wreg, status,2
 Tracked objects:
		On entry : 
		On exit  : 
		Unchanged: 
 Data sizes:     COMRAM   BANK0   BANK1   BANK2   BANK3   BANK4   BANK5   BANK6   BANK7   BANK8   BANK9  BANK10  BANK11  BANK12
      Params:         0       0       0       0       0       0       0       0       0       0       0       0       0       0
      Locals:         1       0       0       0       0       0       0       0       0       0       0       0       0       0
      Temps:          0       0       0       0       0       0       0       0       0       0       0       0       0       0
      Totals:         1       0       0       0       0       0       0       0       0       0       0       0       0       0
Total ram usage:        1 bytes
 Hardware stack levels used:    1
 This function calls:
		Nothing
 This function is called by:
		_ISR_alta
 This function uses a non-reentrant model


 *************** function _CANreceiveMessage *****************
 Defined at:
		line 528 in file "../../../Desktop/LaurTec_PIC_libraries_v_3.3.1/inc\CANlib.h"
 Parameters:    Size  Location     Type
  msg             2    0[COMRAM] PTR struct .
		 -> msg(15), 
 Auto vars:     Size  Location     Type
  tamp            1   11[COMRAM] unsigned char 
  error           1   10[COMRAM] unsigned char 
 Return value:  Size  Location     Type
                  1    wreg      unsigned char 
 Registers used:
		wreg, fsr2l, fsr2h, status,2, status,0
 Tracked objects:
		On entry : 
		On exit  : 
		Unchanged: 
 Data sizes:     COMRAM   BANK0   BANK1   BANK2   BANK3   BANK4   BANK5   BANK6   BANK7   BANK8   BANK9  BANK10  BANK11  BANK12
      Params:         2       0       0       0       0       0       0       0       0       0       0       0       0       0
      Locals:         2       0       0       0       0       0       0       0       0       0       0       0       0       0
      Temps:          8       0       0       0       0       0       0       0       0       0       0       0       0       0
      Totals:        12       0       0       0       0       0       0       0       0       0       0       0       0       0
Total ram usage:       12 bytes
 Hardware stack levels used:    1
 This function calls:
		Nothing
 This function is called by:
		_ISR_alta
 This function uses a non-reentrant model


 *************** function _CANisRxReady *****************
 Defined at:
		line 1163 in file "../../../Desktop/LaurTec_PIC_libraries_v_3.3.1/inc\CANlib.h"
 Parameters:    Size  Location     Type
		None
 Auto vars:     Size  Location     Type
		None
 Return value:  Size  Location     Type
                  1    wreg      unsigned char 
 Registers used:
		wreg, status,2
 Tracked objects:
		On entry : 
		On exit  : 
		Unchanged: 
 Data sizes:     COMRAM   BANK0   BANK1   BANK2   BANK3   BANK4   BANK5   BANK6   BANK7   BANK8   BANK9  BANK10  BANK11  BANK12
      Params:         0       0       0       0       0       0       0       0       0       0       0       0       0       0
      Locals:         1       0       0       0       0       0       0       0       0       0       0       0       0       0
      Temps:          0       0       0       0       0       0       0       0       0       0       0       0       0       0
      Totals:         1       0       0       0       0       0       0       0       0       0       0       0       0       0
Total ram usage:        1 bytes
 Hardware stack levels used:    1
 This function calls:
		Nothing
 This function is called by:
		_ISR_alta
 This function uses a non-reentrant model



MODULE INFORMATION

Module		Function		Class		Link	Load	Size
../../../Desktop/LaurTec_PIC_libraries_v_3.3.1/inc\CANlib.h
		_CANSetFilter  		CODE           	10000	0000	2823
		_CANisRxReady  		CODE           	16892	0000	23
		_CANreceiveMessage		CODE           	13092	0000	1293
		_CANsendMessage		CODE           	11D5C	0000	1933
		_CANInitialize 		CODE           	14FFE	0000	455
		_CANOperationMode		CODE           	1687C	0000	23
		_CANisTxReady  		CODE           	167A8	0000	37
		_CANSetMask    		CODE           	142AC	0000	927

../../../Desktop/LaurTec_PIC_libraries_v_3.3.1/inc\CANlib.h estimated size: 7514

C:\Program Files (x86)\Microchip\xc8\v1.37\sources\common\sprcdiv.c
		___fldiv       		CODE           	13EEC	0000	961

C:\Program Files (x86)\Microchip\xc8\v1.37\sources\common\sprcdiv.c estimated size: 961

C:\Program Files (x86)\Microchip\xc8\v1.37\sources\common\llmod.c
		___llmod       		CODE           	15FD8	0000	155

C:\Program Files (x86)\Microchip\xc8\v1.37\sources\common\llmod.c estimated size: 155

C:\Program Files (x86)\Microchip\xc8\v1.37\sources\common\doprnt.c
		_scale         		CODE           	12B78	0000	1307
		_sprintf       		CODE           	114C8	0000	2197
		_fround        		CODE           	1464A	0000	759

C:\Program Files (x86)\Microchip\xc8\v1.37\sources\common\doprnt.c estimated size: 4263

C:\Program Files (x86)\Microchip\xc8\v1.37\sources\common\Umul16.c
		___wmul        		CODE           	1668A	0000	55

C:\Program Files (x86)\Microchip\xc8\v1.37\sources\common\Umul16.c estimated size: 55

C:\Program Files (x86)\Microchip\xc8\v1.37\sources\common\lwdiv.c
		___lwdiv       		CODE           	1619A	0000	121

C:\Program Files (x86)\Microchip\xc8\v1.37\sources\common\lwdiv.c estimated size: 121

C:\Program Files (x86)\Microchip\xc8\v1.37\sources\common\awdiv.c
		___awdiv       		CODE           	15BA0	0000	191

C:\Program Files (x86)\Microchip\xc8\v1.37\sources\common\awdiv.c estimated size: 191

C:\Program Files (x86)\Microchip\xc8\v1.37\sources\common\fltol.c
		___fltol       		CODE           	159A8	0000	269

C:\Program Files (x86)\Microchip\xc8\v1.37\sources\common\fltol.c estimated size: 269

C:\Program Files (x86)\Microchip\xc8\v1.37\sources\common\isdigit.c
		_isdigit       		CODE           	16758	0000	43

C:\Program Files (x86)\Microchip\xc8\v1.37\sources\common\isdigit.c estimated size: 43

C:\Program Files (x86)\Microchip\xc8\v1.37\sources\common\sprcadd.c
		___flsub       		CODE           	16508	0000	73
		___fladd       		CODE           	1359E	0000	1193

C:\Program Files (x86)\Microchip\xc8\v1.37\sources\common\sprcadd.c estimated size: 1266

C:\Program Files (x86)\Microchip\xc8\v1.37\sources\common\lldiv.c
		___lldiv       		CODE           	15D1C	0000	189

C:\Program Files (x86)\Microchip\xc8\v1.37\sources\common\lldiv.c estimated size: 189

C:\Program Files (x86)\Microchip\xc8\v1.37\sources\common\ftdivl.c
		__tdiv_to_l_   		CODE           	15384	0000	415

C:\Program Files (x86)\Microchip\xc8\v1.37\sources\common\ftdivl.c estimated size: 415

C:\Program Files (x86)\Microchip\xc8\v1.37\sources\common\fldivl.c
		__div_to_l_    		CODE           	156B2	0000	393

C:\Program Files (x86)\Microchip\xc8\v1.37\sources\common\fldivl.c estimated size: 393

../../../Desktop/LaurTec_PIC_libraries_v_3.3.1/src\delay.c
		_delay_set_quartz		CODE           	168A8	0000	11
		_delay_ms      		CODE           	16618	0000	59

../../../Desktop/LaurTec_PIC_libraries_v_3.3.1/src\delay.c estimated size: 70

shared
		i2_CANisTxReady		CODE           	167EE	0000	31
		__powers_      		MEDIUMCONST    	FD01	0000	53
		_dpowers       		MEDIUMCONST    	FD35	0000	41
		__npowers_     		MEDIUMCONST    	FCCD	0000	53
		__initialization		CODE           	16598	0000	61
		i2_CANsendMessage		CODE           	124E8	0000	1681

shared estimated size: 1920

C:\Program Files (x86)\Microchip\xc8\v1.37\sources\common\itoa.c
		_itoa          		CODE           	16550	0000	73
		_utoa          		CODE           	15C5E	0000	191

C:\Program Files (x86)\Microchip\xc8\v1.37\sources\common\itoa.c estimated size: 264

C:\Program Files (x86)\Microchip\xc8\v1.37\sources\common\flneg.c
		___flneg       		CODE           	16652	0000	57

C:\Program Files (x86)\Microchip\xc8\v1.37\sources\common\flneg.c estimated size: 57

C:\Program Files (x86)\Microchip\xc8\v1.37\sources\common\flge.c
		___flge        		CODE           	15522	0000	401

C:\Program Files (x86)\Microchip\xc8\v1.37\sources\common\flge.c estimated size: 401

../../../Desktop/LaurTec_PIC_libraries_v_3.3.1/src\LCD_44780.c
		_LCD_clear     		CODE           	16726	0000	51
		_LCD_cursor    		CODE           	166F4	0000	51
		_LCD_goto_xy   		CODE           	16828	0000	29
		_LCD_goto_line 		CODE           	15AB4	0000	237
		_LCD_shift_cursor		CODE           	164BC	0000	77
		_LCD_write_string		CODE           	16782	0000	39
		_LCD_enable_pulse		CODE           	167CC	0000	35
		_LCD_write_message		CODE           	166C0	0000	53
		_LCD_write_char		CODE           	16072	0000	151
		_LCD_write_integer		CODE           	151C4	0000	449
		_LCD_send_command		CODE           	165DE	0000	59
		_LCD_initialize		CODE           	1583A	0000	367

../../../Desktop/LaurTec_PIC_libraries_v_3.3.1/src\LCD_44780.c estimated size: 1598

C:\Program Files (x86)\Microchip\xc8\v1.37\sources\common\xxtofl.c
		___xxtofl      		CODE           	14E30	0000	463

C:\Program Files (x86)\Microchip\xc8\v1.37\sources\common\xxtofl.c estimated size: 463

RemoteCan.c
		_LCD_Parking   		CODE           	16212	0000	101
		_LCD_Gap       		CODE           	162DA	0000	101
		_Credits       		CODE           	163A2	0000	101
		_main          		CODE           	10B06	0000	2499
		_PWR_Button_Polling		CODE           	1680C	0000	29
		_CAN_Tx        		CODE           	15DD8	0000	187
		_board_initialization		CODE           	15E92	0000	165
		_Joystick_Polling		CODE           	16468	0000	85
		_ISR_bassa     		CODE           	0018	0000	169
		_F1_Button_Polling		CODE           	16860	0000	29
		_F2_Button_Polling		CODE           	16844	0000	29
		_LCD_Handler   		CODE           	14940	0000	645
		_LCD_End       		CODE           	1633E	0000	101
		_LCD_Error     		CODE           	16108	0000	147
		_ISR_alta      		CODE           	0008	0000	635
		_LCD_Park      		CODE           	16276	0000	101

RemoteCan.c estimated size: 5124

C:\Program Files (x86)\Microchip\xc8\v1.37\sources\common\lwmod.c
		___lwmod       		CODE           	16406	0000	99

C:\Program Files (x86)\Microchip\xc8\v1.37\sources\common\lwmod.c estimated size: 99

C:\Program Files (x86)\Microchip\xc8\v1.37\sources\common\sprcmul.c
		___flmul       		CODE           	13A46	0000	1191

C:\Program Files (x86)\Microchip\xc8\v1.37\sources\common\sprcmul.c estimated size: 1191

C:\Program Files (x86)\Microchip\xc8\v1.37\sources\common\awmod.c
		___awmod       		CODE           	15F36	0000	163

C:\Program Files (x86)\Microchip\xc8\v1.37\sources\common\awmod.c estimated size: 163

