Microchip MPLAB XC8 Compiler V1.35 ()

Linker command line:

--edf=C:\Program Files (x86)\Microchip\xc8\v1.35\dat\en_msgs.txt -cs \
  -h+dist/default/production\RemoteCan.X.production.sym \
  --cmf=dist/default/production\RemoteCan.X.production.cmf -z -Q18F4685 \
  -oC:\Users\Simone\AppData\Local\Temp\s4ko.2 \
  -Mdist/default/production/RemoteCan.X.production.map -E1 -ver=XC8 \
  --acfsm=1493 -ASTACK=012Dh-0cffh -pstack=STACK -ACODE=00h-017FFFh \
  -ACONST=00h-017FFFh -ASMALLCONST=0D00h-0DFFhx371 \
  -AMEDIUMCONST=0D00h-0FFFFh,010D00h-017FFFh -ACOMRAM=01h-05Fh \
  -AABS1=00h-0CFFh -ABIGRAM=01h-0CFFh -ARAM=060h-0FFh,0100h-01FFhx12 \
  -ABANK0=060h-0FFh -ABANK1=0100h-01FFh -ABANK2=0200h-02FFh \
  -ABANK3=0300h-03FFh -ABANK4=0400h-04FFh -ABANK5=0500h-05FFh \
  -ABANK6=0600h-06FFh -ABANK7=0700h-07FFh -ABANK8=0800h-08FFh \
  -ABANK9=0900h-09FFh -ABANK10=0A00h-0AFFh -ABANK11=0B00h-0BFFh \
  -ABANK12=0C00h-0CFFh -ASFR=0D00h-0DFFhx2,0F00h-0F5Fh,0F60h-0FFFh \
  -preset_vec=00h,intcode=08h,intcodelo=018h,powerup,init,end_init \
  -pramtop=0D00h -psmallconst=SMALLCONST -pmediumconst=MEDIUMCONST \
  -pconst=CONST -AFARRAM=00h-00h -ACONFIG=0300000h-030000Dh -pconfig=CONFIG \
  -AIDLOC=0200000h-0200007h -pidloc=IDLOC -AEEDATA=0F00000h-0F003FFh \
  -peeprom_data=EEDATA \
  -prdata=COMRAM,nvrram=COMRAM,nvbit=COMRAM,rbss=COMRAM,rbit=COMRAM \
  -pfarbss=FARRAM,fardata=FARRAM,nvFARRAM=FARRAM \
  -pintsave_regs=BIGRAM,bigbss=BIGRAM,bigdata=BIGRAM -pbss=RAM \
  -pidata=CODE,irdata=CODE,ibigdata=CODE,ifardata=CODE -prparam=COMRAM \
  C:\Users\Simone\AppData\Local\Temp\s4ko.obj \
  dist/default/production\RemoteCan.X.production.obj 

Object code version is 3.11

Machine type is 18F4685

Call graph: (short form)




                Name                               Link     Load   Length Selector   Space Scale
C:\Users\Simone\AppData\Local\Temp\s4ko.obj
                end_init                             C2       C2        4        C       0
                reset_vec                             0        0        4        0       0
                idloc                            200000   200000        8   200000       0
                config                           300000   300000        E   300000       0
dist/default/production\RemoteCan.X.production.obj
                intcodelo                            18       18       AA        C       0
                intcode                               8        8        E        4       0
                temp                                 48       48        1        1       1
                mediumconst                        FEDC     FEDC      124     7F6E       0
                text47                            1537C    1537C       16     8000       0
                text46                            12040    12040      50C     8000       0
                intcode_body                      14B92    14B92       DE     8000       0
                text43                            1139A    1139A      78C     8000       0
                text42                            14E8C    14E8C       A0     8000       0
                text41                            15304    15304       24     8000       0
                text40                            13CE4    13CE4      1CE     8000       0
                text39                            148C2    148C2      106     8000       0
                text38                            1505C    1505C       54     8000       0
                text37                            151E6    151E6       36     8000       0
                text36                            15174    15174       3A     8000       0
                text35                            15328    15328       22     8000       0
                text34                            1513A    1513A       3A     8000       0
                text33                            15282    15282       32     8000       0
                text32                            149C8    149C8       EC     8000       0
                text31                            14FC6    14FC6       96     8000       0
                text30                            1521C    1521C       34     8000       0
                text29                            152DE    152DE       26     8000       0
                text28                            13290    13290      3C0     8000       0
                text27                            14216    14216      190     8000       0
                text26                            151AE    151AE       38     8000       0
                text25                            1254C    1254C      4A8     8000       0
                text24                            150B0    150B0       48     8000       0
                text23                            147B6    147B6      10C     8000       0
                text22                            14D2E    14D2E       BC     8000       0
                text21                            14F2C    14F2C       9A     8000       0
                text20                            143A6    143A6      188     8000       0
                text19                            14078    14078      19E     8000       0
                text18                            14C70    14C70       BE     8000       0
                text17                            14DEA    14DEA       A2     8000       0
                text16                            129F4    129F4      4A6     8000       0
                text15                            139EE    139EE      2F6     8000       0
                text14                            152B4    152B4       2A     8000       0
                text13                            11B26    11B26      51A     8000       0
                text12                            10B06    10B06      894     8000       0
                text11                            1469C    1469C      11A     8000       0
                text10                            1534A    1534A       1C     8000       0
                text9                             15366    15366       16     8000       0
                text8                             10000    10000      B06     8000       0
                text7                             13650    13650      39E     8000       0
                text6                             13EB2    13EB2      1C6     8000       0
                text5                             15392    15392       12     8000       0
                text4                             15250    15250       32     8000       0
                text3                             153A4    153A4        A     8000       0
                text2                             1452E    1452E      16E     8000       0
                text1                             14AB4    14AB4       DE     8000       0
                text0                             12E9A    12E9A      3F6     8000       0
                cstackCOMRAM                         29       29       1E        1       1
                cstackBANK0                          60       60       68       60       1
                cstackBANK1                         100      100       21      100       1
                bssBANK1                            121      121        C      100       1
                dataBANK0                            EF       EF        1       60       1
                bssBANK0                             C8       C8       27       60       1
                bssCOMRAM                             1        1       28        1       1
                bitbssCOMRAM                        238       47        7        1       1     8
                cinit                             150F8    150F8       42     8000       0
                idataBANK0                        153AE    153AE        1     8000       0

TOTAL           Name                               Link     Load   Length     Space
        CLASS   STACK          

        CLASS   CODE           
                end_init                             C2       C2        4         0
                intcodelo                            18       18       AA         0
                intcode                               8        8        E         0
                reset_vec                             0        0        4         0
                text47                            1537C    1537C       16         0
                text46                            12040    12040      50C         0
                intcode_body                      14B92    14B92       DE         0
                text43                            1139A    1139A      78C         0
                text42                            14E8C    14E8C       A0         0
                text41                            15304    15304       24         0
                text40                            13CE4    13CE4      1CE         0
                text39                            148C2    148C2      106         0
                text38                            1505C    1505C       54         0
                text37                            151E6    151E6       36         0
                text36                            15174    15174       3A         0
                text35                            15328    15328       22         0
                text34                            1513A    1513A       3A         0
                text33                            15282    15282       32         0
                text32                            149C8    149C8       EC         0
                text31                            14FC6    14FC6       96         0
                text30                            1521C    1521C       34         0
                text29                            152DE    152DE       26         0
                text28                            13290    13290      3C0         0
                text27                            14216    14216      190         0
                text26                            151AE    151AE       38         0
                text25                            1254C    1254C      4A8         0
                text24                            150B0    150B0       48         0
                text23                            147B6    147B6      10C         0
                text22                            14D2E    14D2E       BC         0
                text21                            14F2C    14F2C       9A         0
                text20                            143A6    143A6      188         0
                text19                            14078    14078      19E         0
                text18                            14C70    14C70       BE         0
                text17                            14DEA    14DEA       A2         0
                text16                            129F4    129F4      4A6         0
                text15                            139EE    139EE      2F6         0
                text14                            152B4    152B4       2A         0
                text13                            11B26    11B26      51A         0
                text12                            10B06    10B06      894         0
                text11                            1469C    1469C      11A         0
                text10                            1534A    1534A       1C         0
                text9                             15366    15366       16         0
                text8                             10000    10000      B06         0
                text7                             13650    13650      39E         0
                text6                             13EB2    13EB2      1C6         0
                text5                             15392    15392       12         0
                text4                             15250    15250       32         0
                text3                             153A4    153A4        A         0
                text2                             1452E    1452E      16E         0
                text1                             14AB4    14AB4       DE         0
                text0                             12E9A    12E9A      3F6         0
                cinit                             150F8    150F8       42         0
                idataBANK0                        153AE    153AE        1         0

        CLASS   CONST          

        CLASS   SMALLCONST     

        CLASS   MEDIUMCONST    
                mediumconst                        FEDC     FEDC      124         0

        CLASS   COMRAM         
                temp                                 48       48        1         1
                cstackCOMRAM                         29       29       1E         1
                bssCOMRAM                             1        1       28         1
                bitbssCOMRAM                        238       47        7         1

        CLASS   ABS1           

        CLASS   BIGRAM         

        CLASS   RAM            

        CLASS   BANK0          
                cstackBANK0                          60       60       68         1
                dataBANK0                            EF       EF        1         1
                bssBANK0                             C8       C8       27         1

        CLASS   BANK1          
                cstackBANK1                         100      100       21         1
                bssBANK1                            121      121        C         1

        CLASS   BANK2          

        CLASS   BANK3          

        CLASS   BANK4          

        CLASS   BANK5          

        CLASS   BANK6          

        CLASS   BANK7          

        CLASS   BANK8          

        CLASS   BANK9          

        CLASS   BANK10         

        CLASS   BANK11         

        CLASS   BANK12         

        CLASS   SFR            

        CLASS   FARRAM         

        CLASS   CONFIG         
                config                           300000   300000        E         0

        CLASS   IDLOC          
                idloc                            200000   200000        8         0

        CLASS   EEDATA         



SEGMENTS        Name                           Load    Length   Top    Selector   Space  Class

                reset_vec                      000000  000004  000004         0       0  CODE    
                bssCOMRAM                      000001  000048  000049         1       1  COMRAM  
                intcode                        000008  00000E  000016         4       0  CODE    
                intcodelo                      000018  0000AE  0000C6         C       0  CODE    
                cstackBANK0                    000060  000090  0000F0        60       1  BANK0   
                cstackBANK1                    000100  00002D  00012D       100       1  BANK1   
                mediumconst                    00FEDC  000124  010000      7F6E       0  MEDIUMCO
                text8                          010000  0053AF  0153AF      8000       0  CODE    
                idloc                          200000  000008  200008    200000       0  IDLOC   
                config                         300000  00000E  30000E    300000       0  CONFIG  


UNUSED ADDRESS RANGES

        Name                Unused          Largest block    Delta
        BANK0            0000F0-0000FF               10
        BANK1            00012D-0001FF               D3
        BANK10           000A00-000AFF              100
        BANK11           000B00-000BFF              100
        BANK12           000C00-000CFF              100
        BANK2            000200-0002FF              100
        BANK3            000300-0003FF              100
        BANK4            000400-0004FF              100
        BANK5            000500-0005FF              100
        BANK6            000600-0006FF              100
        BANK7            000700-0007FF              100
        BANK8            000800-0008FF              100
        BANK9            000900-0009FF              100
        BIGRAM           000049-00005F               17
                         0000F0-0000FF               10
                         00012D-000CFF              BD3
        CODE             000004-000007                4
                         000016-000017                2
                         0000C6-00FEDB             FE16
                         0153AF-017FFF             2C51
        COMRAM           000049-00005F               17
        CONST            000004-000007                4
                         000016-000017                2
                         0000C6-00FEDB             FE16
                         0153AF-017FFF             2C51
        EEDATA           F00000-F003FF              400
        MEDIUMCONST      000D00-00FEDB             F1DC
                         0153AF-017FFF             2C51
        RAM              0000F0-0000FF               10
                         00012D-000CFF              100
        SFR              000D00-000FFF              100
        SMALLCONST       000D00-00FEDB              100
                         0153AF-017FFF              100
        STACK            00012D-000CFF              BD3

                                  Symbol Table

?___awdiv                       cstackBANK0  000074
?___awmod                       cstackBANK0  00006E
?___fladd                       cstackBANK0  0000A2
?___fldiv                       cstackBANK0  00006E
?___flmul                       cstackBANK0  00007C
?___flneg                       cstackBANK0  00006E
?___flsub                       cstackBANK0  0000B6
?___fltol                       cstackBANK0  00009E
?___lldiv                       cstackBANK0  00006E
?___llmod                       cstackBANK0  00006E
?___wmul                        cstackBANK0  00006E
?___xxtofl                      cstackBANK0  00006E
?__div_to_l_                    cstackBANK0  00006E
?__tdiv_to_l_                   cstackBANK0  00006E
?_fround                        cstackBANK0  000095
?_scale                         cstackBANK0  000095
?_sprintf                       cstackBANK0  0000BE
CANInitialize@BRP               cstackBANK0  00007F
CANInitialize@FilterConfig1     cstackBANK0  000086
CANInitialize@FilterConfig2     cstackBANK0  000087
CANInitialize@SJW               cstackBANK0  00007E
CANInitialize@flags             cstackBANK0  000080
CANInitialize@phaseSeg1         cstackBANK0  00007C
CANInitialize@phaseSeg2         cstackBANK0  00007D
CANInitialize@propSeg           cstackBANK0  000085
CANOperationMode@mode           cstackBANK0  00006E
CANSetFilter@filter             cstackBANK0  00006E
CANSetFilter@numBuffer          cstackBANK0  000077
CANSetFilter@tamp               cstackBANK0  000078
CANSetFilter@type               cstackBANK0  000072
CANSetMask@mask                 cstackBANK0  00006E
CANSetMask@numBuffer            cstackBANK0  000077
CANSetMask@tamp                 cstackBANK0  000078
CANSetMask@type                 cstackBANK0  000072
CANreceiveMessage@error         cstackCOMRAM 000044
CANreceiveMessage@msg           cstackCOMRAM 00003A
CANreceiveMessage@tamp          cstackCOMRAM 000045
CANsendMessage@data             cstackBANK0  000072
CANsendMessage@dataLength       cstackBANK0  000074
CANsendMessage@flags            cstackBANK0  000075
CANsendMessage@identifier       cstackBANK0  00006E
CANsendMessage@tamp             cstackBANK0  00007A
ISR_alta@i                      cstackCOMRAM 000046
Joystick_Polling@i              cstackBANK0  00006F
LCD_backlight@active            cstackBANK0  00006E
LCD_cursor@active               cstackBANK0  00007B
LCD_cursor@blinking             cstackBANK0  00007A
LCD_goto_line@line              cstackBANK0  00007A
LCD_initialize@quartz_frequency cstackBANK0  00007C
LCD_send_command@D0             cstackBANK0  000078
LCD_send_command@D1             cstackBANK0  000077
LCD_send_command@D2             cstackBANK0  000076
LCD_send_command@D3             cstackBANK0  000079
LCD_write_char@D0               cstackBANK0  00007D
LCD_write_char@D1               cstackBANK0  00007C
LCD_write_char@D2               cstackBANK0  00007B
LCD_write_char@D3               cstackBANK0  00007A
LCD_write_char@value            cstackBANK0  00007E
LCD_write_integer@F17272        bssCOMRAM    000001
LCD_write_message@buffer        cstackBANK0  00007F
LCD_write_string@buffer         cstackBANK0  00007F
_ADCON0bits                     (abs)        000FC2
_ADCON1                         (abs)        000FC1
_ADCON2bits                     (abs)        000FC0
_ADRESH                         (abs)        000FC4
_AbsFlag                        bitbssCOMRAM 000238
_BRGCON1                        (abs)        000F70
_BRGCON2                        (abs)        000F71
_BRGCON2bits                    (abs)        000F71
_BRGCON3                        (abs)        000F72
_BRGCON3bits                    (abs)        000F72
_CANCON                         (abs)        000F6F
_CANCONbits                     (abs)        000F6F
_CANInitialize                  text6        013EB2
_CANOperationMode               text9        015366
_CANSTAT                        (abs)        000F6E
_CANSetFilter                   text8        010000
_CANSetMask                     text7        013650
_CAN_Send                       text42       014E8C
_CAN_interpreter                text39       0148C2
_CANisRxReady                   text47       01537C
_CANisRxReady$3229              cstackCOMRAM 00003A
_CANisTxReady                   text41       015304
_CANisTxReady$3227              cstackBANK0  00006E
_CANreceiveMessage              text46       012040
_CANsendMessage                 text43       01139A
_COMSTATbits                    (abs)        000F74
_INTCONbits                     (abs)        000FF2
_IPR2bits                       (abs)        000FA2
_IPR3bits                       (abs)        000FA5
_ISR_alta                       intcode      000008
_ISR_bassa                      intcodelo    000018
_JoystickConstants              bssBANK0     0000C8
_JoystickValues                 bssBANK0     0000E4
_Joystick_Polling               text38       01505C
_LATA                           (abs)        000F89
_LATB                           (abs)        000F8A
_LATC                           (abs)        000F8B
_LATCbits                       (abs)        000F8B
_LATD                           (abs)        000F8C
_LATDbits                       (abs)        000F8C
_LATE                           (abs)        000F8D
_LATEbits                       (abs)        000F8D
_LCD_Handler                    text11       01469C
_LCD_backlight                  text5        015392
_LCD_clear                      text33       015282
_LCD_cursor                     text4        015250
_LCD_enable_pulse               text35       015328
_LCD_goto_line                  text32       0149C8
_LCD_initialize                 text2        01452E
_LCD_send_command               text34       01513A
_LCD_write_char                 text31       014FC6
_LCD_write_message              text30       01521C
_LCD_write_string               text29       0152DE
_MotoreFlag                     bitbssCOMRAM 000239
_PIE2bits                       (abs)        000FA0
_PIE3bits                       (abs)        000FA3
_PIR2bits                       (abs)        000FA1
_PIR3bits                       (abs)        000FA4
_PORTAbits                      (abs)        000F80
_PORTBbits                      (abs)        000F81
_PORTDbits                      (abs)        000F83
_PWR_Button_Polling             text10       01534A
_RCONbits                       (abs)        000FD0
_RTR_Flag                       bitbssCOMRAM 00023A
_RXB0CON                        (abs)        000F60
_RXB0CONbits                    (abs)        000F60
_RXB0D0                         (abs)        000F66
_RXB0D1                         (abs)        000F67
_RXB0D2                         (abs)        000F68
_RXB0D3                         (abs)        000F69
_RXB0D4                         (abs)        000F6A
_RXB0D5                         (abs)        000F6B
_RXB0D6                         (abs)        000F6C
_RXB0D7                         (abs)        000F6D
_RXB0DLC                        (abs)        000F65
_RXB0DLCbits                    (abs)        000F65
_RXB0EIDH                       (abs)        000F63
_RXB0EIDL                       (abs)        000F64
_RXB0SIDH                       (abs)        000F61
_RXB0SIDL                       (abs)        000F62
_RXB0SIDLbits                   (abs)        000F62
_RXB1CON                        (abs)        000F50
_RXB1CONbits                    (abs)        000F50
_RXB1D0                         (abs)        000F56
_RXB1D1                         (abs)        000F57
_RXB1D2                         (abs)        000F58
_RXB1D3                         (abs)        000F59
_RXB1D4                         (abs)        000F5A
_RXB1D5                         (abs)        000F5B
_RXB1D6                         (abs)        000F5C
_RXB1D7                         (abs)        000F5D
_RXB1DLC                        (abs)        000F55
_RXB1DLCbits                    (abs)        000F55
_RXB1EIDH                       (abs)        000F53
_RXB1EIDL                       (abs)        000F54
_RXB1SIDH                       (abs)        000F51
_RXB1SIDL                       (abs)        000F52
_RXB1SIDLbits                   (abs)        000F52
_RXERRCNT                       (abs)        000F75
_RXF0EIDH                       (abs)        000F02
_RXF0EIDL                       (abs)        000F03
_RXF0SIDH                       (abs)        000F00
_RXF0SIDL                       (abs)        000F01
_RXF0SIDLbits                   (abs)        000F01
_RXF1EIDH                       (abs)        000F06
_RXF1EIDL                       (abs)        000F07
_RXF1SIDH                       (abs)        000F04
_RXF1SIDL                       (abs)        000F05
_RXF1SIDLbits                   (abs)        000F05
_RXF2EIDH                       (abs)        000F0A
_RXF2EIDL                       (abs)        000F0B
_RXF2SIDH                       (abs)        000F08
_RXF2SIDL                       (abs)        000F09
_RXF2SIDLbits                   (abs)        000F09
_RXF3EIDH                       (abs)        000F0E
_RXF3EIDL                       (abs)        000F0F
_RXF3SIDH                       (abs)        000F0C
_RXF3SIDL                       (abs)        000F0D
_RXF3SIDLbits                   (abs)        000F0D
_RXF4EIDH                       (abs)        000F12
_RXF4EIDL                       (abs)        000F13
_RXF4SIDH                       (abs)        000F10
_RXF4SIDL                       (abs)        000F11
_RXF4SIDLbits                   (abs)        000F11
_RXF5EIDH                       (abs)        000F16
_RXF5EIDL                       (abs)        000F17
_RXF5SIDH                       (abs)        000F14
_RXF5SIDL                       (abs)        000F15
_RXF5SIDLbits                   (abs)        000F15
_RXM0EIDH                       (abs)        000F1A
_RXM0EIDL                       (abs)        000F1B
_RXM0SIDH                       (abs)        000F18
_RXM0SIDL                       (abs)        000F19
_RXM0SIDLbits                   (abs)        000F19
_RXM1EIDH                       (abs)        000F1E
_RXM1EIDL                       (abs)        000F1F
_RXM1SIDH                       (abs)        000F1C
_RXM1SIDL                       (abs)        000F1D
_RXM1SIDLbits                   (abs)        000F1D
_SterzoFlag                     bitbssCOMRAM 00023B
_T3CON                          (abs)        000FB1
_TMR3H                          (abs)        000FB3
_TMR3L                          (abs)        000FB2
_TRISA                          (abs)        000F92
_TRISB                          (abs)        000F93
_TRISC                          (abs)        000F94
_TRISD                          (abs)        000F95
_TRISE                          (abs)        000F96
_TXB0CONbits                    (abs)        000F40
_TXB0D0                         (abs)        000F46
_TXB0D1                         (abs)        000F47
_TXB0D2                         (abs)        000F48
_TXB0D3                         (abs)        000F49
_TXB0D4                         (abs)        000F4A
_TXB0D5                         (abs)        000F4B
_TXB0D6                         (abs)        000F4C
_TXB0D7                         (abs)        000F4D
_TXB0DLC                        (abs)        000F45
_TXB0DLCbits                    (abs)        000F45
_TXB0EIDH                       (abs)        000F43
_TXB0EIDL                       (abs)        000F44
_TXB0SIDH                       (abs)        000F41
_TXB0SIDL                       (abs)        000F42
_TXB0SIDLbits                   (abs)        000F42
_TXB1CONbits                    (abs)        000F30
_TXB1D0                         (abs)        000F36
_TXB1D1                         (abs)        000F37
_TXB1D2                         (abs)        000F38
_TXB1D3                         (abs)        000F39
_TXB1D4                         (abs)        000F3A
_TXB1D5                         (abs)        000F3B
_TXB1D6                         (abs)        000F3C
_TXB1D7                         (abs)        000F3D
_TXB1DLC                        (abs)        000F35
_TXB1DLCbits                    (abs)        000F35
_TXB1EIDH                       (abs)        000F33
_TXB1EIDL                       (abs)        000F34
_TXB1SIDH                       (abs)        000F31
_TXB1SIDL                       (abs)        000F32
_TXB1SIDLbits                   (abs)        000F32
_TXB2CONbits                    (abs)        000F20
_TXB2D0                         (abs)        000F26
_TXB2D1                         (abs)        000F27
_TXB2D2                         (abs)        000F28
_TXB2D3                         (abs)        000F29
_TXB2D4                         (abs)        000F2A
_TXB2D5                         (abs)        000F2B
_TXB2D6                         (abs)        000F2C
_TXB2D7                         (abs)        000F2D
_TXB2DLC                        (abs)        000F25
_TXB2DLCbits                    (abs)        000F25
_TXB2EIDH                       (abs)        000F23
_TXB2EIDL                       (abs)        000F24
_TXB2SIDH                       (abs)        000F21
_TXB2SIDL                       (abs)        000F22
_TXB2SIDLbits                   (abs)        000F22
_TXERRCNT                       (abs)        000F76
__CFG_BBSIZ$1024                (abs)        000000
__CFG_BOREN$BOHW                (abs)        000000
__CFG_BORV$3                    (abs)        000000
__CFG_CP0$OFF                   (abs)        000000
__CFG_CP1$OFF                   (abs)        000000
__CFG_CP2$OFF                   (abs)        000000
__CFG_CP3$OFF                   (abs)        000000
__CFG_CP4$OFF                   (abs)        000000
__CFG_CP5$OFF                   (abs)        000000
__CFG_CPB$OFF                   (abs)        000000
__CFG_CPD$OFF                   (abs)        000000
__CFG_EBTR0$OFF                 (abs)        000000
__CFG_EBTR1$OFF                 (abs)        000000
__CFG_EBTR2$OFF                 (abs)        000000
__CFG_EBTR3$OFF                 (abs)        000000
__CFG_EBTR4$OFF                 (abs)        000000
__CFG_EBTR5$OFF                 (abs)        000000
__CFG_EBTRB$OFF                 (abs)        000000
__CFG_FCMEN$OFF                 (abs)        000000
__CFG_IESO$OFF                  (abs)        000000
__CFG_LPT1OSC$OFF               (abs)        000000
__CFG_LVP$OFF                   (abs)        000000
__CFG_MCLRE$ON                  (abs)        000000
__CFG_OSC$HS                    (abs)        000000
__CFG_PBADEN$OFF                (abs)        000000
__CFG_PWRT$OFF                  (abs)        000000
__CFG_STVREN$ON                 (abs)        000000
__CFG_WDT$OFF                   (abs)        000000
__CFG_WDTPS$32768               (abs)        000000
__CFG_WRT0$OFF                  (abs)        000000
__CFG_WRT1$OFF                  (abs)        000000
__CFG_WRT2$OFF                  (abs)        000000
__CFG_WRT3$OFF                  (abs)        000000
__CFG_WRT4$OFF                  (abs)        000000
__CFG_WRT5$OFF                  (abs)        000000
__CFG_WRTB$OFF                  (abs)        000000
__CFG_WRTC$OFF                  (abs)        000000
__CFG_WRTD$OFF                  (abs)        000000
__CFG_XINST$OFF                 (abs)        000000
__HRAM                          (abs)        000000
__Habs1                         abs1         000000
__Hbank0                        bank0        000000
__Hbank1                        bank1        000000
__Hbank10                       bank10       000000
__Hbank11                       bank11       000000
__Hbank12                       bank12       000000
__Hbank2                        bank2        000000
__Hbank3                        bank3        000000
__Hbank4                        bank4        000000
__Hbank5                        bank5        000000
__Hbank6                        bank6        000000
__Hbank7                        bank7        000000
__Hbank8                        bank8        000000
__Hbank9                        bank9        000000
__Hbigbss                       bigbss       000000
__Hbigdata                      bigdata      000000
__Hbigram                       bigram       000000
__HbitbssCOMRAM                 bitbssCOMRAM 000000
__Hbss                          bss          000000
__HbssBANK0                     bssBANK0     000000
__HbssBANK1                     bssBANK1     000000
__HbssCOMRAM                    bssCOMRAM    000000
__Hcinit                        cinit        000000
__Hclrtext                      clrtext      000000
__Hcomram                       comram       000000
__Hconfig                       config       30000E
__Hconst                        const        000000
__HcstackBANK0                  cstackBANK0  000000
__HcstackBANK1                  cstackBANK1  000000
__HcstackCOMRAM                 cstackCOMRAM 000000
__Hdata                         data         000000
__HdataBANK0                    dataBANK0    000000
__Heeprom_data                  eeprom_data  000000
__Hend_init                     end_init     0000C6
__Hfarbss                       farbss       000000
__Hfardata                      fardata      000000
__Hibigdata                     ibigdata     000000
__Hidata                        idata        000000
__HidataBANK0                   idataBANK0   000000
__Hidloc                        idloc        200008
__Hifardata                     ifardata     000000
__Hinit                         init         0000C2
__Hintcode                      intcode      000016
__Hintcode_body                 intcode_body 000000
__Hintcodelo                    intcodelo    0000C2
__Hintentry                     intentry     000000
__Hintret                       intret       000000
__Hintsave_regs                 intsave_regs 000000
__Hirdata                       irdata       000000
__Hmediumconst                  mediumconst  010000
__HnvFARRAM                     nvFARRAM     000000
__Hnvbit                        nvbit        000000
__Hnvrram                       nvrram       000000
__Hparam                        rparam       000000
__Hpowerup                      powerup      0000C2
__Hram                          ram          000000
__Hramtop                       ramtop       000D00
__Hrbit                         rbit         000000
__Hrbss                         rbss         000000
__Hrdata                        rdata        000000
__Hreset_vec                    reset_vec    000004
__Hrparam                       rparam       000000
__Hsfr                          sfr          000000
__Hsmallconst                   smallconst   000000
__Hspace_0                      (abs)        30000E
__Hspace_1                      (abs)        00023F
__Hspace_2                      (abs)        000000
__Hstack                        stack        000000
__Hstruct                       struct       000000
__Htemp                         temp         000049
__Htext                         text         000000
__Htext0                        text0        000000
__Htext1                        text1        000000
__Htext10                       text10       000000
__Htext11                       text11       000000
__Htext12                       text12       000000
__Htext13                       text13       000000
__Htext14                       text14       000000
__Htext15                       text15       000000
__Htext16                       text16       000000
__Htext17                       text17       000000
__Htext18                       text18       000000
__Htext19                       text19       000000
__Htext2                        text2        000000
__Htext20                       text20       000000
__Htext21                       text21       000000
__Htext22                       text22       000000
__Htext23                       text23       000000
__Htext24                       text24       000000
__Htext25                       text25       000000
__Htext26                       text26       000000
__Htext27                       text27       000000
__Htext28                       text28       000000
__Htext29                       text29       000000
__Htext3                        text3        000000
__Htext30                       text30       000000
__Htext31                       text31       000000
__Htext32                       text32       000000
__Htext33                       text33       000000
__Htext34                       text34       000000
__Htext35                       text35       000000
__Htext36                       text36       000000
__Htext37                       text37       000000
__Htext38                       text38       000000
__Htext39                       text39       000000
__Htext4                        text4        000000
__Htext40                       text40       000000
__Htext41                       text41       000000
__Htext42                       text42       000000
__Htext43                       text43       000000
__Htext46                       text46       000000
__Htext47                       text47       000000
__Htext5                        text5        000000
__Htext6                        text6        000000
__Htext7                        text7        000000
__Htext8                        text8        000000
__Htext9                        text9        000000
__LRAM                          (abs)        000001
__Labs1                         abs1         000000
__Lbank0                        bank0        000000
__Lbank1                        bank1        000000
__Lbank10                       bank10       000000
__Lbank11                       bank11       000000
__Lbank12                       bank12       000000
__Lbank2                        bank2        000000
__Lbank3                        bank3        000000
__Lbank4                        bank4        000000
__Lbank5                        bank5        000000
__Lbank6                        bank6        000000
__Lbank7                        bank7        000000
__Lbank8                        bank8        000000
__Lbank9                        bank9        000000
__Lbigbss                       bigbss       000000
__Lbigdata                      bigdata      000000
__Lbigram                       bigram       000000
__LbitbssCOMRAM                 bitbssCOMRAM 000000
__Lbss                          bss          000000
__LbssBANK0                     bssBANK0     000000
__LbssBANK1                     bssBANK1     000000
__LbssCOMRAM                    bssCOMRAM    000000
__Lcinit                        cinit        000000
__Lclrtext                      clrtext      000000
__Lcomram                       comram       000000
__Lconfig                       config       300000
__Lconst                        const        000000
__LcstackBANK0                  cstackBANK0  000000
__LcstackBANK1                  cstackBANK1  000000
__LcstackCOMRAM                 cstackCOMRAM 000000
__Ldata                         data         000000
__LdataBANK0                    dataBANK0    000000
__Leeprom_data                  eeprom_data  000000
__Lend_init                     end_init     0000C2
__Lfarbss                       farbss       000000
__Lfardata                      fardata      000000
__Libigdata                     ibigdata     000000
__Lidata                        idata        000000
__LidataBANK0                   idataBANK0   000000
__Lidloc                        idloc        200000
__Lifardata                     ifardata     000000
__Linit                         init         0000C2
__Lintcode                      intcode      000008
__Lintcode_body                 intcode_body 000000
__Lintcodelo                    intcodelo    000018
__Lintentry                     intentry     000000
__Lintret                       intret       000000
__Lintsave_regs                 intsave_regs 000000
__Lirdata                       irdata       000000
__Lmediumconst                  mediumconst  00FEDC
__LnvFARRAM                     nvFARRAM     000000
__Lnvbit                        nvbit        000000
__Lnvrram                       nvrram       000000
__Lparam                        rparam       000000
__Lpowerup                      powerup      0000C2
__Lram                          ram          000000
__Lramtop                       ramtop       000D00
__Lrbit                         rbit         000000
__Lrbss                         rbss         000000
__Lrdata                        rdata        000000
__Lreset_vec                    reset_vec    000000
__Lrparam                       rparam       000000
__Lsfr                          sfr          000000
__Lsmallconst                   smallconst   000000
__Lspace_0                      (abs)        000000
__Lspace_1                      (abs)        000000
__Lspace_2                      (abs)        000000
__Lstack                        stack        000000
__Lstruct                       struct       000000
__Ltemp                         temp         000048
__Ltext                         text         000000
__Ltext0                        text0        000000
__Ltext1                        text1        000000
__Ltext10                       text10       000000
__Ltext11                       text11       000000
__Ltext12                       text12       000000
__Ltext13                       text13       000000
__Ltext14                       text14       000000
__Ltext15                       text15       000000
__Ltext16                       text16       000000
__Ltext17                       text17       000000
__Ltext18                       text18       000000
__Ltext19                       text19       000000
__Ltext2                        text2        000000
__Ltext20                       text20       000000
__Ltext21                       text21       000000
__Ltext22                       text22       000000
__Ltext23                       text23       000000
__Ltext24                       text24       000000
__Ltext25                       text25       000000
__Ltext26                       text26       000000
__Ltext27                       text27       000000
__Ltext28                       text28       000000
__Ltext29                       text29       000000
__Ltext3                        text3        000000
__Ltext30                       text30       000000
__Ltext31                       text31       000000
__Ltext32                       text32       000000
__Ltext33                       text33       000000
__Ltext34                       text34       000000
__Ltext35                       text35       000000
__Ltext36                       text36       000000
__Ltext37                       text37       000000
__Ltext38                       text38       000000
__Ltext39                       text39       000000
__Ltext4                        text4        000000
__Ltext40                       text40       000000
__Ltext41                       text41       000000
__Ltext42                       text42       000000
__Ltext43                       text43       000000
__Ltext46                       text46       000000
__Ltext47                       text47       000000
__Ltext5                        text5        000000
__Ltext6                        text6        000000
__Ltext7                        text7        000000
__Ltext8                        text8        000000
__Ltext9                        text9        000000
__S0                            (abs)        30000E
__S1                            (abs)        00012D
__S2                            (abs)        000000
___awdiv                        text18       014C70
___awdiv@counter                cstackBANK0  000078
___awdiv@dividend               cstackBANK0  000074
___awdiv@divisor                cstackBANK0  000076
___awdiv@quotient               cstackBANK0  00007A
___awdiv@sign                   cstackBANK0  000079
___awmod                        text17       014DEA
___awmod@counter                cstackBANK0  000072
___awmod@dividend               cstackBANK0  00006E
___awmod@divisor                cstackBANK0  000070
___awmod@sign                   cstackBANK0  000073
___fladd                        text25       01254C
___fladd@a                      cstackBANK0  0000A6
___fladd@aexp                   cstackBANK0  0000B3
___fladd@b                      cstackBANK0  0000A2
___fladd@bexp                   cstackBANK0  0000B4
___fladd@grs                    cstackBANK0  0000B5
___fladd@signs                  cstackBANK0  0000B2
___fldiv                        text28       013290
___fldiv@a                      cstackBANK0  000072
___fldiv@aexp                   cstackBANK0  000086
___fldiv@b                      cstackBANK0  00006E
___fldiv@bexp                   cstackBANK0  000085
___fldiv@grs                    cstackBANK0  000081
___fldiv@new_exp                cstackBANK0  00007F
___fldiv@rem                    cstackBANK0  00007B
___fldiv@sign                   cstackBANK0  00007A
___flge                         text27       014216
___flge@ff1                     cstackBANK0  00006E
___flge@ff2                     cstackBANK0  000072
___flmul                        text16       0129F4
___flmul@a                      cstackBANK0  000080
___flmul@aexp                   cstackBANK0  000089
___flmul@b                      cstackBANK0  00007C
___flmul@bexp                   cstackBANK0  00008E
___flmul@grs                    cstackBANK0  00008A
___flmul@prod                   cstackBANK0  00008F
___flmul@sign                   cstackBANK0  000088
___flmul@temp                   cstackBANK0  000093
___flneg                        text26       0151AE
___flneg@f1                     cstackBANK0  00006E
___flsub                        text24       0150B0
___flsub@a                      cstackBANK0  0000BA
___flsub@b                      cstackBANK0  0000B6
___fltol                        text23       0147B6
___fltol@exp1                   cstackBANK0  0000A7
___fltol@f1                     cstackBANK0  00009E
___fltol@sign1                  cstackBANK0  0000A6
___inthi_sp                     stack        000000
___intlo_sp                     stack        000000
___lldiv                        text22       014D2E
___lldiv@counter                cstackBANK0  00007A
___lldiv@dividend               cstackBANK0  00006E
___lldiv@divisor                cstackBANK0  000072
___lldiv@quotient               cstackBANK0  000076
___llmod                        text21       014F2C
___llmod@counter                cstackBANK0  000076
___llmod@dividend               cstackBANK0  00006E
___llmod@divisor                cstackBANK0  000072
___param_bank                   (abs)        000010
___rparam_used                  (abs)        000001
___sp                           stack        000000
___wmul                         text37       0151E6
___wmul@multiplicand            cstackBANK0  000070
___wmul@multiplier              cstackBANK0  00006E
___wmul@product                 cstackBANK0  000072
___xxtofl                       text40       013CE4
___xxtofl@arg                   cstackBANK0  000078
___xxtofl@exp                   cstackBANK0  000077
___xxtofl@sign                  cstackBANK0  000076
___xxtofl@val                   cstackBANK0  00006E
__accesstop                     (abs)        000060
__activetblptr                  (abs)        000003
__div_to_l_                     text20       0143A6
__div_to_l_@cntr                cstackBANK0  00007A
__div_to_l_@exp1                cstackBANK0  00007B
__div_to_l_@f1                  cstackBANK0  00006E
__div_to_l_@f2                  cstackBANK0  000072
__div_to_l_@quot                cstackBANK0  000076
__end_of_CANInitialize          text6        014078
__end_of_CANOperationMode       text9        01537C
__end_of_CANSetFilter           text8        010B06
__end_of_CANSetMask             text7        0139EE
__end_of_CAN_Send               text42       014F2C
__end_of_CAN_interpreter        text39       0149C8
__end_of_CANisRxReady           text47       015392
__end_of_CANisTxReady           text41       015328
__end_of_CANreceiveMessage      text46       01254C
__end_of_CANsendMessage         text43       011B26
__end_of_ISR_alta               intcode_body 014C70
__end_of_ISR_bassa              intcodelo    0000C2
__end_of_Joystick_Polling       text38       0150B0
__end_of_LCD_Handler            text11       0147B6
__end_of_LCD_backlight          text5        0153A4
__end_of_LCD_clear              text33       0152B4
__end_of_LCD_cursor             text4        015282
__end_of_LCD_enable_pulse       text35       01534A
__end_of_LCD_goto_line          text32       014AB4
__end_of_LCD_initialize         text2        01469C
__end_of_LCD_send_command       text34       015174
__end_of_LCD_write_char         text31       01505C
__end_of_LCD_write_message      text30       015250
__end_of_LCD_write_string       text29       015304
__end_of_PWR_Button_Polling     text10       015366
__end_of___awdiv                text18       014D2E
__end_of___awmod                text17       014E8C
__end_of___fladd                text25       0129F4
__end_of___fldiv                text28       013650
__end_of___flge                 text27       0143A6
__end_of___flmul                text16       012E9A
__end_of___flneg                text26       0151E6
__end_of___flsub                text24       0150F8
__end_of___fltol                text23       0148C2
__end_of___lldiv                text22       014DEA
__end_of___llmod                text21       014FC6
__end_of___wmul                 text37       01521C
__end_of___xxtofl               text40       013EB2
__end_of__div_to_l_             text20       01452E
__end_of__initialization        cinit        015130
__end_of__npowers_              mediumconst  00FF11
__end_of__powers_               mediumconst  00FF45
__end_of__tdiv_to_l_            text19       014216
__end_of_board_initialization   text1        014B92
__end_of_delay_ms               text36       0151AE
__end_of_delay_set_quartz       text3        0153AE
__end_of_dpowers                mediumconst  00FF6D
__end_of_fround                 text15       013CE4
__end_of_isdigit                text14       0152DE
__end_of_main                   text0        013290
__end_of_scale                  text13       012040
__end_of_sprintf                text12       01139A
__initialization                cinit        0150F8
__mediumconst                   mediumconst  00FEDC
__npowers_                      mediumconst  00FEDD
__pbitbssCOMRAM                 bitbssCOMRAM 000238
__pbssBANK0                     bssBANK0     0000C8
__pbssBANK1                     bssBANK1     000121
__pbssCOMRAM                    bssCOMRAM    000001
__pcinit                        cinit        0150F8
__pcstackBANK0                  cstackBANK0  000060
__pcstackBANK1                  cstackBANK1  000100
__pcstackCOMRAM                 cstackCOMRAM 000029
__pdataBANK0                    dataBANK0    0000EF
__pidataBANK0                   idataBANK0   0153AE
__pintcode                      intcode      000008
__pintcode_body                 intcode_body 014B92
__pintcodelo                    intcodelo    000018
__pmediumconst                  mediumconst  00FEDC
__powers_                       mediumconst  00FF11
__ptext0                        text0        012E9A
__ptext1                        text1        014AB4
__ptext10                       text10       01534A
__ptext11                       text11       01469C
__ptext12                       text12       010B06
__ptext13                       text13       011B26
__ptext14                       text14       0152B4
__ptext15                       text15       0139EE
__ptext16                       text16       0129F4
__ptext17                       text17       014DEA
__ptext18                       text18       014C70
__ptext19                       text19       014078
__ptext2                        text2        01452E
__ptext20                       text20       0143A6
__ptext21                       text21       014F2C
__ptext22                       text22       014D2E
__ptext23                       text23       0147B6
__ptext24                       text24       0150B0
__ptext25                       text25       01254C
__ptext26                       text26       0151AE
__ptext27                       text27       014216
__ptext28                       text28       013290
__ptext29                       text29       0152DE
__ptext3                        text3        0153A4
__ptext30                       text30       01521C
__ptext31                       text31       014FC6
__ptext32                       text32       0149C8
__ptext33                       text33       015282
__ptext34                       text34       01513A
__ptext35                       text35       015328
__ptext36                       text36       015174
__ptext37                       text37       0151E6
__ptext38                       text38       01505C
__ptext39                       text39       0148C2
__ptext4                        text4        015250
__ptext40                       text40       013CE4
__ptext41                       text41       015304
__ptext42                       text42       014E8C
__ptext43                       text43       01139A
__ptext46                       text46       012040
__ptext47                       text47       01537C
__ptext5                        text5        015392
__ptext6                        text6        013EB2
__ptext7                        text7        013650
__ptext8                        text8        010000
__ptext9                        text9        015366
__ramtop                        ramtop       000D00
__size_of_CANInitialize         (abs)        000000
__size_of_CANOperationMode      (abs)        000000
__size_of_CANSetFilter          (abs)        000000
__size_of_CANSetMask            (abs)        000000
__size_of_CAN_Send              (abs)        000000
__size_of_CAN_interpreter       (abs)        000000
__size_of_CANisRxReady          (abs)        000000
__size_of_CANisTxReady          (abs)        000000
__size_of_CANreceiveMessage     (abs)        000000
__size_of_CANsendMessage        (abs)        000000
__size_of_ISR_alta              (abs)        000000
__size_of_ISR_bassa             (abs)        000000
__size_of_Joystick_Polling      (abs)        000000
__size_of_LCD_Handler           (abs)        000000
__size_of_LCD_backlight         (abs)        000000
__size_of_LCD_clear             (abs)        000000
__size_of_LCD_cursor            (abs)        000000
__size_of_LCD_enable_pulse      (abs)        000000
__size_of_LCD_goto_line         (abs)        000000
__size_of_LCD_initialize        (abs)        000000
__size_of_LCD_send_command      (abs)        000000
__size_of_LCD_write_char        (abs)        000000
__size_of_LCD_write_message     (abs)        000000
__size_of_LCD_write_string      (abs)        000000
__size_of_PWR_Button_Polling    (abs)        000000
__size_of___awdiv               (abs)        000000
__size_of___awmod               (abs)        000000
__size_of___fladd               (abs)        000000
__size_of___fldiv               (abs)        000000
__size_of___flge                (abs)        000000
__size_of___flmul               (abs)        000000
__size_of___flneg               (abs)        000000
__size_of___flsub               (abs)        000000
__size_of___fltol               (abs)        000000
__size_of___lldiv               (abs)        000000
__size_of___llmod               (abs)        000000
__size_of___wmul                (abs)        000000
__size_of___xxtofl              (abs)        000000
__size_of__div_to_l_            (abs)        000000
__size_of__tdiv_to_l_           (abs)        000000
__size_of_board_initialization  (abs)        000000
__size_of_delay_ms              (abs)        000000
__size_of_delay_set_quartz      (abs)        000000
__size_of_fround                (abs)        000000
__size_of_isdigit               (abs)        000000
__size_of_main                  (abs)        000000
__size_of_scale                 (abs)        000000
__size_of_sprintf               (abs)        000000
__smallconst                    smallconst   000000
__tdiv_to_l_                    text19       014078
__tdiv_to_l_@cntr               cstackBANK0  00007D
__tdiv_to_l_@exp1               cstackBANK0  00007E
__tdiv_to_l_@f1                 cstackBANK0  00006E
__tdiv_to_l_@f2                 cstackBANK0  000072
__tdiv_to_l_@quot               cstackBANK0  000079
_actual_speed                   bssCOMRAM    000007
_actual_speed_kmh               bssBANK0     0000D0
_battery                        bssCOMRAM    000017
_board_initialization           text1        014AB4
_clock_counter_reference        bssBANK0     0000E6
_data                           bssCOMRAM    000028
_data_brake                     bssBANK0     0000EC
_data_speed                     bssBANK0     0000ED
_data_steering                  bssBANK0     0000EE
_delay_ms                       text36       015174
_delay_quartz_frequency_value   dataBANK0    0000EF
_delay_set_quartz               text3        0153A4
_dir                            bssBANK0     0000EA
_dpowers                        mediumconst  00FF45
_fround                         text15       0139EE
_fround$4190                    cstackBANK0  00009D
_fround$4191                    cstackBANK0  000099
_id                             bssCOMRAM    00000B
_isdigit                        text14       0152B4
_isdigit$3772                   cstackBANK0  00006F
_left_speed                     bssCOMRAM    000013
_main                           text0        012E9A
_msg                            bssCOMRAM    000019
_newMessageCan                  bitbssCOMRAM 00023C
_power_switch                   bitbssCOMRAM 00023D
_pr_time_1                      bssBANK0     0000D4
_pr_time_2                      bssBANK0     0000D8
_pr_time_3                      bssBANK0     0000DC
_pr_time_4                      bssCOMRAM    00000F
_right_speed                    bssCOMRAM    000015
_scale                          text13       011B26
_scale$4192                     cstackBANK0  000099
_set_speed                      bssBANK0     0000E8
_set_steering                   bssCOMRAM    000018
_sprintf                        text12       010B06
_sprintf$4193                   cstackBANK1  000100
_str                            bssBANK1     000121
_switch_position                bssBANK0     0000EB
_time_counter                   bssBANK0     0000E0
_wait_low                       bitbssCOMRAM 00023E
btemp                           temp         000048
delay_ms@value_ms               cstackBANK0  000074
delay_set_quartz@frequency      cstackBANK0  00006E
end_of_initialization           cinit        015130
fround@prec                     cstackBANK0  0000A1
int$flags                       temp         000048
int_func                        intcode_body 014B92
intlevel0                       text         000000
intlevel1                       text         000000
intlevel2                       text         000000
intlevel3                       text         000000
isdigit@c                       cstackBANK0  000070
scale@scl                       cstackBANK0  00009D
sprintf@ap                      cstackBANK1  000104
sprintf@c                       cstackBANK1  000118
sprintf@exp                     cstackBANK1  00010C
sprintf@f                       cstackBANK0  0000C0
sprintf@flag                    cstackBANK1  000106
sprintf@fval                    cstackBANK1  000114
sprintf@prec                    cstackBANK1  000112
sprintf@sp                      cstackBANK0  0000BE
sprintf@tmpval                  cstackBANK1  00010E
sprintf@val                     cstackBANK1  000108
stackhi                         (abs)        000CFF
stacklo                         (abs)        00012D
start                           init         0000C2
start_initialization            cinit        0150F8


FUNCTION INFORMATION:

 *************** function _main *****************
 Defined at:
		line 97 in file "RemoteCan.c"
 Parameters:    Size  Location     Type
		None
 Auto vars:     Size  Location     Type
		None
 Return value:  Size  Location     Type
		None               void
 Registers used:
		wreg, fsr2l, fsr2h, status,2, status,0, tblptrl, tblptrh, tblptru, prodl, prodh, cstack
 Tracked objects:
		On entry : 
		On exit  : 
		Unchanged: 
 Data sizes:     COMRAM   BANK0   BANK1   BANK2   BANK3   BANK4   BANK5   BANK6   BANK7   BANK8   BANK9  BANK10  BANK11  BANK12
      Params:         0       0       0       0       0       0       0       0       0       0       0       0       0       0
      Locals:         0       0       0       0       0       0       0       0       0       0       0       0       0       0
      Temps:          0       0       8       0       0       0       0       0       0       0       0       0       0       0
      Totals:         0       0       8       0       0       0       0       0       0       0       0       0       0       0
Total ram usage:        8 bytes
 Hardware stack levels required when called:   10
 This function calls:
		_CAN_Send
		_CAN_interpreter
		_Joystick_Polling
		_LCD_Handler
		_LCD_clear
		_LCD_goto_line
		_LCD_write_message
		_PWR_Button_Polling
		___flmul
		___fltol
		___xxtofl
		_board_initialization
		_delay_ms
 This function is called by:
		Startup code after reset
 This function uses a non-reentrant model


 *************** function _board_initialization *****************
 Defined at:
		line 276 in file "RemoteCan.c"
 Parameters:    Size  Location     Type
		None
 Auto vars:     Size  Location     Type
		None
 Return value:  Size  Location     Type
		None               void
 Registers used:
		wreg, status,2, status,0, tblptrl, tblptrh, tblptru, prodl, prodh, cstack
 Tracked objects:
		On entry : 
		On exit  : 
		Unchanged: 
 Data sizes:     COMRAM   BANK0   BANK1   BANK2   BANK3   BANK4   BANK5   BANK6   BANK7   BANK8   BANK9  BANK10  BANK11  BANK12
      Params:         0       0       0       0       0       0       0       0       0       0       0       0       0       0
      Locals:         0       0       0       0       0       0       0       0       0       0       0       0       0       0
      Temps:          0       0       0       0       0       0       0       0       0       0       0       0       0       0
      Totals:         0       0       0       0       0       0       0       0       0       0       0       0       0       0
Total ram usage:        0 bytes
 Hardware stack levels used:    1
 Hardware stack levels required when called:    9
 This function calls:
		_CANInitialize
		_LCD_backlight
		_LCD_clear
		_LCD_goto_line
		_LCD_initialize
		_LCD_write_message
		_delay_ms
 This function is called by:
		_main
 This function uses a non-reentrant model


 *************** function _LCD_initialize *****************
 Defined at:
		line 283 in file "../../LaurTec_PIC_libraries_v_3.3.0/src\LCD_44780.c"
 Parameters:    Size  Location     Type
  quartz_frequ    1    wreg     unsigned char 
 Auto vars:     Size  Location     Type
  quartz_frequ    1   28[BANK0 ] unsigned char 
 Return value:  Size  Location     Type
		None               void
 Registers used:
		wreg, status,2, status,0, prodl, prodh, cstack
 Tracked objects:
		On entry : 
		On exit  : 
		Unchanged: 
 Data sizes:     COMRAM   BANK0   BANK1   BANK2   BANK3   BANK4   BANK5   BANK6   BANK7   BANK8   BANK9  BANK10  BANK11  BANK12
      Params:         0       0       0       0       0       0       0       0       0       0       0       0       0       0
      Locals:         0       1       0       0       0       0       0       0       0       0       0       0       0       0
      Temps:          0       0       0       0       0       0       0       0       0       0       0       0       0       0
      Totals:         0       1       0       0       0       0       0       0       0       0       0       0       0       0
Total ram usage:        1 bytes
 Hardware stack levels used:    1
 Hardware stack levels required when called:    8
 This function calls:
		_LCD_clear
		_LCD_cursor
		_LCD_send_command
		_delay_ms
		_delay_set_quartz
 This function is called by:
		_board_initialization
 This function uses a non-reentrant model


 *************** function _delay_set_quartz *****************
 Defined at:
		line 115 in file "../../LaurTec_PIC_libraries_v_3.3.0/src\delay.c"
 Parameters:    Size  Location     Type
  frequency       1    wreg     unsigned char 
 Auto vars:     Size  Location     Type
  frequency       1   14[BANK0 ] unsigned char 
 Return value:  Size  Location     Type
		None               void
 Registers used:
		wreg
 Tracked objects:
		On entry : 
		On exit  : 
		Unchanged: 
 Data sizes:     COMRAM   BANK0   BANK1   BANK2   BANK3   BANK4   BANK5   BANK6   BANK7   BANK8   BANK9  BANK10  BANK11  BANK12
      Params:         0       0       0       0       0       0       0       0       0       0       0       0       0       0
      Locals:         0       1       0       0       0       0       0       0       0       0       0       0       0       0
      Temps:          0       0       0       0       0       0       0       0       0       0       0       0       0       0
      Totals:         0       1       0       0       0       0       0       0       0       0       0       0       0       0
Total ram usage:        1 bytes
 Hardware stack levels used:    1
 Hardware stack levels required when called:    3
 This function calls:
		Nothing
 This function is called by:
		_LCD_initialize
 This function uses a non-reentrant model


 *************** function _LCD_cursor *****************
 Defined at:
		line 266 in file "../../LaurTec_PIC_libraries_v_3.3.0/src\LCD_44780.c"
 Parameters:    Size  Location     Type
  active          1    wreg     unsigned char 
  blinking        1   26[BANK0 ] unsigned char 
 Auto vars:     Size  Location     Type
  active          1   27[BANK0 ] unsigned char 
 Return value:  Size  Location     Type
		None               void
 Registers used:
		wreg, status,2, status,0, prodl, prodh, cstack
 Tracked objects:
		On entry : 
		On exit  : 
		Unchanged: 
 Data sizes:     COMRAM   BANK0   BANK1   BANK2   BANK3   BANK4   BANK5   BANK6   BANK7   BANK8   BANK9  BANK10  BANK11  BANK12
      Params:         0       1       0       0       0       0       0       0       0       0       0       0       0       0
      Locals:         0       1       0       0       0       0       0       0       0       0       0       0       0       0
      Temps:          0       0       0       0       0       0       0       0       0       0       0       0       0       0
      Totals:         0       2       0       0       0       0       0       0       0       0       0       0       0       0
Total ram usage:        2 bytes
 Hardware stack levels used:    1
 Hardware stack levels required when called:    7
 This function calls:
		_LCD_send_command
 This function is called by:
		_LCD_initialize
 This function uses a non-reentrant model


 *************** function _LCD_backlight *****************
 Defined at:
		line 275 in file "../../LaurTec_PIC_libraries_v_3.3.0/src\LCD_44780.c"
 Parameters:    Size  Location     Type
  active          1    wreg     unsigned char 
 Auto vars:     Size  Location     Type
  active          1   14[BANK0 ] unsigned char 
 Return value:  Size  Location     Type
		None               void
 Registers used:
		wreg
 Tracked objects:
		On entry : 
		On exit  : 
		Unchanged: 
 Data sizes:     COMRAM   BANK0   BANK1   BANK2   BANK3   BANK4   BANK5   BANK6   BANK7   BANK8   BANK9  BANK10  BANK11  BANK12
      Params:         0       0       0       0       0       0       0       0       0       0       0       0       0       0
      Locals:         0       1       0       0       0       0       0       0       0       0       0       0       0       0
      Temps:          0       0       0       0       0       0       0       0       0       0       0       0       0       0
      Totals:         0       1       0       0       0       0       0       0       0       0       0       0       0       0
Total ram usage:        1 bytes
 Hardware stack levels used:    1
 Hardware stack levels required when called:    3
 This function calls:
		Nothing
 This function is called by:
		_board_initialization
 This function uses a non-reentrant model


 *************** function _CANInitialize *****************
 Defined at:
		line 219 in file "../../LaurTec_PIC_libraries_v_3.3.0/inc\CANlib.h"
 Parameters:    Size  Location     Type
  propSeg         1    wreg     unsigned char 
  phaseSeg1       1   28[BANK0 ] unsigned char 
  phaseSeg2       1   29[BANK0 ] unsigned char 
  SJW             1   30[BANK0 ] unsigned char 
  BRP             1   31[BANK0 ] unsigned char 
  flags           1   32[BANK0 ] enum E16887
 Auto vars:     Size  Location     Type
  propSeg         1   37[BANK0 ] unsigned char 
  FilterConfig    1   39[BANK0 ] unsigned char 
  FilterConfig    1   38[BANK0 ] unsigned char 
 Return value:  Size  Location     Type
		None               void
 Registers used:
		wreg, status,2, status,0, cstack
 Tracked objects:
		On entry : 
		On exit  : 
		Unchanged: 
 Data sizes:     COMRAM   BANK0   BANK1   BANK2   BANK3   BANK4   BANK5   BANK6   BANK7   BANK8   BANK9  BANK10  BANK11  BANK12
      Params:         0       5       0       0       0       0       0       0       0       0       0       0       0       0
      Locals:         0       3       0       0       0       0       0       0       0       0       0       0       0       0
      Temps:          0       4       0       0       0       0       0       0       0       0       0       0       0       0
      Totals:         0      12       0       0       0       0       0       0       0       0       0       0       0       0
Total ram usage:       12 bytes
 Hardware stack levels used:    1
 Hardware stack levels required when called:    4
 This function calls:
		_CANOperationMode
		_CANSetFilter
		_CANSetMask
 This function is called by:
		_board_initialization
 This function uses a non-reentrant model


 *************** function _CANSetMask *****************
 Defined at:
		line 641 in file "../../LaurTec_PIC_libraries_v_3.3.0/inc\CANlib.h"
 Parameters:    Size  Location     Type
  numBuffer       1    wreg     enum E16921
  mask            4   14[BANK0 ] unsigned long 
  type            1   18[BANK0 ] enum E16887
 Auto vars:     Size  Location     Type
  numBuffer       1   23[BANK0 ] enum E16921
  tamp            4   24[BANK0 ] unsigned long 
 Return value:  Size  Location     Type
		None               void
 Registers used:
		wreg, status,2, status,0
 Tracked objects:
		On entry : 
		On exit  : 
		Unchanged: 
 Data sizes:     COMRAM   BANK0   BANK1   BANK2   BANK3   BANK4   BANK5   BANK6   BANK7   BANK8   BANK9  BANK10  BANK11  BANK12
      Params:         0       5       0       0       0       0       0       0       0       0       0       0       0       0
      Locals:         0       5       0       0       0       0       0       0       0       0       0       0       0       0
      Temps:          0       4       0       0       0       0       0       0       0       0       0       0       0       0
      Totals:         0      14       0       0       0       0       0       0       0       0       0       0       0       0
Total ram usage:       14 bytes
 Hardware stack levels used:    1
 Hardware stack levels required when called:    3
 This function calls:
		Nothing
 This function is called by:
		_CANInitialize
 This function uses a non-reentrant model


 *************** function _CANSetFilter *****************
 Defined at:
		line 749 in file "../../LaurTec_PIC_libraries_v_3.3.0/inc\CANlib.h"
 Parameters:    Size  Location     Type
  numBuffer       1    wreg     enum E16924
  filter          4   14[BANK0 ] unsigned long 
  type            1   18[BANK0 ] enum E16887
 Auto vars:     Size  Location     Type
  numBuffer       1   23[BANK0 ] enum E16924
  tamp            4   24[BANK0 ] unsigned long 
 Return value:  Size  Location     Type
		None               void
 Registers used:
		wreg, status,2, status,0
 Tracked objects:
		On entry : 
		On exit  : 
		Unchanged: 
 Data sizes:     COMRAM   BANK0   BANK1   BANK2   BANK3   BANK4   BANK5   BANK6   BANK7   BANK8   BANK9  BANK10  BANK11  BANK12
      Params:         0       5       0       0       0       0       0       0       0       0       0       0       0       0
      Locals:         0       5       0       0       0       0       0       0       0       0       0       0       0       0
      Temps:          0       4       0       0       0       0       0       0       0       0       0       0       0       0
      Totals:         0      14       0       0       0       0       0       0       0       0       0       0       0       0
Total ram usage:       14 bytes
 Hardware stack levels used:    1
 Hardware stack levels required when called:    3
 This function calls:
		Nothing
 This function is called by:
		_CANInitialize
 This function uses a non-reentrant model


 *************** function _CANOperationMode *****************
 Defined at:
		line 207 in file "../../LaurTec_PIC_libraries_v_3.3.0/inc\CANlib.h"
 Parameters:    Size  Location     Type
  mode            1    wreg     enum E16881
 Auto vars:     Size  Location     Type
  mode            1   14[BANK0 ] enum E16881
 Return value:  Size  Location     Type
		None               void
 Registers used:
		wreg, status,2, status,0
 Tracked objects:
		On entry : 
		On exit  : 
		Unchanged: 
 Data sizes:     COMRAM   BANK0   BANK1   BANK2   BANK3   BANK4   BANK5   BANK6   BANK7   BANK8   BANK9  BANK10  BANK11  BANK12
      Params:         0       0       0       0       0       0       0       0       0       0       0       0       0       0
      Locals:         0       1       0       0       0       0       0       0       0       0       0       0       0       0
      Temps:          0       0       0       0       0       0       0       0       0       0       0       0       0       0
      Totals:         0       1       0       0       0       0       0       0       0       0       0       0       0       0
Total ram usage:        1 bytes
 Hardware stack levels used:    1
 Hardware stack levels required when called:    3
 This function calls:
		Nothing
 This function is called by:
		_CANInitialize
 This function uses a non-reentrant model


 *************** function _PWR_Button_Polling *****************
 Defined at:
		line 257 in file "RemoteCan.c"
 Parameters:    Size  Location     Type
		None
 Auto vars:     Size  Location     Type
		None
 Return value:  Size  Location     Type
		None               void
 Registers used:
		None
 Tracked objects:
		On entry : 
		On exit  : 
		Unchanged: 
 Data sizes:     COMRAM   BANK0   BANK1   BANK2   BANK3   BANK4   BANK5   BANK6   BANK7   BANK8   BANK9  BANK10  BANK11  BANK12
      Params:         0       0       0       0       0       0       0       0       0       0       0       0       0       0
      Locals:         0       0       0       0       0       0       0       0       0       0       0       0       0       0
      Temps:          0       0       0       0       0       0       0       0       0       0       0       0       0       0
      Totals:         0       0       0       0       0       0       0       0       0       0       0       0       0       0
Total ram usage:        0 bytes
 Hardware stack levels used:    1
 Hardware stack levels required when called:    3
 This function calls:
		Nothing
 This function is called by:
		_main
 This function uses a non-reentrant model


 *************** function _LCD_Handler *****************
 Defined at:
		line 189 in file "RemoteCan.c"
 Parameters:    Size  Location     Type
		None
 Auto vars:     Size  Location     Type
		None
 Return value:  Size  Location     Type
		None               void
 Registers used:
		wreg, fsr2l, fsr2h, status,2, status,0, tblptrl, tblptrh, tblptru, prodl, prodh, cstack
 Tracked objects:
		On entry : 
		On exit  : 
		Unchanged: 
 Data sizes:     COMRAM   BANK0   BANK1   BANK2   BANK3   BANK4   BANK5   BANK6   BANK7   BANK8   BANK9  BANK10  BANK11  BANK12
      Params:         0       0       0       0       0       0       0       0       0       0       0       0       0       0
      Locals:         0       0       0       0       0       0       0       0       0       0       0       0       0       0
[...]
Total ram usage:        6 bytes
 Hardware stack levels used:    1
 Hardware stack levels required when called:    3
 This function calls:
		Nothing
 This function is called by:
		_delay_ms
		_sprintf
 This function uses a non-reentrant model


 *************** function _Joystick_Polling *****************
 Defined at:
		line 267 in file "RemoteCan.c"
 Parameters:    Size  Location     Type
		None
 Auto vars:     Size  Location     Type
  i               1   15[BANK0 ] unsigned char 
 Return value:  Size  Location     Type
		None               void
 Registers used:
		wreg, fsr2l, fsr2h, status,2, status,0, prodl, prodh
 Tracked objects:
		On entry : 
		On exit  : 
		Unchanged: 
 Data sizes:     COMRAM   BANK0   BANK1   BANK2   BANK3   BANK4   BANK5   BANK6   BANK7   BANK8   BANK9  BANK10  BANK11  BANK12
      Params:         0       0       0       0       0       0       0       0       0       0       0       0       0       0
      Locals:         0       1       0       0       0       0       0       0       0       0       0       0       0       0
      Temps:          0       1       0       0       0       0       0       0       0       0       0       0       0       0
      Totals:         0       2       0       0       0       0       0       0       0       0       0       0       0       0
Total ram usage:        2 bytes
 Hardware stack levels used:    1
 Hardware stack levels required when called:    3
 This function calls:
		Nothing
 This function is called by:
		_main
 This function uses a non-reentrant model


 *************** function _CAN_interpreter *****************
 Defined at:
		line 218 in file "RemoteCan.c"
 Parameters:    Size  Location     Type
		None
 Auto vars:     Size  Location     Type
		None
 Return value:  Size  Location     Type
		None               void
 Registers used:
		wreg, fsr2l, fsr2h, status,2, status,0, cstack
 Tracked objects:
		On entry : 
		On exit  : 
		Unchanged: 
 Data sizes:     COMRAM   BANK0   BANK1   BANK2   BANK3   BANK4   BANK5   BANK6   BANK7   BANK8   BANK9  BANK10  BANK11  BANK12
      Params:         0       0       0       0       0       0       0       0       0       0       0       0       0       0
      Locals:         0       0       0       0       0       0       0       0       0       0       0       0       0       0
      Temps:          0       4       0       0       0       0       0       0       0       0       0       0       0       0
      Totals:         0       4       0       0       0       0       0       0       0       0       0       0       0       0
Total ram usage:        4 bytes
 Hardware stack levels used:    1
 Hardware stack levels required when called:    4
 This function calls:
		_CANisTxReady
		_CANsendMessage
		___xxtofl
 This function is called by:
		_main
 This function uses a non-reentrant model


 *************** function ___xxtofl *****************
 Defined at:
		line 10 in file "C:\Program Files (x86)\Microchip\xc8\v1.35\sources\common\xxtofl.c"
 Parameters:    Size  Location     Type
  sign            1    wreg     unsigned char 
  val             4   14[BANK0 ] long 
 Auto vars:     Size  Location     Type
  sign            1   22[BANK0 ] unsigned char 
  arg             4   24[BANK0 ] unsigned long 
  exp             1   23[BANK0 ] unsigned char 
 Return value:  Size  Location     Type
                  4   14[BANK0 ] unsigned char 
 Registers used:
		wreg, status,2, status,0
 Tracked objects:
		On entry : 
		On exit  : 
		Unchanged: 
 Data sizes:     COMRAM   BANK0   BANK1   BANK2   BANK3   BANK4   BANK5   BANK6   BANK7   BANK8   BANK9  BANK10  BANK11  BANK12
      Params:         0       4       0       0       0       0       0       0       0       0       0       0       0       0
      Locals:         0       6       0       0       0       0       0       0       0       0       0       0       0       0
      Temps:          0       4       0       0       0       0       0       0       0       0       0       0       0       0
      Totals:         0      14       0       0       0       0       0       0       0       0       0       0       0       0
Total ram usage:       14 bytes
 Hardware stack levels used:    1
 Hardware stack levels required when called:    3
 This function calls:
		Nothing
 This function is called by:
		_main
		_CAN_interpreter
		_sprintf
 This function uses a non-reentrant model


 *************** function _CANisTxReady *****************
 Defined at:
		line 1155 in file "../../LaurTec_PIC_libraries_v_3.3.0/inc\CANlib.h"
 Parameters:    Size  Location     Type
		None
 Auto vars:     Size  Location     Type
		None
 Return value:  Size  Location     Type
                  1    wreg      unsigned char 
 Registers used:
		wreg, status,2
 Tracked objects:
		On entry : 
		On exit  : 
		Unchanged: 
 Data sizes:     COMRAM   BANK0   BANK1   BANK2   BANK3   BANK4   BANK5   BANK6   BANK7   BANK8   BANK9  BANK10  BANK11  BANK12
      Params:         0       0       0       0       0       0       0       0       0       0       0       0       0       0
      Locals:         0       1       0       0       0       0       0       0       0       0       0       0       0       0
      Temps:          0       0       0       0       0       0       0       0       0       0       0       0       0       0
      Totals:         0       1       0       0       0       0       0       0       0       0       0       0       0       0
Total ram usage:        1 bytes
 Hardware stack levels used:    1
 Hardware stack levels required when called:    3
 This function calls:
		Nothing
 This function is called by:
		_CAN_interpreter
 This function uses a non-reentrant model


 *************** function _CAN_Send *****************
 Defined at:
		line 175 in file "RemoteCan.c"
 Parameters:    Size  Location     Type
		None
 Auto vars:     Size  Location     Type
		None
 Return value:  Size  Location     Type
		None               void
 Registers used:
		wreg, fsr2l, fsr2h, status,2, status,0, cstack
 Tracked objects:
		On entry : 
		On exit  : 
		Unchanged: 
 Data sizes:     COMRAM   BANK0   BANK1   BANK2   BANK3   BANK4   BANK5   BANK6   BANK7   BANK8   BANK9  BANK10  BANK11  BANK12
      Params:         0       0       0       0       0       0       0       0       0       0       0       0       0       0
      Locals:         0       0       0       0       0       0       0       0       0       0       0       0       0       0
      Temps:          0       0       0       0       0       0       0       0       0       0       0       0       0       0
      Totals:         0       0       0       0       0       0       0       0       0       0       0       0       0       0
Total ram usage:        0 bytes
 Hardware stack levels used:    1
 Hardware stack levels required when called:    4
 This function calls:
		_CANsendMessage
 This function is called by:
		_main
 This function uses a non-reentrant model


 *************** function _CANsendMessage *****************
 Defined at:
		line 295 in file "../../LaurTec_PIC_libraries_v_3.3.0/inc\CANlib.h"
 Parameters:    Size  Location     Type
  identifier      4   14[BANK0 ] unsigned long 
  data            2   18[BANK0 ] PTR unsigned char 
		 -> data_speed(1), data_brake(1), data_steering(1), data(1), 
  dataLength      1   20[BANK0 ] unsigned char 
  flags           1   21[BANK0 ] enum E16909
 Auto vars:     Size  Location     Type
  tamp            4   26[BANK0 ] unsigned long 
 Return value:  Size  Location     Type
		None               void
 Registers used:
		wreg, fsr2l, fsr2h, status,2, status,0
 Tracked objects:
		On entry : 
		On exit  : 
		Unchanged: 
 Data sizes:     COMRAM   BANK0   BANK1   BANK2   BANK3   BANK4   BANK5   BANK6   BANK7   BANK8   BANK9  BANK10  BANK11  BANK12
      Params:         0       8       0       0       0       0       0       0       0       0       0       0       0       0
      Locals:         0       4       0       0       0       0       0       0       0       0       0       0       0       0
      Temps:          0       4       0       0       0       0       0       0       0       0       0       0       0       0
      Totals:         0      16       0       0       0       0       0       0       0       0       0       0       0       0
Total ram usage:       16 bytes
 Hardware stack levels used:    1
 Hardware stack levels required when called:    3
 This function calls:
		Nothing
 This function is called by:
		_CAN_Send
		_CAN_interpreter
 This function uses a non-reentrant model


 *************** function _ISR_bassa *****************
 Defined at:
		line 88 in file "RemoteCan.c"
 Parameters:    Size  Location     Type
		None
 Auto vars:     Size  Location     Type
		None
 Return value:  Size  Location     Type
		None               void
 Registers used:
		wreg, status,2, status,0
 Tracked objects:
		On entry : 
		On exit  : 
		Unchanged: 
 Data sizes:     COMRAM   BANK0   BANK1   BANK2   BANK3   BANK4   BANK5   BANK6   BANK7   BANK8   BANK9  BANK10  BANK11  BANK12
      Params:         0       0       0       0       0       0       0       0       0       0       0       0       0       0
      Locals:         0       0       0       0       0       0       0       0       0       0       0       0       0       0
      Temps:         17       0       0       0       0       0       0       0       0       0       0       0       0       0
      Totals:        17       0       0       0       0       0       0       0       0       0       0       0       0       0
Total ram usage:       17 bytes
 Hardware stack levels used:    1
 Hardware stack levels required when called:    2
 This function calls:
		Nothing
 This function is called by:
		Interrupt level 1
 This function uses a non-reentrant model


 *************** function _ISR_alta *****************
 Defined at:
		line 72 in file "RemoteCan.c"
 Parameters:    Size  Location     Type
		None
 Auto vars:     Size  Location     Type
  i               1   29[COMRAM] unsigned char 
 Return value:  Size  Location     Type
		None               void
 Registers used:
		wreg, fsr1l, fsr1h, fsr2l, fsr2h, status,2, status,0, prodl, prodh, cstack
 Tracked objects:
		On entry : 
		On exit  : 
		Unchanged: 
 Data sizes:     COMRAM   BANK0   BANK1   BANK2   BANK3   BANK4   BANK5   BANK6   BANK7   BANK8   BANK9  BANK10  BANK11  BANK12
      Params:         0       0       0       0       0       0       0       0       0       0       0       0       0       0
      Locals:         1       0       0       0       0       0       0       0       0       0       0       0       0       0
      Temps:          0      14       0       0       0       0       0       0       0       0       0       0       0       0
      Totals:         1      14       0       0       0       0       0       0       0       0       0       0       0       0
Total ram usage:       15 bytes
 Hardware stack levels used:    1
 Hardware stack levels required when called:    1
 This function calls:
		_CANisRxReady
		_CANreceiveMessage
 This function is called by:
		Interrupt level 2
 This function uses a non-reentrant model


 *************** function _CANreceiveMessage *****************
 Defined at:
		line 529 in file "../../LaurTec_PIC_libraries_v_3.3.0/inc\CANlib.h"
 Parameters:    Size  Location     Type
  msg             2   17[COMRAM] PTR struct .
		 -> msg(15), 
 Auto vars:     Size  Location     Type
  tamp            1   28[COMRAM] unsigned char 
  error           1   27[COMRAM] unsigned char 
 Return value:  Size  Location     Type
                  1    wreg      unsigned char 
 Registers used:
		wreg, fsr2l, fsr2h, status,2, status,0
 Tracked objects:
		On entry : 
		On exit  : 
		Unchanged: 
 Data sizes:     COMRAM   BANK0   BANK1   BANK2   BANK3   BANK4   BANK5   BANK6   BANK7   BANK8   BANK9  BANK10  BANK11  BANK12
      Params:         2       0       0       0       0       0       0       0       0       0       0       0       0       0
      Locals:         2       0       0       0       0       0       0       0       0       0       0       0       0       0
      Temps:          8       0       0       0       0       0       0       0       0       0       0       0       0       0
      Totals:        12       0       0       0       0       0       0       0       0       0       0       0       0       0
Total ram usage:       12 bytes
 Hardware stack levels used:    1
 This function calls:
		Nothing
 This function is called by:
		_ISR_alta
 This function uses a non-reentrant model


 *************** function _CANisRxReady *****************
 Defined at:
		line 1164 in file "../../LaurTec_PIC_libraries_v_3.3.0/inc\CANlib.h"
 Parameters:    Size  Location     Type
		None
 Auto vars:     Size  Location     Type
		None
 Return value:  Size  Location     Type
                  1    wreg      unsigned char 
 Registers used:
		wreg, status,2
 Tracked objects:
		On entry : 
		On exit  : 
		Unchanged: 
 Data sizes:     COMRAM   BANK0   BANK1   BANK2   BANK3   BANK4   BANK5   BANK6   BANK7   BANK8   BANK9  BANK10  BANK11  BANK12
      Params:         0       0       0       0       0       0       0       0       0       0       0       0       0       0
      Locals:         1       0       0       0       0       0       0       0       0       0       0       0       0       0
      Temps:          0       0       0       0       0       0       0       0       0       0       0       0       0       0
      Totals:         1       0       0       0       0       0       0       0       0       0       0       0       0       0
Total ram usage:        1 bytes
 Hardware stack levels used:    1
 This function calls:
		Nothing
 This function is called by:
		_ISR_alta
 This function uses a non-reentrant model



MODULE INFORMATION

Module		Function		Class		Link	Load	Size
C:\Program Files (x86)\Microchip\xc8\v1.35\sources\common\awdiv.c
		___awdiv       		CODE           	14C70	0000	191

C:\Program Files (x86)\Microchip\xc8\v1.35\sources\common\awdiv.c estimated size: 191

C:\Program Files (x86)\Microchip\xc8\v1.35\sources\common\isdigit.c
		_isdigit       		CODE           	152B4	0000	43

C:\Program Files (x86)\Microchip\xc8\v1.35\sources\common\isdigit.c estimated size: 43

C:\Program Files (x86)\Microchip\xc8\v1.35\sources\common\sprcadd.c
		___flsub       		CODE           	150B0	0000	73
		___fladd       		CODE           	1254C	0000	1193

C:\Program Files (x86)\Microchip\xc8\v1.35\sources\common\sprcadd.c estimated size: 1266

C:\Program Files (x86)\Microchip\xc8\v1.35\sources\common\flneg.c
		___flneg       		CODE           	151AE	0000	57

C:\Program Files (x86)\Microchip\xc8\v1.35\sources\common\flneg.c estimated size: 57

C:\Program Files (x86)\Microchip\xc8\v1.35\sources\common\xxtofl.c
		___xxtofl      		CODE           	13CE4	0000	463

C:\Program Files (x86)\Microchip\xc8\v1.35\sources\common\xxtofl.c estimated size: 463

C:\Program Files (x86)\Microchip\xc8\v1.35\sources\common\doprnt.c
		_scale         		CODE           	11B26	0000	1307
		_sprintf       		CODE           	10B06	0000	2197
		_fround        		CODE           	139EE	0000	759

C:\Program Files (x86)\Microchip\xc8\v1.35\sources\common\doprnt.c estimated size: 4263

C:\Program Files (x86)\Microchip\xc8\v1.35\sources\common\llmod.c
		___llmod       		CODE           	14F2C	0000	155

C:\Program Files (x86)\Microchip\xc8\v1.35\sources\common\llmod.c estimated size: 155

../../LaurTec_PIC_libraries_v_3.3.0/src\delay.c
		_delay_set_quartz		CODE           	153A4	0000	11
		_delay_ms      		CODE           	15174	0000	59

../../LaurTec_PIC_libraries_v_3.3.0/src\delay.c estimated size: 70

shared
		__powers_      		MEDIUMCONST    	FF11	0000	53
		_dpowers       		MEDIUMCONST    	FF45	0000	41
		__npowers_     		MEDIUMCONST    	FEDD	0000	53
		__initialization		CODE           	150F8	0000	57

shared estimated size: 204

../../LaurTec_PIC_libraries_v_3.3.0/inc\CANlib.h
		_CANSetFilter  		CODE           	10000	0000	2823
		_CANisRxReady  		CODE           	1537C	0000	23
		_CANreceiveMessage		CODE           	12040	0000	1293
		_CANsendMessage		CODE           	1139A	0000	1933
		_CANInitialize 		CODE           	13EB2	0000	455
		_CANOperationMode		CODE           	15366	0000	23
		_CANisTxReady  		CODE           	15304	0000	37
		_CANSetMask    		CODE           	13650	0000	927

../../LaurTec_PIC_libraries_v_3.3.0/inc\CANlib.h estimated size: 7514

C:\Program Files (x86)\Microchip\xc8\v1.35\sources\common\awmod.c
		___awmod       		CODE           	14DEA	0000	163

C:\Program Files (x86)\Microchip\xc8\v1.35\sources\common\awmod.c estimated size: 163

C:\Program Files (x86)\Microchip\xc8\v1.35\sources\common\sprcmul.c
		___flmul       		CODE           	129F4	0000	1191

C:\Program Files (x86)\Microchip\xc8\v1.35\sources\common\sprcmul.c estimated size: 1191

C:\Program Files (x86)\Microchip\xc8\v1.35\sources\common\ftdivl.c
		__tdiv_to_l_   		CODE           	14078	0000	415

C:\Program Files (x86)\Microchip\xc8\v1.35\sources\common\ftdivl.c estimated size: 415

../../LaurTec_PIC_libraries_v_3.3.0/src\LCD_44780.c
		_LCD_clear     		CODE           	15282	0000	51
		_LCD_cursor    		CODE           	15250	0000	51
		_LCD_goto_line 		CODE           	149C8	0000	237
		_LCD_write_string		CODE           	152DE	0000	39
		_LCD_enable_pulse		CODE           	15328	0000	35
		_LCD_write_message		CODE           	1521C	0000	53
		_LCD_write_char		CODE           	14FC6	0000	151
		_LCD_send_command		CODE           	1513A	0000	59
		_LCD_initialize		CODE           	1452E	0000	367
		_LCD_backlight 		CODE           	15392	0000	19

../../LaurTec_PIC_libraries_v_3.3.0/src\LCD_44780.c estimated size: 1062

C:\Program Files (x86)\Microchip\xc8\v1.35\sources\common\sprcdiv.c
		___fldiv       		CODE           	13290	0000	961

C:\Program Files (x86)\Microchip\xc8\v1.35\sources\common\sprcdiv.c estimated size: 961

C:\Program Files (x86)\Microchip\xc8\v1.35\sources\common\fltol.c
		___fltol       		CODE           	147B6	0000	269

C:\Program Files (x86)\Microchip\xc8\v1.35\sources\common\fltol.c estimated size: 269

C:\Program Files (x86)\Microchip\xc8\v1.35\sources\common\Umul16.c
		___wmul        		CODE           	151E6	0000	55

C:\Program Files (x86)\Microchip\xc8\v1.35\sources\common\Umul16.c estimated size: 55

C:\Program Files (x86)\Microchip\xc8\v1.35\sources\common\lldiv.c
		___lldiv       		CODE           	14D2E	0000	189

C:\Program Files (x86)\Microchip\xc8\v1.35\sources\common\lldiv.c estimated size: 189

RemoteCan.c
		_main          		CODE           	12E9A	0000	1015
		_CAN_Send      		CODE           	14E8C	0000	161
		_PWR_Button_Polling		CODE           	1534A	0000	29
		_board_initialization		CODE           	14AB4	0000	223
		_Joystick_Polling		CODE           	1505C	0000	85
		_ISR_bassa     		CODE           	0018	0000	171
		_LCD_Handler   		CODE           	1469C	0000	283
		_ISR_alta      		CODE           	0008	0000	237
		_CAN_interpreter		CODE           	148C2	0000	263

RemoteCan.c estimated size: 2467

C:\Program Files (x86)\Microchip\xc8\v1.35\sources\common\fldivl.c
		__div_to_l_    		CODE           	143A6	0000	393

C:\Program Files (x86)\Microchip\xc8\v1.35\sources\common\fldivl.c estimated size: 393

C:\Program Files (x86)\Microchip\xc8\v1.35\sources\common\flge.c
		___flge        		CODE           	14216	0000	401

C:\Program Files (x86)\Microchip\xc8\v1.35\sources\common\flge.c estimated size: 401

