Microchip MPLAB XC8 Compiler V1.35 ()

Linker command line:

--edf=C:\Program Files (x86)\Microchip\xc8\v1.35\dat\en_msgs.txt -cs \
  -h+dist/default/production\RemoteCan.X.production.sym \
  --cmf=dist/default/production\RemoteCan.X.production.cmf -z -Q18F4685 \
  -oC:\Users\Massimo\AppData\Local\Temp\s47c.2 \
  -Mdist/default/production/RemoteCan.X.production.map -E1 -ver=XC8 \
  --acfsm=1493 -ASTACK=0146h-0cffh -pstack=STACK -ACODE=00h-017FFFh \
  -ACONST=00h-017FFFh -ASMALLCONST=0D00h-0DFFhx371 \
  -AMEDIUMCONST=0D00h-0FFFFh,010D00h-017FFFh -ACOMRAM=01h-05Fh \
  -AABS1=00h-0CFFh -ABIGRAM=01h-0CFFh -ARAM=060h-0FFh,0100h-01FFhx12 \
  -ABANK0=060h-0FFh -ABANK1=0100h-01FFh -ABANK2=0200h-02FFh \
  -ABANK3=0300h-03FFh -ABANK4=0400h-04FFh -ABANK5=0500h-05FFh \
  -ABANK6=0600h-06FFh -ABANK7=0700h-07FFh -ABANK8=0800h-08FFh \
  -ABANK9=0900h-09FFh -ABANK10=0A00h-0AFFh -ABANK11=0B00h-0BFFh \
  -ABANK12=0C00h-0CFFh -ASFR=0D00h-0DFFhx2,0F00h-0F5Fh,0F60h-0FFFh \
  -preset_vec=00h,intcode=08h,intcodelo=018h,powerup,init,end_init \
  -pramtop=0D00h -psmallconst=SMALLCONST -pmediumconst=MEDIUMCONST \
  -pconst=CONST -AFARRAM=00h-00h -ACONFIG=0300000h-030000Dh -pconfig=CONFIG \
  -AIDLOC=0200000h-0200007h -pidloc=IDLOC -AEEDATA=0F00000h-0F003FFh \
  -peeprom_data=EEDATA \
  -prdata=COMRAM,nvrram=COMRAM,nvbit=COMRAM,rbss=COMRAM,rbit=COMRAM \
  -pfarbss=FARRAM,fardata=FARRAM,nvFARRAM=FARRAM \
  -pintsave_regs=BIGRAM,bigbss=BIGRAM,bigdata=BIGRAM -pbss=RAM \
  -pidata=CODE,irdata=CODE,ibigdata=CODE,ifardata=CODE -prparam=COMRAM \
  C:\Users\Massimo\AppData\Local\Temp\s47c.obj \
  dist/default/production\RemoteCan.X.production.obj 

Object code version is 3.11

Machine type is 18F4685

Call graph: (short form)




                Name                               Link     Load   Length Selector   Space Scale
C:\Users\Massimo\AppData\Local\Temp\s47c.obj
                end_init                             C0       C0        4        C       0
                reset_vec                             0        0        4        0       0
                idloc                            200000   200000        8   200000       0
                config                           300000   300000        E   300000       0
dist/default/production\RemoteCan.X.production.obj
                intcodelo                            18       18       A8        C       0
                intcode                               8        8        E        4       0
                temp                                 4D       4D        1        1       1
                mediumconst                        FEBA     FEBA      146     7F5D       0
                text52                            15E44    15E44       16     8000       0
                text51                            12D60    12D60      50C     8000       0
                text50                            15DA0    15DA0       1E     8000       0
                text49                            11B26    11B26      6DE     8000       0
                intcode_body                      151B6    151B6      162     8000       0
                text46                            15D5A    15D5A       24     8000       0
                text45                            1139A    1139A      78C     8000       0
                text44                            1568A    1568A       BA     8000       0
                text43                            15744    15744       AA     8000       0
                text42                            15E12    15E12       1C     8000       0
                text41                            15DF6    15DF6       1C     8000       0
                text40                            15A64    15A64       54     8000       0
                text39                            15C3C    15C3C       36     8000       0
                text38                            15BCA    15BCA       3A     8000       0
                text37                            15D7E    15D7E       22     8000       0
                text36                            15B90    15B90       3A     8000       0
                text35                            15424    15424       EC     8000       0
                text34                            15AB8    15AB8       4C     8000       0
                text33                            15DDA    15DDA       1C     8000       0
                text32                            15CD8    15CD8       32     8000       0
                text31                            15CA6    15CA6       32     8000       0
                text30                            15E5A    15E5A        A     8000       0
                text29                            15048    15048      16E     8000       0
                text28                            159CE    159CE       96     8000       0
                text27                            15C72    15C72       34     8000       0
                text26                            15D34    15D34       26     8000       0
                text25                            13BBA    13BBA      3C0     8000       0
                text24                            14D30    14D30      190     8000       0
                text23                            15C04    15C04       38     8000       0
                text22                            1326C    1326C      4A8     8000       0
                text21                            15B04    15B04       48     8000       0
                text20                            15318    15318      10C     8000       0
                text19                            155CE    155CE       BC     8000       0
                text18                            15934    15934       9A     8000       0
                text17                            147FE    147FE      1CE     8000       0
                text16                            14EC0    14EC0      188     8000       0
                text15                            14B92    14B92      19E     8000       0
                text14                            15510    15510       BE     8000       0
                text13                            15892    15892       A2     8000       0
                text12                            13714    13714      4A6     8000       0
                text11                            14318    14318      2F6     8000       0
                text10                            15D0A    15D0A       2A     8000       0
                text9                             12846    12846      51A     8000       0
                text8                             10B06    10B06      894     8000       0
                text7                             1460E    1460E      1F0     8000       0
                text6                             15DBE    15DBE       1C     8000       0
                text5                             15E2E    15E2E       16     8000       0
                text4                             10000    10000      B06     8000       0
                text3                             13F7A    13F7A      39E     8000       0
                text2                             149CC    149CC      1C6     8000       0
                text1                             157EE    157EE       A4     8000       0
                text0                             12204    12204      642     8000       0
                cstackCOMRAM                         2D       2D       1E        1       1
                cstackBANK0                          60       60       6C       60       1
                cstackBANK1                         123      123       23      100       1
                bssBANK1                            100      100       23      100       1
                dataBANK0                            EC       EC        1       60       1
                bssBANK0                             CC       CC       20       60       1
                bssCOMRAM                             1        1       2C        1       1
                bitbssCOMRAM                        258       4B        E        1       1     8
                cinit                             15B4C    15B4C       44     8000       0
                idataBANK0                        15E64    15E64        1     8000       0

TOTAL           Name                               Link     Load   Length     Space
        CLASS   STACK          

        CLASS   CODE           
                end_init                             C0       C0        4         0
                intcodelo                            18       18       A8         0
                intcode                               8        8        E         0
                reset_vec                             0        0        4         0
                text52                            15E44    15E44       16         0
                text51                            12D60    12D60      50C         0
                text50                            15DA0    15DA0       1E         0
                text49                            11B26    11B26      6DE         0
                intcode_body                      151B6    151B6      162         0
                text46                            15D5A    15D5A       24         0
                text45                            1139A    1139A      78C         0
                text44                            1568A    1568A       BA         0
                text43                            15744    15744       AA         0
                text42                            15E12    15E12       1C         0
                text41                            15DF6    15DF6       1C         0
                text40                            15A64    15A64       54         0
                text39                            15C3C    15C3C       36         0
                text38                            15BCA    15BCA       3A         0
                text37                            15D7E    15D7E       22         0
                text36                            15B90    15B90       3A         0
                text35                            15424    15424       EC         0
                text34                            15AB8    15AB8       4C         0
                text33                            15DDA    15DDA       1C         0
                text32                            15CD8    15CD8       32         0
                text31                            15CA6    15CA6       32         0
                text30                            15E5A    15E5A        A         0
                text29                            15048    15048      16E         0
                text28                            159CE    159CE       96         0
                text27                            15C72    15C72       34         0
                text26                            15D34    15D34       26         0
                text25                            13BBA    13BBA      3C0         0
                text24                            14D30    14D30      190         0
                text23                            15C04    15C04       38         0
                text22                            1326C    1326C      4A8         0
                text21                            15B04    15B04       48         0
                text20                            15318    15318      10C         0
                text19                            155CE    155CE       BC         0
                text18                            15934    15934       9A         0
                text17                            147FE    147FE      1CE         0
                text16                            14EC0    14EC0      188         0
                text15                            14B92    14B92      19E         0
                text14                            15510    15510       BE         0
                text13                            15892    15892       A2         0
                text12                            13714    13714      4A6         0
                text11                            14318    14318      2F6         0
                text10                            15D0A    15D0A       2A         0
                text9                             12846    12846      51A         0
                text8                             10B06    10B06      894         0
                text7                             1460E    1460E      1F0         0
                text6                             15DBE    15DBE       1C         0
                text5                             15E2E    15E2E       16         0
                text4                             10000    10000      B06         0
                text3                             13F7A    13F7A      39E         0
                text2                             149CC    149CC      1C6         0
                text1                             157EE    157EE       A4         0
                text0                             12204    12204      642         0
                cinit                             15B4C    15B4C       44         0
                idataBANK0                        15E64    15E64        1         0

        CLASS   CONST          

        CLASS   SMALLCONST     

        CLASS   MEDIUMCONST    
                mediumconst                        FEBA     FEBA      146         0

        CLASS   COMRAM         
                temp                                 4D       4D        1         1
                cstackCOMRAM                         2D       2D       1E         1
                bssCOMRAM                             1        1       2C         1
                bitbssCOMRAM                        258       4B        E         1

        CLASS   ABS1           

        CLASS   BIGRAM         

        CLASS   RAM            

        CLASS   BANK0          
                cstackBANK0                          60       60       6C         1
                dataBANK0                            EC       EC        1         1
                bssBANK0                             CC       CC       20         1

        CLASS   BANK1          
                cstackBANK1                         123      123       23         1
                bssBANK1                            100      100       23         1

        CLASS   BANK2          

        CLASS   BANK3          

        CLASS   BANK4          

        CLASS   BANK5          

        CLASS   BANK6          

        CLASS   BANK7          

        CLASS   BANK8          

        CLASS   BANK9          

        CLASS   BANK10         

        CLASS   BANK11         

        CLASS   BANK12         

        CLASS   SFR            

        CLASS   FARRAM         

        CLASS   CONFIG         
                config                           300000   300000        E         0

        CLASS   IDLOC          
                idloc                            200000   200000        8         0

        CLASS   EEDATA         



SEGMENTS        Name                           Load    Length   Top    Selector   Space  Class

                reset_vec                      000000  000004  000004         0       0  CODE    
                bssCOMRAM                      000001  00004D  00004E         1       1  COMRAM  
                intcode                        000008  00000E  000016         4       0  CODE    
                intcodelo                      000018  0000AC  0000C4         C       0  CODE    
                cstackBANK0                    000060  00008D  0000ED        60       1  BANK0   
                bssBANK1                       000100  000046  000146       100       1  BANK1   
                mediumconst                    00FEBA  000146  010000      7F5D       0  MEDIUMCO
                text4                          010000  005E65  015E65      8000       0  CODE    
                idloc                          200000  000008  200008    200000       0  IDLOC   
                config                         300000  00000E  30000E    300000       0  CONFIG  


UNUSED ADDRESS RANGES

        Name                Unused          Largest block    Delta
        BANK0            0000ED-0000FF               13
        BANK1            000146-0001FF               BA
        BANK10           000A00-000AFF              100
        BANK11           000B00-000BFF              100
        BANK12           000C00-000CFF              100
        BANK2            000200-0002FF              100
        BANK3            000300-0003FF              100
        BANK4            000400-0004FF              100
        BANK5            000500-0005FF              100
        BANK6            000600-0006FF              100
        BANK7            000700-0007FF              100
        BANK8            000800-0008FF              100
        BANK9            000900-0009FF              100
        BIGRAM           00004E-00005F               12
                         0000ED-0000FF               13
                         000146-000CFF              BBA
        CODE             000004-000007                4
                         000016-000017                2
                         0000C4-00FEB9             FDF6
                         015E65-017FFF             219B
        COMRAM           00004E-00005F               12
        CONST            000004-000007                4
                         000016-000017                2
                         0000C4-00FEB9             FDF6
                         015E65-017FFF             219B
        EEDATA           F00000-F003FF              400
        MEDIUMCONST      000D00-00FEB9             F1BA
                         015E65-017FFF             219B
        RAM              0000ED-0000FF               13
                         000146-000CFF              100
        SFR              000D00-000FFF              100
        SMALLCONST       000D00-00FEB9              100
                         015E65-017FFF              100
        STACK            000146-000CFF              BBA

                                  Symbol Table

?___awdiv                        cstackBANK0  000078
?___awmod                        cstackBANK0  000072
?___fladd                        cstackBANK0  0000A6
?___fldiv                        cstackBANK0  000080
?___flmul                        cstackBANK0  000080
?___flneg                        cstackBANK0  000099
?___flsub                        cstackBANK0  0000BA
?___fltol                        cstackBANK0  0000BA
?___lldiv                        cstackBANK0  000072
?___llmod                        cstackBANK0  000072
?___wmul                         cstackBANK0  000072
?___xxtofl                       cstackBANK0  000072
?__div_to_l_                     cstackBANK0  000072
?__tdiv_to_l_                    cstackBANK0  000072
?_fround                         cstackBANK0  000099
?_scale                          cstackBANK0  000099
?_sprintf                        cstackBANK0  0000C4
CANInitialize@BRP                cstackBANK0  000083
CANInitialize@FilterConfig1      cstackBANK0  00008A
CANInitialize@FilterConfig2      cstackBANK0  00008B
CANInitialize@SJW                cstackBANK0  000082
CANInitialize@flags              cstackBANK0  000084
CANInitialize@phaseSeg1          cstackBANK0  000080
CANInitialize@phaseSeg2          cstackBANK0  000081
CANInitialize@propSeg            cstackBANK0  000089
CANOperationMode@mode            cstackBANK0  000072
CANSetFilter@filter              cstackBANK0  000072
CANSetFilter@numBuffer           cstackBANK0  00007B
CANSetFilter@tamp                cstackBANK0  00007C
CANSetFilter@type                cstackBANK0  000076
CANSetMask@mask                  cstackBANK0  000072
CANSetMask@numBuffer             cstackBANK0  00007B
CANSetMask@tamp                  cstackBANK0  00007C
CANSetMask@type                  cstackBANK0  000076
CANreceiveMessage@error          cstackCOMRAM 000048
CANreceiveMessage@msg            cstackCOMRAM 00003E
CANreceiveMessage@tamp           cstackCOMRAM 000049
CANsendMessage@data              cstackBANK0  000076
CANsendMessage@dataLength        cstackBANK0  000078
CANsendMessage@flags             cstackBANK0  000079
CANsendMessage@identifier        cstackBANK0  000072
CANsendMessage@tamp              cstackBANK0  00007E
ISR_alta@i                       cstackCOMRAM 00004A
Joystick_Polling@i               cstackBANK0  000073
LCD_cursor@active                cstackBANK0  00007F
LCD_cursor@blinking              cstackBANK0  00007E
LCD_goto_line@line               cstackBANK0  00007E
LCD_goto_xy@x                    cstackBANK0  000082
LCD_goto_xy@y                    cstackBANK0  000081
LCD_initialize@quartz_frequency  cstackBANK0  000080
LCD_send_command@D0              cstackBANK0  00007C
LCD_send_command@D1              cstackBANK0  00007B
LCD_send_command@D2              cstackBANK0  00007A
LCD_send_command@D3              cstackBANK0  00007D
LCD_shift_cursor@i               cstackBANK0  000080
LCD_shift_cursor@number_of_shift cstackBANK0  00007E
LCD_shift_cursor@shift           cstackBANK0  00007F
LCD_write_char@D0                cstackBANK0  000081
LCD_write_char@D1                cstackBANK0  000080
LCD_write_char@D2                cstackBANK0  00007F
LCD_write_char@D3                cstackBANK0  00007E
LCD_write_char@value             cstackBANK0  000082
LCD_write_integer@F17272         bssCOMRAM    000008
LCD_write_message@buffer         cstackBANK0  000083
LCD_write_string@buffer          cstackBANK0  000083
_ADCON0bits                      (abs)        000FC2
_ADCON1                          (abs)        000FC1
_ADCON2bits                      (abs)        000FC0
_ADRESH                          (abs)        000FC4
_AbsFlag                         bitbssCOMRAM 000258
_BRGCON1                         (abs)        000F70
_BRGCON2                         (abs)        000F71
_BRGCON2bits                     (abs)        000F71
_BRGCON3                         (abs)        000F72
_BRGCON3bits                     (abs)        000F72
_CANCON                          (abs)        000F6F
_CANCONbits                      (abs)        000F6F
_CANInitialize                   text2        0149CC
_CANOperationMode                text5        015E2E
_CANSTAT                         (abs)        000F6E
_CANSetFilter                    text4        010000
_CANSetMask                      text3        013F7A
_CAN_Send                        text44       01568A
_CAN_interpreter                 text43       015744
_CANisRxReady                    text52       015E44
_CANisRxReady$3237               cstackCOMRAM 00003E
_CANisTxReady                    text46       015D5A
_CANisTxReady$3235               cstackBANK0  000072
_CANreceiveMessage               text51       012D60
_CANsendMessage                  text45       01139A
_COMSTATbits                     (abs)        000F74
_F1_Button_Polling               text42       015E12
_F1_switch                       bitbssCOMRAM 000259
_F2_Button_Polling               text41       015DF6
_F2_switch                       bitbssCOMRAM 00025A
_INTCONbits                      (abs)        000FF2
_IPR2bits                        (abs)        000FA2
_IPR3bits                        (abs)        000FA5
_ISR_alta                        intcode      000008
_ISR_bassa                       intcodelo    000018
_JoystickConstants               bssBANK0     0000CC
_JoystickValues                  bssBANK0     0000DC
_Joystick_Polling                text40       015A64
_LATA                            (abs)        000F89
_LATB                            (abs)        000F8A
_LATC                            (abs)        000F8B
_LATCbits                        (abs)        000F8B
_LATD                            (abs)        000F8C
_LATDbits                        (abs)        000F8C
_LATE                            (abs)        000F8D
_LATEbits                        (abs)        000F8D
_LCD_Handler                     text7        01460E
_LCD_clear                       text32       015CD8
_LCD_cursor                      text31       015CA6
_LCD_enable_pulse                text37       015D7E
_LCD_goto_line                   text35       015424
_LCD_goto_xy                     text33       015DDA
_LCD_initialize                  text29       015048
_LCD_send_command                text36       015B90
_LCD_shift_cursor                text34       015AB8
_LCD_write_char                  text28       0159CE
_LCD_write_message               text27       015C72
_LCD_write_string                text26       015D34
_MotoreFlag                      bitbssCOMRAM 00025B
_PIE2bits                        (abs)        000FA0
_PIE3bits                        (abs)        000FA3
_PIR2bits                        (abs)        000FA1
_PIR3bits                        (abs)        000FA4
_PORTAbits                       (abs)        000F80
_PORTBbits                       (abs)        000F81
_PORTDbits                       (abs)        000F83
_PWR_Button_Polling              text6        015DBE
_RCONbits                        (abs)        000FD0
_RTR_Flag                        bitbssCOMRAM 00025C
_RXB0CON                         (abs)        000F60
_RXB0CONbits                     (abs)        000F60
_RXB0D0                          (abs)        000F66
_RXB0D1                          (abs)        000F67
_RXB0D2                          (abs)        000F68
_RXB0D3                          (abs)        000F69
_RXB0D4                          (abs)        000F6A
_RXB0D5                          (abs)        000F6B
_RXB0D6                          (abs)        000F6C
_RXB0D7                          (abs)        000F6D
_RXB0DLC                         (abs)        000F65
_RXB0DLCbits                     (abs)        000F65
_RXB0EIDH                        (abs)        000F63
_RXB0EIDL                        (abs)        000F64
_RXB0SIDH                        (abs)        000F61
_RXB0SIDL                        (abs)        000F62
_RXB0SIDLbits                    (abs)        000F62
_RXB1CON                         (abs)        000F50
_RXB1CONbits                     (abs)        000F50
_RXB1D0                          (abs)        000F56
_RXB1D1                          (abs)        000F57
_RXB1D2                          (abs)        000F58
_RXB1D3                          (abs)        000F59
_RXB1D4                          (abs)        000F5A
_RXB1D5                          (abs)        000F5B
_RXB1D6                          (abs)        000F5C
_RXB1D7                          (abs)        000F5D
_RXB1DLC                         (abs)        000F55
_RXB1DLCbits                     (abs)        000F55
_RXB1EIDH                        (abs)        000F53
_RXB1EIDL                        (abs)        000F54
_RXB1SIDH                        (abs)        000F51
_RXB1SIDL                        (abs)        000F52
_RXB1SIDLbits                    (abs)        000F52
_RXERRCNT                        (abs)        000F75
_RXF0EIDH                        (abs)        000F02
_RXF0EIDL                        (abs)        000F03
_RXF0SIDH                        (abs)        000F00
_RXF0SIDL                        (abs)        000F01
_RXF0SIDLbits                    (abs)        000F01
_RXF1EIDH                        (abs)        000F06
_RXF1EIDL                        (abs)        000F07
_RXF1SIDH                        (abs)        000F04
_RXF1SIDL                        (abs)        000F05
_RXF1SIDLbits                    (abs)        000F05
_RXF2EIDH                        (abs)        000F0A
_RXF2EIDL                        (abs)        000F0B
_RXF2SIDH                        (abs)        000F08
_RXF2SIDL                        (abs)        000F09
_RXF2SIDLbits                    (abs)        000F09
_RXF3EIDH                        (abs)        000F0E
_RXF3EIDL                        (abs)        000F0F
_RXF3SIDH                        (abs)        000F0C
_RXF3SIDL                        (abs)        000F0D
_RXF3SIDLbits                    (abs)        000F0D
_RXF4EIDH                        (abs)        000F12
_RXF4EIDL                        (abs)        000F13
_RXF4SIDH                        (abs)        000F10
_RXF4SIDL                        (abs)        000F11
_RXF4SIDLbits                    (abs)        000F11
_RXF5EIDH                        (abs)        000F16
_RXF5EIDL                        (abs)        000F17
_RXF5SIDH                        (abs)        000F14
_RXF5SIDL                        (abs)        000F15
_RXF5SIDLbits                    (abs)        000F15
_RXM0EIDH                        (abs)        000F1A
_RXM0EIDL                        (abs)        000F1B
_RXM0SIDH                        (abs)        000F18
_RXM0SIDL                        (abs)        000F19
_RXM0SIDLbits                    (abs)        000F19
_RXM1EIDH                        (abs)        000F1E
_RXM1EIDL                        (abs)        000F1F
_RXM1SIDH                        (abs)        000F1C
_RXM1SIDL                        (abs)        000F1D
_RXM1SIDLbits                    (abs)        000F1D
_SterzoFlag                      bitbssCOMRAM 00025D
_T3CON                           (abs)        000FB1
_TMR3H                           (abs)        000FB3
_TMR3L                           (abs)        000FB2
_TRISA                           (abs)        000F92
_TRISB                           (abs)        000F93
_TRISC                           (abs)        000F94
_TRISD                           (abs)        000F95
_TRISE                           (abs)        000F96
_TXB0CONbits                     (abs)        000F40
_TXB0D0                          (abs)        000F46
_TXB0D1                          (abs)        000F47
_TXB0D2                          (abs)        000F48
_TXB0D3                          (abs)        000F49
_TXB0D4                          (abs)        000F4A
_TXB0D5                          (abs)        000F4B
_TXB0D6                          (abs)        000F4C
_TXB0D7                          (abs)        000F4D
_TXB0DLC                         (abs)        000F45
_TXB0DLCbits                     (abs)        000F45
_TXB0EIDH                        (abs)        000F43
_TXB0EIDL                        (abs)        000F44
_TXB0SIDH                        (abs)        000F41
_TXB0SIDL                        (abs)        000F42
_TXB0SIDLbits                    (abs)        000F42
_TXB1CONbits                     (abs)        000F30
_TXB1D0                          (abs)        000F36
_TXB1D1                          (abs)        000F37
_TXB1D2                          (abs)        000F38
_TXB1D3                          (abs)        000F39
_TXB1D4                          (abs)        000F3A
_TXB1D5                          (abs)        000F3B
_TXB1D6                          (abs)        000F3C
_TXB1D7                          (abs)        000F3D
_TXB1DLC                         (abs)        000F35
_TXB1DLCbits                     (abs)        000F35
_TXB1EIDH                        (abs)        000F33
_TXB1EIDL                        (abs)        000F34
_TXB1SIDH                        (abs)        000F31
_TXB1SIDL                        (abs)        000F32
_TXB1SIDLbits                    (abs)        000F32
_TXB2CONbits                     (abs)        000F20
_TXB2D0                          (abs)        000F26
_TXB2D1                          (abs)        000F27
_TXB2D2                          (abs)        000F28
_TXB2D3                          (abs)        000F29
_TXB2D4                          (abs)        000F2A
_TXB2D5                          (abs)        000F2B
_TXB2D6                          (abs)        000F2C
_TXB2D7                          (abs)        000F2D
_TXB2DLC                         (abs)        000F25
_TXB2DLCbits                     (abs)        000F25
_TXB2EIDH                        (abs)        000F23
_TXB2EIDL                        (abs)        000F24
_TXB2SIDH                        (abs)        000F21
_TXB2SIDL                        (abs)        000F22
_TXB2SIDLbits                    (abs)        000F22
_TXERRCNT                        (abs)        000F76
__CFG_BBSIZ$1024                 (abs)        000000
__CFG_BOREN$BOHW                 (abs)        000000
__CFG_BORV$3                     (abs)        000000
__CFG_CP0$OFF                    (abs)        000000
__CFG_CP1$OFF                    (abs)        000000
__CFG_CP2$OFF                    (abs)        000000
__CFG_CP3$OFF                    (abs)        000000
__CFG_CP4$OFF                    (abs)        000000
__CFG_CP5$OFF                    (abs)        000000
__CFG_CPB$OFF                    (abs)        000000
__CFG_CPD$OFF                    (abs)        000000
__CFG_EBTR0$OFF                  (abs)        000000
__CFG_EBTR1$OFF                  (abs)        000000
__CFG_EBTR2$OFF                  (abs)        000000
__CFG_EBTR3$OFF                  (abs)        000000
__CFG_EBTR4$OFF                  (abs)        000000
__CFG_EBTR5$OFF                  (abs)        000000
__CFG_EBTRB$OFF                  (abs)        000000
__CFG_FCMEN$OFF                  (abs)        000000
__CFG_IESO$OFF                   (abs)        000000
__CFG_LPT1OSC$OFF                (abs)        000000
__CFG_LVP$OFF                    (abs)        000000
__CFG_MCLRE$ON                   (abs)        000000
__CFG_OSC$HS                     (abs)        000000
__CFG_PBADEN$OFF                 (abs)        000000
__CFG_PWRT$OFF                   (abs)        000000
__CFG_STVREN$ON                  (abs)        000000
__CFG_WDT$OFF                    (abs)        000000
__CFG_WDTPS$32768                (abs)        000000
__CFG_WRT0$OFF                   (abs)        000000
__CFG_WRT1$OFF                   (abs)        000000
__CFG_WRT2$OFF                   (abs)        000000
__CFG_WRT3$OFF                   (abs)        000000
__CFG_WRT4$OFF                   (abs)        000000
__CFG_WRT5$OFF                   (abs)        000000
__CFG_WRTB$OFF                   (abs)        000000
__CFG_WRTC$OFF                   (abs)        000000
__CFG_WRTD$OFF                   (abs)        000000
__CFG_XINST$OFF                  (abs)        000000
__HRAM                           (abs)        000000
__Habs1                          abs1         000000
__Hbank0                         bank0        000000
__Hbank1                         bank1        000000
__Hbank10                        bank10       000000
__Hbank11                        bank11       000000
__Hbank12                        bank12       000000
__Hbank2                         bank2        000000
__Hbank3                         bank3        000000
__Hbank4                         bank4        000000
__Hbank5                         bank5        000000
__Hbank6                         bank6        000000
__Hbank7                         bank7        000000
__Hbank8                         bank8        000000
__Hbank9                         bank9        000000
__Hbigbss                        bigbss       000000
__Hbigdata                       bigdata      000000
__Hbigram                        bigram       000000
__HbitbssCOMRAM                  bitbssCOMRAM 000000
__Hbss                           bss          000000
__HbssBANK0                      bssBANK0     000000
__HbssBANK1                      bssBANK1     000000
__HbssCOMRAM                     bssCOMRAM    000000
__Hcinit                         cinit        000000
__Hclrtext                       clrtext      000000
__Hcomram                        comram       000000
__Hconfig                        config       30000E
__Hconst                         const        000000
__HcstackBANK0                   cstackBANK0  000000
__HcstackBANK1                   cstackBANK1  000000
__HcstackCOMRAM                  cstackCOMRAM 000000
__Hdata                          data         000000
__HdataBANK0                     dataBANK0    000000
__Heeprom_data                   eeprom_data  000000
__Hend_init                      end_init     0000C4
__Hfarbss                        farbss       000000
__Hfardata                       fardata      000000
__Hibigdata                      ibigdata     000000
__Hidata                         idata        000000
__HidataBANK0                    idataBANK0   000000
__Hidloc                         idloc        200008
__Hifardata                      ifardata     000000
__Hinit                          init         0000C0
__Hintcode                       intcode      000016
__Hintcode_body                  intcode_body 000000
__Hintcodelo                     intcodelo    0000C0
__Hintentry                      intentry     000000
__Hintret                        intret       000000
__Hintsave_regs                  intsave_regs 000000
__Hirdata                        irdata       000000
__Hmediumconst                   mediumconst  010000
__HnvFARRAM                      nvFARRAM     000000
__Hnvbit                         nvbit        000000
__Hnvrram                        nvrram       000000
__Hparam                         rparam       000000
__Hpowerup                       powerup      0000C0
__Hram                           ram          000000
__Hramtop                        ramtop       000D00
__Hrbit                          rbit         000000
__Hrbss                          rbss         000000
__Hrdata                         rdata        000000
__Hreset_vec                     reset_vec    000004
__Hrparam                        rparam       000000
__Hsfr                           sfr          000000
__Hsmallconst                    smallconst   000000
__Hspace_0                       (abs)        30000E
__Hspace_1                       (abs)        000266
__Hspace_2                       (abs)        000000
__Hstack                         stack        000000
__Hstruct                        struct       000000
__Htemp                          temp         00004E
__Htext                          text         000000
__Htext0                         text0        000000
__Htext1                         text1        000000
__Htext10                        text10       000000
__Htext11                        text11       000000
__Htext12                        text12       000000
__Htext13                        text13       000000
__Htext14                        text14       000000
__Htext15                        text15       000000
__Htext16                        text16       000000
__Htext17                        text17       000000
__Htext18                        text18       000000
__Htext19                        text19       000000
__Htext2                         text2        000000
__Htext20                        text20       000000
__Htext21                        text21       000000
__Htext22                        text22       000000
__Htext23                        text23       000000
__Htext24                        text24       000000
__Htext25                        text25       000000
__Htext26                        text26       000000
__Htext27                        text27       000000
__Htext28                        text28       000000
__Htext29                        text29       000000
__Htext3                         text3        000000
__Htext30                        text30       000000
__Htext31                        text31       000000
__Htext32                        text32       000000
__Htext33                        text33       000000
__Htext34                        text34       000000
__Htext35                        text35       000000
__Htext36                        text36       000000
__Htext37                        text37       000000
__Htext38                        text38       000000
__Htext39                        text39       000000
__Htext4                         text4        000000
__Htext40                        text40       000000
__Htext41                        text41       000000
__Htext42                        text42       000000
__Htext43                        text43       000000
__Htext44                        text44       000000
__Htext45                        text45       000000
__Htext46                        text46       000000
__Htext49                        text49       000000
__Htext5                         text5        000000
__Htext50                        text50       000000
__Htext51                        text51       000000
__Htext52                        text52       000000
__Htext6                         text6        000000
__Htext7                         text7        000000
__Htext8                         text8        000000
__Htext9                         text9        000000
__LRAM                           (abs)        000001
__Labs1                          abs1         000000
__Lbank0                         bank0        000000
__Lbank1                         bank1        000000
__Lbank10                        bank10       000000
__Lbank11                        bank11       000000
__Lbank12                        bank12       000000
__Lbank2                         bank2        000000
__Lbank3                         bank3        000000
__Lbank4                         bank4        000000
__Lbank5                         bank5        000000
__Lbank6                         bank6        000000
__Lbank7                         bank7        000000
__Lbank8                         bank8        000000
__Lbank9                         bank9        000000
__Lbigbss                        bigbss       000000
__Lbigdata                       bigdata      000000
__Lbigram                        bigram       000000
__LbitbssCOMRAM                  bitbssCOMRAM 000000
__Lbss                           bss          000000
__LbssBANK0                      bssBANK0     000000
__LbssBANK1                      bssBANK1     000000
__LbssCOMRAM                     bssCOMRAM    000000
__Lcinit                         cinit        000000
__Lclrtext                       clrtext      000000
__Lcomram                        comram       000000
__Lconfig                        config       300000
__Lconst                         const        000000
__LcstackBANK0                   cstackBANK0  000000
__LcstackBANK1                   cstackBANK1  000000
__LcstackCOMRAM                  cstackCOMRAM 000000
__Ldata                          data         000000
__LdataBANK0                     dataBANK0    000000
__Leeprom_data                   eeprom_data  000000
__Lend_init                      end_init     0000C0
__Lfarbss                        farbss       000000
__Lfardata                       fardata      000000
__Libigdata                      ibigdata     000000
__Lidata                         idata        000000
__LidataBANK0                    idataBANK0   000000
__Lidloc                         idloc        200000
__Lifardata                      ifardata     000000
__Linit                          init         0000C0
__Lintcode                       intcode      000008
__Lintcode_body                  intcode_body 000000
__Lintcodelo                     intcodelo    000018
__Lintentry                      intentry     000000
__Lintret                        intret       000000
__Lintsave_regs                  intsave_regs 000000
__Lirdata                        irdata       000000
__Lmediumconst                   mediumconst  00FEBA
__LnvFARRAM                      nvFARRAM     000000
__Lnvbit                         nvbit        000000
__Lnvrram                        nvrram       000000
__Lparam                         rparam       000000
__Lpowerup                       powerup      0000C0
__Lram                           ram          000000
__Lramtop                        ramtop       000D00
__Lrbit                          rbit         000000
__Lrbss                          rbss         000000
__Lrdata                         rdata        000000
__Lreset_vec                     reset_vec    000000
__Lrparam                        rparam       000000
__Lsfr                           sfr          000000
__Lsmallconst                    smallconst   000000
__Lspace_0                       (abs)        000000
__Lspace_1                       (abs)        000000
__Lspace_2                       (abs)        000000
__Lstack                         stack        000000
__Lstruct                        struct       000000
__Ltemp                          temp         00004D
__Ltext                          text         000000
__Ltext0                         text0        000000
__Ltext1                         text1        000000
__Ltext10                        text10       000000
__Ltext11                        text11       000000
__Ltext12                        text12       000000
__Ltext13                        text13       000000
__Ltext14                        text14       000000
__Ltext15                        text15       000000
__Ltext16                        text16       000000
__Ltext17                        text17       000000
__Ltext18                        text18       000000
__Ltext19                        text19       000000
__Ltext2                         text2        000000
__Ltext20                        text20       000000
__Ltext21                        text21       000000
__Ltext22                        text22       000000
__Ltext23                        text23       000000
__Ltext24                        text24       000000
__Ltext25                        text25       000000
__Ltext26                        text26       000000
__Ltext27                        text27       000000
__Ltext28                        text28       000000
__Ltext29                        text29       000000
__Ltext3                         text3        000000
__Ltext30                        text30       000000
__Ltext31                        text31       000000
__Ltext32                        text32       000000
__Ltext33                        text33       000000
__Ltext34                        text34       000000
__Ltext35                        text35       000000
__Ltext36                        text36       000000
__Ltext37                        text37       000000
__Ltext38                        text38       000000
__Ltext39                        text39       000000
__Ltext4                         text4        000000
__Ltext40                        text40       000000
__Ltext41                        text41       000000
__Ltext42                        text42       000000
__Ltext43                        text43       000000
__Ltext44                        text44       000000
__Ltext45                        text45       000000
__Ltext46                        text46       000000
__Ltext49                        text49       000000
__Ltext5                         text5        000000
__Ltext50                        text50       000000
__Ltext51                        text51       000000
__Ltext52                        text52       000000
__Ltext6                         text6        000000
__Ltext7                         text7        000000
__Ltext8                         text8        000000
__Ltext9                         text9        000000
__S0                             (abs)        30000E
__S1                             (abs)        000146
__S2                             (abs)        000000
___awdiv                         text14       015510
___awdiv@counter                 cstackBANK0  00007C
___awdiv@dividend                cstackBANK0  000078
___awdiv@divisor                 cstackBANK0  00007A
___awdiv@quotient                cstackBANK0  00007E
___awdiv@sign                    cstackBANK0  00007D
___awmod                         text13       015892
___awmod@counter                 cstackBANK0  000076
___awmod@dividend                cstackBANK0  000072
___awmod@divisor                 cstackBANK0  000074
___awmod@sign                    cstackBANK0  000077
___fladd                         text22       01326C
___fladd@a                       cstackBANK0  0000AA
___fladd@aexp                    cstackBANK0  0000B7
___fladd@b                       cstackBANK0  0000A6
___fladd@bexp                    cstackBANK0  0000B8
___fladd@grs                     cstackBANK0  0000B9
___fladd@signs                   cstackBANK0  0000B6
___fldiv                         text25       013BBA
___fldiv@a                       cstackBANK0  000084
___fldiv@aexp                    cstackBANK0  000098
___fldiv@b                       cstackBANK0  000080
___fldiv@bexp                    cstackBANK0  000097
___fldiv@grs                     cstackBANK0  000093
___fldiv@new_exp                 cstackBANK0  000091
___fldiv@rem                     cstackBANK0  00008D
___fldiv@sign                    cstackBANK0  00008C
___flge                          text24       014D30
___flge@ff1                      cstackBANK0  000072
___flge@ff2                      cstackBANK0  000076
___flmul                         text12       013714
___flmul@a                       cstackBANK0  000084
___flmul@aexp                    cstackBANK0  00008D
___flmul@b                       cstackBANK0  000080
___flmul@bexp                    cstackBANK0  000092
___flmul@grs                     cstackBANK0  00008E
___flmul@prod                    cstackBANK0  000093
___flmul@sign                    cstackBANK0  00008C
___flmul@temp                    cstackBANK0  000097
___flneg                         text23       015C04
___flneg@f1                      cstackBANK0  000099
___flsub                         text21       015B04
___flsub@a                       cstackBANK0  0000BE
___flsub@b                       cstackBANK0  0000BA
___fltol                         text20       015318
___fltol@exp1                    cstackBANK0  0000C3
___fltol@f1                      cstackBANK0  0000BA
___fltol@sign1                   cstackBANK0  0000C2
___inthi_sp                      stack        000000
___intlo_sp                      stack        000000
___lldiv                         text19       0155CE
___lldiv@counter                 cstackBANK0  00007E
___lldiv@dividend                cstackBANK0  000072
___lldiv@divisor                 cstackBANK0  000076
___lldiv@quotient                cstackBANK0  00007A
___llmod                         text18       015934
___llmod@counter                 cstackBANK0  00007A
___llmod@dividend                cstackBANK0  000072
___llmod@divisor                 cstackBANK0  000076
___param_bank                    (abs)        000010
___rparam_used                   (abs)        000001
___sp                            stack        000000
___wmul                          text39       015C3C
___wmul@multiplicand             cstackBANK0  000074
___wmul@multiplier               cstackBANK0  000072
___wmul@product                  cstackBANK0  000076
___xxtofl                        text17       0147FE
___xxtofl@arg                    cstackBANK0  00007C
___xxtofl@exp                    cstackBANK0  00007B
___xxtofl@sign                   cstackBANK0  00007A
___xxtofl@val                    cstackBANK0  000072
__accesstop                      (abs)        000060
__activetblptr                   (abs)        000003
__div_to_l_                      text16       014EC0
__div_to_l_@cntr                 cstackBANK0  00007E
__div_to_l_@exp1                 cstackBANK0  00007F
__div_to_l_@f1                   cstackBANK0  000072
__div_to_l_@f2                   cstackBANK0  000076
__div_to_l_@quot                 cstackBANK0  00007A
__end_of_CANInitialize           text2        014B92
__end_of_CANOperationMode        text5        015E44
__end_of_CANSetFilter            text4        010B06
__end_of_CANSetMask              text3        014318
__end_of_CAN_Send                text44       015744
__end_of_CAN_interpreter         text43       0157EE
__end_of_CANisRxReady            text52       015E5A
__end_of_CANisTxReady            text46       015D7E
__end_of_CANreceiveMessage       text51       01326C
__end_of_CANsendMessage          text45       011B26
__end_of_F1_Button_Polling       text42       015E2E
__end_of_F2_Button_Polling       text41       015E12
__end_of_ISR_alta                intcode_body 015318
__end_of_ISR_bassa               intcodelo    0000C0
__end_of_Joystick_Polling        text40       015AB8
__end_of_LCD_Handler             text7        0147FE
__end_of_LCD_clear               text32       015D0A
__end_of_LCD_cursor              text31       015CD8
__end_of_LCD_enable_pulse        text37       015DA0
__end_of_LCD_goto_line           text35       015510
__end_of_LCD_goto_xy             text33       015DF6
__end_of_LCD_initialize          text29       0151B6
__end_of_LCD_send_command        text36       015BCA
__end_of_LCD_shift_cursor        text34       015B04
__end_of_LCD_write_char          text28       015A64
__end_of_LCD_write_message       text27       015CA6
__end_of_LCD_write_string        text26       015D5A
__end_of_PWR_Button_Polling      text6        015DDA
__end_of___awdiv                 text14       0155CE
__end_of___awmod                 text13       015934
__end_of___fladd                 text22       013714
__end_of___fldiv                 text25       013F7A
__end_of___flge                  text24       014EC0
__end_of___flmul                 text12       013BBA
__end_of___flneg                 text23       015C3C
__end_of___flsub                 text21       015B4C
__end_of___fltol                 text20       015424
__end_of___lldiv                 text19       01568A
__end_of___llmod                 text18       0159CE
__end_of___wmul                  text39       015C72
__end_of___xxtofl                text17       0149CC
__end_of__div_to_l_              text16       015048
__end_of__initialization         cinit        015B86
__end_of__npowers_               mediumconst  00FEEF
__end_of__powers_                mediumconst  00FF23
__end_of__tdiv_to_l_             text15       014D30
__end_of_board_initialization    text1        015892
__end_of_delay_ms                text38       015C04
__end_of_delay_set_quartz        text30       015E64
__end_of_dpowers                 mediumconst  00FF4B
__end_of_fround                  text11       01460E
__end_of_isdigit                 text10       015D34
__end_of_main                    text0        012846
__end_of_scale                   text9        012D60
__end_of_sprintf                 text8        01139A
__end_ofi2_CANisTxReady          text50       015DBE
__end_ofi2_CANsendMessage        text49       012204
__initialization                 cinit        015B4C
__mediumconst                    mediumconst  00FEBA
__npowers_                       mediumconst  00FEBB
__pbitbssCOMRAM                  bitbssCOMRAM 000258
__pbssBANK0                      bssBANK0     0000CC
__pbssBANK1                      bssBANK1     000100
__pbssCOMRAM                     bssCOMRAM    000001
__pcinit                         cinit        015B4C
__pcstackBANK0                   cstackBANK0  000060
__pcstackBANK1                   cstackBANK1  000123
__pcstackCOMRAM                  cstackCOMRAM 00002D
__pdataBANK0                     dataBANK0    0000EC
__pidataBANK0                    idataBANK0   015E64
__pintcode                       intcode      000008
__pintcode_body                  intcode_body 0151B6
__pintcodelo                     intcodelo    000018
__pmediumconst                   mediumconst  00FEBA
__powers_                        mediumconst  00FEEF
__ptext0                         text0        012204
__ptext1                         text1        0157EE
__ptext10                        text10       015D0A
__ptext11                        text11       014318
__ptext12                        text12       013714
__ptext13                        text13       015892
__ptext14                        text14       015510
__ptext15                        text15       014B92
__ptext16                        text16       014EC0
__ptext17                        text17       0147FE
__ptext18                        text18       015934
__ptext19                        text19       0155CE
__ptext2                         text2        0149CC
__ptext20                        text20       015318
__ptext21                        text21       015B04
__ptext22                        text22       01326C
__ptext23                        text23       015C04
__ptext24                        text24       014D30
__ptext25                        text25       013BBA
__ptext26                        text26       015D34
__ptext27                        text27       015C72
__ptext28                        text28       0159CE
__ptext29                        text29       015048
__ptext3                         text3        013F7A
__ptext30                        text30       015E5A
__ptext31                        text31       015CA6
__ptext32                        text32       015CD8
__ptext33                        text33       015DDA
__ptext34                        text34       015AB8
__ptext35                        text35       015424
__ptext36                        text36       015B90
__ptext37                        text37       015D7E
__ptext38                        text38       015BCA
__ptext39                        text39       015C3C
__ptext4                         text4        010000
__ptext40                        text40       015A64
__ptext41                        text41       015DF6
__ptext42                        text42       015E12
__ptext43                        text43       015744
__ptext44                        text44       01568A
__ptext45                        text45       01139A
__ptext46                        text46       015D5A
__ptext49                        text49       011B26
__ptext5                         text5        015E2E
__ptext50                        text50       015DA0
__ptext51                        text51       012D60
__ptext52                        text52       015E44
__ptext6                         text6        015DBE
__ptext7                         text7        01460E
__ptext8                         text8        010B06
__ptext9                         text9        012846
__ramtop                         ramtop       000D00
__size_of_CANInitialize          (abs)        000000
__size_of_CANOperationMode       (abs)        000000
__size_of_CANSetFilter           (abs)        000000
__size_of_CANSetMask             (abs)        000000
__size_of_CAN_Send               (abs)        000000
__size_of_CAN_interpreter        (abs)        000000
__size_of_CANisRxReady           (abs)        000000
__size_of_CANisTxReady           (abs)        000000
__size_of_CANreceiveMessage      (abs)        000000
__size_of_CANsendMessage         (abs)        000000
__size_of_F1_Button_Polling      (abs)        000000
__size_of_F2_Button_Polling      (abs)        000000
__size_of_ISR_alta               (abs)        000000
__size_of_ISR_bassa              (abs)        000000
__size_of_Joystick_Polling       (abs)        000000
__size_of_LCD_Handler            (abs)        000000
__size_of_LCD_clear              (abs)        000000
__size_of_LCD_cursor             (abs)        000000
__size_of_LCD_enable_pulse       (abs)        000000
__size_of_LCD_goto_line          (abs)        000000
__size_of_LCD_goto_xy            (abs)        000000
__size_of_LCD_initialize         (abs)        000000
__size_of_LCD_send_command       (abs)        000000
__size_of_LCD_shift_cursor       (abs)        000000
__size_of_LCD_write_char         (abs)        000000
__size_of_LCD_write_message      (abs)        000000
__size_of_LCD_write_string       (abs)        000000
__size_of_PWR_Button_Polling     (abs)        000000
__size_of___awdiv                (abs)        000000
__size_of___awmod                (abs)        000000
__size_of___fladd                (abs)        000000
__size_of___fldiv                (abs)        000000
__size_of___flge                 (abs)        000000
__size_of___flmul                (abs)        000000
__size_of___flneg                (abs)        000000
__size_of___flsub                (abs)        000000
__size_of___fltol                (abs)        000000
__size_of___lldiv                (abs)        000000
__size_of___llmod                (abs)        000000
__size_of___wmul                 (abs)        000000
__size_of___xxtofl               (abs)        000000
__size_of__div_to_l_             (abs)        000000
__size_of__tdiv_to_l_            (abs)        000000
__size_of_board_initialization   (abs)        000000
__size_of_delay_ms               (abs)        000000
__size_of_delay_set_quartz       (abs)        000000
__size_of_fround                 (abs)        000000
__size_of_isdigit                (abs)        000000
__size_of_main                   (abs)        000000
__size_of_scale                  (abs)        000000
__size_of_sprintf                (abs)        000000
__size_ofi2_CANisTxReady         (abs)        000000
__size_ofi2_CANsendMessage       (abs)        000000
__smallconst                     smallconst   000000
__tdiv_to_l_                     text15       014B92
__tdiv_to_l_@cntr                cstackBANK0  000081
__tdiv_to_l_@exp1                cstackBANK0  000082
__tdiv_to_l_@f1                  cstackBANK0  000072
__tdiv_to_l_@f2                  cstackBANK0  000076
__tdiv_to_l_@quot                cstackBANK0  00007D
_actual_speed                    bssBANK0     0000DE
_actual_speed_kmh                bssCOMRAM    00000E
_battery                         bssCOMRAM    00002A
_board_initialization            text1        0157EE
_clock_counter_reference         bssBANK0     0000E0
_data                            bssCOMRAM    00002C
_data_brake                      bssBANK0     0000E9
_data_speed                      bssBANK0     0000EA
_data_speed_rx                   bssCOMRAM    000001
_data_steering                   bssBANK0     0000EB
_delay_ms                        text38       015BCA
_delay_quartz_frequency_value    dataBANK0    0000EC
_delay_set_quartz                text30       015E5A
_dir                             bssBANK0     0000E4
_display_refresh                 bitbssCOMRAM 00025E
_dpowers                         mediumconst  00FF23
_fround                          text11       014318
_fround$4210                     cstackBANK0  0000A1
_fround$4211                     cstackBANK0  00009D
_id                              bssCOMRAM    000012
_isdigit                         text10       015D0A
_isdigit$3795                    cstackBANK0  000073
_left_speed                      bssCOMRAM    000026
_main                            text0        012204
_msg                             bssBANK1     000100
_newMessageCan                   bitbssCOMRAM 00025F
_park_assist_state               bssBANK1     00011B
_parking_state                   bssBANK0     0000E5
_power_switch                    bitbssCOMRAM 000260
_pr_time_1                       bssBANK0     0000D4
_pr_time_2                       bssBANK0     0000D8
_pr_time_3                       bssCOMRAM    000016
_pr_time_4                       bssCOMRAM    00001A
_pr_time_5                       bssCOMRAM    00001E
_right_speed                     bssCOMRAM    000028
_scale                           text9        012846
_scale$4212                      cstackBANK0  00009D
_set_speed                       bssBANK0     0000E2
_set_steering                    bssCOMRAM    00002B
_space_available                 bitbssCOMRAM 000261
_sprintf                         text8        010B06
_sprintf$4213                    cstackBANK1  000125
_str                             bssBANK1     00010F
_switch_position                 bssBANK0     0000E6
_time_counter                    bssCOMRAM    000022
_wait_low_1                      bitbssCOMRAM 000262
_wait_low_2                      bitbssCOMRAM 000263
_wait_low_3                      bitbssCOMRAM 000264
_x                               bssBANK0     0000E7
_y                               bitbssCOMRAM 000265
_z                               bssBANK0     0000E8
btemp                            temp         00004D
delay_ms@value_ms                cstackBANK0  000078
delay_set_quartz@frequency       cstackBANK0  000072
end_of_initialization            cinit        015B86
fround@prec                      cstackBANK0  0000A5
i2CANsendMessage@data            cstackCOMRAM 000042
i2CANsendMessage@dataLength      cstackCOMRAM 000044
i2CANsendMessage@flags           cstackCOMRAM 000045
i2CANsendMessage@identifier      cstackCOMRAM 00003E
i2CANsendMessage@tamp            cstackBANK0  000060
i2_CANisTxReady                  text50       015DA0
i2_CANisTxReady$3235             cstackCOMRAM 00003E
i2_CANsendMessage                text49       011B26
int$flags                        temp         00004D
int_func                         intcode_body 0151B6
intlevel0                        text         000000
intlevel1                        text         000000
intlevel2                        text         000000
intlevel3                        text         000000
isdigit@c                        cstackBANK0  000074
scale@scl                        cstackBANK0  0000A1
sprintf@ap                       cstackBANK1  000129
sprintf@c                        cstackBANK1  00013D
sprintf@exp                      cstackBANK1  000131
sprintf@f                        cstackBANK0  0000C6
sprintf@flag                     cstackBANK1  00012B
sprintf@fval                     cstackBANK1  000139
sprintf@prec                     cstackBANK1  000137
sprintf@sp                       cstackBANK0  0000C4
sprintf@tmpval                   cstackBANK1  000133
sprintf@val                      cstackBANK1  00012D
stackhi                          (abs)        000CFF
stacklo                          (abs)        000146
start                            init         0000C0
start_initialization             cinit        015B4C


FUNCTION INFORMATION:

 *************** function _main *****************
 Defined at:
		line 154 in file "RemoteCan.c"
 Parameters:    Size  Location     Type
		None
 Auto vars:     Size  Location     Type
		None
 Return value:  Size  Location     Type
		None               void
 Registers used:
		wreg, fsr2l, fsr2h, status,2, status,0, tblptrl, tblptrh, tblptru, prodl, prodh, cstack
 Tracked objects:
		On entry : 
		On exit  : 
		Unchanged: 
 Data sizes:     COMRAM   BANK0   BANK1   BANK2   BANK3   BANK4   BANK5   BANK6   BANK7   BANK8   BANK9  BANK10  BANK11  BANK12
      Params:         0       0       0       0       0       0       0       0       0       0       0       0       0       0
      Locals:         0       0       0       0       0       0       0       0       0       0       0       0       0       0
      Temps:          0       0       8       0       0       0       0       0       0       0       0       0       0       0
      Totals:         0       0       8       0       0       0       0       0       0       0       0       0       0       0
Total ram usage:        8 bytes
 Hardware stack levels required when called:   10
 This function calls:
		_CAN_Send
		_CAN_interpreter
		_CANisTxReady
		_CANsendMessage
		_F1_Button_Polling
		_F2_Button_Polling
		_Joystick_Polling
		_LCD_Handler
		_LCD_goto_line
		_LCD_initialize
		_LCD_write_message
		_PWR_Button_Polling
		___fladd
		___flmul
		___flneg
		___fltol
		___xxtofl
		_board_initialization
		_delay_ms
 This function is called by:
		Startup code after reset
 This function uses a non-reentrant model


 *************** function _board_initialization *****************
 Defined at:
		line 442 in file "RemoteCan.c"
 Parameters:    Size  Location     Type
		None
 Auto vars:     Size  Location     Type
		None
 Return value:  Size  Location     Type
		None               void
 Registers used:
		wreg, status,2, status,0, prodl, prodh, cstack
 Tracked objects:
		On entry : 
		On exit  : 
		Unchanged: 
 Data sizes:     COMRAM   BANK0   BANK1   BANK2   BANK3   BANK4   BANK5   BANK6   BANK7   BANK8   BANK9  BANK10  BANK11  BANK12
      Params:         0       0       0       0       0       0       0       0       0       0       0       0       0       0
      Locals:         0       0       0       0       0       0       0       0       0       0       0       0       0       0
      Temps:          0       0       0       0       0       0       0       0       0       0       0       0       0       0
      Totals:         0       0       0       0       0       0       0       0       0       0       0       0       0       0
Total ram usage:        0 bytes
 Hardware stack levels used:    1
 Hardware stack levels required when called:    9
 This function calls:
		_CANInitialize
		_LCD_clear
		_LCD_goto_line
		_LCD_initialize
 This function is called by:
		_main
 This function uses a non-reentrant model


 *************** function _CANInitialize *****************
 Defined at:
		line 218 in file "../LaurTec_PIC_libraries_v_3.3.0/inc\CANlib.h"
 Parameters:    Size  Location     Type
  propSeg         1    wreg     unsigned char 
  phaseSeg1       1   32[BANK0 ] unsigned char 
  phaseSeg2       1   33[BANK0 ] unsigned char 
  SJW             1   34[BANK0 ] unsigned char 
  BRP             1   35[BANK0 ] unsigned char 
  flags           1   36[BANK0 ] enum E16887
 Auto vars:     Size  Location     Type
  propSeg         1   41[BANK0 ] unsigned char 
  FilterConfig    1   43[BANK0 ] unsigned char 
  FilterConfig    1   42[BANK0 ] unsigned char 
 Return value:  Size  Location     Type
		None               void
 Registers used:
		wreg, status,2, status,0, cstack
 Tracked objects:
		On entry : 
		On exit  : 
		Unchanged: 
 Data sizes:     COMRAM   BANK0   BANK1   BANK2   BANK3   BANK4   BANK5   BANK6   BANK7   BANK8   BANK9  BANK10  BANK11  BANK12
      Params:         0       5       0       0       0       0       0       0       0       0       0       0       0       0
      Locals:         0       3       0       0       0       0       0       0       0       0       0       0       0       0
      Temps:          0       4       0       0       0       0       0       0       0       0       0       0       0       0
      Totals:         0      12       0       0       0       0       0       0       0       0       0       0       0       0
Total ram usage:       12 bytes
 Hardware stack levels used:    1
 Hardware stack levels required when called:    4
 This function calls:
		_CANOperationMode
		_CANSetFilter
		_CANSetMask
 This function is called by:
		_board_initialization
 This function uses a non-reentrant model


 *************** function _CANSetMask *****************
 Defined at:
		line 640 in file "../LaurTec_PIC_libraries_v_3.3.0/inc\CANlib.h"
 Parameters:    Size  Location     Type
  numBuffer       1    wreg     enum E16921
  mask            4   18[BANK0 ] unsigned long 
  type            1   22[BANK0 ] enum E16887
 Auto vars:     Size  Location     Type
  numBuffer       1   27[BANK0 ] enum E16921
  tamp            4   28[BANK0 ] unsigned long 
 Return value:  Size  Location     Type
		None               void
 Registers used:
		wreg, status,2, status,0
 Tracked objects:
		On entry : 
		On exit  : 
		Unchanged: 
 Data sizes:     COMRAM   BANK0   BANK1   BANK2   BANK3   BANK4   BANK5   BANK6   BANK7   BANK8   BANK9  BANK10  BANK11  BANK12
      Params:         0       5       0       0       0       0       0       0       0       0       0       0       0       0
      Locals:         0       5       0       0       0       0       0       0       0       0       0       0       0       0
      Temps:          0       4       0       0       0       0       0       0       0       0       0       0       0       0
      Totals:         0      14       0       0       0       0       0       0       0       0       0       0       0       0
Total ram usage:       14 bytes
 Hardware stack levels used:    1
 Hardware stack levels required when called:    3
 This function calls:
		Nothing
 This function is called by:
		_CANInitialize
 This function uses a non-reentrant model


 *************** function _CANSetFilter *****************
 Defined at:
		line 748 in file "../LaurTec_PIC_libraries_v_3.3.0/inc\CANlib.h"
 Parameters:    Size  Location     Type
  numBuffer       1    wreg     enum E16924
  filter          4   18[BANK0 ] unsigned long 
  type            1   22[BANK0 ] enum E16887
 Auto vars:     Size  Location     Type
  numBuffer       1   27[BANK0 ] enum E16924
  tamp            4   28[BANK0 ] unsigned long 
 Return value:  Size  Location     Type
		None               void
 Registers used:
		wreg, status,2, status,0
 Tracked objects:
		On entry : 
		On exit  : 
		Unchanged: 
 Data sizes:     COMRAM   BANK0   BANK1   BANK2   BANK3   BANK4   BANK5   BANK6   BANK7   BANK8   BANK9  BANK10  BANK11  BANK12
      Params:         0       5       0       0       0       0       0       0       0       0       0       0       0       0
      Locals:         0       5       0       0       0       0       0       0       0       0       0       0       0       0
      Temps:          0       4       0       0       0       0       0       0       0       0       0       0       0       0
      Totals:         0      14       0       0       0       0       0       0       0       0       0       0       0       0
Total ram usage:       14 bytes
 Hardware stack levels used:    1
 Hardware stack levels required when called:    3
 This function calls:
		Nothing
 This function is called by:
		_CANInitialize
 This function uses a non-reentrant model


 *************** function _CANOperationMode *****************
 Defined at:
		line 206 in file "../LaurTec_PIC_libraries_v_3.3.0/inc\CANlib.h"
 Parameters:    Size  Location     Type
  mode            1    wreg     enum E16881
 Auto vars:     Size  Location     Type
  mode            1   18[BANK0 ] enum E16881
 Return value:  Size  Location     Type
		None               void
 Registers used:
		wreg, status,2, status,0
 Tracked objects:
		On entry : 
		On exit  : 
		Unchanged: 
 Data sizes:     COMRAM   BANK0   BANK1   BANK2   BANK3   BANK4   BANK5   BANK6   BANK7   BANK8   BANK9  BANK10  BANK11  BANK12
      Params:         0       0       0       0       0       0       0       0       0       0       0       0       0       0
      Locals:         0       1       0       0       0       0       0       0       0       0       0       0       0       0
      Temps:          0       0       0       0       0       0       0       0       0       0       0       0       0       0
      Totals:         0       1       0       0       0       0       0       0       0       0       0       0       0       0
Total ram usage:        1 bytes
 Hardware stack levels used:    1
 Hardware stack levels required when called:    3
 This function calls:
		Nothing
 This function is called by:
		_CANInitialize
 This function uses a non-reentrant model


 *************** function _PWR_Button_Polling *****************
 Defined at:
		line 403 in file "RemoteCan.c"
 Parameters:    Size  Location     Type
		None
 Auto vars:     Size  Location     Type
		None
 Return value:  Size  Location     Type
		None               void
 Registers used:
		None
 Tracked objects:
		On entry : 
		On exit  : 
		Unchanged: 
 Data sizes:     COMRAM   BANK0   BANK1   BANK2   BANK3   BANK4   BANK5   BANK6   BANK7   BANK8   BANK9  BANK10  BANK11  BANK12
      Params:         0       0       0       0       0       0       0       0       0       0       0       0       0       0
      Locals:         0       0       0       0       0       0       0       0       0       0       0       0       0       0
      Temps:          0       0       0       0       0       0       0       0       0       0       0       0       0       0
      Totals:         0       0       0       0       0       0       0       0       0       0       0       0       0       0
Total ram usage:        0 bytes
 Hardware stack levels used:    1
 Hardware stack levels required when called:    3
 This function calls:
		Nothing
 This function is called by:
		_main
 This function uses a non-reentrant model


 *************** function _LCD_Handler *****************
 Defined at:
		line 313 in file "RemoteCan.c"
 Parameters:    Size  Location     Type
		None
 Auto vars:     Size  Location     Type
		None
 Return value:  Size  Location     Type
		None               void
 Registers used:
		wreg, fsr2l, fsr2h, status,2, status,0, tblptrl, tblptrh, tblptru, prodl, prodh, cstack
 Tracked objects:
		On entry : 
		On exit  : 
		Unchanged: 
 Data sizes:     COMRAM   BANK0   BANK1   BANK2   BANK3   BANK4   BANK5   BANK6   BANK7   BANK8   BANK9  BANK10  BANK11  BANK12
      Params:         0       0       0       0       0       0       0       0       0       0       0       0       0       0
      Locals:         0       0       0       0       0       0       0       0       0       0       0       0       0       0
      Temps:          0       0       0       0       0       0       0       0       0       0       0       0       0       0
      Totals:         0       0       0       0       0       0       0       0       0       0       0       0       0       0
Total ram usage:        0 bytes
 Hardware stack levels used:    1
 Hardware stack levels required when called:    9
 This function calls:
		_CANisTxReady
		_CANsendMessage
		_LCD_clear
		_LCD_goto_line
		_LCD_goto_xy
		_LCD_initialize
		_LCD_write_message
		_LCD_write_string
		___fldiv
		___xxtofl
		_sprintf
 This function is called by:
		_main
 This function uses a non-reentrant model


 *************** function _sprintf *****************
 Defined at:
		line 492 in file "C:\Program Files (x86)\Microchip\xc8\v1.35\sources\common\doprnt.c"
 Parameters:    Size  Location     Type
  sp              2  100[BANK0 ] PTR unsigned char 
		 -> str(12), 
  f               2  102[BANK0 ] PTR const unsigned char 
		 -> STR_5(5), 
 Auto vars:     Size  Location     Type
  fval            4   22[BANK1 ] PTR const unsigned char 
[...]
 This function calls:
		Nothing
 This function is called by:
		_main
 This function uses a non-reentrant model


 *************** function _CAN_interpreter *****************
 Defined at:
		line 369 in file "RemoteCan.c"
 Parameters:    Size  Location     Type
		None
 Auto vars:     Size  Location     Type
		None
 Return value:  Size  Location     Type
		None               void
 Registers used:
		wreg, status,2, status,0
 Tracked objects:
		On entry : 
		On exit  : 
		Unchanged: 
 Data sizes:     COMRAM   BANK0   BANK1   BANK2   BANK3   BANK4   BANK5   BANK6   BANK7   BANK8   BANK9  BANK10  BANK11  BANK12
      Params:         0       0       0       0       0       0       0       0       0       0       0       0       0       0
      Locals:         0       0       0       0       0       0       0       0       0       0       0       0       0       0
      Temps:          0       4       0       0       0       0       0       0       0       0       0       0       0       0
      Totals:         0       4       0       0       0       0       0       0       0       0       0       0       0       0
Total ram usage:        4 bytes
 Hardware stack levels used:    1
 Hardware stack levels required when called:    3
 This function calls:
		Nothing
 This function is called by:
		_main
 This function uses a non-reentrant model


 *************** function _CAN_Send *****************
 Defined at:
		line 300 in file "RemoteCan.c"
 Parameters:    Size  Location     Type
		None
 Auto vars:     Size  Location     Type
		None
 Return value:  Size  Location     Type
		None               void
 Registers used:
		wreg, fsr2l, fsr2h, status,2, status,0, cstack
 Tracked objects:
		On entry : 
		On exit  : 
		Unchanged: 
 Data sizes:     COMRAM   BANK0   BANK1   BANK2   BANK3   BANK4   BANK5   BANK6   BANK7   BANK8   BANK9  BANK10  BANK11  BANK12
      Params:         0       0       0       0       0       0       0       0       0       0       0       0       0       0
      Locals:         0       0       0       0       0       0       0       0       0       0       0       0       0       0
      Temps:          0       0       0       0       0       0       0       0       0       0       0       0       0       0
      Totals:         0       0       0       0       0       0       0       0       0       0       0       0       0       0
Total ram usage:        0 bytes
 Hardware stack levels used:    1
 Hardware stack levels required when called:    4
 This function calls:
		_CANisTxReady
		_CANsendMessage
 This function is called by:
		_main
 This function uses a non-reentrant model


 *************** function _CANsendMessage *****************
 Defined at:
		line 294 in file "../LaurTec_PIC_libraries_v_3.3.0/inc\CANlib.h"
 Parameters:    Size  Location     Type
  identifier      4   18[BANK0 ] unsigned long 
  data            2   22[BANK0 ] PTR unsigned char 
		 -> data_speed(1), park_assist_state(8), data_brake(1), data_steering(1), 
		 -> data(1), 
  dataLength      1   24[BANK0 ] unsigned char 
  flags           1   25[BANK0 ] enum E16909
 Auto vars:     Size  Location     Type
  tamp            4   30[BANK0 ] unsigned long 
 Return value:  Size  Location     Type
		None               void
 Registers used:
		wreg, fsr2l, fsr2h, status,2, status,0
 Tracked objects:
		On entry : 
		On exit  : 
		Unchanged: 
 Data sizes:     COMRAM   BANK0   BANK1   BANK2   BANK3   BANK4   BANK5   BANK6   BANK7   BANK8   BANK9  BANK10  BANK11  BANK12
      Params:         0       8       0       0       0       0       0       0       0       0       0       0       0       0
      Locals:         0       4       0       0       0       0       0       0       0       0       0       0       0       0
      Temps:          0       4       0       0       0       0       0       0       0       0       0       0       0       0
      Totals:         0      16       0       0       0       0       0       0       0       0       0       0       0       0
Total ram usage:       16 bytes
 Hardware stack levels used:    1
 Hardware stack levels required when called:    3
 This function calls:
		Nothing
 This function is called by:
		_main
		_CAN_Send
		_LCD_Handler
 This function uses a non-reentrant model


 *************** function _CANisTxReady *****************
 Defined at:
		line 1154 in file "../LaurTec_PIC_libraries_v_3.3.0/inc\CANlib.h"
 Parameters:    Size  Location     Type
		None
 Auto vars:     Size  Location     Type
		None
 Return value:  Size  Location     Type
                  1    wreg      unsigned char 
 Registers used:
		wreg, status,2
 Tracked objects:
		On entry : 
		On exit  : 
		Unchanged: 
 Data sizes:     COMRAM   BANK0   BANK1   BANK2   BANK3   BANK4   BANK5   BANK6   BANK7   BANK8   BANK9  BANK10  BANK11  BANK12
      Params:         0       0       0       0       0       0       0       0       0       0       0       0       0       0
      Locals:         0       1       0       0       0       0       0       0       0       0       0       0       0       0
      Temps:          0       0       0       0       0       0       0       0       0       0       0       0       0       0
      Totals:         0       1       0       0       0       0       0       0       0       0       0       0       0       0
Total ram usage:        1 bytes
 Hardware stack levels used:    1
 Hardware stack levels required when called:    3
 This function calls:
		Nothing
 This function is called by:
		_main
		_CAN_Send
		_LCD_Handler
 This function uses a non-reentrant model


 *************** function _ISR_bassa *****************
 Defined at:
		line 145 in file "RemoteCan.c"
 Parameters:    Size  Location     Type
		None
 Auto vars:     Size  Location     Type
		None
 Return value:  Size  Location     Type
		None               void
 Registers used:
		wreg, status,2, status,0
 Tracked objects:
		On entry : 
		On exit  : 
		Unchanged: 
 Data sizes:     COMRAM   BANK0   BANK1   BANK2   BANK3   BANK4   BANK5   BANK6   BANK7   BANK8   BANK9  BANK10  BANK11  BANK12
      Params:         0       0       0       0       0       0       0       0       0       0       0       0       0       0
      Locals:         0       0       0       0       0       0       0       0       0       0       0       0       0       0
      Temps:         17       0       0       0       0       0       0       0       0       0       0       0       0       0
      Totals:        17       0       0       0       0       0       0       0       0       0       0       0       0       0
Total ram usage:       17 bytes
 Hardware stack levels used:    1
 Hardware stack levels required when called:    2
 This function calls:
		Nothing
 This function is called by:
		Interrupt level 1
 This function uses a non-reentrant model


 *************** function _ISR_alta *****************
 Defined at:
		line 104 in file "RemoteCan.c"
 Parameters:    Size  Location     Type
		None
 Auto vars:     Size  Location     Type
  i               1   29[COMRAM] unsigned char 
 Return value:  Size  Location     Type
		None               void
 Registers used:
		wreg, fsr1l, fsr1h, fsr2l, fsr2h, status,2, status,0, prodl, prodh, cstack
 Tracked objects:
		On entry : 
		On exit  : 
		Unchanged: 
 Data sizes:     COMRAM   BANK0   BANK1   BANK2   BANK3   BANK4   BANK5   BANK6   BANK7   BANK8   BANK9  BANK10  BANK11  BANK12
      Params:         0       0       0       0       0       0       0       0       0       0       0       0       0       0
      Locals:         1       0       0       0       0       0       0       0       0       0       0       0       0       0
      Temps:          0      14       0       0       0       0       0       0       0       0       0       0       0       0
      Totals:         1      14       0       0       0       0       0       0       0       0       0       0       0       0
Total ram usage:       15 bytes
 Hardware stack levels used:    1
 Hardware stack levels required when called:    1
 This function calls:
		_CANisRxReady
		_CANreceiveMessage
		i2_CANisTxReady
		i2_CANsendMessage
 This function is called by:
		Interrupt level 2
 This function uses a non-reentrant model


 *************** function i2_CANsendMessage *****************
 Defined at:
		line 294 in file "../LaurTec_PIC_libraries_v_3.3.0/inc\CANlib.h"
 Parameters:    Size  Location     Type
  identifier      4   17[COMRAM] unsigned long 
  data            2   21[COMRAM] PTR unsigned char 
		 -> data_speed(1), park_assist_state(8), data_brake(1), data_steering(1), 
		 -> data(1), 
  dataLength      1   23[COMRAM] unsigned char 
  flags           1   24[COMRAM] enum E16909
 Auto vars:     Size  Location     Type
  CANsendMessa    4    0[BANK0 ] unsigned long 
 Return value:  Size  Location     Type
		None               void
 Registers used:
		wreg, fsr2l, fsr2h, status,2, status,0
 Tracked objects:
		On entry : 
		On exit  : 
		Unchanged: 
 Data sizes:     COMRAM   BANK0   BANK1   BANK2   BANK3   BANK4   BANK5   BANK6   BANK7   BANK8   BANK9  BANK10  BANK11  BANK12
      Params:         8       0       0       0       0       0       0       0       0       0       0       0       0       0
      Locals:         0       4       0       0       0       0       0       0       0       0       0       0       0       0
      Temps:          4       0       0       0       0       0       0       0       0       0       0       0       0       0
      Totals:        12       4       0       0       0       0       0       0       0       0       0       0       0       0
Total ram usage:       16 bytes
 Hardware stack levels used:    1
 This function calls:
		Nothing
 This function is called by:
		_ISR_alta
 This function uses a non-reentrant model


 *************** function i2_CANisTxReady *****************
 Defined at:
		line 1154 in file "../LaurTec_PIC_libraries_v_3.3.0/inc\CANlib.h"
 Parameters:    Size  Location     Type
		None
 Auto vars:     Size  Location     Type
		None
 Return value:  Size  Location     Type
                  1    wreg      unsigned char 
 Registers used:
		wreg, status,2
 Tracked objects:
		On entry : 
		On exit  : 
		Unchanged: 
 Data sizes:     COMRAM   BANK0   BANK1   BANK2   BANK3   BANK4   BANK5   BANK6   BANK7   BANK8   BANK9  BANK10  BANK11  BANK12
      Params:         0       0       0       0       0       0       0       0       0       0       0       0       0       0
      Locals:         1       0       0       0       0       0       0       0       0       0       0       0       0       0
      Temps:          0       0       0       0       0       0       0       0       0       0       0       0       0       0
      Totals:         1       0       0       0       0       0       0       0       0       0       0       0       0       0
Total ram usage:        1 bytes
 Hardware stack levels used:    1
 This function calls:
		Nothing
 This function is called by:
		_ISR_alta
 This function uses a non-reentrant model


 *************** function _CANreceiveMessage *****************
 Defined at:
		line 528 in file "../LaurTec_PIC_libraries_v_3.3.0/inc\CANlib.h"
 Parameters:    Size  Location     Type
  msg             2   17[COMRAM] PTR struct .
		 -> msg(15), 
 Auto vars:     Size  Location     Type
  tamp            1   28[COMRAM] unsigned char 
  error           1   27[COMRAM] unsigned char 
 Return value:  Size  Location     Type
                  1    wreg      unsigned char 
 Registers used:
		wreg, fsr2l, fsr2h, status,2, status,0
 Tracked objects:
		On entry : 
		On exit  : 
		Unchanged: 
 Data sizes:     COMRAM   BANK0   BANK1   BANK2   BANK3   BANK4   BANK5   BANK6   BANK7   BANK8   BANK9  BANK10  BANK11  BANK12
      Params:         2       0       0       0       0       0       0       0       0       0       0       0       0       0
      Locals:         2       0       0       0       0       0       0       0       0       0       0       0       0       0
      Temps:          8       0       0       0       0       0       0       0       0       0       0       0       0       0
      Totals:        12       0       0       0       0       0       0       0       0       0       0       0       0       0
Total ram usage:       12 bytes
 Hardware stack levels used:    1
 This function calls:
		Nothing
 This function is called by:
		_ISR_alta
 This function uses a non-reentrant model


 *************** function _CANisRxReady *****************
 Defined at:
		line 1163 in file "../LaurTec_PIC_libraries_v_3.3.0/inc\CANlib.h"
 Parameters:    Size  Location     Type
		None
 Auto vars:     Size  Location     Type
		None
 Return value:  Size  Location     Type
                  1    wreg      unsigned char 
 Registers used:
		wreg, status,2
 Tracked objects:
		On entry : 
		On exit  : 
		Unchanged: 
 Data sizes:     COMRAM   BANK0   BANK1   BANK2   BANK3   BANK4   BANK5   BANK6   BANK7   BANK8   BANK9  BANK10  BANK11  BANK12
      Params:         0       0       0       0       0       0       0       0       0       0       0       0       0       0
      Locals:         1       0       0       0       0       0       0       0       0       0       0       0       0       0
      Temps:          0       0       0       0       0       0       0       0       0       0       0       0       0       0
      Totals:         1       0       0       0       0       0       0       0       0       0       0       0       0       0
Total ram usage:        1 bytes
 Hardware stack levels used:    1
 This function calls:
		Nothing
 This function is called by:
		_ISR_alta
 This function uses a non-reentrant model



MODULE INFORMATION

Module		Function		Class		Link	Load	Size
C:\Program Files (x86)\Microchip\xc8\v1.35\sources\common\awdiv.c
		___awdiv       		CODE           	15510	0000	191

C:\Program Files (x86)\Microchip\xc8\v1.35\sources\common\awdiv.c estimated size: 191

C:\Program Files (x86)\Microchip\xc8\v1.35\sources\common\isdigit.c
		_isdigit       		CODE           	15D0A	0000	43

C:\Program Files (x86)\Microchip\xc8\v1.35\sources\common\isdigit.c estimated size: 43

C:\Program Files (x86)\Microchip\xc8\v1.35\sources\common\sprcadd.c
		___flsub       		CODE           	15B04	0000	73
		___fladd       		CODE           	1326C	0000	1193

C:\Program Files (x86)\Microchip\xc8\v1.35\sources\common\sprcadd.c estimated size: 1266

C:\Program Files (x86)\Microchip\xc8\v1.35\sources\common\flneg.c
		___flneg       		CODE           	15C04	0000	57

C:\Program Files (x86)\Microchip\xc8\v1.35\sources\common\flneg.c estimated size: 57

C:\Program Files (x86)\Microchip\xc8\v1.35\sources\common\xxtofl.c
		___xxtofl      		CODE           	147FE	0000	463

C:\Program Files (x86)\Microchip\xc8\v1.35\sources\common\xxtofl.c estimated size: 463

../LaurTec_PIC_libraries_v_3.3.0/inc\CANlib.h
		_CANSetFilter  		CODE           	10000	0000	2823
		_CANisRxReady  		CODE           	15E44	0000	23
		_CANreceiveMessage		CODE           	12D60	0000	1293
		_CANsendMessage		CODE           	1139A	0000	1933
		_CANInitialize 		CODE           	149CC	0000	455
		_CANOperationMode		CODE           	15E2E	0000	23
		_CANisTxReady  		CODE           	15D5A	0000	37
		_CANSetMask    		CODE           	13F7A	0000	927

../LaurTec_PIC_libraries_v_3.3.0/inc\CANlib.h estimated size: 7514

C:\Program Files (x86)\Microchip\xc8\v1.35\sources\common\doprnt.c
		_scale         		CODE           	12846	0000	1307
		_sprintf       		CODE           	10B06	0000	2197
		_fround        		CODE           	14318	0000	759

C:\Program Files (x86)\Microchip\xc8\v1.35\sources\common\doprnt.c estimated size: 4263

C:\Program Files (x86)\Microchip\xc8\v1.35\sources\common\llmod.c
		___llmod       		CODE           	15934	0000	155

C:\Program Files (x86)\Microchip\xc8\v1.35\sources\common\llmod.c estimated size: 155

shared
		i2_CANisTxReady		CODE           	15DA0	0000	31
		__powers_      		MEDIUMCONST    	FEEF	0000	53
		_dpowers       		MEDIUMCONST    	FF23	0000	41
		__npowers_     		MEDIUMCONST    	FEBB	0000	53
		__initialization		CODE           	15B4C	0000	59
		i2_CANsendMessage		CODE           	11B26	0000	1759

shared estimated size: 1996

C:\Program Files (x86)\Microchip\xc8\v1.35\sources\common\awmod.c
		___awmod       		CODE           	15892	0000	163

C:\Program Files (x86)\Microchip\xc8\v1.35\sources\common\awmod.c estimated size: 163

C:\Program Files (x86)\Microchip\xc8\v1.35\sources\common\sprcmul.c
		___flmul       		CODE           	13714	0000	1191

C:\Program Files (x86)\Microchip\xc8\v1.35\sources\common\sprcmul.c estimated size: 1191

C:\Program Files (x86)\Microchip\xc8\v1.35\sources\common\ftdivl.c
		__tdiv_to_l_   		CODE           	14B92	0000	415

C:\Program Files (x86)\Microchip\xc8\v1.35\sources\common\ftdivl.c estimated size: 415

../LaurTec_PIC_libraries_v_3.3.0/src\delay.c
		_delay_set_quartz		CODE           	15E5A	0000	11
		_delay_ms      		CODE           	15BCA	0000	59

../LaurTec_PIC_libraries_v_3.3.0/src\delay.c estimated size: 70

../LaurTec_PIC_libraries_v_3.3.0/src\LCD_44780.c
		_LCD_clear     		CODE           	15CD8	0000	51
		_LCD_cursor    		CODE           	15CA6	0000	51
		_LCD_goto_xy   		CODE           	15DDA	0000	29
		_LCD_goto_line 		CODE           	15424	0000	237
		_LCD_shift_cursor		CODE           	15AB8	0000	77
		_LCD_write_string		CODE           	15D34	0000	39
		_LCD_enable_pulse		CODE           	15D7E	0000	35
		_LCD_write_message		CODE           	15C72	0000	53
		_LCD_write_char		CODE           	159CE	0000	151
		_LCD_send_command		CODE           	15B90	0000	59
		_LCD_initialize		CODE           	15048	0000	367

../LaurTec_PIC_libraries_v_3.3.0/src\LCD_44780.c estimated size: 1149

C:\Program Files (x86)\Microchip\xc8\v1.35\sources\common\sprcdiv.c
		___fldiv       		CODE           	13BBA	0000	961

C:\Program Files (x86)\Microchip\xc8\v1.35\sources\common\sprcdiv.c estimated size: 961

C:\Program Files (x86)\Microchip\xc8\v1.35\sources\common\fltol.c
		___fltol       		CODE           	15318	0000	269

C:\Program Files (x86)\Microchip\xc8\v1.35\sources\common\fltol.c estimated size: 269

C:\Program Files (x86)\Microchip\xc8\v1.35\sources\common\Umul16.c
		___wmul        		CODE           	15C3C	0000	55

C:\Program Files (x86)\Microchip\xc8\v1.35\sources\common\Umul16.c estimated size: 55

C:\Program Files (x86)\Microchip\xc8\v1.35\sources\common\lldiv.c
		___lldiv       		CODE           	155CE	0000	189

C:\Program Files (x86)\Microchip\xc8\v1.35\sources\common\lldiv.c estimated size: 189

RemoteCan.c
		_main          		CODE           	12204	0000	1603
		_CAN_Send      		CODE           	1568A	0000	187
		_PWR_Button_Polling		CODE           	15DBE	0000	29
		_board_initialization		CODE           	157EE	0000	165
		_Joystick_Polling		CODE           	15A64	0000	85
		_ISR_bassa     		CODE           	0018	0000	169
		_F1_Button_Polling		CODE           	15E12	0000	29
		_F2_Button_Polling		CODE           	15DF6	0000	29
		_LCD_Handler   		CODE           	1460E	0000	497
		_ISR_alta      		CODE           	0008	0000	369
		_CAN_interpreter		CODE           	15744	0000	171

RemoteCan.c estimated size: 3333

C:\Program Files (x86)\Microchip\xc8\v1.35\sources\common\fldivl.c
		__div_to_l_    		CODE           	14EC0	0000	393

C:\Program Files (x86)\Microchip\xc8\v1.35\sources\common\fldivl.c estimated size: 393

C:\Program Files (x86)\Microchip\xc8\v1.35\sources\common\flge.c
		___flge        		CODE           	14D30	0000	401

C:\Program Files (x86)\Microchip\xc8\v1.35\sources\common\flge.c estimated size: 401

