Microchip MPLAB XC8 Compiler V1.34 ()

Linker command line:

--edf=C:\Program Files (x86)\Microchip\xc8\v1.34\dat\en_msgs.txt -cs \
  -h+dist/default/production\RemoteCan.X.production.sym \
  --cmf=dist/default/production\RemoteCan.X.production.cmf -z -Q18F4685 \
  -oC:\Users\simone\AppData\Local\Temp\s4es.6 \
  -Mdist/default/production/RemoteCan.X.production.map -E1 -ver=XC8 \
  -ASTACK=0159h-0cffh -pstack=STACK -ACODE=00h-017FFFh -ACONST=00h-017FFFh \
  -ASMALLCONST=0D00h-0DFFhx371 -AMEDIUMCONST=0D00h-0FFFFh,010D00h-017FFFh \
  -ACOMRAM=01h-05Fh -AABS1=00h-0CFFh -ABIGRAM=01h-0CFFh \
  -ARAM=060h-0FFh,0100h-01FFhx12 -ABANK0=060h-0FFh -ABANK1=0100h-01FFh \
  -ABANK2=0200h-02FFh -ABANK3=0300h-03FFh -ABANK4=0400h-04FFh \
  -ABANK5=0500h-05FFh -ABANK6=0600h-06FFh -ABANK7=0700h-07FFh \
  -ABANK8=0800h-08FFh -ABANK9=0900h-09FFh -ABANK10=0A00h-0AFFh \
  -ABANK11=0B00h-0BFFh -ABANK12=0C00h-0CFFh \
  -ASFR=0D00h-0DFFhx2,0F00h-0F5Fh,0F60h-0FFFh \
  -preset_vec=00h,intcode=08h,intcodelo=018h,powerup,init,end_init \
  -pramtop=0D00h -psmallconst=SMALLCONST -pmediumconst=MEDIUMCONST \
  -pconst=CONST -AFARRAM=00h-00h -ACONFIG=0300000h-030000Dh -pconfig=CONFIG \
  -AIDLOC=0200000h-0200007h -pidloc=IDLOC -AEEDATA=0F00000h-0F003FFh \
  -peeprom_data=EEDATA \
  -prdata=COMRAM,nvrram=COMRAM,nvbit=COMRAM,rbss=COMRAM,rbit=COMRAM \
  -pfarbss=FARRAM,fardata=FARRAM,nvFARRAM=FARRAM \
  -pintsave_regs=BIGRAM,bigbss=BIGRAM,bigdata=BIGRAM -pbss=RAM \
  -pidata=CODE,irdata=CODE,ibigdata=CODE,ifardata=CODE -prparam=COMRAM \
  C:\Users\simone\AppData\Local\Temp\s4es.obj \
  dist/default/production\RemoteCan.X.production.obj 

Object code version is 3.11

Machine type is 18F4685

Call graph: (short form)




                Name                               Link     Load   Length Selector   Space Scale
C:\Users\simone\AppData\Local\Temp\s4es.obj
                end_init                             BE       BE        4        C       0
                reset_vec                             0        0        4        0       0
                idloc                            200000   200000        8   200000       0
                config                           300000   300000        E   300000       0
dist/default/production\RemoteCan.X.production.obj
                intcodelo                            18       18       A6        C       0
                intcode                               8        8       10        4       0
                mediumconst                        FD4A     FD4A      2B6     7EA5       0
                text65                            16000    16000       18     8000       0
                text64                            12AD4    12AD4      52E     8000       0
                text63                            15FAC    15FAC       20     8000       0
                text62                            12430    12430      6A4     8000       0
                intcode_body                      13BD2    13BD2      28C     8000       0
                text59                            15F64    15F64       26     8000       0
                text58                            11C90    11C90      7A0     8000       0
                text57                            154F2    154F2       C0     8000       0
                text56                            16044    16044       16     8000       0
                text55                            1602E    1602E       16     8000       0
                text54                            15CAE    15CAE       42     8000       0
                text53                            15DA0    15DA0       38     8000       0
                text52                            15D66    15D66       3A     8000       0
                text51                            15F8A    15F8A       22     8000       0
                text50                            15D2C    15D2C       3A     8000       0
                text49                            151AA    151AA       EE     8000       0
                text48                            15EDC    15EDC       32     8000       0
                text47                            15EAA    15EAA       32     8000       0
                text46                            1605A    1605A        A     8000       0
                text45                            14B90    14B90      16E     8000       0
                text44                            157AE    157AE       96     8000       0
                text43                            15E0E    15E0E       36     8000       0
                text42                            15AC2    15AC2       64     8000       0
                text41                            15A5E    15A5E       64     8000       0
                text40                            159FA    159FA       64     8000       0
                text39                            15B86    15B86       4E     8000       0
                text38                            15FCC    15FCC       1C     8000       0
                text37                            15F3C    15F3C       28     8000       0
                text36                            15844    15844       82     8000       0
                text35                            158C6    158C6       6C     8000       0
                text34                            1542E    1542E       C4     8000       0
                text33                            15C20    15C20       4C     8000       0
                text32                            1450C    1450C      1CA     8000       0
                text31                            14A10    14A10      180     8000       0
                text30                            14E62    14E62      136     8000       0
                text29                            15E78    15E78       32     8000       0
                text28                            150B2    150B2       F8     8000       0
                text27                            15CF0    15CF0       3C     8000       0
                text26                            140D2    140D2      26C     8000       0
                text25                            15B26    15B26       60     8000       0
                text24                            14F98    14F98      11A     8000       0
                text23                            15368    15368       C6     8000       0
                text22                            1570A    1570A       A4     8000       0
                text21                            15E44    15E44       34     8000       0
                text20                            1487C    1487C      194     8000       0
                text19                            146D6    146D6      1A6     8000       0
                text18                            15298    15298       D0     8000       0
                text17                            155B2    155B2       B4     8000       0
                text16                            14CFE    14CFE      164     8000       0
                text15                            138D4    138D4      2FE     8000       0
                text14                            15F0E    15F0E       2E     8000       0
                text13                            13002    13002      528     8000       0
                text12                            10B2A    10B2A      90C     8000       0
                text11                            13E5E    13E5E      274     8000       0
                text10                            15996    15996       64     8000       0
                text9                             15932    15932       64     8000       0
                text8                             16018    16018       16     8000       0
                text7                             15BD4    15BD4       4C     8000       0
                text6                             15DD8    15DD8       36     8000       0
                text5                             15FE8    15FE8       18     8000       0
                text4                             10000    10000      B2A     8000       0
                text3                             1352A    1352A      3AA     8000       0
                text2                             1433E    1433E      1CE     8000       0
                text1                             15666    15666       A4     8000       0
                text0                             11436    11436      85A     8000       0
                cstackCOMRAM                         29       29       21        1       1
                cstackBANK0                          60       60       5B       60       1
                cstackBANK1                         136      136       23      100       1
                bssBANK1                            100      100       36      100       1
                dataBANK0                            ED       ED        1       60       1
                bssBANK0                             BB       BB       32       60       1
                bssCOMRAM                             1        1       28        1       1
                bitbssCOMRAM                        250       4A       16        1       1     8
                cinit                             15C6C    15C6C       42     8000       0
                idataBANK0                        16064    16064        1     8000       0

TOTAL           Name                               Link     Load   Length     Space
        CLASS   STACK          

        CLASS   CODE           
                end_init                             BE       BE        4         0
                intcodelo                            18       18       A6         0
                intcode                               8        8       10         0
                reset_vec                             0        0        4         0
                text65                            16000    16000       18         0
                text64                            12AD4    12AD4      52E         0
                text63                            15FAC    15FAC       20         0
                text62                            12430    12430      6A4         0
                intcode_body                      13BD2    13BD2      28C         0
                text59                            15F64    15F64       26         0
                text58                            11C90    11C90      7A0         0
                text57                            154F2    154F2       C0         0
                text56                            16044    16044       16         0
                text55                            1602E    1602E       16         0
                text54                            15CAE    15CAE       42         0
                text53                            15DA0    15DA0       38         0
                text52                            15D66    15D66       3A         0
                text51                            15F8A    15F8A       22         0
                text50                            15D2C    15D2C       3A         0
                text49                            151AA    151AA       EE         0
                text48                            15EDC    15EDC       32         0
                text47                            15EAA    15EAA       32         0
                text46                            1605A    1605A        A         0
                text45                            14B90    14B90      16E         0
                text44                            157AE    157AE       96         0
                text43                            15E0E    15E0E       36         0
                text42                            15AC2    15AC2       64         0
                text41                            15A5E    15A5E       64         0
                text40                            159FA    159FA       64         0
                text39                            15B86    15B86       4E         0
                text38                            15FCC    15FCC       1C         0
                text37                            15F3C    15F3C       28         0
                text36                            15844    15844       82         0
                text35                            158C6    158C6       6C         0
                text34                            1542E    1542E       C4         0
                text33                            15C20    15C20       4C         0
                text32                            1450C    1450C      1CA         0
                text31                            14A10    14A10      180         0
                text30                            14E62    14E62      136         0
                text29                            15E78    15E78       32         0
                text28                            150B2    150B2       F8         0
                text27                            15CF0    15CF0       3C         0
                text26                            140D2    140D2      26C         0
                text25                            15B26    15B26       60         0
                text24                            14F98    14F98      11A         0
                text23                            15368    15368       C6         0
                text22                            1570A    1570A       A4         0
                text21                            15E44    15E44       34         0
                text20                            1487C    1487C      194         0
                text19                            146D6    146D6      1A6         0
                text18                            15298    15298       D0         0
                text17                            155B2    155B2       B4         0
                text16                            14CFE    14CFE      164         0
                text15                            138D4    138D4      2FE         0
                text14                            15F0E    15F0E       2E         0
                text13                            13002    13002      528         0
                text12                            10B2A    10B2A      90C         0
                text11                            13E5E    13E5E      274         0
                text10                            15996    15996       64         0
                text9                             15932    15932       64         0
                text8                             16018    16018       16         0
                text7                             15BD4    15BD4       4C         0
                text6                             15DD8    15DD8       36         0
                text5                             15FE8    15FE8       18         0
                text4                             10000    10000      B2A         0
                text3                             1352A    1352A      3AA         0
                text2                             1433E    1433E      1CE         0
                text1                             15666    15666       A4         0
                text0                             11436    11436      85A         0
                cinit                             15C6C    15C6C       42         0
                idataBANK0                        16064    16064        1         0

        CLASS   CONST          

        CLASS   SMALLCONST     

        CLASS   MEDIUMCONST    
                mediumconst                        FD4A     FD4A      2B6         0

        CLASS   COMRAM         
                cstackCOMRAM                         29       29       21         1
                bssCOMRAM                             1        1       28         1
                bitbssCOMRAM                        250       4A       16         1

        CLASS   ABS1           

        CLASS   BIGRAM         

        CLASS   RAM            

        CLASS   BANK0          
                cstackBANK0                          60       60       5B         1
                dataBANK0                            ED       ED        1         1
                bssBANK0                             BB       BB       32         1

        CLASS   BANK1          
                cstackBANK1                         136      136       23         1
                bssBANK1                            100      100       36         1

        CLASS   BANK2          

        CLASS   BANK3          

        CLASS   BANK4          

        CLASS   BANK5          

        CLASS   BANK6          

        CLASS   BANK7          

        CLASS   BANK8          

        CLASS   BANK9          

        CLASS   BANK10         

        CLASS   BANK11         

        CLASS   BANK12         

        CLASS   SFR            

        CLASS   FARRAM         

        CLASS   CONFIG         
                config                           300000   300000        E         0

        CLASS   IDLOC          
                idloc                            200000   200000        8         0

        CLASS   EEDATA         



SEGMENTS        Name                           Load    Length   Top    Selector   Space  Class

                reset_vec                      000000  000004  000004         0       0  CODE    
                bssCOMRAM                      000001  00004C  00004D         1       1  COMRAM  
                intcode                        000008  000010  000018         4       0  CODE    
                intcodelo                      000018  0000AA  0000C2         C       0  CODE    
                cstackBANK0                    000060  00008E  0000EE        60       1  BANK0   
                bssBANK1                       000100  000059  000159       100       1  BANK1   
                mediumconst                    00FD4A  0002B6  010000      7EA5       0  MEDIUMCO
                text4                          010000  006065  016065      8000       0  CODE    
                idloc                          200000  000008  200008    200000       0  IDLOC   
                config                         300000  00000E  30000E    300000       0  CONFIG  


UNUSED ADDRESS RANGES

        Name                Unused          Largest block    Delta
        BANK0            0000EE-0000FF               12
        BANK1            000159-0001FF               A7
        BANK10           000A00-000AFF              100
        BANK11           000B00-000BFF              100
        BANK12           000C00-000CFF              100
        BANK2            000200-0002FF              100
        BANK3            000300-0003FF              100
        BANK4            000400-0004FF              100
        BANK5            000500-0005FF              100
        BANK6            000600-0006FF              100
        BANK7            000700-0007FF              100
        BANK8            000800-0008FF              100
        BANK9            000900-0009FF              100
        BIGRAM           00004D-00005F               13
                         0000EE-0000FF               12
                         000159-000CFF              BA7
        CODE             000004-000007                4
                         0000C2-00FD49             FC88
                         016065-017FFF             1F9B
        COMRAM           00004D-00005F               13
        CONST            000004-000007                4
                         0000C2-00FD49             FC88
                         016065-017FFF             1F9B
        EEDATA           F00000-F003FF              400
        MEDIUMCONST      000D00-00FD49             F04A
                         016065-017FFF             1F9B
        RAM              0000EE-0000FF               12
                         000159-000CFF              100
        SFR              000D00-000FFF              100
        SMALLCONST       000D00-00FD49              100
                         016065-017FFF              100
        STACK            000159-000CFF              BA7

                                  Symbol Table

?___awdiv                          cstackBANK0  000078
?___awmod                          cstackBANK0  000072
?___awtofl                         cstackBANK0  00007C
?___fladd                          cstackBANK0  00009D
?___fldiv                          cstackBANK0  000080
?___flmul                          cstackBANK0  000081
?___flneg                          cstackBANK0  000090
?___flpack                         cstackBANK0  000072
?___flsub                          cstackBANK0  0000A9
?___fltol                          cstackBANK0  0000A9
?___lbtofl                         cstackBANK0  00007C
?___lldiv                          cstackBANK0  000072
?___llmod                          cstackBANK0  000072
?___lltofl                         cstackBANK0  00007C
?___lwdiv                          cstackBANK0  000072
?___lwmod                          cstackBANK0  000072
?___lwtofl                         cstackBANK0  00007C
?___wmul                           cstackBANK0  000072
?__div_to_l_                       cstackBANK0  000072
?__tdiv_to_l_                      cstackBANK0  000072
?_fround                           cstackBANK0  000090
?_scale                            cstackBANK0  000090
?_sprintf                          cstackBANK0  0000B3
CANInitialize@BRP                  cstackBANK0  000083
CANInitialize@FilterConfig1        cstackBANK0  00008A
CANInitialize@FilterConfig2        cstackBANK0  00008B
CANInitialize@SJW                  cstackBANK0  000082
CANInitialize@flags                cstackBANK0  000084
CANInitialize@phaseSeg1            cstackBANK0  000080
CANInitialize@phaseSeg2            cstackBANK0  000081
CANInitialize@propSeg              cstackBANK0  000089
CANOperationMode@mode              cstackBANK0  000072
CANSetFilter@filter                cstackBANK0  000072
CANSetFilter@numBuffer             cstackBANK0  00007B
CANSetFilter@tamp                  cstackBANK0  00007C
CANSetFilter@type                  cstackBANK0  000076
CANSetMask@mask                    cstackBANK0  000072
CANSetMask@numBuffer               cstackBANK0  00007B
CANSetMask@tamp                    cstackBANK0  00007C
CANSetMask@type                    cstackBANK0  000076
CANreceiveMessage@error            cstackCOMRAM 000044
CANreceiveMessage@msg              cstackCOMRAM 00003A
CANreceiveMessage@tamp             cstackCOMRAM 000045
CANsendMessage@data                cstackBANK0  000076
CANsendMessage@dataLength          cstackBANK0  000078
CANsendMessage@flags               cstackBANK0  000079
CANsendMessage@identifier          cstackBANK0  000072
CANsendMessage@tamp                cstackBANK0  00007E
Joystick_Polling@i                 cstackBANK0  000072
LCD_cursor@active                  cstackBANK0  00007F
LCD_cursor@blinking                cstackBANK0  00007E
LCD_goto_line@line                 cstackBANK0  00007E
LCD_goto_xy@x                      cstackBANK0  000082
LCD_goto_xy@y                      cstackBANK0  000081
LCD_initialize@quartz_frequency    cstackBANK0  000080
LCD_send_command@D0                cstackBANK0  00007C
LCD_send_command@D1                cstackBANK0  00007B
LCD_send_command@D2                cstackBANK0  00007A
LCD_send_command@D3                cstackBANK0  00007D
LCD_shift_cursor@i                 cstackBANK0  000080
LCD_shift_cursor@number_of_shift   cstackBANK0  00007E
LCD_shift_cursor@shift             cstackBANK0  00007F
LCD_write_char@D0                  cstackBANK0  000081
LCD_write_char@D1                  cstackBANK0  000080
LCD_write_char@D2                  cstackBANK0  00007F
LCD_write_char@D3                  cstackBANK0  00007E
LCD_write_char@value               cstackBANK0  000082
LCD_write_integer@F17326           bssBANK1     000100
LCD_write_integer@convertedInt     cstackBANK0  000093
LCD_write_integer@index            cstackBANK0  000099
LCD_write_integer@number_of_digits cstackBANK0  00008C
LCD_write_integer@value            cstackBANK0  00008A
LCD_write_integer@zero_cleaning    cstackBANK0  00008D
LCD_write_message@buffer           cstackBANK0  000083
LCD_write_string@buffer            cstackBANK0  000083
_ADCON0bits                        (abs)        000FC2
_ADCON1                            (abs)        000FC1
_ADCON2bits                        (abs)        000FC0
_ADRESH                            (abs)        000FC4
_BRGCON1                           (abs)        000F70
_BRGCON2                           (abs)        000F71
_BRGCON2bits                       (abs)        000F71
_BRGCON3                           (abs)        000F72
_BRGCON3bits                       (abs)        000F72
_CANCON                            (abs)        000F6F
_CANCONbits                        (abs)        000F6F
_CANInitialize                     text2        01433E
_CANOperationMode                  text5        015FE8
_CANSTAT                           (abs)        000F6E
_CANSetFilter                      text4        010000
_CANSetMask                        text3        01352A
_CAN_Tx                            text57       0154F2
_CANisRxReady                      text65       016000
_CANisRxReady$3253                 cstackCOMRAM 00003A
_CANisTxReady                      text59       015F64
_CANisTxReady$3251                 cstackBANK0  000072
_CANreceiveMessage                 text64       012AD4
_CANsendMessage                    text58       011C90
_COMSTATbits                       (abs)        000F74
_Can_Tx_Force                      bitbssCOMRAM 000250
_F1_Button_Polling                 text56       016044
_F1_switch                         bitbssCOMRAM 000251
_F2_Button_Polling                 text55       01602E
_F2_switch                         bitbssCOMRAM 000252
_INTCONbits                        (abs)        000FF2
_IPR2bits                          (abs)        000FA2
_IPR3bits                          (abs)        000FA5
_ISR_alta                          intcode      000008
_ISR_bassa                         intcodelo    000018
_JoystickConstants                 bssBANK0     0000BB
_JoystickValues                    bssBANK0     0000DF
_Joystick_Polling                  text54       015CAE
_LATA                              (abs)        000F89
_LATB                              (abs)        000F8A
_LATC                              (abs)        000F8B
_LATCbits                          (abs)        000F8B
_LATD                              (abs)        000F8C
_LATDbits                          (abs)        000F8C
_LATE                              (abs)        000F8D
_LATEbits                          (abs)        000F8D
_LCD_4TH_ROW_MODE                  bitbssCOMRAM 000253
_LCD_End                           text42       015AC2
_LCD_Error                         text41       015A5E
_LCD_Gap                           text40       0159FA
_LCD_Handler                       text11       013E5E
_LCD_Park                          text10       015996
_LCD_Parking                       text9        015932
_LCD_clear                         text48       015EDC
_LCD_cursor                        text47       015EAA
_LCD_enable_pulse                  text51       015F8A
_LCD_goto_line                     text49       0151AA
_LCD_goto_xy                       text38       015FCC
_LCD_initialize                    text45       014B90
_LCD_send_command                  text50       015D2C
_LCD_shift_cursor                  text39       015B86
_LCD_write_char                    text44       0157AE
_LCD_write_integer                 text32       01450C
_LCD_write_message                 text43       015E0E
_LCD_write_string                  text37       015F3C
_PIE2bits                          (abs)        000FA0
_PIE3bits                          (abs)        000FA3
_PIR2bits                          (abs)        000FA1
_PIR3bits                          (abs)        000FA4
_PORTAbits                         (abs)        000F80
_PORTBbits                         (abs)        000F81
_PORTDbits                         (abs)        000F83
_PWR_Button_Polling                text8        016018
_RCONbits                          (abs)        000FD0
_RTR_Flag                          bitbssCOMRAM 000254
_RXB0CON                           (abs)        000F60
_RXB0CONbits                       (abs)        000F60
_RXB0D0                            (abs)        000F66
_RXB0D1                            (abs)        000F67
_RXB0D2                            (abs)        000F68
_RXB0D3                            (abs)        000F69
_RXB0D4                            (abs)        000F6A
_RXB0D5                            (abs)        000F6B
_RXB0D6                            (abs)        000F6C
_RXB0D7                            (abs)        000F6D
_RXB0DLC                           (abs)        000F65
_RXB0DLCbits                       (abs)        000F65
_RXB0EIDH                          (abs)        000F63
_RXB0EIDL                          (abs)        000F64
_RXB0SIDH                          (abs)        000F61
_RXB0SIDL                          (abs)        000F62
_RXB0SIDLbits                      (abs)        000F62
_RXB1CON                           (abs)        000F50
_RXB1CONbits                       (abs)        000F50
_RXB1D0                            (abs)        000F56
_RXB1D1                            (abs)        000F57
_RXB1D2                            (abs)        000F58
_RXB1D3                            (abs)        000F59
_RXB1D4                            (abs)        000F5A
_RXB1D5                            (abs)        000F5B
_RXB1D6                            (abs)        000F5C
_RXB1D7                            (abs)        000F5D
_RXB1DLC                           (abs)        000F55
_RXB1DLCbits                       (abs)        000F55
_RXB1EIDH                          (abs)        000F53
_RXB1EIDL                          (abs)        000F54
_RXB1SIDH                          (abs)        000F51
_RXB1SIDL                          (abs)        000F52
_RXB1SIDLbits                      (abs)        000F52
_RXERRCNT                          (abs)        000F75
_RXF0EIDH                          (abs)        000F02
_RXF0EIDL                          (abs)        000F03
_RXF0SIDH                          (abs)        000F00
_RXF0SIDL                          (abs)        000F01
_RXF0SIDLbits                      (abs)        000F01
_RXF1EIDH                          (abs)        000F06
_RXF1EIDL                          (abs)        000F07
_RXF1SIDH                          (abs)        000F04
_RXF1SIDL                          (abs)        000F05
_RXF1SIDLbits                      (abs)        000F05
_RXF2EIDH                          (abs)        000F0A
_RXF2EIDL                          (abs)        000F0B
_RXF2SIDH                          (abs)        000F08
_RXF2SIDL                          (abs)        000F09
_RXF2SIDLbits                      (abs)        000F09
_RXF3EIDH                          (abs)        000F0E
_RXF3EIDL                          (abs)        000F0F
_RXF3SIDH                          (abs)        000F0C
_RXF3SIDL                          (abs)        000F0D
_RXF3SIDLbits                      (abs)        000F0D
_RXF4EIDH                          (abs)        000F12
_RXF4EIDL                          (abs)        000F13
_RXF4SIDH                          (abs)        000F10
_RXF4SIDL                          (abs)        000F11
_RXF4SIDLbits                      (abs)        000F11
_RXF5EIDH                          (abs)        000F16
_RXF5EIDL                          (abs)        000F17
_RXF5SIDH                          (abs)        000F14
_RXF5SIDL                          (abs)        000F15
_RXF5SIDLbits                      (abs)        000F15
_RXM0EIDH                          (abs)        000F1A
_RXM0EIDL                          (abs)        000F1B
_RXM0SIDH                          (abs)        000F18
_RXM0SIDL                          (abs)        000F19
_RXM0SIDLbits                      (abs)        000F19
_RXM1EIDH                          (abs)        000F1E
_RXM1EIDL                          (abs)        000F1F
_RXM1SIDH                          (abs)        000F1C
_RXM1SIDL                          (abs)        000F1D
_RXM1SIDLbits                      (abs)        000F1D
_T3CON                             (abs)        000FB1
_TMR3H                             (abs)        000FB3
_TMR3L                             (abs)        000FB2
_TRISA                             (abs)        000F92
_TRISB                             (abs)        000F93
_TRISC                             (abs)        000F94
_TRISD                             (abs)        000F95
_TRISE                             (abs)        000F96
_TXB0CONbits                       (abs)        000F40
_TXB0D0                            (abs)        000F46
_TXB0D1                            (abs)        000F47
_TXB0D2                            (abs)        000F48
_TXB0D3                            (abs)        000F49
_TXB0D4                            (abs)        000F4A
_TXB0D5                            (abs)        000F4B
_TXB0D6                            (abs)        000F4C
_TXB0D7                            (abs)        000F4D
_TXB0DLC                           (abs)        000F45
_TXB0DLCbits                       (abs)        000F45
_TXB0EIDH                          (abs)        000F43
_TXB0EIDL                          (abs)        000F44
_TXB0SIDH                          (abs)        000F41
_TXB0SIDL                          (abs)        000F42
_TXB0SIDLbits                      (abs)        000F42
_TXB1CONbits                       (abs)        000F30
_TXB1D0                            (abs)        000F36
_TXB1D1                            (abs)        000F37
_TXB1D2                            (abs)        000F38
_TXB1D3                            (abs)        000F39
_TXB1D4                            (abs)        000F3A
_TXB1D5                            (abs)        000F3B
_TXB1D6                            (abs)        000F3C
_TXB1D7                            (abs)        000F3D
_TXB1DLC                           (abs)        000F35
_TXB1DLCbits                       (abs)        000F35
_TXB1EIDH                          (abs)        000F33
_TXB1EIDL                          (abs)        000F34
_TXB1SIDH                          (abs)        000F31
_TXB1SIDL                          (abs)        000F32
_TXB1SIDLbits                      (abs)        000F32
_TXB2CONbits                       (abs)        000F20
_TXB2D0                            (abs)        000F26
_TXB2D1                            (abs)        000F27
_TXB2D2                            (abs)        000F28
_TXB2D3                            (abs)        000F29
_TXB2D4                            (abs)        000F2A
_TXB2D5                            (abs)        000F2B
_TXB2D6                            (abs)        000F2C
_TXB2D7                            (abs)        000F2D
_TXB2DLC                           (abs)        000F25
_TXB2DLCbits                       (abs)        000F25
_TXB2EIDH                          (abs)        000F23
_TXB2EIDL                          (abs)        000F24
_TXB2SIDH                          (abs)        000F21
_TXB2SIDL                          (abs)        000F22
_TXB2SIDLbits                      (abs)        000F22
_TXERRCNT                          (abs)        000F76
__CFG_BBSIZ$1024                   (abs)        000000
__CFG_BOREN$BOHW                   (abs)        000000
__CFG_BORV$3                       (abs)        000000
__CFG_CP0$OFF                      (abs)        000000
__CFG_CP1$OFF                      (abs)        000000
__CFG_CP2$OFF                      (abs)        000000
__CFG_CP3$OFF                      (abs)        000000
__CFG_CP4$OFF                      (abs)        000000
__CFG_CP5$OFF                      (abs)        000000
__CFG_CPB$OFF                      (abs)        000000
__CFG_CPD$OFF                      (abs)        000000
__CFG_EBTR0$OFF                    (abs)        000000
__CFG_EBTR1$OFF                    (abs)        000000
__CFG_EBTR2$OFF                    (abs)        000000
__CFG_EBTR3$OFF                    (abs)        000000
__CFG_EBTR4$OFF                    (abs)        000000
__CFG_EBTR5$OFF                    (abs)        000000
__CFG_EBTRB$OFF                    (abs)        000000
__CFG_FCMEN$OFF                    (abs)        000000
__CFG_IESO$OFF                     (abs)        000000
__CFG_LPT1OSC$OFF                  (abs)        000000
__CFG_LVP$OFF                      (abs)        000000
__CFG_MCLRE$ON                     (abs)        000000
__CFG_OSC$HS                       (abs)        000000
__CFG_PBADEN$OFF                   (abs)        000000
__CFG_PWRT$OFF                     (abs)        000000
__CFG_STVREN$ON                    (abs)        000000
__CFG_WDT$OFF                      (abs)        000000
__CFG_WDTPS$32768                  (abs)        000000
__CFG_WRT0$OFF                     (abs)        000000
__CFG_WRT1$OFF                     (abs)        000000
__CFG_WRT2$OFF                     (abs)        000000
__CFG_WRT3$OFF                     (abs)        000000
__CFG_WRT4$OFF                     (abs)        000000
__CFG_WRT5$OFF                     (abs)        000000
__CFG_WRTB$OFF                     (abs)        000000
__CFG_WRTC$OFF                     (abs)        000000
__CFG_WRTD$OFF                     (abs)        000000
__CFG_XINST$OFF                    (abs)        000000
__HRAM                             (abs)        000000
__Habs1                            abs1         000000
__Hbank0                           bank0        000000
__Hbank1                           bank1        000000
__Hbank10                          bank10       000000
__Hbank11                          bank11       000000
__Hbank12                          bank12       000000
__Hbank2                           bank2        000000
__Hbank3                           bank3        000000
__Hbank4                           bank4        000000
__Hbank5                           bank5        000000
__Hbank6                           bank6        000000
__Hbank7                           bank7        000000
__Hbank8                           bank8        000000
__Hbank9                           bank9        000000
__Hbigbss                          bigbss       000000
__Hbigdata                         bigdata      000000
__Hbigram                          bigram       000000
__HbitbssCOMRAM                    bitbssCOMRAM 000000
__Hbss                             bss          000000
__HbssBANK0                        bssBANK0     000000
__HbssBANK1                        bssBANK1     000000
__HbssCOMRAM                       bssCOMRAM    000000
__Hcinit                           cinit        000000
__Hclrtext                         clrtext      000000
__Hcomram                          comram       000000
__Hconfig                          config       30000E
__Hconst                           const        000000
__HcstackBANK0                     cstackBANK0  000000
__HcstackBANK1                     cstackBANK1  000000
__HcstackCOMRAM                    cstackCOMRAM 000000
__Hdata                            data         000000
__HdataBANK0                       dataBANK0    000000
__Heeprom_data                     eeprom_data  000000
__Hend_init                        end_init     0000C2
__Hfarbss                          farbss       000000
__Hfardata                         fardata      000000
__Hibigdata                        ibigdata     000000
__Hidata                           idata        000000
__HidataBANK0                      idataBANK0   000000
__Hidloc                           idloc        200008
__Hifardata                        ifardata     000000
__Hinit                            init         0000BE
__Hintcode                         intcode      000018
__Hintcode_body                    intcode_body 000000
__Hintcodelo                       intcodelo    0000BE
__Hintentry                        intentry     000000
__Hintret                          intret       000000
__Hintsave_regs                    intsave_regs 000000
__Hirdata                          irdata       000000
__Hmediumconst                     mediumconst  010000
__HnvFARRAM                        nvFARRAM     000000
__Hnvbit                           nvbit        000000
__Hnvrram                          nvrram       000000
__Hparam                           rparam       000000
__Hpowerup                         powerup      0000BE
__Hram                             ram          000000
__Hramtop                          ramtop       000D00
__Hrbit                            rbit         000000
__Hrbss                            rbss         000000
__Hrdata                           rdata        000000
__Hreset_vec                       reset_vec    000004
__Hrparam                          rparam       000000
__Hsfr                             sfr          000000
__Hsmallconst                      smallconst   000000
__Hspace_0                         (abs)        30000E
__Hspace_1                         (abs)        000266
__Hspace_2                         (abs)        000000
__Hstack                           stack        000000
__Hstruct                          struct       000000
__Htemp                            temp         000000
__Htext                            text         000000
__Htext0                           text0        000000
__Htext1                           text1        000000
__Htext10                          text10       000000
__Htext11                          text11       000000
__Htext12                          text12       000000
__Htext13                          text13       000000
__Htext14                          text14       000000
__Htext15                          text15       000000
__Htext16                          text16       000000
__Htext17                          text17       000000
__Htext18                          text18       000000
__Htext19                          text19       000000
__Htext2                           text2        000000
__Htext20                          text20       000000
__Htext21                          text21       000000
__Htext22                          text22       000000
__Htext23                          text23       000000
__Htext24                          text24       000000
__Htext25                          text25       000000
__Htext26                          text26       000000
__Htext27                          text27       000000
__Htext28                          text28       000000
__Htext29                          text29       000000
__Htext3                           text3        000000
__Htext30                          text30       000000
__Htext31                          text31       000000
__Htext32                          text32       000000
__Htext33                          text33       000000
__Htext34                          text34       000000
__Htext35                          text35       000000
__Htext36                          text36       000000
__Htext37                          text37       000000
__Htext38                          text38       000000
__Htext39                          text39       000000
__Htext4                           text4        000000
__Htext40                          text40       000000
__Htext41                          text41       000000
__Htext42                          text42       000000
__Htext43                          text43       000000
__Htext44                          text44       000000
__Htext45                          text45       000000
__Htext46                          text46       000000
__Htext47                          text47       000000
__Htext48                          text48       000000
__Htext49                          text49       000000
__Htext5                           text5        000000
__Htext50                          text50       000000
__Htext51                          text51       000000
__Htext52                          text52       000000
__Htext53                          text53       000000
__Htext54                          text54       000000
__Htext55                          text55       000000
__Htext56                          text56       000000
__Htext57                          text57       000000
__Htext58                          text58       000000
__Htext59                          text59       000000
__Htext6                           text6        000000
__Htext62                          text62       000000
__Htext63                          text63       000000
__Htext64                          text64       000000
__Htext65                          text65       000000
__Htext7                           text7        000000
__Htext8                           text8        000000
__Htext9                           text9        000000
__LRAM                             (abs)        000001
__Labs1                            abs1         000000
__Lbank0                           bank0        000000
__Lbank1                           bank1        000000
__Lbank10                          bank10       000000
__Lbank11                          bank11       000000
__Lbank12                          bank12       000000
__Lbank2                           bank2        000000
__Lbank3                           bank3        000000
__Lbank4                           bank4        000000
__Lbank5                           bank5        000000
__Lbank6                           bank6        000000
__Lbank7                           bank7        000000
__Lbank8                           bank8        000000
__Lbank9                           bank9        000000
__Lbigbss                          bigbss       000000
__Lbigdata                         bigdata      000000
__Lbigram                          bigram       000000
__LbitbssCOMRAM                    bitbssCOMRAM 000000
__Lbss                             bss          000000
__LbssBANK0                        bssBANK0     000000
__LbssBANK1                        bssBANK1     000000
__LbssCOMRAM                       bssCOMRAM    000000
__Lcinit                           cinit        000000
__Lclrtext                         clrtext      000000
__Lcomram                          comram       000000
__Lconfig                          config       300000
__Lconst                           const        000000
__LcstackBANK0                     cstackBANK0  000000
__LcstackBANK1                     cstackBANK1  000000
__LcstackCOMRAM                    cstackCOMRAM 000000
__Ldata                            data         000000
__LdataBANK0                       dataBANK0    000000
__Leeprom_data                     eeprom_data  000000
__Lend_init                        end_init     0000BE
__Lfarbss                          farbss       000000
__Lfardata                         fardata      000000
__Libigdata                        ibigdata     000000
__Lidata                           idata        000000
__LidataBANK0                      idataBANK0   000000
__Lidloc                           idloc        200000
__Lifardata                        ifardata     000000
__Linit                            init         0000BE
__Lintcode                         intcode      000008
__Lintcode_body                    intcode_body 000000
__Lintcodelo                       intcodelo    000018
__Lintentry                        intentry     000000
__Lintret                          intret       000000
__Lintsave_regs                    intsave_regs 000000
__Lirdata                          irdata       000000
__Lmediumconst                     mediumconst  00FD4A
__LnvFARRAM                        nvFARRAM     000000
__Lnvbit                           nvbit        000000
__Lnvrram                          nvrram       000000
__Lparam                           rparam       000000
__Lpowerup                         powerup      0000BE
__Lram                             ram          000000
__Lramtop                          ramtop       000D00
__Lrbit                            rbit         000000
__Lrbss                            rbss         000000
__Lrdata                           rdata        000000
__Lreset_vec                       reset_vec    000000
__Lrparam                          rparam       000000
__Lsfr                             sfr          000000
__Lsmallconst                      smallconst   000000
__Lspace_0                         (abs)        000000
__Lspace_1                         (abs)        000000
__Lspace_2                         (abs)        000000
__Lstack                           stack        000000
__Lstruct                          struct       000000
__Ltemp                            temp         000000
__Ltext                            text         000000
__Ltext0                           text0        000000
__Ltext1                           text1        000000
__Ltext10                          text10       000000
__Ltext11                          text11       000000
__Ltext12                          text12       000000
__Ltext13                          text13       000000
__Ltext14                          text14       000000
__Ltext15                          text15       000000
__Ltext16                          text16       000000
__Ltext17                          text17       000000
__Ltext18                          text18       000000
__Ltext19                          text19       000000
__Ltext2                           text2        000000
__Ltext20                          text20       000000
__Ltext21                          text21       000000
__Ltext22                          text22       000000
__Ltext23                          text23       000000
__Ltext24                          text24       000000
__Ltext25                          text25       000000
__Ltext26                          text26       000000
__Ltext27                          text27       000000
__Ltext28                          text28       000000
__Ltext29                          text29       000000
__Ltext3                           text3        000000
__Ltext30                          text30       000000
__Ltext31                          text31       000000
__Ltext32                          text32       000000
__Ltext33                          text33       000000
__Ltext34                          text34       000000
__Ltext35                          text35       000000
__Ltext36                          text36       000000
__Ltext37                          text37       000000
__Ltext38                          text38       000000
__Ltext39                          text39       000000
__Ltext4                           text4        000000
__Ltext40                          text40       000000
__Ltext41                          text41       000000
__Ltext42                          text42       000000
__Ltext43                          text43       000000
__Ltext44                          text44       000000
__Ltext45                          text45       000000
__Ltext46                          text46       000000
__Ltext47                          text47       000000
__Ltext48                          text48       000000
__Ltext49                          text49       000000
__Ltext5                           text5        000000
__Ltext50                          text50       000000
__Ltext51                          text51       000000
__Ltext52                          text52       000000
__Ltext53                          text53       000000
__Ltext54                          text54       000000
__Ltext55                          text55       000000
__Ltext56                          text56       000000
__Ltext57                          text57       000000
__Ltext58                          text58       000000
__Ltext59                          text59       000000
__Ltext6                           text6        000000
__Ltext62                          text62       000000
__Ltext63                          text63       000000
__Ltext64                          text64       000000
__Ltext65                          text65       000000
__Ltext7                           text7        000000
__Ltext8                           text8        000000
__Ltext9                           text9        000000
__S0                               (abs)        30000E
__S1                               (abs)        000159
__S2                               (abs)        000000
___awdiv                           text18       015298
___awdiv@counter                   cstackBANK0  00007C
___awdiv@dividend                  cstackBANK0  000078
___awdiv@divisor                   cstackBANK0  00007A
___awdiv@quotient                  cstackBANK0  00007E
___awdiv@sign                      cstackBANK0  00007D
___awmod                           text17       0155B2
___awmod@counter                   cstackBANK0  000076
___awmod@dividend                  cstackBANK0  000072
___awmod@divisor                   cstackBANK0  000074
___awmod@sign                      cstackBANK0  000077
___awtofl                          text7        015BD4
___awtofl@c                        cstackBANK0  00007C
___awtofl@sign                     cstackBANK0  000080
___fladd                           text26       0140D2
___fladd@exp1                      cstackBANK0  0000A8
___fladd@exp2                      cstackBANK0  0000A7
___fladd@f1                        cstackBANK0  00009D
___fladd@f2                        cstackBANK0  0000A1
___fladd@sign                      cstackBANK0  0000A6
___fldiv                           text30       014E62
___fldiv@cntr                      cstackBANK0  00008C
___fldiv@exp                       cstackBANK0  00008D
___fldiv@f1                        cstackBANK0  000080
___fldiv@f2                        cstackBANK0  000084
___fldiv@f3                        cstackBANK0  000088
___fldiv@sign                      cstackBANK0  00008E
___flge                            text28       0150B2
___flge@ff1                        cstackBANK0  000072
___flge@ff2                        cstackBANK0  000076
___flmul                           text16       014CFE
___flmul@cntr                      cstackBANK0  00008E
___flmul@exp                       cstackBANK0  000089
___flmul@f1                        cstackBANK0  000081
___flmul@f2                        cstackBANK0  000085
___flmul@f3_as_product             cstackBANK0  00008A
___flmul@sign                      cstackBANK0  00008F
___flneg                           text27       015CF0
___flneg@f1                        cstackBANK0  000090
___flpack                          text31       014A10
___flpack@arg                      cstackBANK0  000072
___flpack@exp                      cstackBANK0  000076
___flpack@sign                     cstackBANK0  000077
___flsub                           text25       015B26
___flsub@f1                        cstackBANK0  0000A9
___flsub@f2                        cstackBANK0  0000AD
___fltol                           text24       014F98
___fltol@exp1                      cstackBANK0  0000B2
___fltol@f1                        cstackBANK0  0000A9
___fltol@sign1                     cstackBANK0  0000B1
___inthi_sp                        stack        000000
___intlo_sp                        stack        000000
___lbtofl                          text6        015DD8
___lbtofl@c                        cstackBANK0  000080
___lldiv                           text23       015368
___lldiv@counter                   cstackBANK0  00007E
___lldiv@dividend                  cstackBANK0  000072
___lldiv@divisor                   cstackBANK0  000076
___lldiv@quotient                  cstackBANK0  00007A
___llmod                           text22       01570A
___llmod@counter                   cstackBANK0  00007A
___llmod@dividend                  cstackBANK0  000072
___llmod@divisor                   cstackBANK0  000076
___lltofl                          text21       015E44
___lltofl@c                        cstackBANK0  00007C
___lwdiv                           text36       015844
___lwdiv@counter                   cstackBANK0  000078
___lwdiv@dividend                  cstackBANK0  000072
___lwdiv@divisor                   cstackBANK0  000074
___lwdiv@quotient                  cstackBANK0  000076
___lwmod                           text35       0158C6
___lwmod@counter                   cstackBANK0  000076
___lwmod@dividend                  cstackBANK0  000072
___lwmod@divisor                   cstackBANK0  000074
___lwtofl                          text29       015E78
___lwtofl@c                        cstackBANK0  00007C
___param_bank                      (abs)        000010
___rparam_used                     (abs)        000001
___sp                              stack        000000
___wmul                            text53       015DA0
___wmul@multiplicand               cstackBANK0  000074
___wmul@multiplier                 cstackBANK0  000072
___wmul@product                    cstackBANK0  000076
__accesstop                        (abs)        000060
__activetblptr                     (abs)        000003
__div_to_l_                        text20       01487C
__div_to_l_@cntr                   cstackBANK0  00007E
__div_to_l_@exp1                   cstackBANK0  00007F
__div_to_l_@f1                     cstackBANK0  000072
__div_to_l_@f2                     cstackBANK0  000076
__div_to_l_@quot                   cstackBANK0  00007A
__end_of_CANInitialize             text2        01450C
__end_of_CANOperationMode          text5        016000
__end_of_CANSetFilter              text4        010B2A
__end_of_CANSetMask                text3        0138D4
__end_of_CAN_Tx                    text57       0155B2
__end_of_CANisRxReady              text65       016018
__end_of_CANisTxReady              text59       015F8A
__end_of_CANreceiveMessage         text64       013002
__end_of_CANsendMessage            text58       012430
__end_of_F1_Button_Polling         text56       01605A
__end_of_F2_Button_Polling         text55       016044
__end_of_ISR_alta                  intcode_body 013E5E
__end_of_ISR_bassa                 intcodelo    0000BE
__end_of_Joystick_Polling          text54       015CF0
__end_of_LCD_End                   text42       015B26
__end_of_LCD_Error                 text41       015AC2
__end_of_LCD_Gap                   text40       015A5E
__end_of_LCD_Handler               text11       0140D2
__end_of_LCD_Park                  text10       0159FA
__end_of_LCD_Parking               text9        015996
__end_of_LCD_clear                 text48       015F0E
__end_of_LCD_cursor                text47       015EDC
__end_of_LCD_enable_pulse          text51       015FAC
__end_of_LCD_goto_line             text49       015298
__end_of_LCD_goto_xy               text38       015FE8
__end_of_LCD_initialize            text45       014CFE
__end_of_LCD_send_command          text50       015D66
__end_of_LCD_shift_cursor          text39       015BD4
__end_of_LCD_write_char            text44       015844
__end_of_LCD_write_integer         text32       0146D6
__end_of_LCD_write_message         text43       015E44
__end_of_LCD_write_string          text37       015F64
__end_of_PWR_Button_Polling        text8        01602E
__end_of___awdiv                   text18       015368
__end_of___awmod                   text17       015666
__end_of___awtofl                  text7        015C20
__end_of___fladd                   text26       01433E
__end_of___fldiv                   text30       014F98
__end_of___flge                    text28       0151AA
__end_of___flmul                   text16       014E62
__end_of___flneg                   text27       015D2C
__end_of___flpack                  text31       014B90
__end_of___flsub                   text25       015B86
__end_of___fltol                   text24       0150B2
__end_of___lbtofl                  text6        015E0E
__end_of___lldiv                   text23       01542E
__end_of___llmod                   text22       0157AE
__end_of___lltofl                  text21       015E78
__end_of___lwdiv                   text36       0158C6
__end_of___lwmod                   text35       015932
__end_of___lwtofl                  text29       015EAA
__end_of___wmul                    text53       015DD8
__end_of__div_to_l_                text20       014A10
__end_of__initialization           cinit        015CA8
__end_of__npowers_                 mediumconst  00FD7F
__end_of__powers_                  mediumconst  00FDB3
__end_of__tdiv_to_l_               text19       01487C
__end_of_board_initialization      text1        01570A
__end_of_delay_ms                  text52       015DA0
__end_of_delay_set_quartz          text46       016064
__end_of_dpowers                   mediumconst  00FDDB
__end_of_fround                    text15       013BD2
__end_of_isdigit                   text14       015F3C
__end_of_itoa                      text33       015C6C
__end_of_main                      text0        011C90
__end_of_scale                     text13       01352A
__end_of_sprintf                   text12       011436
__end_of_utoa                      text34       0154F2
__end_ofi2_CANisTxReady            text63       015FCC
__end_ofi2_CANsendMessage          text62       012AD4
__initialization                   cinit        015C6C
__mediumconst                      mediumconst  00FD4A
__npowers_                         mediumconst  00FD4B
__pbitbssCOMRAM                    bitbssCOMRAM 000250
__pbssBANK0                        bssBANK0     0000BB
__pbssBANK1                        bssBANK1     000100
__pbssCOMRAM                       bssCOMRAM    000001
__pcinit                           cinit        015C6C
__pcstackBANK0                     cstackBANK0  000060
__pcstackBANK1                     cstackBANK1  000136
__pcstackCOMRAM                    cstackCOMRAM 000029
__pdataBANK0                       dataBANK0    0000ED
__pidataBANK0                      idataBANK0   016064
__pintcode                         intcode      000008
__pintcode_body                    intcode_body 013BD2
__pintcodelo                       intcodelo    000018
__pmediumconst                     mediumconst  00FD4A
__powers_                          mediumconst  00FD7F
__ptext0                           text0        011436
__ptext1                           text1        015666
__ptext10                          text10       015996
__ptext11                          text11       013E5E
__ptext12                          text12       010B2A
__ptext13                          text13       013002
__ptext14                          text14       015F0E
__ptext15                          text15       0138D4
__ptext16                          text16       014CFE
__ptext17                          text17       0155B2
__ptext18                          text18       015298
__ptext19                          text19       0146D6
__ptext2                           text2        01433E
__ptext20                          text20       01487C
__ptext21                          text21       015E44
__ptext22                          text22       01570A
__ptext23                          text23       015368
__ptext24                          text24       014F98
__ptext25                          text25       015B26
__ptext26                          text26       0140D2
__ptext27                          text27       015CF0
__ptext28                          text28       0150B2
__ptext29                          text29       015E78
__ptext3                           text3        01352A
__ptext30                          text30       014E62
__ptext31                          text31       014A10
__ptext32                          text32       01450C
__ptext33                          text33       015C20
__ptext34                          text34       01542E
__ptext35                          text35       0158C6
__ptext36                          text36       015844
__ptext37                          text37       015F3C
__ptext38                          text38       015FCC
__ptext39                          text39       015B86
__ptext4                           text4        010000
__ptext40                          text40       0159FA
__ptext41                          text41       015A5E
__ptext42                          text42       015AC2
__ptext43                          text43       015E0E
__ptext44                          text44       0157AE
__ptext45                          text45       014B90
__ptext46                          text46       01605A
__ptext47                          text47       015EAA
__ptext48                          text48       015EDC
__ptext49                          text49       0151AA
__ptext5                           text5        015FE8
__ptext50                          text50       015D2C
__ptext51                          text51       015F8A
__ptext52                          text52       015D66
__ptext53                          text53       015DA0
__ptext54                          text54       015CAE
__ptext55                          text55       01602E
__ptext56                          text56       016044
__ptext57                          text57       0154F2
__ptext58                          text58       011C90
__ptext59                          text59       015F64
__ptext6                           text6        015DD8
__ptext62                          text62       012430
__ptext63                          text63       015FAC
__ptext64                          text64       012AD4
__ptext65                          text65       016000
__ptext7                           text7        015BD4
__ptext8                           text8        016018
__ptext9                           text9        015932
__ramtop                           ramtop       000D00
__size_of_CANInitialize            (abs)        000000
__size_of_CANOperationMode         (abs)        000000
__size_of_CANSetFilter             (abs)        000000
__size_of_CANSetMask               (abs)        000000
__size_of_CAN_Tx                   (abs)        000000
__size_of_CANisRxReady             (abs)        000000
__size_of_CANisTxReady             (abs)        000000
__size_of_CANreceiveMessage        (abs)        000000
__size_of_CANsendMessage           (abs)        000000
__size_of_F1_Button_Polling        (abs)        000000
__size_of_F2_Button_Polling        (abs)        000000
__size_of_ISR_alta                 (abs)        000000
__size_of_ISR_bassa                (abs)        000000
__size_of_Joystick_Polling         (abs)        000000
__size_of_LCD_End                  (abs)        000000
__size_of_LCD_Error                (abs)        000000
__size_of_LCD_Gap                  (abs)        000000
__size_of_LCD_Handler              (abs)        000000
__size_of_LCD_Park                 (abs)        000000
__size_of_LCD_Parking              (abs)        000000
__size_of_LCD_clear                (abs)        000000
__size_of_LCD_cursor               (abs)        000000
__size_of_LCD_enable_pulse         (abs)        000000
__size_of_LCD_goto_line            (abs)        000000
__size_of_LCD_goto_xy              (abs)        000000
__size_of_LCD_initialize           (abs)        000000
__size_of_LCD_send_command         (abs)        000000
__size_of_LCD_shift_cursor         (abs)        000000
__size_of_LCD_write_char           (abs)        000000
__size_of_LCD_write_integer        (abs)        000000
__size_of_LCD_write_message        (abs)        000000
__size_of_LCD_write_string         (abs)        000000
__size_of_PWR_Button_Polling       (abs)        000000
__size_of___awdiv                  (abs)        000000
__size_of___awmod                  (abs)        000000
__size_of___awtofl                 (abs)        000000
__size_of___fladd                  (abs)        000000
__size_of___fldiv                  (abs)        000000
__size_of___flge                   (abs)        000000
__size_of___flmul                  (abs)        000000
__size_of___flneg                  (abs)        000000
__size_of___flpack                 (abs)        000000
__size_of___flsub                  (abs)        000000
__size_of___fltol                  (abs)        000000
__size_of___lbtofl                 (abs)        000000
__size_of___lldiv                  (abs)        000000
__size_of___llmod                  (abs)        000000
__size_of___lltofl                 (abs)        000000
__size_of___lwdiv                  (abs)        000000
__size_of___lwmod                  (abs)        000000
__size_of___lwtofl                 (abs)        000000
__size_of___wmul                   (abs)        000000
__size_of__div_to_l_               (abs)        000000
__size_of__tdiv_to_l_              (abs)        000000
__size_of_board_initialization     (abs)        000000
__size_of_delay_ms                 (abs)        000000
__size_of_delay_set_quartz         (abs)        000000
__size_of_fround                   (abs)        000000
__size_of_isdigit                  (abs)        000000
__size_of_itoa                     (abs)        000000
__size_of_main                     (abs)        000000
__size_of_scale                    (abs)        000000
__size_of_sprintf                  (abs)        000000
__size_of_utoa                     (abs)        000000
__size_ofi2_CANisTxReady           (abs)        000000
__size_ofi2_CANsendMessage         (abs)        000000
__smallconst                       smallconst   000000
__tdiv_to_l_                       text19       0146D6
__tdiv_to_l_@cntr                  cstackBANK0  000081
__tdiv_to_l_@exp1                  cstackBANK0  000082
__tdiv_to_l_@f1                    cstackBANK0  000072
__tdiv_to_l_@f2                    cstackBANK0  000076
__tdiv_to_l_@quot                  cstackBANK0  00007D
_actual_speed                      bssBANK0     0000E1
_actual_speed_kmh                  bssBANK0     0000C3
_battery_charging                  bitbssCOMRAM 000255
_board_initialization              text1        015666
_check                             bssBANK0     0000C7
_clock_counter_reference           bssBANK0     0000E3
_collision_msg                     bitbssCOMRAM 000256
_collision_risk_value              bssBANK0     0000E7
_collision_sensor_distance         bssCOMRAM    000009
_data                              bssBANK1     000116
_data_brake                        bssCOMRAM    000021
_data_speed                        bssBANK1     00011E
_data_steering                     bssBANK1     000126
_delay_ms                          text52       015D66
_delay_quartz_frequency_value      dataBANK0    0000ED
_delay_set_quartz                  text46       01605A
_dir                               bssBANK0     0000E8
_display_refresh                   bitbssCOMRAM 000257
_dpowers                           mediumconst  00FDB3
_fround                            text15       0138D4
_fround$4230                       cstackBANK0  000098
_fround$4231                       cstackBANK0  000094
_id                                bssCOMRAM    000001
_isdigit                           text14       015F0E
_isdigit$3906                      cstackBANK0  000073
_itoa                              text33       015C20
_left_speed                        bssCOMRAM    00000B
_low_battery                       bitbssCOMRAM 000258
_main                              text0        011436
_msg                               bssCOMRAM    000012
_park_assist_state                 bssBANK1     00012E
_parking_error                     bitbssCOMRAM 000259
_parking_message_E                 bitbssCOMRAM 00025A
_parking_message_ID                bssBANK0     0000E9
_parking_state                     bssBANK0     0000EA
_power_switch                      bitbssCOMRAM 00025B
_pr_time_1                         bssBANK0     0000CB
_pr_time_2                         bssBANK0     0000CF
_pr_time_3                         bssBANK0     0000D3
_pr_time_4                         bssBANK1     000106
_pr_time_5                         bssBANK0     0000D7
_pr_time_6                         bssBANK0     0000DB
_right_speed                       bssCOMRAM    00000D
_row_refresh                       bitbssCOMRAM 00025C
_scale                             text13       013002
_scale$4232                        cstackBANK0  000094
_set_speed                         bssBANK0     0000E5
_set_steering                      bssCOMRAM    000011
_space_available                   bitbssCOMRAM 00025D
_space_gap_reached                 bitbssCOMRAM 00025E
_sprintf                           text12       010B2A
_sprintf$4233                      cstackBANK1  000138
_steering_correction               bssBANK0     0000EB
_steering_correction_dir           bitbssCOMRAM 00025F
_str                               bssBANK1     00010A
_switch_position                   bssBANK0     0000EC
_time_counter                      bssCOMRAM    000005
_user_data                         bssCOMRAM    00000F
_utoa                              text34       01542E
_wait_low_1                        bitbssCOMRAM 000260
_wait_low_2                        bitbssCOMRAM 000261
_wait_low_3                        bitbssCOMRAM 000262
_x                                 bitbssCOMRAM 000263
_y                                 bitbssCOMRAM 000264
_z                                 bitbssCOMRAM 000265
delay_ms@value_ms                  cstackBANK0  000078
delay_set_quartz@frequency         cstackBANK0  000072
end_of_initialization              cinit        015CA8
fround@prec                        cstackBANK0  00009C
i2CANsendMessage@data              cstackCOMRAM 00003E
i2CANsendMessage@dataLength        cstackCOMRAM 000040
i2CANsendMessage@flags             cstackCOMRAM 000041
i2CANsendMessage@identifier        cstackCOMRAM 00003A
i2CANsendMessage@tamp              cstackCOMRAM 000046
i2_CANisTxReady                    text63       015FAC
i2_CANisTxReady$3251               cstackCOMRAM 00003A
i2_CANsendMessage                  text62       012430
int_func                           intcode_body 013BD2
intlevel0                          text         000000
intlevel1                          text         000000
intlevel2                          text         000000
intlevel3                          text         000000
isdigit@c                          cstackBANK0  000074
itoa@base                          cstackBANK0  000086
itoa@buf                           cstackBANK0  000082
itoa@cp                            cstackBANK0  000088
itoa@val                           cstackBANK0  000084
scale@scl                          cstackBANK0  000098
sprintf@ap                         cstackBANK1  00013C
sprintf@c                          cstackBANK1  000150
sprintf@exp                        cstackBANK1  000144
sprintf@f                          cstackBANK0  0000B5
sprintf@flag                       cstackBANK1  00013E
sprintf@fval                       cstackBANK1  00014C
sprintf@prec                       cstackBANK1  00014A
sprintf@sp                         cstackBANK0  0000B3
sprintf@tmpval                     cstackBANK1  000146
sprintf@val                        cstackBANK1  000140
stackhi                            (abs)        000CFF
stacklo                            (abs)        000159
start                              init         0000BE
start_initialization               cinit        015C6C
utoa@base                          cstackBANK0  00007D
utoa@buf                           cstackBANK0  000079
utoa@c                             cstackBANK0  000081
utoa@v                             cstackBANK0  00007F
utoa@val                           cstackBANK0  00007B


FUNCTION INFORMATION:

 *************** function _main *****************
 Defined at:
		line 214 in file "RemoteCan.c"
 Parameters:    Size  Location     Type
		None
 Auto vars:     Size  Location     Type
		None
 Return value:  Size  Location     Type
		None               void
 Registers used:
		wreg, fsr1l, fsr1h, fsr2l, fsr2h, status,2, status,0, tblptrl, tblptrh, tblptru, prodl, prodh, cstack
 Tracked objects:
		On entry : 
		On exit  : 
		Unchanged: 
 Data sizes:     COMRAM   BANK0   BANK1   BANK2   BANK3   BANK4   BANK5   BANK6   BANK7   BANK8   BANK9  BANK10  BANK11  BANK12
      Params:         0       0       0       0       0       0       0       0       0       0       0       0       0       0
      Locals:         0       0       0       0       0       0       0       0       0       0       0       0       0       0
      Temps:          0       0       8       0       0       0       0       0       0       0       0       0       0       0
      Totals:         0       0       8       0       0       0       0       0       0       0       0       0       0       0
Total ram usage:        8 bytes
 Hardware stack levels required when called:   11
 This function calls:
		_CAN_Tx
		_CANisTxReady
		_CANsendMessage
		_F1_Button_Polling
		_F2_Button_Polling
		_Joystick_Polling
		_LCD_End
		_LCD_Error
		_LCD_Gap
		_LCD_Handler
		_LCD_Park
		_LCD_Parking
		_LCD_goto_line
		_LCD_initialize
		_LCD_write_message
		_PWR_Button_Polling
		___awdiv
		___awtofl
		___fladd
		___flmul
		___flneg
		___fltol
		___lbtofl
		_board_initialization
		_delay_ms
 This function is called by:
		Startup code after reset
 This function uses a non-reentrant model


 *************** function _board_initialization *****************
 Defined at:
		line 666 in file "RemoteCan.c"
 Parameters:    Size  Location     Type
		None
 Auto vars:     Size  Location     Type
		None
 Return value:  Size  Location     Type
		None               void
 Registers used:
		wreg, status,2, status,0, prodl, prodh, cstack
 Tracked objects:
		On entry : 
		On exit  : 
		Unchanged: 
 Data sizes:     COMRAM   BANK0   BANK1   BANK2   BANK3   BANK4   BANK5   BANK6   BANK7   BANK8   BANK9  BANK10  BANK11  BANK12
[...]
      Locals:         0       0       0       0       0       0       0       0       0       0       0       0       0       0
      Temps:          0       0       0       0       0       0       0       0       0       0       0       0       0       0
      Totals:         0       0       0       0       0       0       0       0       0       0       0       0       0       0
Total ram usage:        0 bytes
 Hardware stack levels used:    1
 Hardware stack levels required when called:    4
 This function calls:
		_CANisTxReady
		_CANsendMessage
 This function is called by:
		_main
 This function uses a non-reentrant model


 *************** function _CANsendMessage *****************
 Defined at:
		line 294 in file "../../../Desktop/LaurTec_PIC_libraries_v_3.3.1/inc\CANlib.h"
 Parameters:    Size  Location     Type
  identifier      4   18[BANK0 ] unsigned long 
  data            2   22[BANK0 ] PTR unsigned char 
		 -> data_speed(8), park_assist_state(8), data_steering(8), data_brake(8), 
		 -> data(8), 
  dataLength      1   24[BANK0 ] unsigned char 
  flags           1   25[BANK0 ] enum E16950
 Auto vars:     Size  Location     Type
  tamp            4   30[BANK0 ] unsigned long 
 Return value:  Size  Location     Type
		None               void
 Registers used:
		wreg, fsr2l, fsr2h, status,2, status,0
 Tracked objects:
		On entry : 
		On exit  : 
		Unchanged: 
 Data sizes:     COMRAM   BANK0   BANK1   BANK2   BANK3   BANK4   BANK5   BANK6   BANK7   BANK8   BANK9  BANK10  BANK11  BANK12
      Params:         0       8       0       0       0       0       0       0       0       0       0       0       0       0
      Locals:         0       4       0       0       0       0       0       0       0       0       0       0       0       0
      Temps:          0       4       0       0       0       0       0       0       0       0       0       0       0       0
      Totals:         0      16       0       0       0       0       0       0       0       0       0       0       0       0
Total ram usage:       16 bytes
 Hardware stack levels used:    1
 Hardware stack levels required when called:    3
 This function calls:
		Nothing
 This function is called by:
		_main
		_LCD_Handler
		_CAN_Tx
 This function uses a non-reentrant model


 *************** function _CANisTxReady *****************
 Defined at:
		line 1154 in file "../../../Desktop/LaurTec_PIC_libraries_v_3.3.1/inc\CANlib.h"
 Parameters:    Size  Location     Type
		None
 Auto vars:     Size  Location     Type
		None
 Return value:  Size  Location     Type
                  1    wreg      unsigned char 
 Registers used:
		wreg, status,2
 Tracked objects:
		On entry : 
		On exit  : 
		Unchanged: 
 Data sizes:     COMRAM   BANK0   BANK1   BANK2   BANK3   BANK4   BANK5   BANK6   BANK7   BANK8   BANK9  BANK10  BANK11  BANK12
      Params:         0       0       0       0       0       0       0       0       0       0       0       0       0       0
      Locals:         0       1       0       0       0       0       0       0       0       0       0       0       0       0
      Temps:          0       0       0       0       0       0       0       0       0       0       0       0       0       0
      Totals:         0       1       0       0       0       0       0       0       0       0       0       0       0       0
Total ram usage:        1 bytes
 Hardware stack levels used:    1
 Hardware stack levels required when called:    3
 This function calls:
		Nothing
 This function is called by:
		_main
		_LCD_Handler
		_CAN_Tx
 This function uses a non-reentrant model


 *************** function _ISR_bassa *****************
 Defined at:
		line 205 in file "RemoteCan.c"
 Parameters:    Size  Location     Type
		None
 Auto vars:     Size  Location     Type
		None
 Return value:  Size  Location     Type
		None               void
 Registers used:
		wreg, status,2, status,0
 Tracked objects:
		On entry : 
		On exit  : 
		Unchanged: 
 Data sizes:     COMRAM   BANK0   BANK1   BANK2   BANK3   BANK4   BANK5   BANK6   BANK7   BANK8   BANK9  BANK10  BANK11  BANK12
      Params:         0       0       0       0       0       0       0       0       0       0       0       0       0       0
      Locals:         0       0       0       0       0       0       0       0       0       0       0       0       0       0
      Temps:         17       0       0       0       0       0       0       0       0       0       0       0       0       0
      Totals:        17       0       0       0       0       0       0       0       0       0       0       0       0       0
Total ram usage:       17 bytes
 Hardware stack levels used:    1
 Hardware stack levels required when called:    2
 This function calls:
		Nothing
 This function is called by:
		Interrupt level 1
 This function uses a non-reentrant model


 *************** function _ISR_alta *****************
 Defined at:
		line 122 in file "RemoteCan.c"
 Parameters:    Size  Location     Type
		None
 Auto vars:     Size  Location     Type
		None
 Return value:  Size  Location     Type
		None               void
 Registers used:
		wreg, fsr2l, fsr2h, status,2, status,0, cstack
 Tracked objects:
		On entry : 
		On exit  : 
		Unchanged: 
 Data sizes:     COMRAM   BANK0   BANK1   BANK2   BANK3   BANK4   BANK5   BANK6   BANK7   BANK8   BANK9  BANK10  BANK11  BANK12
      Params:         0       0       0       0       0       0       0       0       0       0       0       0       0       0
      Locals:         0       0       0       0       0       0       0       0       0       0       0       0       0       0
      Temps:          0      18       0       0       0       0       0       0       0       0       0       0       0       0
      Totals:         0      18       0       0       0       0       0       0       0       0       0       0       0       0
Total ram usage:       18 bytes
 Hardware stack levels used:    1
 Hardware stack levels required when called:    1
 This function calls:
		_CANisRxReady
		_CANreceiveMessage
		i2_CANisTxReady
		i2_CANsendMessage
 This function is called by:
		Interrupt level 2
 This function uses a non-reentrant model


 *************** function i2_CANsendMessage *****************
 Defined at:
		line 294 in file "../../../Desktop/LaurTec_PIC_libraries_v_3.3.1/inc\CANlib.h"
 Parameters:    Size  Location     Type
  identifier      4   17[COMRAM] unsigned long 
  data            2   21[COMRAM] PTR unsigned char 
		 -> data_speed(8), park_assist_state(8), data_steering(8), data_brake(8), 
		 -> data(8), 
  dataLength      1   23[COMRAM] unsigned char 
  flags           1   24[COMRAM] enum E16950
 Auto vars:     Size  Location     Type
  CANsendMessa    4   29[COMRAM] unsigned long 
 Return value:  Size  Location     Type
		None               void
 Registers used:
		wreg, fsr2l, fsr2h, status,2, status,0
 Tracked objects:
		On entry : 
		On exit  : 
		Unchanged: 
 Data sizes:     COMRAM   BANK0   BANK1   BANK2   BANK3   BANK4   BANK5   BANK6   BANK7   BANK8   BANK9  BANK10  BANK11  BANK12
      Params:         8       0       0       0       0       0       0       0       0       0       0       0       0       0
      Locals:         4       0       0       0       0       0       0       0       0       0       0       0       0       0
      Temps:          4       0       0       0       0       0       0       0       0       0       0       0       0       0
      Totals:        16       0       0       0       0       0       0       0       0       0       0       0       0       0
Total ram usage:       16 bytes
 Hardware stack levels used:    1
 This function calls:
		Nothing
 This function is called by:
		_ISR_alta
 This function uses a non-reentrant model


 *************** function i2_CANisTxReady *****************
 Defined at:
		line 1154 in file "../../../Desktop/LaurTec_PIC_libraries_v_3.3.1/inc\CANlib.h"
 Parameters:    Size  Location     Type
		None
 Auto vars:     Size  Location     Type
		None
 Return value:  Size  Location     Type
                  1    wreg      unsigned char 
 Registers used:
		wreg, status,2
 Tracked objects:
		On entry : 
		On exit  : 
		Unchanged: 
 Data sizes:     COMRAM   BANK0   BANK1   BANK2   BANK3   BANK4   BANK5   BANK6   BANK7   BANK8   BANK9  BANK10  BANK11  BANK12
      Params:         0       0       0       0       0       0       0       0       0       0       0       0       0       0
      Locals:         1       0       0       0       0       0       0       0       0       0       0       0       0       0
      Temps:          0       0       0       0       0       0       0       0       0       0       0       0       0       0
      Totals:         1       0       0       0       0       0       0       0       0       0       0       0       0       0
Total ram usage:        1 bytes
 Hardware stack levels used:    1
 This function calls:
		Nothing
 This function is called by:
		_ISR_alta
 This function uses a non-reentrant model


 *************** function _CANreceiveMessage *****************
 Defined at:
		line 528 in file "../../../Desktop/LaurTec_PIC_libraries_v_3.3.1/inc\CANlib.h"
 Parameters:    Size  Location     Type
  msg             2   17[COMRAM] PTR struct .
		 -> msg(15), 
 Auto vars:     Size  Location     Type
  tamp            1   28[COMRAM] unsigned char 
  error           1   27[COMRAM] unsigned char 
 Return value:  Size  Location     Type
                  1    wreg      unsigned char 
 Registers used:
		wreg, fsr2l, fsr2h, status,2, status,0
 Tracked objects:
		On entry : 
		On exit  : 
		Unchanged: 
 Data sizes:     COMRAM   BANK0   BANK1   BANK2   BANK3   BANK4   BANK5   BANK6   BANK7   BANK8   BANK9  BANK10  BANK11  BANK12
      Params:         2       0       0       0       0       0       0       0       0       0       0       0       0       0
      Locals:         2       0       0       0       0       0       0       0       0       0       0       0       0       0
      Temps:          8       0       0       0       0       0       0       0       0       0       0       0       0       0
      Totals:        12       0       0       0       0       0       0       0       0       0       0       0       0       0
Total ram usage:       12 bytes
 Hardware stack levels used:    1
 This function calls:
		Nothing
 This function is called by:
		_ISR_alta
 This function uses a non-reentrant model


 *************** function _CANisRxReady *****************
 Defined at:
		line 1163 in file "../../../Desktop/LaurTec_PIC_libraries_v_3.3.1/inc\CANlib.h"
 Parameters:    Size  Location     Type
		None
 Auto vars:     Size  Location     Type
		None
 Return value:  Size  Location     Type
                  1    wreg      unsigned char 
 Registers used:
		wreg, status,2
 Tracked objects:
		On entry : 
		On exit  : 
		Unchanged: 
 Data sizes:     COMRAM   BANK0   BANK1   BANK2   BANK3   BANK4   BANK5   BANK6   BANK7   BANK8   BANK9  BANK10  BANK11  BANK12
      Params:         0       0       0       0       0       0       0       0       0       0       0       0       0       0
      Locals:         1       0       0       0       0       0       0       0       0       0       0       0       0       0
      Temps:          0       0       0       0       0       0       0       0       0       0       0       0       0       0
      Totals:         1       0       0       0       0       0       0       0       0       0       0       0       0       0
Total ram usage:        1 bytes
 Hardware stack levels used:    1
 This function calls:
		Nothing
 This function is called by:
		_ISR_alta
 This function uses a non-reentrant model



MODULE INFORMATION

Module		Function		Class		Link	Load	Size
../../../Desktop/LaurTec_PIC_libraries_v_3.3.1/inc\CANlib.h
		_CANSetFilter  		CODE           	10000	0000	2859
		_CANisRxReady  		CODE           	16000	0000	25
		_CANreceiveMess		CODE           	12AD4	0000	1327
		_CANsendMessage		CODE           	11C90	0000	1953
		_CANInitialize 		CODE           	1433E	0000	463
		_CANOperationMo		CODE           	15FE8	0000	25
		_CANisTxReady  		CODE           	15F64	0000	39
		_CANSetMask    		CODE           	1352A	0000	939

../../../Desktop/LaurTec_PIC_libraries_v_3.3.1/inc\CANlib.h estimated size: 7630

C:\Program Files (x86)\Microchip\xc8\v1.34\sources\common\flneg.c
		___flneg       		CODE           	15CF0	0000	61

C:\Program Files (x86)\Microchip\xc8\v1.34\sources\common\flneg.c estimated size: 61

C:\Program Files (x86)\Microchip\xc8\v1.34\sources\common\ftdivl.c
		__tdiv_to_l_   		CODE           	146D6	0000	423

C:\Program Files (x86)\Microchip\xc8\v1.34\sources\common\ftdivl.c estimated size: 423

C:\Program Files (x86)\Microchip\xc8\v1.34\sources\common\flsub.c
		___flsub       		CODE           	15B26	0000	97

C:\Program Files (x86)\Microchip\xc8\v1.34\sources\common\flsub.c estimated size: 97

C:\Program Files (x86)\Microchip\xc8\v1.34\sources\common\fldivl.c
		__div_to_l_    		CODE           	1487C	0000	405

C:\Program Files (x86)\Microchip\xc8\v1.34\sources\common\fldivl.c estimated size: 405

C:\Program Files (x86)\Microchip\xc8\v1.34\sources\common\lwmod.c
		___lwmod       		CODE           	158C6	0000	109

C:\Program Files (x86)\Microchip\xc8\v1.34\sources\common\lwmod.c estimated size: 109

C:\Program Files (x86)\Microchip\xc8\v1.34\sources\common\awmod.c
		___awmod       		CODE           	155B2	0000	181

C:\Program Files (x86)\Microchip\xc8\v1.34\sources\common\awmod.c estimated size: 181

C:\Program Files (x86)\Microchip\xc8\v1.34\sources\common\llmod.c
		___llmod       		CODE           	1570A	0000	165

C:\Program Files (x86)\Microchip\xc8\v1.34\sources\common\llmod.c estimated size: 165

C:\Program Files (x86)\Microchip\xc8\v1.34\sources\common\flmul.c
		___flmul       		CODE           	14CFE	0000	357

C:\Program Files (x86)\Microchip\xc8\v1.34\sources\common\flmul.c estimated size: 357

C:\Program Files (x86)\Microchip\xc8\v1.34\sources\common\double.c
		___flpack      		CODE           	14A10	0000	385

C:\Program Files (x86)\Microchip\xc8\v1.34\sources\common\double.c estimated size: 385

C:\Program Files (x86)\Microchip\xc8\v1.34\sources\common\fldiv.c
		___fldiv       		CODE           	14E62	0000	311

C:\Program Files (x86)\Microchip\xc8\v1.34\sources\common\fldiv.c estimated size: 311

C:\Program Files (x86)\Microchip\xc8\v1.34\sources\common\isdigit.c
		_isdigit       		CODE           	15F0E	0000	47

C:\Program Files (x86)\Microchip\xc8\v1.34\sources\common\isdigit.c estimated size: 47

../../../Desktop/LaurTec_PIC_libraries_v_3.3.1/src\delay.c
		_delay_set_quar		CODE           	1605A	0000	11
		_delay_ms      		CODE           	15D66	0000	59

../../../Desktop/LaurTec_PIC_libraries_v_3.3.1/src\delay.c estimated size: 70

shared
		i2_CANisTxReady		CODE           	15FAC	0000	33
		__powers_      		MEDIUMCONST    	FD7F	0000	53
		_dpowers       		MEDIUMCONST    	FDB3	0000	41
		__npowers_     		MEDIUMCONST    	FD4B	0000	53
		__initializatio		CODE           	15C6C	0000	61
		i2_CANsendMessa		CODE           	12430	0000	1701

shared estimated size: 1942

C:\Program Files (x86)\Microchip\xc8\v1.34\sources\common\itoa.c
		_itoa          		CODE           	15C20	0000	77
		_utoa          		CODE           	1542E	0000	197

C:\Program Files (x86)\Microchip\xc8\v1.34\sources\common\itoa.c estimated size: 274

C:\Program Files (x86)\Microchip\xc8\v1.34\sources\common\awtofl.c
		___awtofl      		CODE           	15BD4	0000	77

C:\Program Files (x86)\Microchip\xc8\v1.34\sources\common\awtofl.c estimated size: 77

C:\Program Files (x86)\Microchip\xc8\v1.34\sources\common\lbtofl.c
		___lbtofl      		CODE           	15DD8	0000	55

C:\Program Files (x86)\Microchip\xc8\v1.34\sources\common\lbtofl.c estimated size: 55

C:\Program Files (x86)\Microchip\xc8\v1.34\sources\common\lwdiv.c
		___lwdiv       		CODE           	15844	0000	131

C:\Program Files (x86)\Microchip\xc8\v1.34\sources\common\lwdiv.c estimated size: 131

C:\Program Files (x86)\Microchip\xc8\v1.34\sources\common\awdiv.c
		___awdiv       		CODE           	15298	0000	209

C:\Program Files (x86)\Microchip\xc8\v1.34\sources\common\awdiv.c estimated size: 209

C:\Program Files (x86)\Microchip\xc8\v1.34\sources\common\fltol.c
		___fltol       		CODE           	14F98	0000	283

C:\Program Files (x86)\Microchip\xc8\v1.34\sources\common\fltol.c estimated size: 283

C:\Program Files (x86)\Microchip\xc8\v1.34\sources\common\lldiv.c
		___lldiv       		CODE           	15368	0000	199

C:\Program Files (x86)\Microchip\xc8\v1.34\sources\common\lldiv.c estimated size: 199

C:\Program Files (x86)\Microchip\xc8\v1.34\sources\common\flge.c
		___flge        		CODE           	150B2	0000	249

C:\Program Files (x86)\Microchip\xc8\v1.34\sources\common\flge.c estimated size: 249

C:\Program Files (x86)\Microchip\xc8\v1.34\sources\common\doprnt.c
		_scale         		CODE           	13002	0000	1321
		_sprintf       		CODE           	10B2A	0000	2317
		_fround        		CODE           	138D4	0000	767

C:\Program Files (x86)\Microchip\xc8\v1.34\sources\common\doprnt.c estimated size: 4405

../../../Desktop/LaurTec_PIC_libraries_v_3.3.1/src\LCD_44780.c
		_LCD_clear     		CODE           	15EDC	0000	51
		_LCD_cursor    		CODE           	15EAA	0000	51
		_LCD_goto_xy   		CODE           	15FCC	0000	29
		_LCD_goto_line 		CODE           	151AA	0000	239
		_LCD_shift_curs		CODE           	15B86	0000	79
		_LCD_write_stri		CODE           	15F3C	0000	41
		_LCD_enable_pul		CODE           	15F8A	0000	35
		_LCD_write_mess		CODE           	15E0E	0000	55
		_LCD_write_char		CODE           	157AE	0000	151
		_LCD_write_inte		CODE           	1450C	0000	459
		_LCD_send_comma		CODE           	15D2C	0000	59
		_LCD_initialize		CODE           	14B90	0000	367

../../../Desktop/LaurTec_PIC_libraries_v_3.3.1/src\LCD_44780.c estimated size: 1616

C:\Program Files (x86)\Microchip\xc8\v1.34\sources\common\lwtofl.c
		___lwtofl      		CODE           	15E78	0000	51

C:\Program Files (x86)\Microchip\xc8\v1.34\sources\common\lwtofl.c estimated size: 51

C:\Program Files (x86)\Microchip\xc8\v1.34\sources\common\fladd.c
		___fladd       		CODE           	140D2	0000	621

C:\Program Files (x86)\Microchip\xc8\v1.34\sources\common\fladd.c estimated size: 621

C:\Program Files (x86)\Microchip\xc8\v1.34\sources\common\lltofl.c
		___lltofl      		CODE           	15E44	0000	53

C:\Program Files (x86)\Microchip\xc8\v1.34\sources\common\lltofl.c estimated size: 53

RemoteCan.c
		_LCD_Parking   		CODE           	15932	0000	101
		_LCD_Gap       		CODE           	159FA	0000	101
		_main          		CODE           	11436	0000	2139
		_PWR_Button_Pol		CODE           	16018	0000	23
		_CAN_Tx        		CODE           	154F2	0000	193
		_board_initiali		CODE           	15666	0000	165
		_Joystick_Polli		CODE           	15CAE	0000	67
		_ISR_bassa     		CODE           	0018	0000	167
		_F1_Button_Poll		CODE           	16044	0000	23
		_F2_Button_Poll		CODE           	1602E	0000	23
		_LCD_Handler   		CODE           	13E5E	0000	629
		_LCD_End       		CODE           	15AC2	0000	101
		_LCD_Error     		CODE           	15A5E	0000	101
		_ISR_alta      		CODE           	0008	0000	669
		_LCD_Park      		CODE           	15996	0000	101

RemoteCan.c estimated size: 4603

C:\Program Files (x86)\Microchip\xc8\v1.34\sources\common\Umul16.c
		___wmul        		CODE           	15DA0	0000	57

C:\Program Files (x86)\Microchip\xc8\v1.34\sources\common\Umul16.c estimated size: 57

