Microchip MPLAB XC8 Compiler V1.35 ()

Linker command line:

-W-3 --edf=C:\Program Files (x86)\Microchip\xc8\v1.35\dat\en_msgs.txt -cs \
  -h+dist/default/production\RemoteCan.X.production.sym \
  --cmf=dist/default/production\RemoteCan.X.production.cmf -z -Q18F4685 \
  -oC:\Users\simon\AppData\Local\Temp\s96c.2 \
  -Mdist/default/production/RemoteCan.X.production.map -E1 -ver=XC8 \
  --acfsm=1493 -ASTACK=016Eh-0cffh -pstack=STACK -ACODE=00h-017FFFh \
  -ACONST=00h-017FFFh -ASMALLCONST=0D00h-0DFFhx371 \
  -AMEDIUMCONST=0D00h-0FFFFh,010D00h-017FFFh -ACOMRAM=01h-05Fh \
  -AABS1=00h-0CFFh -ABIGRAM=01h-0CFFh -ARAM=060h-0FFh,0100h-01FFhx12 \
  -ABANK0=060h-0FFh -ABANK1=0100h-01FFh -ABANK2=0200h-02FFh \
  -ABANK3=0300h-03FFh -ABANK4=0400h-04FFh -ABANK5=0500h-05FFh \
  -ABANK6=0600h-06FFh -ABANK7=0700h-07FFh -ABANK8=0800h-08FFh \
  -ABANK9=0900h-09FFh -ABANK10=0A00h-0AFFh -ABANK11=0B00h-0BFFh \
  -ABANK12=0C00h-0CFFh -ASFR=0D00h-0DFFhx2,0F00h-0F5Fh,0F60h-0FFFh \
  -preset_vec=00h,intcode=08h,intcodelo=018h,powerup,init,end_init \
  -pramtop=0D00h -psmallconst=SMALLCONST -pmediumconst=MEDIUMCONST \
  -pconst=CONST -AFARRAM=00h-00h -ACONFIG=0300000h-030000Dh -pconfig=CONFIG \
  -AIDLOC=0200000h-0200007h -pidloc=IDLOC -AEEDATA=0F00000h-0F003FFh \
  -peeprom_data=EEDATA \
  -prdata=COMRAM,nvrram=COMRAM,nvbit=COMRAM,rbss=COMRAM,rbit=COMRAM \
  -pfarbss=FARRAM,fardata=FARRAM,nvFARRAM=FARRAM \
  -pintsave_regs=BIGRAM,bigbss=BIGRAM,bigdata=BIGRAM -pbss=RAM \
  -pidata=CODE,irdata=CODE,ibigdata=CODE,ifardata=CODE -prparam=COMRAM \
  C:\Users\simon\AppData\Local\Temp\s96c.obj \
  dist/default/production\RemoteCan.X.production.obj 

Object code version is 3.11

Machine type is 18F4685

Call graph: (short form)




                Name                               Link     Load   Length Selector   Space Scale
C:\Users\simon\AppData\Local\Temp\s96c.obj
                end_init                             C0       C0        4        C       0
                reset_vec                             0        0        4        0       0
                idloc                            200000   200000        8   200000       0
                config                           300000   300000        E   300000       0
dist/default/production\RemoteCan.X.production.obj
                intcodelo                            18       18       A8        C       0
                intcode                               8        8        E        4       0
                temp                                 4D       4D        1        1       1
                mediumconst                        FD9E     FD9E      262     7ECF       0
                text62                            165A2    165A2       16     8000       0
                text61                            12E8E    12E8E      50C     8000       0
                text60                            164FE    164FE       1E     8000       0
                text59                            122E4    122E4      690     8000       0
                intcode_body                      1473C    1473C      276     8000       0
                text56                            15EB0    15EB0       72     8000       0
                text55                            164B8    164B8       24     8000       0
                text54                            11B58    11B58      78C     8000       0
                text53                            15B08    15B08       BA     8000       0
                text52                            16570    16570       1C     8000       0
                text51                            16554    16554       1C     8000       0
                text50                            16178    16178       54     8000       0
                text49                            1639A    1639A       36     8000       0
                text48                            16328    16328       3A     8000       0
                text47                            164DC    164DC       22     8000       0
                text46                            162EE    162EE       3A     8000       0
                text45                            157E4    157E4       EC     8000       0
                text44                            16436    16436       32     8000       0
                text43                            16404    16404       32     8000       0
                text42                            165B8    165B8        A     8000       0
                text41                            1556A    1556A      16E     8000       0
                text40                            15DA2    15DA2       96     8000       0
                text39                            163D0    163D0       34     8000       0
                text38                            160B2    160B2       64     8000       0
                text37                            1604E    1604E       64     8000       0
                text36                            15FEA    15FEA       64     8000       0
                text35                            161CC    161CC       4C     8000       0
                text34                            16538    16538       1C     8000       0
                text33                            16492    16492       26     8000       0
                text32                            15E38    15E38       78     8000       0
                text31                            16116    16116       62     8000       0
                text30                            1598E    1598E       BE     8000       0
                text29                            16260    16260       48     8000       0
                text28                            14D46    14D46      1C0     8000       0
                text27                            13CE8    13CE8      3C0     8000       0
                text26                            15252    15252      190     8000       0
                text25                            16362    16362       38     8000       0
                text24                            1339A    1339A      4A8     8000       0
                text23                            16218    16218       48     8000       0
                text22                            156D8    156D8      10C     8000       0
                text21                            15A4C    15A4C       BC     8000       0
                text20                            15D08    15D08       9A     8000       0
                text19                            149B2    149B2      1CE     8000       0
                text18                            153E2    153E2      188     8000       0
                text17                            150B4    150B4      19E     8000       0
                text16                            158D0    158D0       BE     8000       0
                text15                            15C66    15C66       A2     8000       0
                text14                            13842    13842      4A6     8000       0
                text13                            14446    14446      2F6     8000       0
                text12                            16468    16468       2A     8000       0
                text11                            12974    12974      51A     8000       0
                text10                            10B06    10B06      894     8000       0
                text9                             14F06    14F06      1AE     8000       0
                text8                             15F86    15F86       64     8000       0
                text7                             15F22    15F22       64     8000       0
                text6                             1651C    1651C       1C     8000       0
                text5                             1658C    1658C       16     8000       0
                text4                             10000    10000      B06     8000       0
                text3                             140A8    140A8      39E     8000       0
                text2                             14B80    14B80      1C6     8000       0
                text1                             15BC2    15BC2       A4     8000       0
                text0                             1139A    1139A      7BE     8000       0
                cstackCOMRAM                         28       28       22        1       1
                cstackBANK0                          60       60       6C       60       1
                cstackBANK1                         14D      14D       21      100       1
                bssBANK1                            100      100       4D      100       1
                dataBANK0                            ED       ED        1       60       1
                bssBANK0                             CC       CC       21       60       1
                bssCOMRAM                             1        1       27        1       1
                bitbssCOMRAM                        250       4A       18        1       1     8
                cinit                             162A8    162A8       46     8000       0
                idataBANK0                        165C2    165C2        1     8000       0

TOTAL           Name                               Link     Load   Length     Space
        CLASS   STACK          

        CLASS   CODE           
                end_init                             C0       C0        4         0
                intcodelo                            18       18       A8         0
                intcode                               8        8        E         0
                reset_vec                             0        0        4         0
                text62                            165A2    165A2       16         0
                text61                            12E8E    12E8E      50C         0
                text60                            164FE    164FE       1E         0
                text59                            122E4    122E4      690         0
                intcode_body                      1473C    1473C      276         0
                text56                            15EB0    15EB0       72         0
                text55                            164B8    164B8       24         0
                text54                            11B58    11B58      78C         0
                text53                            15B08    15B08       BA         0
                text52                            16570    16570       1C         0
                text51                            16554    16554       1C         0
                text50                            16178    16178       54         0
                text49                            1639A    1639A       36         0
                text48                            16328    16328       3A         0
                text47                            164DC    164DC       22         0
                text46                            162EE    162EE       3A         0
                text45                            157E4    157E4       EC         0
                text44                            16436    16436       32         0
                text43                            16404    16404       32         0
                text42                            165B8    165B8        A         0
                text41                            1556A    1556A      16E         0
                text40                            15DA2    15DA2       96         0
                text39                            163D0    163D0       34         0
                text38                            160B2    160B2       64         0
                text37                            1604E    1604E       64         0
                text36                            15FEA    15FEA       64         0
                text35                            161CC    161CC       4C         0
                text34                            16538    16538       1C         0
                text33                            16492    16492       26         0
                text32                            15E38    15E38       78         0
                text31                            16116    16116       62         0
                text30                            1598E    1598E       BE         0
                text29                            16260    16260       48         0
                text28                            14D46    14D46      1C0         0
                text27                            13CE8    13CE8      3C0         0
                text26                            15252    15252      190         0
                text25                            16362    16362       38         0
                text24                            1339A    1339A      4A8         0
                text23                            16218    16218       48         0
                text22                            156D8    156D8      10C         0
                text21                            15A4C    15A4C       BC         0
                text20                            15D08    15D08       9A         0
                text19                            149B2    149B2      1CE         0
                text18                            153E2    153E2      188         0
                text17                            150B4    150B4      19E         0
                text16                            158D0    158D0       BE         0
                text15                            15C66    15C66       A2         0
                text14                            13842    13842      4A6         0
                text13                            14446    14446      2F6         0
                text12                            16468    16468       2A         0
                text11                            12974    12974      51A         0
                text10                            10B06    10B06      894         0
                text9                             14F06    14F06      1AE         0
                text8                             15F86    15F86       64         0
                text7                             15F22    15F22       64         0
                text6                             1651C    1651C       1C         0
                text5                             1658C    1658C       16         0
                text4                             10000    10000      B06         0
                text3                             140A8    140A8      39E         0
                text2                             14B80    14B80      1C6         0
                text1                             15BC2    15BC2       A4         0
                text0                             1139A    1139A      7BE         0
                cinit                             162A8    162A8       46         0
                idataBANK0                        165C2    165C2        1         0

        CLASS   CONST          

        CLASS   SMALLCONST     

        CLASS   MEDIUMCONST    
                mediumconst                        FD9E     FD9E      262         0

        CLASS   COMRAM         
                temp                                 4D       4D        1         1
                cstackCOMRAM                         28       28       22         1
                bssCOMRAM                             1        1       27         1
                bitbssCOMRAM                        250       4A       18         1

        CLASS   ABS1           

        CLASS   BIGRAM         

        CLASS   RAM            

        CLASS   BANK0          
                cstackBANK0                          60       60       6C         1
                dataBANK0                            ED       ED        1         1
                bssBANK0                             CC       CC       21         1

        CLASS   BANK1          
                cstackBANK1                         14D      14D       21         1
                bssBANK1                            100      100       4D         1

        CLASS   BANK2          

        CLASS   BANK3          

        CLASS   BANK4          

        CLASS   BANK5          

        CLASS   BANK6          

        CLASS   BANK7          

        CLASS   BANK8          

        CLASS   BANK9          

        CLASS   BANK10         

        CLASS   BANK11         

        CLASS   BANK12         

        CLASS   SFR            

        CLASS   FARRAM         

        CLASS   CONFIG         
                config                           300000   300000        E         0

        CLASS   IDLOC          
                idloc                            200000   200000        8         0

        CLASS   EEDATA         



SEGMENTS        Name                           Load    Length   Top    Selector   Space  Class

                reset_vec                      000000  000004  000004         0       0  CODE    
                bssCOMRAM                      000001  00004D  00004E         1       1  COMRAM  
                intcode                        000008  00000E  000016         4       0  CODE    
                intcodelo                      000018  0000AC  0000C4         C       0  CODE    
                cstackBANK0                    000060  00008E  0000EE        60       1  BANK0   
                bssBANK1                       000100  00006E  00016E       100       1  BANK1   
                mediumconst                    00FD9E  000262  010000      7ECF       0  MEDIUMCO
                text4                          010000  0065C3  0165C3      8000       0  CODE    
                idloc                          200000  000008  200008    200000       0  IDLOC   
                config                         300000  00000E  30000E    300000       0  CONFIG  


UNUSED ADDRESS RANGES

        Name                Unused          Largest block    Delta
        BANK0            0000EE-0000FF               12
        BANK1            00016E-0001FF               92
        BANK10           000A00-000AFF              100
        BANK11           000B00-000BFF              100
        BANK12           000C00-000CFF              100
        BANK2            000200-0002FF              100
        BANK3            000300-0003FF              100
        BANK4            000400-0004FF              100
        BANK5            000500-0005FF              100
        BANK6            000600-0006FF              100
        BANK7            000700-0007FF              100
        BANK8            000800-0008FF              100
        BANK9            000900-0009FF              100
        BIGRAM           00004E-00005F               12
                         0000EE-0000FF               12
                         00016E-000CFF              B92
        CODE             000004-000007                4
                         000016-000017                2
                         0000C4-00FD9D             FCDA
                         0165C3-017FFF             1A3D
        COMRAM           00004E-00005F               12
        CONST            000004-000007                4
                         000016-000017                2
                         0000C4-00FD9D             FCDA
                         0165C3-017FFF             1A3D
        EEDATA           F00000-F003FF              400
        MEDIUMCONST      000D00-00FD9D             F09E
                         0165C3-017FFF             1A3D
        RAM              0000EE-0000FF               12
                         00016E-000CFF              100
        SFR              000D00-000FFF              100
        SMALLCONST       000D00-00FD9D              100
                         0165C3-017FFF              100
        STACK            00016E-000CFF              B92

                                  Symbol Table

?___awdiv                          cstackBANK0  000076
?___awmod                          cstackBANK0  000070
?___fladd                          cstackBANK0  0000A4
?___fldiv                          cstackBANK0  00007E
?___flmul                          cstackBANK0  00007E
?___flneg                          cstackBANK0  000097
?___flsub                          cstackBANK0  0000B8
?___fltol                          cstackBANK0  0000B8
?___lldiv                          cstackBANK0  000070
?___llmod                          cstackBANK0  000070
?___lwdiv                          cstackBANK0  000070
?___lwmod                          cstackBANK0  000070
?___wmul                           cstackBANK0  000070
?___xxtofl                         cstackBANK0  000070
?__div_to_l_                       cstackBANK0  000070
?__tdiv_to_l_                      cstackBANK0  000070
?_fround                           cstackBANK0  000097
?_scale                            cstackBANK0  000097
?_sprintf                          cstackBANK0  0000C2
CANInitialize@BRP                  cstackBANK0  000081
CANInitialize@FilterConfig1        cstackBANK0  000088
CANInitialize@FilterConfig2        cstackBANK0  000089
CANInitialize@SJW                  cstackBANK0  000080
CANInitialize@flags                cstackBANK0  000082
CANInitialize@phaseSeg1            cstackBANK0  00007E
CANInitialize@phaseSeg2            cstackBANK0  00007F
CANInitialize@propSeg              cstackBANK0  000087
CANOperationMode@mode              cstackBANK0  000070
CANSetFilter@filter                cstackBANK0  000070
CANSetFilter@numBuffer             cstackBANK0  000079
CANSetFilter@tamp                  cstackBANK0  00007A
CANSetFilter@type                  cstackBANK0  000074
CANSetMask@mask                    cstackBANK0  000070
CANSetMask@numBuffer               cstackBANK0  000079
CANSetMask@tamp                    cstackBANK0  00007A
CANSetMask@type                    cstackBANK0  000074
CANreceiveMessage@error            cstackCOMRAM 000043
CANreceiveMessage@msg              cstackCOMRAM 000039
CANreceiveMessage@tamp             cstackCOMRAM 000044
CANsendMessage@data                cstackBANK0  000074
CANsendMessage@dataLength          cstackBANK0  000076
CANsendMessage@flags               cstackBANK0  000077
CANsendMessage@identifier          cstackBANK0  000070
CANsendMessage@tamp                cstackBANK0  00007C
ISR_alta@i                         cstackCOMRAM 000049
Joystick_Polling@i                 cstackBANK0  000071
LCD_cursor@active                  cstackBANK0  00007D
LCD_cursor@blinking                cstackBANK0  00007C
LCD_goto_line@line                 cstackBANK0  00007C
LCD_goto_xy@x                      cstackBANK0  000080
LCD_goto_xy@y                      cstackBANK0  00007F
LCD_initialize@quartz_frequency    cstackBANK0  00007E
LCD_send_command@D0                cstackBANK0  00007A
LCD_send_command@D1                cstackBANK0  000079
LCD_send_command@D2                cstackBANK0  000078
LCD_send_command@D3                cstackBANK0  00007B
LCD_shift_cursor@i                 cstackBANK0  00007E
LCD_shift_cursor@number_of_shift   cstackBANK0  00007C
LCD_shift_cursor@shift             cstackBANK0  00007D
LCD_write_char@D0                  cstackBANK0  00007F
LCD_write_char@D1                  cstackBANK0  00007E
LCD_write_char@D2                  cstackBANK0  00007D
LCD_write_char@D3                  cstackBANK0  00007C
LCD_write_char@value               cstackBANK0  000080
LCD_write_integer@F17272           bssBANK1     000100
LCD_write_integer@convertedInt     cstackBANK0  000091
LCD_write_integer@index            cstackBANK0  000097
LCD_write_integer@number_of_digits cstackBANK0  00008A
LCD_write_integer@value            cstackBANK0  000088
LCD_write_integer@zero_cleaning    cstackBANK0  00008B
LCD_write_message@buffer           cstackBANK0  000081
LCD_write_string@buffer            cstackBANK0  000081
_ADCON0bits                        (abs)        000FC2
_ADCON1                            (abs)        000FC1
_ADCON2bits                        (abs)        000FC0
_ADRESH                            (abs)        000FC4
_AbsFlag                           bitbssCOMRAM 000250
_BKWD_sensor                       bitbssCOMRAM 000251
_BRGCON1                           (abs)        000F70
_BRGCON2                           (abs)        000F71
_BRGCON2bits                       (abs)        000F71
_BRGCON3                           (abs)        000F72
_BRGCON3bits                       (abs)        000F72
_CANCON                            (abs)        000F6F
_CANCONbits                        (abs)        000F6F
_CANInitialize                     text2        014B80
_CANOperationMode                  text5        01658C
_CANSTAT                           (abs)        000F6E
_CANSetFilter                      text4        010000
_CANSetMask                        text3        0140A8
_CAN_Rx                            text56       015EB0
_CAN_Tx                            text53       015B08
_CANisRxReady                      text62       0165A2
_CANisRxReady$3117                 cstackCOMRAM 000039
_CANisTxReady                      text55       0164B8
_CANisTxReady$3115                 cstackBANK0  000070
_CANreceiveMessage                 text61       012E8E
_CANsendMessage                    text54       011B58
_COMSTATbits                       (abs)        000F74
_Can_Tx_Force                      bitbssCOMRAM 000252
_F1_Button_Polling                 text52       016570
_F1_switch                         bitbssCOMRAM 000253
_F2_Button_Polling                 text51       016554
_F2_switch                         bitbssCOMRAM 000254
_FWD_sensor                        bitbssCOMRAM 000255
_INTCONbits                        (abs)        000FF2
_IPR2bits                          (abs)        000FA2
_IPR3bits                          (abs)        000FA5
_ISR_alta                          intcode      000008
_ISR_bassa                         intcodelo    000018
_JoystickConstants                 bssBANK0     0000CC
_JoystickValues                    bssBANK0     0000E0
_Joystick_Polling                  text50       016178
_LATA                              (abs)        000F89
_LATB                              (abs)        000F8A
_LATBbits                          (abs)        000F8A
_LATC                              (abs)        000F8B
_LATD                              (abs)        000F8C
_LATE                              (abs)        000F8D
_LCD_End                           text38       0160B2
_LCD_Error                         text37       01604E
_LCD_Gap                           text36       015FEA
_LCD_Handler                       text9        014F06
_LCD_Park                          text8        015F86
_LCD_Parking                       text7        015F22
_LCD_clear                         text44       016436
_LCD_cursor                        text43       016404
_LCD_enable_pulse                  text47       0164DC
_LCD_goto_line                     text45       0157E4
_LCD_goto_xy                       text34       016538
_LCD_initialize                    text41       01556A
_LCD_send_command                  text46       0162EE
_LCD_shift_cursor                  text35       0161CC
_LCD_write_char                    text40       015DA2
_LCD_write_integer                 text28       014D46
_LCD_write_message                 text39       0163D0
_LCD_write_string                  text33       016492
_MotoreFlag                        bitbssCOMRAM 000256
_PIE2bits                          (abs)        000FA0
_PIE3bits                          (abs)        000FA3
_PIR2bits                          (abs)        000FA1
_PIR3bits                          (abs)        000FA4
_PORTAbits                         (abs)        000F80
_PORTBbits                         (abs)        000F81
_PORTDbits                         (abs)        000F83
_PWR_Button_Polling                text6        01651C
_RCONbits                          (abs)        000FD0
_RTR_Flag                          bitbssCOMRAM 000257
_RXB0CON                           (abs)        000F60
_RXB0CONbits                       (abs)        000F60
_RXB0D0                            (abs)        000F66
_RXB0D1                            (abs)        000F67
_RXB0D2                            (abs)        000F68
_RXB0D3                            (abs)        000F69
_RXB0D4                            (abs)        000F6A
_RXB0D5                            (abs)        000F6B
_RXB0D6                            (abs)        000F6C
_RXB0D7                            (abs)        000F6D
_RXB0DLC                           (abs)        000F65
_RXB0DLCbits                       (abs)        000F65
_RXB0EIDH                          (abs)        000F63
_RXB0EIDL                          (abs)        000F64
_RXB0SIDH                          (abs)        000F61
_RXB0SIDL                          (abs)        000F62
_RXB0SIDLbits                      (abs)        000F62
_RXB1CON                           (abs)        000F50
_RXB1CONbits                       (abs)        000F50
_RXB1D0                            (abs)        000F56
_RXB1D1                            (abs)        000F57
_RXB1D2                            (abs)        000F58
_RXB1D3                            (abs)        000F59
_RXB1D4                            (abs)        000F5A
_RXB1D5                            (abs)        000F5B
_RXB1D6                            (abs)        000F5C
_RXB1D7                            (abs)        000F5D
_RXB1DLC                           (abs)        000F55
_RXB1DLCbits                       (abs)        000F55
_RXB1EIDH                          (abs)        000F53
_RXB1EIDL                          (abs)        000F54
_RXB1SIDH                          (abs)        000F51
_RXB1SIDL                          (abs)        000F52
_RXB1SIDLbits                      (abs)        000F52
_RXERRCNT                          (abs)        000F75
_RXF0EIDH                          (abs)        000F02
_RXF0EIDL                          (abs)        000F03
_RXF0SIDH                          (abs)        000F00
_RXF0SIDL                          (abs)        000F01
_RXF0SIDLbits                      (abs)        000F01
_RXF1EIDH                          (abs)        000F06
_RXF1EIDL                          (abs)        000F07
_RXF1SIDH                          (abs)        000F04
_RXF1SIDL                          (abs)        000F05
_RXF1SIDLbits                      (abs)        000F05
_RXF2EIDH                          (abs)        000F0A
_RXF2EIDL                          (abs)        000F0B
_RXF2SIDH                          (abs)        000F08
_RXF2SIDL                          (abs)        000F09
_RXF2SIDLbits                      (abs)        000F09
_RXF3EIDH                          (abs)        000F0E
_RXF3EIDL                          (abs)        000F0F
_RXF3SIDH                          (abs)        000F0C
_RXF3SIDL                          (abs)        000F0D
_RXF3SIDLbits                      (abs)        000F0D
_RXF4EIDH                          (abs)        000F12
_RXF4EIDL                          (abs)        000F13
_RXF4SIDH                          (abs)        000F10
_RXF4SIDL                          (abs)        000F11
_RXF4SIDLbits                      (abs)        000F11
_RXF5EIDH                          (abs)        000F16
_RXF5EIDL                          (abs)        000F17
_RXF5SIDH                          (abs)        000F14
_RXF5SIDL                          (abs)        000F15
_RXF5SIDLbits                      (abs)        000F15
_RXM0EIDH                          (abs)        000F1A
_RXM0EIDL                          (abs)        000F1B
_RXM0SIDH                          (abs)        000F18
_RXM0SIDL                          (abs)        000F19
_RXM0SIDLbits                      (abs)        000F19
_RXM1EIDH                          (abs)        000F1E
_RXM1EIDL                          (abs)        000F1F
_RXM1SIDH                          (abs)        000F1C
_RXM1SIDL                          (abs)        000F1D
_RXM1SIDLbits                      (abs)        000F1D
_SterzoFlag                        bitbssCOMRAM 000258
_T3CON                             (abs)        000FB1
_TMR3H                             (abs)        000FB3
_TMR3L                             (abs)        000FB2
_TRISA                             (abs)        000F92
_TRISB                             (abs)        000F93
_TRISC                             (abs)        000F94
_TRISD                             (abs)        000F95
_TRISE                             (abs)        000F96
_TXB0CONbits                       (abs)        000F40
_TXB0D0                            (abs)        000F46
_TXB0D1                            (abs)        000F47
_TXB0D2                            (abs)        000F48
_TXB0D3                            (abs)        000F49
_TXB0D4                            (abs)        000F4A
_TXB0D5                            (abs)        000F4B
_TXB0D6                            (abs)        000F4C
_TXB0D7                            (abs)        000F4D
_TXB0DLC                           (abs)        000F45
_TXB0DLCbits                       (abs)        000F45
_TXB0EIDH                          (abs)        000F43
_TXB0EIDL                          (abs)        000F44
_TXB0SIDH                          (abs)        000F41
_TXB0SIDL                          (abs)        000F42
_TXB0SIDLbits                      (abs)        000F42
_TXB1CONbits                       (abs)        000F30
_TXB1D0                            (abs)        000F36
_TXB1D1                            (abs)        000F37
_TXB1D2                            (abs)        000F38
_TXB1D3                            (abs)        000F39
_TXB1D4                            (abs)        000F3A
_TXB1D5                            (abs)        000F3B
_TXB1D6                            (abs)        000F3C
_TXB1D7                            (abs)        000F3D
_TXB1DLC                           (abs)        000F35
_TXB1DLCbits                       (abs)        000F35
_TXB1EIDH                          (abs)        000F33
_TXB1EIDL                          (abs)        000F34
_TXB1SIDH                          (abs)        000F31
_TXB1SIDL                          (abs)        000F32
_TXB1SIDLbits                      (abs)        000F32
_TXB2CONbits                       (abs)        000F20
_TXB2D0                            (abs)        000F26
_TXB2D1                            (abs)        000F27
_TXB2D2                            (abs)        000F28
_TXB2D3                            (abs)        000F29
_TXB2D4                            (abs)        000F2A
_TXB2D5                            (abs)        000F2B
_TXB2D6                            (abs)        000F2C
_TXB2D7                            (abs)        000F2D
_TXB2DLC                           (abs)        000F25
_TXB2DLCbits                       (abs)        000F25
_TXB2EIDH                          (abs)        000F23
_TXB2EIDL                          (abs)        000F24
_TXB2SIDH                          (abs)        000F21
_TXB2SIDL                          (abs)        000F22
_TXB2SIDLbits                      (abs)        000F22
_TXERRCNT                          (abs)        000F76
__CFG_BBSIZ$1024                   (abs)        000000
__CFG_BOREN$BOHW                   (abs)        000000
__CFG_BORV$3                       (abs)        000000
__CFG_CP0$OFF                      (abs)        000000
__CFG_CP1$OFF                      (abs)        000000
__CFG_CP2$OFF                      (abs)        000000
__CFG_CP3$OFF                      (abs)        000000
__CFG_CP4$OFF                      (abs)        000000
__CFG_CP5$OFF                      (abs)        000000
__CFG_CPB$OFF                      (abs)        000000
__CFG_CPD$OFF                      (abs)        000000
__CFG_EBTR0$OFF                    (abs)        000000
__CFG_EBTR1$OFF                    (abs)        000000
__CFG_EBTR2$OFF                    (abs)        000000
__CFG_EBTR3$OFF                    (abs)        000000
__CFG_EBTR4$OFF                    (abs)        000000
__CFG_EBTR5$OFF                    (abs)        000000
__CFG_EBTRB$OFF                    (abs)        000000
__CFG_FCMEN$OFF                    (abs)        000000
__CFG_IESO$OFF                     (abs)        000000
__CFG_LPT1OSC$OFF                  (abs)        000000
__CFG_LVP$OFF                      (abs)        000000
__CFG_MCLRE$ON                     (abs)        000000
__CFG_OSC$HS                       (abs)        000000
__CFG_PBADEN$OFF                   (abs)        000000
__CFG_PWRT$OFF                     (abs)        000000
__CFG_STVREN$ON                    (abs)        000000
__CFG_WDT$OFF                      (abs)        000000
__CFG_WDTPS$32768                  (abs)        000000
__CFG_WRT0$OFF                     (abs)        000000
__CFG_WRT1$OFF                     (abs)        000000
__CFG_WRT2$OFF                     (abs)        000000
__CFG_WRT3$OFF                     (abs)        000000
__CFG_WRT4$OFF                     (abs)        000000
__CFG_WRT5$OFF                     (abs)        000000
__CFG_WRTB$OFF                     (abs)        000000
__CFG_WRTC$OFF                     (abs)        000000
__CFG_WRTD$OFF                     (abs)        000000
__CFG_XINST$OFF                    (abs)        000000
__HRAM                             (abs)        000000
__Habs1                            abs1         000000
__Hbank0                           bank0        000000
__Hbank1                           bank1        000000
__Hbank10                          bank10       000000
__Hbank11                          bank11       000000
__Hbank12                          bank12       000000
__Hbank2                           bank2        000000
__Hbank3                           bank3        000000
__Hbank4                           bank4        000000
__Hbank5                           bank5        000000
__Hbank6                           bank6        000000
__Hbank7                           bank7        000000
__Hbank8                           bank8        000000
__Hbank9                           bank9        000000
__Hbigbss                          bigbss       000000
__Hbigdata                         bigdata      000000
__Hbigram                          bigram       000000
__HbitbssCOMRAM                    bitbssCOMRAM 000000
__Hbss                             bss          000000
__HbssBANK0                        bssBANK0     000000
__HbssBANK1                        bssBANK1     000000
__HbssCOMRAM                       bssCOMRAM    000000
__Hcinit                           cinit        000000
__Hclrtext                         clrtext      000000
__Hcomram                          comram       000000
__Hconfig                          config       30000E
__Hconst                           const        000000
__HcstackBANK0                     cstackBANK0  000000
__HcstackBANK1                     cstackBANK1  000000
__HcstackCOMRAM                    cstackCOMRAM 000000
__Hdata                            data         000000
__HdataBANK0                       dataBANK0    000000
__Heeprom_data                     eeprom_data  000000
__Hend_init                        end_init     0000C4
__Hfarbss                          farbss       000000
__Hfardata                         fardata      000000
__Hibigdata                        ibigdata     000000
__Hidata                           idata        000000
__HidataBANK0                      idataBANK0   000000
__Hidloc                           idloc        200008
__Hifardata                        ifardata     000000
__Hinit                            init         0000C0
__Hintcode                         intcode      000016
__Hintcode_body                    intcode_body 000000
__Hintcodelo                       intcodelo    0000C0
__Hintentry                        intentry     000000
__Hintret                          intret       000000
__Hintsave_regs                    intsave_regs 000000
__Hirdata                          irdata       000000
__Hmediumconst                     mediumconst  010000
__HnvFARRAM                        nvFARRAM     000000
__Hnvbit                           nvbit        000000
__Hnvrram                          nvrram       000000
__Hparam                           rparam       000000
__Hpowerup                         powerup      0000C0
__Hram                             ram          000000
__Hramtop                          ramtop       000D00
__Hrbit                            rbit         000000
__Hrbss                            rbss         000000
__Hrdata                           rdata        000000
__Hreset_vec                       reset_vec    000004
__Hrparam                          rparam       000000
__Hsfr                             sfr          000000
__Hsmallconst                      smallconst   000000
__Hspace_0                         (abs)        30000E
__Hspace_1                         (abs)        000268
__Hspace_2                         (abs)        000000
__Hstack                           stack        000000
__Hstruct                          struct       000000
__Htemp                            temp         00004E
__Htext                            text         000000
__Htext0                           text0        000000
__Htext1                           text1        000000
__Htext10                          text10       000000
__Htext11                          text11       000000
__Htext12                          text12       000000
__Htext13                          text13       000000
__Htext14                          text14       000000
__Htext15                          text15       000000
__Htext16                          text16       000000
__Htext17                          text17       000000
__Htext18                          text18       000000
__Htext19                          text19       000000
__Htext2                           text2        000000
__Htext20                          text20       000000
__Htext21                          text21       000000
__Htext22                          text22       000000
__Htext23                          text23       000000
__Htext24                          text24       000000
__Htext25                          text25       000000
__Htext26                          text26       000000
__Htext27                          text27       000000
__Htext28                          text28       000000
__Htext29                          text29       000000
__Htext3                           text3        000000
__Htext30                          text30       000000
__Htext31                          text31       000000
__Htext32                          text32       000000
__Htext33                          text33       000000
__Htext34                          text34       000000
__Htext35                          text35       000000
__Htext36                          text36       000000
__Htext37                          text37       000000
__Htext38                          text38       000000
__Htext39                          text39       000000
__Htext4                           text4        000000
__Htext40                          text40       000000
__Htext41                          text41       000000
__Htext42                          text42       000000
__Htext43                          text43       000000
__Htext44                          text44       000000
__Htext45                          text45       000000
__Htext46                          text46       000000
__Htext47                          text47       000000
__Htext48                          text48       000000
__Htext49                          text49       000000
__Htext5                           text5        000000
__Htext50                          text50       000000
__Htext51                          text51       000000
__Htext52                          text52       000000
__Htext53                          text53       000000
__Htext54                          text54       000000
__Htext55                          text55       000000
__Htext56                          text56       000000
__Htext59                          text59       000000
__Htext6                           text6        000000
__Htext60                          text60       000000
__Htext61                          text61       000000
__Htext62                          text62       000000
__Htext7                           text7        000000
__Htext8                           text8        000000
__Htext9                           text9        000000
__LRAM                             (abs)        000001
__Labs1                            abs1         000000
__Lbank0                           bank0        000000
__Lbank1                           bank1        000000
__Lbank10                          bank10       000000
__Lbank11                          bank11       000000
__Lbank12                          bank12       000000
__Lbank2                           bank2        000000
__Lbank3                           bank3        000000
__Lbank4                           bank4        000000
__Lbank5                           bank5        000000
__Lbank6                           bank6        000000
__Lbank7                           bank7        000000
__Lbank8                           bank8        000000
__Lbank9                           bank9        000000
__Lbigbss                          bigbss       000000
__Lbigdata                         bigdata      000000
__Lbigram                          bigram       000000
__LbitbssCOMRAM                    bitbssCOMRAM 000000
__Lbss                             bss          000000
__LbssBANK0                        bssBANK0     000000
__LbssBANK1                        bssBANK1     000000
__LbssCOMRAM                       bssCOMRAM    000000
__Lcinit                           cinit        000000
__Lclrtext                         clrtext      000000
__Lcomram                          comram       000000
__Lconfig                          config       300000
__Lconst                           const        000000
__LcstackBANK0                     cstackBANK0  000000
__LcstackBANK1                     cstackBANK1  000000
__LcstackCOMRAM                    cstackCOMRAM 000000
__Ldata                            data         000000
__LdataBANK0                       dataBANK0    000000
__Leeprom_data                     eeprom_data  000000
__Lend_init                        end_init     0000C0
__Lfarbss                          farbss       000000
__Lfardata                         fardata      000000
__Libigdata                        ibigdata     000000
__Lidata                           idata        000000
__LidataBANK0                      idataBANK0   000000
__Lidloc                           idloc        200000
__Lifardata                        ifardata     000000
__Linit                            init         0000C0
__Lintcode                         intcode      000008
__Lintcode_body                    intcode_body 000000
__Lintcodelo                       intcodelo    000018
__Lintentry                        intentry     000000
__Lintret                          intret       000000
__Lintsave_regs                    intsave_regs 000000
__Lirdata                          irdata       000000
__Lmediumconst                     mediumconst  00FD9E
__LnvFARRAM                        nvFARRAM     000000
__Lnvbit                           nvbit        000000
__Lnvrram                          nvrram       000000
__Lparam                           rparam       000000
__Lpowerup                         powerup      0000C0
__Lram                             ram          000000
__Lramtop                          ramtop       000D00
__Lrbit                            rbit         000000
__Lrbss                            rbss         000000
__Lrdata                           rdata        000000
__Lreset_vec                       reset_vec    000000
__Lrparam                          rparam       000000
__Lsfr                             sfr          000000
__Lsmallconst                      smallconst   000000
__Lspace_0                         (abs)        000000
__Lspace_1                         (abs)        000000
__Lspace_2                         (abs)        000000
__Lstack                           stack        000000
__Lstruct                          struct       000000
__Ltemp                            temp         00004D
__Ltext                            text         000000
__Ltext0                           text0        000000
__Ltext1                           text1        000000
__Ltext10                          text10       000000
__Ltext11                          text11       000000
__Ltext12                          text12       000000
__Ltext13                          text13       000000
__Ltext14                          text14       000000
__Ltext15                          text15       000000
__Ltext16                          text16       000000
__Ltext17                          text17       000000
__Ltext18                          text18       000000
__Ltext19                          text19       000000
__Ltext2                           text2        000000
__Ltext20                          text20       000000
__Ltext21                          text21       000000
__Ltext22                          text22       000000
__Ltext23                          text23       000000
__Ltext24                          text24       000000
__Ltext25                          text25       000000
__Ltext26                          text26       000000
__Ltext27                          text27       000000
__Ltext28                          text28       000000
__Ltext29                          text29       000000
__Ltext3                           text3        000000
__Ltext30                          text30       000000
__Ltext31                          text31       000000
__Ltext32                          text32       000000
__Ltext33                          text33       000000
__Ltext34                          text34       000000
__Ltext35                          text35       000000
__Ltext36                          text36       000000
__Ltext37                          text37       000000
__Ltext38                          text38       000000
__Ltext39                          text39       000000
__Ltext4                           text4        000000
__Ltext40                          text40       000000
__Ltext41                          text41       000000
__Ltext42                          text42       000000
__Ltext43                          text43       000000
__Ltext44                          text44       000000
__Ltext45                          text45       000000
__Ltext46                          text46       000000
__Ltext47                          text47       000000
__Ltext48                          text48       000000
__Ltext49                          text49       000000
__Ltext5                           text5        000000
__Ltext50                          text50       000000
__Ltext51                          text51       000000
__Ltext52                          text52       000000
__Ltext53                          text53       000000
__Ltext54                          text54       000000
__Ltext55                          text55       000000
__Ltext56                          text56       000000
__Ltext59                          text59       000000
__Ltext6                           text6        000000
__Ltext60                          text60       000000
__Ltext61                          text61       000000
__Ltext62                          text62       000000
__Ltext7                           text7        000000
__Ltext8                           text8        000000
__Ltext9                           text9        000000
__S0                               (abs)        30000E
__S1                               (abs)        00016E
__S2                               (abs)        000000
___awdiv                           text16       0158D0
___awdiv@counter                   cstackBANK0  00007A
___awdiv@dividend                  cstackBANK0  000076
___awdiv@divisor                   cstackBANK0  000078
___awdiv@quotient                  cstackBANK0  00007C
___awdiv@sign                      cstackBANK0  00007B
___awmod                           text15       015C66
___awmod@counter                   cstackBANK0  000074
___awmod@dividend                  cstackBANK0  000070
___awmod@divisor                   cstackBANK0  000072
___awmod@sign                      cstackBANK0  000075
___fladd                           text24       01339A
___fladd@a                         cstackBANK0  0000A8
___fladd@aexp                      cstackBANK0  0000B5
___fladd@b                         cstackBANK0  0000A4
___fladd@bexp                      cstackBANK0  0000B6
___fladd@grs                       cstackBANK0  0000B7
___fladd@signs                     cstackBANK0  0000B4
___fldiv                           text27       013CE8
___fldiv@a                         cstackBANK0  000082
___fldiv@aexp                      cstackBANK0  000096
___fldiv@b                         cstackBANK0  00007E
___fldiv@bexp                      cstackBANK0  000095
___fldiv@grs                       cstackBANK0  000091
___fldiv@new_exp                   cstackBANK0  00008F
___fldiv@rem                       cstackBANK0  00008B
___fldiv@sign                      cstackBANK0  00008A
___flge                            text26       015252
___flge@ff1                        cstackBANK0  000070
___flge@ff2                        cstackBANK0  000074
___flmul                           text14       013842
___flmul@a                         cstackBANK0  000082
___flmul@aexp                      cstackBANK0  00008B
___flmul@b                         cstackBANK0  00007E
___flmul@bexp                      cstackBANK0  000090
___flmul@grs                       cstackBANK0  00008C
___flmul@prod                      cstackBANK0  000091
___flmul@sign                      cstackBANK0  00008A
___flmul@temp                      cstackBANK0  000095
___flneg                           text25       016362
___flneg@f1                        cstackBANK0  000097
___flsub                           text23       016218
___flsub@a                         cstackBANK0  0000BC
___flsub@b                         cstackBANK0  0000B8
___fltol                           text22       0156D8
___fltol@exp1                      cstackBANK0  0000C1
___fltol@f1                        cstackBANK0  0000B8
___fltol@sign1                     cstackBANK0  0000C0
___inthi_sp                        stack        000000
___intlo_sp                        stack        000000
___lldiv                           text21       015A4C
___lldiv@counter                   cstackBANK0  00007C
___lldiv@dividend                  cstackBANK0  000070
___lldiv@divisor                   cstackBANK0  000074
___lldiv@quotient                  cstackBANK0  000078
___llmod                           text20       015D08
___llmod@counter                   cstackBANK0  000078
___llmod@dividend                  cstackBANK0  000070
___llmod@divisor                   cstackBANK0  000074
___lwdiv                           text32       015E38
___lwdiv@counter                   cstackBANK0  000076
___lwdiv@dividend                  cstackBANK0  000070
___lwdiv@divisor                   cstackBANK0  000072
___lwdiv@quotient                  cstackBANK0  000074
___lwmod                           text31       016116
___lwmod@counter                   cstackBANK0  000074
___lwmod@dividend                  cstackBANK0  000070
___lwmod@divisor                   cstackBANK0  000072
___param_bank                      (abs)        000010
___rparam_used                     (abs)        000001
___sp                              stack        000000
___wmul                            text49       01639A
___wmul@multiplicand               cstackBANK0  000072
___wmul@multiplier                 cstackBANK0  000070
___wmul@product                    cstackBANK0  000074
___xxtofl                          text19       0149B2
___xxtofl@arg                      cstackBANK0  00007A
___xxtofl@exp                      cstackBANK0  000079
___xxtofl@sign                     cstackBANK0  000078
___xxtofl@val                      cstackBANK0  000070
__accesstop                        (abs)        000060
__activetblptr                     (abs)        000003
__div_to_l_                        text18       0153E2
__div_to_l_@cntr                   cstackBANK0  00007C
__div_to_l_@exp1                   cstackBANK0  00007D
__div_to_l_@f1                     cstackBANK0  000070
__div_to_l_@f2                     cstackBANK0  000074
__div_to_l_@quot                   cstackBANK0  000078
__end_of_CANInitialize             text2        014D46
__end_of_CANOperationMode          text5        0165A2
__end_of_CANSetFilter              text4        010B06
__end_of_CANSetMask                text3        014446
__end_of_CAN_Rx                    text56       015F22
__end_of_CAN_Tx                    text53       015BC2
__end_of_CANisRxReady              text62       0165B8
__end_of_CANisTxReady              text55       0164DC
__end_of_CANreceiveMessage         text61       01339A
__end_of_CANsendMessage            text54       0122E4
__end_of_F1_Button_Polling         text52       01658C
__end_of_F2_Button_Polling         text51       016570
__end_of_ISR_alta                  intcode_body 0149B2
__end_of_ISR_bassa                 intcodelo    0000C0
__end_of_Joystick_Polling          text50       0161CC
__end_of_LCD_End                   text38       016116
__end_of_LCD_Error                 text37       0160B2
__end_of_LCD_Gap                   text36       01604E
__end_of_LCD_Handler               text9        0150B4
__end_of_LCD_Park                  text8        015FEA
__end_of_LCD_Parking               text7        015F86
__end_of_LCD_clear                 text44       016468
__end_of_LCD_cursor                text43       016436
__end_of_LCD_enable_pulse          text47       0164FE
__end_of_LCD_goto_line             text45       0158D0
__end_of_LCD_goto_xy               text34       016554
__end_of_LCD_initialize            text41       0156D8
__end_of_LCD_send_command          text46       016328
__end_of_LCD_shift_cursor          text35       016218
__end_of_LCD_write_char            text40       015E38
__end_of_LCD_write_integer         text28       014F06
__end_of_LCD_write_message         text39       016404
__end_of_LCD_write_string          text33       0164B8
__end_of_PWR_Button_Polling        text6        016538
__end_of___awdiv                   text16       01598E
__end_of___awmod                   text15       015D08
__end_of___fladd                   text24       013842
__end_of___fldiv                   text27       0140A8
__end_of___flge                    text26       0153E2
__end_of___flmul                   text14       013CE8
__end_of___flneg                   text25       01639A
__end_of___flsub                   text23       016260
__end_of___fltol                   text22       0157E4
__end_of___lldiv                   text21       015B08
__end_of___llmod                   text20       015DA2
__end_of___lwdiv                   text32       015EB0
__end_of___lwmod                   text31       016178
__end_of___wmul                    text49       0163D0
__end_of___xxtofl                  text19       014B80
__end_of__div_to_l_                text18       01556A
__end_of__initialization           cinit        0162E4
__end_of__npowers_                 mediumconst  00FDD3
__end_of__powers_                  mediumconst  00FE07
__end_of__tdiv_to_l_               text17       015252
__end_of_board_initialization      text1        015C66
__end_of_delay_ms                  text48       016362
__end_of_delay_set_quartz          text42       0165C2
__end_of_dpowers                   mediumconst  00FE2F
__end_of_fround                    text13       01473C
__end_of_isdigit                   text12       016492
__end_of_itoa                      text29       0162A8
__end_of_main                      text0        011B58
__end_of_scale                     text11       012E8E
__end_of_sprintf                   text10       01139A
__end_of_utoa                      text30       015A4C
__end_ofi2_CANisTxReady            text60       01651C
__end_ofi2_CANsendMessage          text59       012974
__initialization                   cinit        0162A8
__mediumconst                      mediumconst  00FD9E
__npowers_                         mediumconst  00FD9F
__pbitbssCOMRAM                    bitbssCOMRAM 000250
__pbssBANK0                        bssBANK0     0000CC
__pbssBANK1                        bssBANK1     000100
__pbssCOMRAM                       bssCOMRAM    000001
__pcinit                           cinit        0162A8
__pcstackBANK0                     cstackBANK0  000060
__pcstackBANK1                     cstackBANK1  00014D
__pcstackCOMRAM                    cstackCOMRAM 000028
__pdataBANK0                       dataBANK0    0000ED
__pidataBANK0                      idataBANK0   0165C2
__pintcode                         intcode      000008
__pintcode_body                    intcode_body 01473C
__pintcodelo                       intcodelo    000018
__pmediumconst                     mediumconst  00FD9E
__powers_                          mediumconst  00FDD3
__ptext0                           text0        01139A
__ptext1                           text1        015BC2
__ptext10                          text10       010B06
__ptext11                          text11       012974
__ptext12                          text12       016468
__ptext13                          text13       014446
__ptext14                          text14       013842
__ptext15                          text15       015C66
__ptext16                          text16       0158D0
__ptext17                          text17       0150B4
__ptext18                          text18       0153E2
__ptext19                          text19       0149B2
__ptext2                           text2        014B80
__ptext20                          text20       015D08
__ptext21                          text21       015A4C
__ptext22                          text22       0156D8
__ptext23                          text23       016218
__ptext24                          text24       01339A
__ptext25                          text25       016362
__ptext26                          text26       015252
__ptext27                          text27       013CE8
__ptext28                          text28       014D46
__ptext29                          text29       016260
__ptext3                           text3        0140A8
__ptext30                          text30       01598E
__ptext31                          text31       016116
__ptext32                          text32       015E38
__ptext33                          text33       016492
__ptext34                          text34       016538
__ptext35                          text35       0161CC
__ptext36                          text36       015FEA
__ptext37                          text37       01604E
__ptext38                          text38       0160B2
__ptext39                          text39       0163D0
__ptext4                           text4        010000
__ptext40                          text40       015DA2
__ptext41                          text41       01556A
__ptext42                          text42       0165B8
__ptext43                          text43       016404
__ptext44                          text44       016436
__ptext45                          text45       0157E4
__ptext46                          text46       0162EE
__ptext47                          text47       0164DC
__ptext48                          text48       016328
__ptext49                          text49       01639A
__ptext5                           text5        01658C
__ptext50                          text50       016178
__ptext51                          text51       016554
__ptext52                          text52       016570
__ptext53                          text53       015B08
__ptext54                          text54       011B58
__ptext55                          text55       0164B8
__ptext56                          text56       015EB0
__ptext59                          text59       0122E4
__ptext6                           text6        01651C
__ptext60                          text60       0164FE
__ptext61                          text61       012E8E
__ptext62                          text62       0165A2
__ptext7                           text7        015F22
__ptext8                           text8        015F86
__ptext9                           text9        014F06
__ramtop                           ramtop       000D00
__size_of_CANInitialize            (abs)        000000
__size_of_CANOperationMode         (abs)        000000
__size_of_CANSetFilter             (abs)        000000
__size_of_CANSetMask               (abs)        000000
__size_of_CAN_Rx                   (abs)        000000
__size_of_CAN_Tx                   (abs)        000000
__size_of_CANisRxReady             (abs)        000000
__size_of_CANisTxReady             (abs)        000000
__size_of_CANreceiveMessage        (abs)        000000
__size_of_CANsendMessage           (abs)        000000
__size_of_F1_Button_Polling        (abs)        000000
__size_of_F2_Button_Polling        (abs)        000000
__size_of_ISR_alta                 (abs)        000000
__size_of_ISR_bassa                (abs)        000000
__size_of_Joystick_Polling         (abs)        000000
__size_of_LCD_End                  (abs)        000000
__size_of_LCD_Error                (abs)        000000
__size_of_LCD_Gap                  (abs)        000000
__size_of_LCD_Handler              (abs)        000000
__size_of_LCD_Park                 (abs)        000000
__size_of_LCD_Parking              (abs)        000000
__size_of_LCD_clear                (abs)        000000
__size_of_LCD_cursor               (abs)        000000
__size_of_LCD_enable_pulse         (abs)        000000
__size_of_LCD_goto_line            (abs)        000000
__size_of_LCD_goto_xy              (abs)        000000
__size_of_LCD_initialize           (abs)        000000
__size_of_LCD_send_command         (abs)        000000
__size_of_LCD_shift_cursor         (abs)        000000
__size_of_LCD_write_char           (abs)        000000
__size_of_LCD_write_integer        (abs)        000000
__size_of_LCD_write_message        (abs)        000000
__size_of_LCD_write_string         (abs)        000000
__size_of_PWR_Button_Polling       (abs)        000000
__size_of___awdiv                  (abs)        000000
__size_of___awmod                  (abs)        000000
__size_of___fladd                  (abs)        000000
__size_of___fldiv                  (abs)        000000
__size_of___flge                   (abs)        000000
__size_of___flmul                  (abs)        000000
__size_of___flneg                  (abs)        000000
__size_of___flsub                  (abs)        000000
__size_of___fltol                  (abs)        000000
__size_of___lldiv                  (abs)        000000
__size_of___llmod                  (abs)        000000
__size_of___lwdiv                  (abs)        000000
__size_of___lwmod                  (abs)        000000
__size_of___wmul                   (abs)        000000
__size_of___xxtofl                 (abs)        000000
__size_of__div_to_l_               (abs)        000000
__size_of__tdiv_to_l_              (abs)        000000
__size_of_board_initialization     (abs)        000000
__size_of_delay_ms                 (abs)        000000
__size_of_delay_set_quartz         (abs)        000000
__size_of_fround                   (abs)        000000
__size_of_isdigit                  (abs)        000000
__size_of_itoa                     (abs)        000000
__size_of_main                     (abs)        000000
__size_of_scale                    (abs)        000000
__size_of_sprintf                  (abs)        000000
__size_of_utoa                     (abs)        000000
__size_ofi2_CANisTxReady           (abs)        000000
__size_ofi2_CANsendMessage         (abs)        000000
__smallconst                       smallconst   000000
__tdiv_to_l_                       text17       0150B4
__tdiv_to_l_@cntr                  cstackBANK0  00007F
__tdiv_to_l_@exp1                  cstackBANK0  000080
__tdiv_to_l_@f1                    cstackBANK0  000070
__tdiv_to_l_@f2                    cstackBANK0  000074
__tdiv_to_l_@quot                  cstackBANK0  00007B
_actual_speed                      bssBANK0     0000E2
_actual_speed_kmh                  bssCOMRAM    000008
_battery                           bssCOMRAM    000026
_board_initialization              text1        015BC2
_check                             bssBANK0     0000D4
_clock_counter_reference           bssBANK0     0000E4
_collision_risk                    bitbssCOMRAM 000259
_data                              bssBANK1     000125
_data_brake                        bssBANK1     00012D
_data_speed                        bssBANK1     000135
_data_speed_rx                     bssCOMRAM    000001
_data_steering                     bssBANK1     00013D
_delay_ms                          text48       016328
_delay_quartz_frequency_value      dataBANK0    0000ED
_delay_set_quartz                  text42       0165B8
_dir                               bssBANK0     0000E8
_display_refresh                   bitbssCOMRAM 00025A
_dpowers                           mediumconst  00FE07
_fround                            text13       014446
_fround$4116                       cstackBANK0  00009F
_fround$4117                       cstackBANK0  00009B
_id                                bssCOMRAM    00000C
_isdigit                           text12       016468
_isdigit$3702                      cstackBANK0  000071
_itoa                              text29       016260
_left_speed                        bssCOMRAM    000020
_main                              text0        01139A
_msg                               bssBANK1     00010A
_newMessageCan                     bitbssCOMRAM 00025B
_park_assist_state                 bssBANK1     000145
_parking_error                     bitbssCOMRAM 00025C
_parking_message_E                 bitbssCOMRAM 00025D
_parking_message_ID                bssBANK0     0000E9
_parking_state                     bssBANK0     0000EA
_power_switch                      bitbssCOMRAM 00025E
_pr_time_1                         bssBANK0     0000D8
_pr_time_2                         bssBANK0     0000DC
_pr_time_3                         bssCOMRAM    000010
_pr_time_4                         bssBANK1     000106
_pr_time_5                         bssCOMRAM    000014
_pr_time_6                         bssCOMRAM    000018
_right_speed                       bssCOMRAM    000022
_scale                             text11       012974
_scale$4118                        cstackBANK0  00009B
_set_speed                         bssBANK0     0000E6
_set_steering                      bssCOMRAM    000027
_space_available                   bitbssCOMRAM 00025F
_space_gap_reached                 bitbssCOMRAM 000260
_sprintf                           text10       010B06
_sprintf$4119                      cstackBANK1  00014D
_steering_correction               bssBANK0     0000EB
_steering_correction_dir           bitbssCOMRAM 000261
_str                               bssBANK1     000119
_switch_position                   bssBANK0     0000EC
_time_counter                      bssCOMRAM    00001C
_user_data                         bssCOMRAM    000024
_utoa                              text30       01598E
_wait_low_1                        bitbssCOMRAM 000262
_wait_low_2                        bitbssCOMRAM 000263
_wait_low_3                        bitbssCOMRAM 000264
_x                                 bitbssCOMRAM 000265
_y                                 bitbssCOMRAM 000266
_z                                 bitbssCOMRAM 000267
btemp                              temp         00004D
delay_ms@value_ms                  cstackBANK0  000076
delay_set_quartz@frequency         cstackBANK0  000070
end_of_initialization              cinit        0162E4
fround@prec                        cstackBANK0  0000A3
i2CANsendMessage@data              cstackCOMRAM 00003D
i2CANsendMessage@dataLength        cstackCOMRAM 00003F
i2CANsendMessage@flags             cstackCOMRAM 000040
i2CANsendMessage@identifier        cstackCOMRAM 000039
i2CANsendMessage@tamp              cstackCOMRAM 000045
i2_CANisTxReady                    text60       0164FE
i2_CANisTxReady$3115               cstackCOMRAM 000039
i2_CANsendMessage                  text59       0122E4
int$flags                          temp         00004D
int_func                           intcode_body 01473C
intlevel0                          text         000000
intlevel1                          text         000000
intlevel2                          text         000000
intlevel3                          text         000000
isdigit@c                          cstackBANK0  000072
itoa@base                          cstackBANK0  000084
itoa@buf                           cstackBANK0  000080
itoa@cp                            cstackBANK0  000086
itoa@val                           cstackBANK0  000082
scale@scl                          cstackBANK0  00009F
sprintf@ap                         cstackBANK1  000151
sprintf@c                          cstackBANK1  000165
sprintf@exp                        cstackBANK1  000159
sprintf@f                          cstackBANK0  0000C4
sprintf@flag                       cstackBANK1  000153
sprintf@fval                       cstackBANK1  000161
sprintf@prec                       cstackBANK1  00015F
sprintf@sp                         cstackBANK0  0000C2
sprintf@tmpval                     cstackBANK1  00015B
sprintf@val                        cstackBANK1  000155
stackhi                            (abs)        000CFF
stacklo                            (abs)        00016E
start                              init         0000C0
start_initialization               cinit        0162A8
utoa@base                          cstackBANK0  00007B
utoa@buf                           cstackBANK0  000077
utoa@c                             cstackBANK0  00007F
utoa@v                             cstackBANK0  00007D
utoa@val                           cstackBANK0  000079


FUNCTION INFORMATION:

 *************** function _main *****************
 Defined at:
		line 209 in file "RemoteCan.c"
 Parameters:    Size  Location     Type
		None
 Auto vars:     Size  Location     Type
		None
 Return value:  Size  Location     Type
		None               void
 Registers used:
		wreg, fsr1l, fsr1h, fsr2l, fsr2h, status,2, status,0, tblptrl, tblptrh, tblptru, prodl, prodh, cstack
 Tracked objects:
		On entry : 
		On exit  : 
		Unchanged: 
 Data sizes:     COMRAM   BANK0   BANK1   BANK2   BANK3   BANK4   BANK5   BANK6   BANK7   BANK8   BANK9  BANK10  BANK11  BANK12
      Params:         0       0       0       0       0       0       0       0       0       0       0       0       0       0
      Locals:         0       0       0       0       0       0       0       0       0       0       0       0       0       0
      Temps:          0       0       8       0       0       0       0       0       0       0       0       0       0       0
      Totals:         0       0       8       0       0       0       0       0       0       0       0       0       0       0
Total ram usage:        8 bytes
 Hardware stack levels required when called:   11
 This function calls:
		_CAN_Rx
		_CAN_Tx
		_CANisTxReady
		_CANsendMessage
		_F1_Button_Polling
		_F2_Button_Polling
		_Joystick_Polling
		_LCD_End
		_LCD_Error
		_LCD_Gap
		_LCD_Handler
		_LCD_Park
		_LCD_Parking
		_LCD_goto_line
		_LCD_initialize
		_LCD_write_message
		_PWR_Button_Polling
		___fladd
		___flmul
		___flneg
		___fltol
		___xxtofl
		_board_initialization
		_delay_ms
 This function is called by:
		Startup code after reset
 This function uses a non-reentrant model


 *************** function _board_initialization *****************
 Defined at:
		line 662 in file "RemoteCan.c"
 Parameters:    Size  Location     Type
		None
 Auto vars:     Size  Location     Type
		None
 Return value:  Size  Location     Type
		None               void
 Registers used:
		wreg, status,2, status,0, prodl, prodh, cstack
 Tracked objects:
		On entry : 
		On exit  : 
		Unchanged: 
 Data sizes:     COMRAM   BANK0   BANK1   BANK2   BANK3   BANK4   BANK5   BANK6   BANK7   BANK8   BANK9  BANK10  BANK11  BANK12
      Params:         0       0       0       0       0       0       0       0       0       0       0       0       0       0
      Locals:         0       0       0       0       0       0       0       0       0       0       0       0       0       0
      Temps:          0       0       0       0       0       0       0       0       0       0       0       0       0       0
      Totals:         0       0       0       0       0       0       0       0       0       0       0       0       0       0
Total ram usage:        0 bytes
 Hardware stack levels used:    1
 Hardware stack levels required when called:    9
 This function calls:
		_CANInitialize
		_LCD_clear
		_LCD_goto_line
		_LCD_initialize
 This function is called by:
		_main
 This function uses a non-reentrant model


 *************** function _CANInitialize *****************
 Defined at:
		line 218 in file "C:/Users/simon/Desktop/LaurTec_PIC_libraries_v_3.3.1/inc\CANlib.h"
 Parameters:    Size  Location     Type
  propSeg         1    wreg     unsigned char 
  phaseSeg1       1   30[BANK0 ] unsigned char 
  phaseSeg2       1   31[BANK0 ] unsigned char 
  SJW             1   32[BANK0 ] unsigned char 
  BRP             1   33[BANK0 ] unsigned char 
  flags           1   34[BANK0 ] enum E16887
[...]
 Hardware stack levels required when called:    4
 This function calls:
		_CANisTxReady
		_CANsendMessage
 This function is called by:
		_main
 This function uses a non-reentrant model


 *************** function _CANsendMessage *****************
 Defined at:
		line 294 in file "C:/Users/simon/Desktop/LaurTec_PIC_libraries_v_3.3.1/inc\CANlib.h"
 Parameters:    Size  Location     Type
  identifier      4   16[BANK0 ] unsigned long 
  data            2   20[BANK0 ] PTR unsigned char 
		 -> data_speed(8), park_assist_state(8), data_steering(8), data_brake(8), 
		 -> data(8), 
  dataLength      1   22[BANK0 ] unsigned char 
  flags           1   23[BANK0 ] enum E16909
 Auto vars:     Size  Location     Type
  tamp            4   28[BANK0 ] unsigned long 
 Return value:  Size  Location     Type
		None               void
 Registers used:
		wreg, fsr2l, fsr2h, status,2, status,0
 Tracked objects:
		On entry : 
		On exit  : 
		Unchanged: 
 Data sizes:     COMRAM   BANK0   BANK1   BANK2   BANK3   BANK4   BANK5   BANK6   BANK7   BANK8   BANK9  BANK10  BANK11  BANK12
      Params:         0       8       0       0       0       0       0       0       0       0       0       0       0       0
      Locals:         0       4       0       0       0       0       0       0       0       0       0       0       0       0
      Temps:          0       4       0       0       0       0       0       0       0       0       0       0       0       0
      Totals:         0      16       0       0       0       0       0       0       0       0       0       0       0       0
Total ram usage:       16 bytes
 Hardware stack levels used:    1
 Hardware stack levels required when called:    3
 This function calls:
		Nothing
 This function is called by:
		_main
		_LCD_Handler
		_CAN_Tx
 This function uses a non-reentrant model


 *************** function _CANisTxReady *****************
 Defined at:
		line 1154 in file "C:/Users/simon/Desktop/LaurTec_PIC_libraries_v_3.3.1/inc\CANlib.h"
 Parameters:    Size  Location     Type
		None
 Auto vars:     Size  Location     Type
		None
 Return value:  Size  Location     Type
                  1    wreg      unsigned char 
 Registers used:
		wreg, status,2
 Tracked objects:
		On entry : 
		On exit  : 
		Unchanged: 
 Data sizes:     COMRAM   BANK0   BANK1   BANK2   BANK3   BANK4   BANK5   BANK6   BANK7   BANK8   BANK9  BANK10  BANK11  BANK12
      Params:         0       0       0       0       0       0       0       0       0       0       0       0       0       0
      Locals:         0       1       0       0       0       0       0       0       0       0       0       0       0       0
      Temps:          0       0       0       0       0       0       0       0       0       0       0       0       0       0
      Totals:         0       1       0       0       0       0       0       0       0       0       0       0       0       0
Total ram usage:        1 bytes
 Hardware stack levels used:    1
 Hardware stack levels required when called:    3
 This function calls:
		Nothing
 This function is called by:
		_main
		_LCD_Handler
		_CAN_Tx
 This function uses a non-reentrant model


 *************** function _CAN_Rx *****************
 Defined at:
		line 628 in file "RemoteCan.c"
 Parameters:    Size  Location     Type
		None
 Auto vars:     Size  Location     Type
		None
 Return value:  Size  Location     Type
		None               void
 Registers used:
		wreg, status,2, status,0
 Tracked objects:
		On entry : 
		On exit  : 
		Unchanged: 
 Data sizes:     COMRAM   BANK0   BANK1   BANK2   BANK3   BANK4   BANK5   BANK6   BANK7   BANK8   BANK9  BANK10  BANK11  BANK12
      Params:         0       0       0       0       0       0       0       0       0       0       0       0       0       0
      Locals:         0       0       0       0       0       0       0       0       0       0       0       0       0       0
      Temps:          0       4       0       0       0       0       0       0       0       0       0       0       0       0
      Totals:         0       4       0       0       0       0       0       0       0       0       0       0       0       0
Total ram usage:        4 bytes
 Hardware stack levels used:    1
 Hardware stack levels required when called:    3
 This function calls:
		Nothing
 This function is called by:
		_main
 This function uses a non-reentrant model


 *************** function _ISR_bassa *****************
 Defined at:
		line 200 in file "RemoteCan.c"
 Parameters:    Size  Location     Type
		None
 Auto vars:     Size  Location     Type
		None
 Return value:  Size  Location     Type
		None               void
 Registers used:
		wreg, status,2, status,0
 Tracked objects:
		On entry : 
		On exit  : 
		Unchanged: 
 Data sizes:     COMRAM   BANK0   BANK1   BANK2   BANK3   BANK4   BANK5   BANK6   BANK7   BANK8   BANK9  BANK10  BANK11  BANK12
      Params:         0       0       0       0       0       0       0       0       0       0       0       0       0       0
      Locals:         0       0       0       0       0       0       0       0       0       0       0       0       0       0
      Temps:         17       0       0       0       0       0       0       0       0       0       0       0       0       0
      Totals:        17       0       0       0       0       0       0       0       0       0       0       0       0       0
Total ram usage:       17 bytes
 Hardware stack levels used:    1
 Hardware stack levels required when called:    2
 This function calls:
		Nothing
 This function is called by:
		Interrupt level 1
 This function uses a non-reentrant model


 *************** function _ISR_alta *****************
 Defined at:
		line 124 in file "RemoteCan.c"
 Parameters:    Size  Location     Type
		None
 Auto vars:     Size  Location     Type
  i               1   33[COMRAM] unsigned char 
 Return value:  Size  Location     Type
		None               void
 Registers used:
		wreg, fsr1l, fsr1h, fsr2l, fsr2h, status,2, status,0, prodl, prodh, cstack
 Tracked objects:
		On entry : 
		On exit  : 
		Unchanged: 
 Data sizes:     COMRAM   BANK0   BANK1   BANK2   BANK3   BANK4   BANK5   BANK6   BANK7   BANK8   BANK9  BANK10  BANK11  BANK12
      Params:         0       0       0       0       0       0       0       0       0       0       0       0       0       0
      Locals:         1       0       0       0       0       0       0       0       0       0       0       0       0       0
      Temps:          0      16       0       0       0       0       0       0       0       0       0       0       0       0
      Totals:         1      16       0       0       0       0       0       0       0       0       0       0       0       0
Total ram usage:       17 bytes
 Hardware stack levels used:    1
 Hardware stack levels required when called:    1
 This function calls:
		_CANisRxReady
		_CANreceiveMessage
		i2_CANisTxReady
		i2_CANsendMessage
 This function is called by:
		Interrupt level 2
 This function uses a non-reentrant model


 *************** function i2_CANsendMessage *****************
 Defined at:
		line 294 in file "C:/Users/simon/Desktop/LaurTec_PIC_libraries_v_3.3.1/inc\CANlib.h"
 Parameters:    Size  Location     Type
  identifier      4   17[COMRAM] unsigned long 
  data            2   21[COMRAM] PTR unsigned char 
		 -> data_speed(8), park_assist_state(8), data_steering(8), data_brake(8), 
		 -> data(8), 
  dataLength      1   23[COMRAM] unsigned char 
  flags           1   24[COMRAM] enum E16909
 Auto vars:     Size  Location     Type
  CANsendMessa    4   29[COMRAM] unsigned long 
 Return value:  Size  Location     Type
		None               void
 Registers used:
		wreg, fsr2l, fsr2h, status,2, status,0
 Tracked objects:
		On entry : 
		On exit  : 
		Unchanged: 
 Data sizes:     COMRAM   BANK0   BANK1   BANK2   BANK3   BANK4   BANK5   BANK6   BANK7   BANK8   BANK9  BANK10  BANK11  BANK12
      Params:         8       0       0       0       0       0       0       0       0       0       0       0       0       0
      Locals:         4       0       0       0       0       0       0       0       0       0       0       0       0       0
      Temps:          4       0       0       0       0       0       0       0       0       0       0       0       0       0
      Totals:        16       0       0       0       0       0       0       0       0       0       0       0       0       0
Total ram usage:       16 bytes
 Hardware stack levels used:    1
 This function calls:
		Nothing
 This function is called by:
		_ISR_alta
 This function uses a non-reentrant model


 *************** function i2_CANisTxReady *****************
 Defined at:
		line 1154 in file "C:/Users/simon/Desktop/LaurTec_PIC_libraries_v_3.3.1/inc\CANlib.h"
 Parameters:    Size  Location     Type
		None
 Auto vars:     Size  Location     Type
		None
 Return value:  Size  Location     Type
                  1    wreg      unsigned char 
 Registers used:
		wreg, status,2
 Tracked objects:
		On entry : 
		On exit  : 
		Unchanged: 
 Data sizes:     COMRAM   BANK0   BANK1   BANK2   BANK3   BANK4   BANK5   BANK6   BANK7   BANK8   BANK9  BANK10  BANK11  BANK12
      Params:         0       0       0       0       0       0       0       0       0       0       0       0       0       0
      Locals:         1       0       0       0       0       0       0       0       0       0       0       0       0       0
      Temps:          0       0       0       0       0       0       0       0       0       0       0       0       0       0
      Totals:         1       0       0       0       0       0       0       0       0       0       0       0       0       0
Total ram usage:        1 bytes
 Hardware stack levels used:    1
 This function calls:
		Nothing
 This function is called by:
		_ISR_alta
 This function uses a non-reentrant model


 *************** function _CANreceiveMessage *****************
 Defined at:
		line 528 in file "C:/Users/simon/Desktop/LaurTec_PIC_libraries_v_3.3.1/inc\CANlib.h"
 Parameters:    Size  Location     Type
  msg             2   17[COMRAM] PTR struct .
		 -> msg(15), 
 Auto vars:     Size  Location     Type
  tamp            1   28[COMRAM] unsigned char 
  error           1   27[COMRAM] unsigned char 
 Return value:  Size  Location     Type
                  1    wreg      unsigned char 
 Registers used:
		wreg, fsr2l, fsr2h, status,2, status,0
 Tracked objects:
		On entry : 
		On exit  : 
		Unchanged: 
 Data sizes:     COMRAM   BANK0   BANK1   BANK2   BANK3   BANK4   BANK5   BANK6   BANK7   BANK8   BANK9  BANK10  BANK11  BANK12
      Params:         2       0       0       0       0       0       0       0       0       0       0       0       0       0
      Locals:         2       0       0       0       0       0       0       0       0       0       0       0       0       0
      Temps:          8       0       0       0       0       0       0       0       0       0       0       0       0       0
      Totals:        12       0       0       0       0       0       0       0       0       0       0       0       0       0
Total ram usage:       12 bytes
 Hardware stack levels used:    1
 This function calls:
		Nothing
 This function is called by:
		_ISR_alta
 This function uses a non-reentrant model


 *************** function _CANisRxReady *****************
 Defined at:
		line 1163 in file "C:/Users/simon/Desktop/LaurTec_PIC_libraries_v_3.3.1/inc\CANlib.h"
 Parameters:    Size  Location     Type
		None
 Auto vars:     Size  Location     Type
		None
 Return value:  Size  Location     Type
                  1    wreg      unsigned char 
 Registers used:
		wreg, status,2
 Tracked objects:
		On entry : 
		On exit  : 
		Unchanged: 
 Data sizes:     COMRAM   BANK0   BANK1   BANK2   BANK3   BANK4   BANK5   BANK6   BANK7   BANK8   BANK9  BANK10  BANK11  BANK12
      Params:         0       0       0       0       0       0       0       0       0       0       0       0       0       0
      Locals:         1       0       0       0       0       0       0       0       0       0       0       0       0       0
      Temps:          0       0       0       0       0       0       0       0       0       0       0       0       0       0
      Totals:         1       0       0       0       0       0       0       0       0       0       0       0       0       0
Total ram usage:        1 bytes
 Hardware stack levels used:    1
 This function calls:
		Nothing
 This function is called by:
		_ISR_alta
 This function uses a non-reentrant model



MODULE INFORMATION

Module		Function		Class		Link	Load	Size
C:\Program Files (x86)\Microchip\xc8\v1.35\sources\common\awdiv.c
		___awdiv       		CODE           	158D0	0000	191

C:\Program Files (x86)\Microchip\xc8\v1.35\sources\common\awdiv.c estimated size: 191

C:\Program Files (x86)\Microchip\xc8\v1.35\sources\common\isdigit.c
		_isdigit       		CODE           	16468	0000	43

C:\Program Files (x86)\Microchip\xc8\v1.35\sources\common\isdigit.c estimated size: 43

C:\Program Files (x86)\Microchip\xc8\v1.35\sources\common\sprcadd.c
		___flsub       		CODE           	16218	0000	73
		___fladd       		CODE           	1339A	0000	1193

C:\Program Files (x86)\Microchip\xc8\v1.35\sources\common\sprcadd.c estimated size: 1266

C:\Program Files (x86)\Microchip\xc8\v1.35\sources\common\flneg.c
		___flneg       		CODE           	16362	0000	57

C:\Program Files (x86)\Microchip\xc8\v1.35\sources\common\flneg.c estimated size: 57

C:\Program Files (x86)\Microchip\xc8\v1.35\sources\common\xxtofl.c
		___xxtofl      		CODE           	149B2	0000	463

C:\Program Files (x86)\Microchip\xc8\v1.35\sources\common\xxtofl.c estimated size: 463

C:/Users/simon/Desktop/LaurTec_PIC_libraries_v_3.3.1/inc\CANlib.h
		_CANSetFilter  		CODE           	10000	0000	2823
		_CANisRxReady  		CODE           	165A2	0000	23
		_CANreceiveMessage		CODE           	12E8E	0000	1293
		_CANsendMessage		CODE           	11B58	0000	1933
		_CANInitialize 		CODE           	14B80	0000	455
		_CANOperationMode		CODE           	1658C	0000	23
		_CANisTxReady  		CODE           	164B8	0000	37
		_CANSetMask    		CODE           	140A8	0000	927

C:/Users/simon/Desktop/LaurTec_PIC_libraries_v_3.3.1/inc\CANlib.h estimated size: 7514

C:\Program Files (x86)\Microchip\xc8\v1.35\sources\common\lwmod.c
		___lwmod       		CODE           	16116	0000	99

C:\Program Files (x86)\Microchip\xc8\v1.35\sources\common\lwmod.c estimated size: 99

C:\Program Files (x86)\Microchip\xc8\v1.35\sources\common\doprnt.c
		_scale         		CODE           	12974	0000	1307
		_sprintf       		CODE           	10B06	0000	2197
		_fround        		CODE           	14446	0000	759

C:\Program Files (x86)\Microchip\xc8\v1.35\sources\common\doprnt.c estimated size: 4263

C:\Program Files (x86)\Microchip\xc8\v1.35\sources\common\llmod.c
		___llmod       		CODE           	15D08	0000	155

C:\Program Files (x86)\Microchip\xc8\v1.35\sources\common\llmod.c estimated size: 155

shared
		i2_CANisTxReady		CODE           	164FE	0000	31
		__powers_      		MEDIUMCONST    	FDD3	0000	53
		_dpowers       		MEDIUMCONST    	FE07	0000	41
		__npowers_     		MEDIUMCONST    	FD9F	0000	53
		__initialization		CODE           	162A8	0000	61
		i2_CANsendMessage		CODE           	122E4	0000	1681

shared estimated size: 1920

C:\Program Files (x86)\Microchip\xc8\v1.35\sources\common\awmod.c
		___awmod       		CODE           	15C66	0000	163

C:\Program Files (x86)\Microchip\xc8\v1.35\sources\common\awmod.c estimated size: 163

C:\Program Files (x86)\Microchip\xc8\v1.35\sources\common\sprcmul.c
		___flmul       		CODE           	13842	0000	1191

C:\Program Files (x86)\Microchip\xc8\v1.35\sources\common\sprcmul.c estimated size: 1191

C:\Program Files (x86)\Microchip\xc8\v1.35\sources\common\ftdivl.c
		__tdiv_to_l_   		CODE           	150B4	0000	415

C:\Program Files (x86)\Microchip\xc8\v1.35\sources\common\ftdivl.c estimated size: 415

C:\Program Files (x86)\Microchip\xc8\v1.35\sources\common\itoa.c
		_itoa          		CODE           	16260	0000	73
		_utoa          		CODE           	1598E	0000	191

C:\Program Files (x86)\Microchip\xc8\v1.35\sources\common\itoa.c estimated size: 264

C:\Program Files (x86)\Microchip\xc8\v1.35\sources\common\lwdiv.c
		___lwdiv       		CODE           	15E38	0000	121

C:\Program Files (x86)\Microchip\xc8\v1.35\sources\common\lwdiv.c estimated size: 121

C:\Program Files (x86)\Microchip\xc8\v1.35\sources\common\sprcdiv.c
		___fldiv       		CODE           	13CE8	0000	961

C:\Program Files (x86)\Microchip\xc8\v1.35\sources\common\sprcdiv.c estimated size: 961

C:\Program Files (x86)\Microchip\xc8\v1.35\sources\common\fltol.c
		___fltol       		CODE           	156D8	0000	269

C:\Program Files (x86)\Microchip\xc8\v1.35\sources\common\fltol.c estimated size: 269

C:\Program Files (x86)\Microchip\xc8\v1.35\sources\common\Umul16.c
		___wmul        		CODE           	1639A	0000	55

C:\Program Files (x86)\Microchip\xc8\v1.35\sources\common\Umul16.c estimated size: 55

C:/Users/simon/Desktop/LaurTec_PIC_libraries_v_3.3.1/src\LCD_44780.c
		_LCD_clear     		CODE           	16436	0000	51
		_LCD_cursor    		CODE           	16404	0000	51
		_LCD_goto_xy   		CODE           	16538	0000	29
		_LCD_goto_line 		CODE           	157E4	0000	237
		_LCD_shift_cursor		CODE           	161CC	0000	77
		_LCD_write_string		CODE           	16492	0000	39
		_LCD_enable_pulse		CODE           	164DC	0000	35
		_LCD_write_message		CODE           	163D0	0000	53
		_LCD_write_char		CODE           	15DA2	0000	151
		_LCD_write_integer		CODE           	14D46	0000	449
		_LCD_send_command		CODE           	162EE	0000	59
		_LCD_initialize		CODE           	1556A	0000	367

C:/Users/simon/Desktop/LaurTec_PIC_libraries_v_3.3.1/src\LCD_44780.c estimated size: 1598

C:\Program Files (x86)\Microchip\xc8\v1.35\sources\common\lldiv.c
		___lldiv       		CODE           	15A4C	0000	189

C:\Program Files (x86)\Microchip\xc8\v1.35\sources\common\lldiv.c estimated size: 189

RemoteCan.c
		_LCD_Parking   		CODE           	15F22	0000	101
		_LCD_Gap       		CODE           	15FEA	0000	101
		_CAN_Rx        		CODE           	15EB0	0000	115
		_main          		CODE           	1139A	0000	1983
		_PWR_Button_Polling		CODE           	1651C	0000	29
		_CAN_Tx        		CODE           	15B08	0000	187
		_board_initialization		CODE           	15BC2	0000	165
		_Joystick_Polling		CODE           	16178	0000	85
		_ISR_bassa     		CODE           	0018	0000	169
		_F1_Button_Polling		CODE           	16570	0000	29
		_F2_Button_Polling		CODE           	16554	0000	29
		_LCD_Handler   		CODE           	14F06	0000	431
		_LCD_End       		CODE           	160B2	0000	101
		_LCD_Error     		CODE           	1604E	0000	101
		_ISR_alta      		CODE           	0008	0000	645
		_LCD_Park      		CODE           	15F86	0000	101

RemoteCan.c estimated size: 4372

C:/Users/simon/Desktop/LaurTec_PIC_libraries_v_3.3.1/src\delay.c
		_delay_set_quartz		CODE           	165B8	0000	11
		_delay_ms      		CODE           	16328	0000	59

C:/Users/simon/Desktop/LaurTec_PIC_libraries_v_3.3.1/src\delay.c estimated size: 70

C:\Program Files (x86)\Microchip\xc8\v1.35\sources\common\fldivl.c
		__div_to_l_    		CODE           	153E2	0000	393

C:\Program Files (x86)\Microchip\xc8\v1.35\sources\common\fldivl.c estimated size: 393

C:\Program Files (x86)\Microchip\xc8\v1.35\sources\common\flge.c
		___flge        		CODE           	15252	0000	401

C:\Program Files (x86)\Microchip\xc8\v1.35\sources\common\flge.c estimated size: 401

